PASS         L0.B3.c_kv                   rel_err 0.000 thr 0.181
PASS         L0.B3.k_pe                   rel_err 0.000 thr 0.021
PASS         L1.B3.c_kv                   rel_err 6.172e-03 thr 0.181
PASS         L1.B3.k_pe                   rel_err 5.517e-03 thr 0.021
NOT_CAPTURED L2.B3.c_kv                   the reference captures layers 0, 1
NOT_CAPTURED L2.B3.k_pe                   the reference captures layers 0, 1
NOT_CAPTURED L3.B3.c_kv                   the reference captures layers 0, 1
NOT_CAPTURED L3.B3.k_pe                   the reference captures layers 0, 1
NOT_CAPTURED L4.B2.q                      the reference captures layers 0, 1
NOT_CAPTURED L4.B3.c_kv                   the reference captures layers 0, 1
NOT_CAPTURED L4.B3.k_pe                   the reference captures layers 0, 1
NOT_CAPTURED L4.B4.q_pe                   the reference captures layers 0, 1
NOT_CAPTURED L4.B6.attn                   the reference captures layers 0, 1
NOT_CAPTURED L4.B8.router_logits          the reference captures layers 0, 1
NOT_CAPTURED L4.B9.topk_idx               the reference captures layers 0, 1
NOT_CAPTURED L4.B10.topk_w                the reference captures layers 0, 1
NOT_CAPTURED L4.B11.expert_28             the reference captures layers 0, 1
NOT_CAPTURED L4.B11.expert_31             the reference captures layers 0, 1
NOT_CAPTURED L4.B11.expert_35             the reference captures layers 0, 1
NOT_CAPTURED L4.B11.expert_48             the reference captures layers 0, 1
NOT_CAPTURED L4.B11.expert_55             the reference captures layers 0, 1
NOT_CAPTURED L4.B11.expert_7              the reference captures layers 0, 1
NOT_CAPTURED L4.B12.shared                the reference captures layers 0, 1
NOT_CAPTURED L4.B13.layer_out             the reference captures layers 0, 1
SKIP         output_ids
PASS         route_log
overall: PASS  -> /home/hotaisle/metalOps/harness/fleet_out/L5_it1_final_tile_at_fn1_fn2_fs_nt_nts_mfma_rf_w2cktile_mt_mh2/correctness_report.md
