[EVENT_TIMING] 736 event firings recorded

================================================================================
PER-EVENT WALL-CLOCK TIMING (barrier-to-barrier)
================================================================================
Event TaskType              Count    Avg(us)    Min(us)    Max(us)    Std(us)
-------------------------------------------------------------------------
    1 UNKNOWN                  30     145.21       8.36     182.76      61.07
    2 UNKNOWN                  31      14.38      13.12      15.43       0.54
    3 UNKNOWN                  31       4.21       3.71       4.75       0.23
    4 UNKNOWN                  31      21.06      19.63      22.59       0.67
    5 UNKNOWN                  31     210.25     205.80     214.11       1.96
    6 UNKNOWN                  31      64.75      64.01      65.13       0.22
    7 UNKNOWN                  31      28.71      26.04      30.04       1.04
    8 UNKNOWN                  31      13.80      13.36      15.29       0.41
    9 UNKNOWN                  31       4.49       3.76       5.92       0.69
   10 UNKNOWN                  31      34.13      32.30      35.96       0.83
   11 UNKNOWN                  31      50.33      49.44      50.88       0.35
   12 UNKNOWN                  31       3.79       3.48       4.88       0.30
   13 UNKNOWN                  31      14.48      13.60      15.00       0.33
   14 UNKNOWN                  31     210.07     206.27     213.83       1.87
   15 UNKNOWN                  31      64.60      64.03      64.92       0.22
   16 UNKNOWN                  31      25.45      24.76      26.16       0.37
   17 UNKNOWN                  31      13.78      13.44      14.16       0.19
   18 UNKNOWN                  31       3.90       3.75       4.19       0.09
   19 UNKNOWN                  31      24.91      23.35      26.23       0.89
   20 UNKNOWN                  31      42.76      41.21      45.42       1.09
   21 UNKNOWN                  31       5.16       3.78       6.53       1.10
   22 UNKNOWN                  31      21.19      19.52      22.80       1.08
   23 UNKNOWN                  31       3.10       2.85       3.43       0.16

================================================================================
PER-TYPE SUMMARY (sum of avg durations across all events)
================================================================================
TaskType             Events    Total(us)  Total(ms)        %
----------------------------------------------------------
UNKNOWN                  23       1024.5      1.025   100.0%
TOTAL                             1024.5      1.025

Saved raw event timing to event_timing.json
