[EVENT_TIMING] 9472 event firings recorded

================================================================================
PER-EVENT WALL-CLOCK TIMING (barrier-to-barrier)
================================================================================
Event TaskType              Count    Avg(us)    Min(us)    Max(us)    Std(us)
-------------------------------------------------------------------------
    1 UNKNOWN                  30     204.20     121.32     284.08      35.20
    2 UNKNOWN                  31      14.06      12.44      15.76       0.82
    3 UNKNOWN                  31      24.39      22.36      26.24       0.85
    4 UNKNOWN                  31       9.84       9.44      10.20       0.16
    5 UNKNOWN                  31      12.00      11.58      12.57       0.23
    6 UNKNOWN                  31      15.08      14.40      15.76       0.35
    7 UNKNOWN                  31       7.84       7.24       8.32       0.30
    8 UNKNOWN                  31       4.88       3.77       5.28       0.30
    9 UNKNOWN                  31      34.90      33.70      37.03       0.72
   10 UNKNOWN                  31      50.62      49.72      52.00       0.53
   11 UNKNOWN                  31      11.36      10.64      12.15       0.36
   12 UNKNOWN                  31       9.67       9.25      10.03       0.19
   13 UNKNOWN                  31      12.17      11.56      12.68       0.32
   14 UNKNOWN                  31      15.16      14.57      15.52       0.24
   15 UNKNOWN                  31       7.09       6.67       7.68       0.27
   16 UNKNOWN                  31      17.23      15.84      18.25       0.65
   17 UNKNOWN                  31      41.43      39.17      44.85       1.42
   18 UNKNOWN                  31      23.92      21.92      25.40       1.09
   19 UNKNOWN                  31       4.90       4.23       5.31       0.27
   20 UNKNOWN                  31      11.28      10.59      12.38       0.41
   21 UNKNOWN                  31       9.86       9.24      10.69       0.29
   22 UNKNOWN                  31      11.83      11.34      12.78       0.33
   23 UNKNOWN                  31      15.34      14.54      15.84       0.32
   24 UNKNOWN                  31       7.71       7.10       8.44       0.33
   25 UNKNOWN                  31      17.53      15.50      18.48       0.77
   26 UNKNOWN                  31      42.17      39.13      46.38       1.95
   27 UNKNOWN                  31      24.32      22.08      26.32       1.13
   28 UNKNOWN                  31       5.04       4.43       5.48       0.32
   29 UNKNOWN                  31      11.14      10.71      11.75       0.28
   30 UNKNOWN                  31       9.91       9.21      11.77       0.42
   31 UNKNOWN                  31      11.97      11.52      12.56       0.26
   32 UNKNOWN                  31      15.12      14.62      15.71       0.25
   33 UNKNOWN                  31       7.83       7.33       8.40       0.26
   34 UNKNOWN                  31      16.79      15.20      18.39       1.10
   35 UNKNOWN                  31      43.25      38.68      45.80       1.58
   36 UNKNOWN                  31      23.22      21.50      25.65       0.98
   37 UNKNOWN                  31       4.87       4.28       5.48       0.32
   38 UNKNOWN                  31      11.53      10.80      13.52       0.51
   39 UNKNOWN                  31       9.82       9.28      10.27       0.26
   40 UNKNOWN                  31      12.05      11.32      13.13       0.40
   41 UNKNOWN                  31      15.33      14.72      15.89       0.31
   42 UNKNOWN                  31       7.83       7.24       8.55       0.32
   43 UNKNOWN                  31      16.46      15.09      18.02       0.93
   44 UNKNOWN                  31      41.62      39.31      44.18       1.34
   45 UNKNOWN                  31      23.76      21.96      26.06       1.15
   46 UNKNOWN                  31       4.96       4.13       5.33       0.27
   47 UNKNOWN                  31      11.40      10.63      16.47       1.30
   48 UNKNOWN                  31       9.74       9.25      10.43       0.25
   49 UNKNOWN                  31      12.04      11.35      12.83       0.35
   50 UNKNOWN                  31      15.37      14.73      16.04       0.31
   51 UNKNOWN                  31       7.81       7.35       8.32       0.24
   52 UNKNOWN                  31      16.77      15.04      17.84       0.85
   53 UNKNOWN                  31      42.08      38.87      45.44       1.53
   54 UNKNOWN                  31      24.09      22.25      27.28       1.29
   55 UNKNOWN                  31       4.82       4.19       5.64       0.34
   56 UNKNOWN                  31      12.56      10.67      16.79       1.79
   57 UNKNOWN                  31       9.47       9.12      10.14       0.24
   58 UNKNOWN                  31      11.82      11.03      12.58       0.37
   59 UNKNOWN                  31      15.32      14.56      15.79       0.31
   60 UNKNOWN                  31       7.87       7.28       8.43       0.28
   61 UNKNOWN                  31      16.61      15.08      18.27       1.02
   62 UNKNOWN                  31      41.03      38.45      43.50       1.24
   63 UNKNOWN                  31      24.99      22.41      28.75       1.37
   64 UNKNOWN                  31       4.89       4.26       5.76       0.37
   65 UNKNOWN                  31      13.97      10.60      21.48       3.08
   66 UNKNOWN                  31       9.82       9.32      10.28       0.22
   67 UNKNOWN                  31      12.11      11.40      12.92       0.37
   68 UNKNOWN                  31      15.12      14.62      15.65       0.24
   69 UNKNOWN                  31       7.83       7.30       8.56       0.30
   70 UNKNOWN                  31      16.26      15.28      18.06       0.89
   71 UNKNOWN                  31      42.72      39.86      47.32       1.45
   72 UNKNOWN                  31      24.70      22.07      28.47       1.66
   73 UNKNOWN                  31       4.80       4.35       6.84       0.52
   74 UNKNOWN                  31      15.75      10.64      21.52       3.48
   75 UNKNOWN                  31       9.91       9.63      11.22       0.29
   76 UNKNOWN                  31      12.41      11.78      13.05       0.32
   77 UNKNOWN                  31      15.02      14.15      15.64       0.31
   78 UNKNOWN                  31       8.01       7.45       8.47       0.27
   79 UNKNOWN                  31      16.44      15.17      17.89       0.90
   80 UNKNOWN                  31      43.93      40.96      48.34       1.93
   81 UNKNOWN                  31      24.46      21.39      29.32       1.48
   82 UNKNOWN                  31       4.76       4.24       5.92       0.34
   83 UNKNOWN                  31      17.07      10.74      21.63       2.93
   84 UNKNOWN                  31       9.81       9.53      10.36       0.18
   85 UNKNOWN                  31      12.40      11.56      13.00       0.35
   86 UNKNOWN                  31      15.28      14.65      15.81       0.31
   87 UNKNOWN                  31       7.88       7.51       8.41       0.23
   88 UNKNOWN                  31      16.37      14.89      17.76       0.91
   89 UNKNOWN                  31      44.64      41.60      48.40       1.54
   90 UNKNOWN                  31      25.56      22.52      29.32       1.75
   91 UNKNOWN                  31       4.73       4.28       6.48       0.42
   92 UNKNOWN                  31      17.33      11.65      21.76       2.13
   93 UNKNOWN                  31       9.53       9.04      11.38       0.37
   94 UNKNOWN                  31      12.19      11.46      12.95       0.41
   95 UNKNOWN                  31      15.11      14.62      15.58       0.25
   96 UNKNOWN                  31       7.82       7.21       8.49       0.28
   97 UNKNOWN                  31      17.00      15.31      18.30       0.96
   98 UNKNOWN                  31      41.33      39.12      44.20       1.48
   99 UNKNOWN                  31      25.09      22.12      28.45       1.79
  100 UNKNOWN                  31       5.08       4.41       7.04       0.50
  101 UNKNOWN                  31      17.51      12.45      20.81       1.84
  102 UNKNOWN                  31       9.70       9.28      11.53       0.37
  103 UNKNOWN                  31      12.25      11.40      12.77       0.32
  104 UNKNOWN                  31      15.17      14.52      15.72       0.26
  105 UNKNOWN                  31       7.98       7.52       8.36       0.25
  106 UNKNOWN                  31      16.20      15.14      18.04       0.83
  107 UNKNOWN                  31      44.44      41.02      47.85       1.66
  108 UNKNOWN                  31      26.69      22.08      29.76       1.58
  109 UNKNOWN                  31       4.69       4.12       6.88       0.53
  110 UNKNOWN                  31      18.21      12.37      21.81       1.95
  111 UNKNOWN                  31       9.75       9.31      11.39       0.33
  112 UNKNOWN                  31      12.34      11.60      13.17       0.34
  113 UNKNOWN                  31      15.20      14.61      15.76       0.30
  114 UNKNOWN                  31       8.10       7.44       8.66       0.29
  115 UNKNOWN                  31      16.69      14.89      17.69       0.77
  116 UNKNOWN                  31      41.66      39.44      45.54       1.47
  117 UNKNOWN                  31      24.83      22.00      28.56       1.60
  118 UNKNOWN                  31       4.74       4.16       6.40       0.43
  119 UNKNOWN                  31      18.09      15.09      22.25       1.54
  120 UNKNOWN                  31       9.58       9.08      10.08       0.22
  121 UNKNOWN                  31      12.34      11.44      13.20       0.43
  122 UNKNOWN                  31      15.31      14.68      15.80       0.29
  123 UNKNOWN                  31       7.80       7.18       8.60       0.29
  124 UNKNOWN                  31      15.89      14.49      17.55       0.78
  125 UNKNOWN                  31      42.91      39.89      46.39       1.68
  126 UNKNOWN                  31      25.70      22.58      29.61       2.14
  127 UNKNOWN                  31       4.77       3.96       5.37       0.31
  128 UNKNOWN                  31      17.62      15.17      21.64       1.29
  129 UNKNOWN                  31       9.66       9.37      10.17       0.15
  130 UNKNOWN                  31      12.15      11.56      12.99       0.34
  131 UNKNOWN                  31      15.23      14.41      15.59       0.26
  132 UNKNOWN                  31       7.93       7.17       8.76       0.38
  133 UNKNOWN                  31      17.50      15.87      18.32       0.78
  134 UNKNOWN                  31      41.29      38.77      44.64       1.49
  135 UNKNOWN                  31      24.76      21.92      28.02       1.33
  136 UNKNOWN                  31       4.79       4.04       6.60       0.46
  137 UNKNOWN                  31      18.04      14.16      23.13       1.75
  138 UNKNOWN                  31       9.83       9.48      10.41       0.22
  139 UNKNOWN                  31      12.26      11.73      12.72       0.26
  140 UNKNOWN                  31      15.11      14.44      15.68       0.31
  141 UNKNOWN                  31       7.87       7.28       8.32       0.26
  142 UNKNOWN                  31      16.50      15.35      18.04       0.82
  143 UNKNOWN                  31      42.38      38.86      44.34       1.42
  144 UNKNOWN                  31      25.17      21.55      28.99       1.99
  145 UNKNOWN                  31       4.79       4.20       6.76       0.44
  146 UNKNOWN                  31      18.35      14.24      22.23       1.82
  147 UNKNOWN                  31       9.82       9.51      10.27       0.18
  148 UNKNOWN                  31      12.37      11.77      12.88       0.25
  149 UNKNOWN                  31      15.02      14.41      15.64       0.29
  150 UNKNOWN                  31       7.97       7.51       8.55       0.27
  151 UNKNOWN                  31      16.76      15.33      18.14       0.94
  152 UNKNOWN                  31      41.07      38.94      43.78       1.27
  153 UNKNOWN                  31      25.22      21.93      28.25       1.49
  154 UNKNOWN                  31       4.79       3.96       6.76       0.52
  155 UNKNOWN                  31      17.76      14.83      21.91       1.80
  156 UNKNOWN                  31       9.48       9.12       9.84       0.13
  157 UNKNOWN                  31      12.46      11.79      13.04       0.27
  158 UNKNOWN                  31      15.29      14.73      15.75       0.24
  159 UNKNOWN                  31       7.15       6.87       7.91       0.22
  160 UNKNOWN                  31      16.55      15.05      18.00       0.88
  161 UNKNOWN                  31      42.16      39.23      46.23       1.97
  162 UNKNOWN                  31      25.55      21.92      28.41       1.41
  163 UNKNOWN                  31       4.78       4.25       5.68       0.34
  164 UNKNOWN                  31      18.30      16.08      21.28       1.51
  165 UNKNOWN                  31       9.59       9.29      10.57       0.23
  166 UNKNOWN                  31      12.31      11.43      13.00       0.35
  167 UNKNOWN                  31      15.20      14.48      15.61       0.25
  168 UNKNOWN                  31       7.96       7.33       8.88       0.31
  169 UNKNOWN                  31      17.22      15.12      18.59       0.93
  170 UNKNOWN                  31      41.81      39.37      45.28       1.59
  171 UNKNOWN                  31      25.24      22.51      28.45       1.74
  172 UNKNOWN                  31       4.80       4.20       6.48       0.46
  173 UNKNOWN                  31      17.85      13.23      20.43       1.62
  174 UNKNOWN                  31       9.95       9.40      10.60       0.23
  175 UNKNOWN                  31      12.17      11.63      12.55       0.21
  176 UNKNOWN                  31      15.13      14.57      15.56       0.24
  177 UNKNOWN                  31       7.95       7.32       8.42       0.30
  178 UNKNOWN                  31      16.08      15.20      17.87       0.81
  179 UNKNOWN                  31      42.25      39.76      45.24       1.35
  180 UNKNOWN                  31      25.84      22.12      29.19       2.09
  181 UNKNOWN                  31       4.73       4.17       6.88       0.59
  182 UNKNOWN                  31      18.11      14.28      21.69       1.46
  183 UNKNOWN                  31      10.01       9.71      10.51       0.17
  184 UNKNOWN                  31      12.35      11.33      13.13       0.42
  185 UNKNOWN                  31      15.06      14.73      15.47       0.23
  186 UNKNOWN                  31       7.97       7.45       8.43       0.26
  187 UNKNOWN                  31      16.27      14.90      18.06       0.87
  188 UNKNOWN                  31      42.27      39.20      44.64       1.37
  189 UNKNOWN                  31      24.82      21.91      29.31       1.91
  190 UNKNOWN                  31       4.67       4.02       5.31       0.32
  191 UNKNOWN                  31      18.27      14.08      21.80       1.70
  192 UNKNOWN                  31       9.66       9.36      10.01       0.14
  193 UNKNOWN                  31      12.51      11.80      13.04       0.28
  194 UNKNOWN                  31      15.29      14.63      15.68       0.28
  195 UNKNOWN                  31       7.88       7.20       8.43       0.26
  196 UNKNOWN                  31      16.87      15.05      18.05       0.87
  197 UNKNOWN                  31      40.68      39.19      43.05       1.13
  198 UNKNOWN                  31      25.18      22.29      28.65       1.68
  199 UNKNOWN                  31       4.95       4.39       6.52       0.46
  200 UNKNOWN                  31      18.03      15.28      22.21       1.64
  201 UNKNOWN                  31       9.46       9.21      11.05       0.31
  202 UNKNOWN                  31      12.39      11.70      13.31       0.39
  203 UNKNOWN                  31      15.19      14.59      15.64       0.24
  204 UNKNOWN                  31       7.86       7.33       8.33       0.23
  205 UNKNOWN                  31      16.87      15.27      18.19       0.90
  206 UNKNOWN                  31      43.60      39.90      47.46       1.58
  207 UNKNOWN                  31      25.69      21.42      29.24       2.03
  208 UNKNOWN                  31       4.77       4.07       6.52       0.48
  209 UNKNOWN                  31      18.17      14.40      22.09       1.82
  210 UNKNOWN                  31       9.91       9.48      11.16       0.28
  211 UNKNOWN                  31      12.15      11.33      12.60       0.30
  212 UNKNOWN                  31      15.07      14.48      15.58       0.29
  213 UNKNOWN                  31       7.91       7.37       8.36       0.28
  214 UNKNOWN                  31      16.03      15.06      18.04       0.80
  215 UNKNOWN                  31      42.37      40.92      46.04       1.03
  216 UNKNOWN                  31      25.71      21.44      28.41       1.70
  217 UNKNOWN                  31       4.68       4.19       7.00       0.50
  218 UNKNOWN                  31      18.18      15.24      21.60       1.70
  219 UNKNOWN                  31       9.93       9.63      11.43       0.29
  220 UNKNOWN                  31      12.19      11.21      12.77       0.41
  221 UNKNOWN                  31      14.99      14.45      15.51       0.27
  222 UNKNOWN                  31       7.94       7.45       8.40       0.27
  223 UNKNOWN                  31      16.57      15.21      17.82       0.92
  224 UNKNOWN                  31      41.43      39.28      43.66       1.17
  225 UNKNOWN                  31      25.13      21.88      28.37       1.97
  226 UNKNOWN                  31       4.68       4.23       6.76       0.45
  227 UNKNOWN                  31      18.15      14.52      21.49       1.71
  228 UNKNOWN                  31       9.66       9.28      10.05       0.16
  229 UNKNOWN                  31      12.16      11.59      12.71       0.33
  230 UNKNOWN                  31      15.25      14.37      15.69       0.30
  231 UNKNOWN                  31       7.85       7.36       8.52       0.26
  232 UNKNOWN                  31      15.87      14.67      17.48       0.89
  233 UNKNOWN                  31      41.86      38.73      43.83       1.36
  234 UNKNOWN                  31      25.19      22.83      28.60       1.62
  235 UNKNOWN                  31       5.04       4.39       6.80       0.50
  236 UNKNOWN                  31      17.73      15.04      21.61       1.48
  237 UNKNOWN                  31       9.48       9.29       9.73       0.10
  238 UNKNOWN                  31      12.17      11.63      13.15       0.35
  239 UNKNOWN                  31      15.15      14.71      15.48       0.21
  240 UNKNOWN                  31       7.86       7.41       8.28       0.24
  241 UNKNOWN                  31      16.57      15.02      17.83       0.92
  242 UNKNOWN                  31      41.49      38.78      44.48       1.38
  243 UNKNOWN                  31      25.35      21.83      29.49       1.81
  244 UNKNOWN                  31       5.13       4.25       6.88       0.92
  245 UNKNOWN                  30       5.23       0.04      72.69      17.58
  246 UNKNOWN                  29       0.41       0.01       1.80       0.41
  247 UNKNOWN                  30       0.65       0.02       3.93       0.76
  248 UNKNOWN                  28      10.12       0.09      68.80      23.40
  249 UNKNOWN                  30       2.94       0.01      71.04      12.66
  250 UNKNOWN                  29       5.12       0.02      67.79      16.84
  251 UNKNOWN                  28      12.79       0.01      70.71      25.99
  252 UNKNOWN                  30       3.02       0.01      68.96      12.26
  253 UNKNOWN                  29       5.51       0.01      71.59      17.89
  254 UNKNOWN                  28       5.63       0.09      70.00      17.81
  255 UNKNOWN                  28      10.22       0.03      71.17      23.76
  256 UNKNOWN                  26       5.70       0.01      68.35      18.00
  257 UNKNOWN                  29       5.17       0.07      68.73      16.96
  258 UNKNOWN                  31       2.72       0.04      68.90      12.10
  259 UNKNOWN                  31       5.08       0.01      73.20      17.30
  260 UNKNOWN                  29       3.33       0.04      73.24      13.26
  261 UNKNOWN                  29       1.11       0.01       3.80       1.18
  262 UNKNOWN                  31       1.57       0.20       7.16       1.71
  263 UNKNOWN                  31       1.82       0.04       5.84       1.41
  264 UNKNOWN                  31       2.28       0.08       6.64       1.78
  265 UNKNOWN                  31       2.79       0.08       7.40       2.16
  266 UNKNOWN                  31       2.87       0.08       7.40       1.94
  267 UNKNOWN                  31       3.10       0.04       7.28       2.00
  268 UNKNOWN                  30       2.87       0.24       7.09       1.79
  269 UNKNOWN                  31       2.58       0.08       6.00       1.55
  270 UNKNOWN                  31       2.56       0.08       7.36       1.93
  271 UNKNOWN                  31       2.87       0.04       8.52       2.06
  272 UNKNOWN                  31       2.06       0.08       5.52       1.34
  273 UNKNOWN                  30       2.48       0.08       5.56       1.43
  274 UNKNOWN                  31       1.88       0.08       6.92       1.50
  275 UNKNOWN                  31       1.80       0.04       4.08       1.02
  276 UNKNOWN                  29       1.75       0.04       4.20       1.27
  277 UNKNOWN                  28       1.46       0.04       4.20       1.01
  278 UNKNOWN                  30       1.27       0.08       3.20       0.82
  279 UNKNOWN                  31       1.96       0.04       5.76       1.26
  280 UNKNOWN                  30       1.90       0.24       3.84       1.04
  281 UNKNOWN                  31       2.02       0.12       3.68       0.94
  282 UNKNOWN                  31       1.75       0.08       4.08       0.94
  283 UNKNOWN                  31       1.96       0.56       4.76       1.02
  284 UNKNOWN                  30       1.74       0.12       4.68       0.84
  285 UNKNOWN                  31       1.88       0.04       3.84       0.96
  286 UNKNOWN                  30       2.01       0.04       4.60       1.04
  287 UNKNOWN                  31       2.01       0.48       3.92       0.80
  288 UNKNOWN                  31       2.23       1.16       3.88       0.64
  289 UNKNOWN                  31       2.15       0.76       3.56       0.70
  290 UNKNOWN                  31       1.88       0.08       3.04       0.86
  291 UNKNOWN                  31       1.82       0.48       3.84       0.77
  292 UNKNOWN                  31       2.18       0.12       3.51       0.80
  293 UNKNOWN                  30       2.21       0.44       3.72       0.85
  294 UNKNOWN                  31       1.96       0.20       3.80       0.84
  295 UNKNOWN                  31       5.43       5.23       5.63       0.09
  296 UNKNOWN                  31       5.13       4.80       5.28       0.09

================================================================================
PER-TYPE SUMMARY (sum of avg durations across all events)
================================================================================
TaskType             Events    Total(us)  Total(ms)        %
----------------------------------------------------------
UNKNOWN                 296       4439.2      4.439   100.0%
TOTAL                             4439.2      4.439

Saved raw event timing to event_timing.json
