[EVENT_TIMING] 2272 event firings recorded

================================================================================
PER-EVENT WALL-CLOCK TIMING (barrier-to-barrier)
================================================================================
Event TaskType              Count    Avg(us)    Min(us)    Max(us)    Std(us)
-------------------------------------------------------------------------
    1 UNKNOWN                  30     185.38     176.72     205.76       7.03
    2 UNKNOWN                  31      14.13      12.42      15.42       0.67
    3 UNKNOWN                  31      15.66      14.25      17.14       0.66
    4 UNKNOWN                  31       9.30       8.78       9.78       0.25
    5 UNKNOWN                  31      11.99      11.40      13.12       0.46
    6 UNKNOWN                  31      15.11      14.33      15.64       0.29
    7 UNKNOWN                  31       7.71       7.23       8.31       0.30
    8 UNKNOWN                  31       4.04       3.41       5.02       0.55
    9 UNKNOWN                  31      34.59      32.67      36.19       0.90
   10 UNKNOWN                  31      50.32      49.16      51.64       0.59
   11 UNKNOWN                  31      13.48      12.99      14.03       0.24
   12 UNKNOWN                  31       9.58       9.00      10.21       0.27
   13 UNKNOWN                  31      12.31      11.85      12.84       0.25
   14 UNKNOWN                  31      15.09      14.36      15.70       0.31
   15 UNKNOWN                  31       6.95       6.59       7.33       0.22
   16 UNKNOWN                  31      15.01      14.11      16.76       0.62
   17 UNKNOWN                  31      42.40      39.93      45.74       1.23
   18 UNKNOWN                  31      23.25      21.01      25.60       1.23
   19 UNKNOWN                  31       5.75       4.04       7.17       1.06
   20 UNKNOWN                  25       0.24       0.01       1.57       0.34
   21 UNKNOWN                  27       2.86       0.01      70.18      13.20
   22 UNKNOWN                  28       0.30       0.02       1.30       0.32
   23 UNKNOWN                  29       2.73       0.01      70.90      12.89
   24 UNKNOWN                  28       2.70       0.01      70.50      13.05
   25 UNKNOWN                  27       5.57       0.01      73.43      19.09
   26 UNKNOWN                  22      10.02       0.01      73.24      24.81
   27 UNKNOWN                  28       2.90       0.02      73.80      13.65
   28 UNKNOWN                  27       0.22       0.03       0.80       0.17
   29 UNKNOWN                  27       0.31       0.01       1.08       0.28
   30 UNKNOWN                  27       0.22       0.01       1.19       0.26
   31 UNKNOWN                  27       0.31       0.01       1.28       0.29
   32 UNKNOWN                  28       0.28       0.02       1.44       0.30
   33 UNKNOWN                  30       2.77       0.01      72.97      13.04
   34 UNKNOWN                  26       2.97       0.04      70.86      13.58
   35 UNKNOWN                  27       5.66       0.03      73.89      19.04
   36 UNKNOWN                  28       0.19       0.01       0.82       0.21
   37 UNKNOWN                  27       2.91       0.02      73.88      13.92
   38 UNKNOWN                  27       2.94       0.01      72.36      13.62
   39 UNKNOWN                  27       5.67       0.01      74.74      19.00
   40 UNKNOWN                  27       8.25       0.01      74.07      22.62
   41 UNKNOWN                  25       0.34       0.04       1.44       0.36
   42 UNKNOWN                  28       0.20       0.01       1.00       0.20
   43 UNKNOWN                  28       0.25       0.01       1.81       0.33
   44 UNKNOWN                  25       6.10       0.01      73.73      19.61
   45 UNKNOWN                  28       5.50       0.01      73.64      18.84
   46 UNKNOWN                  27       0.23       0.02       0.85       0.21
   47 UNKNOWN                  26       5.70       0.03      71.79      18.97
   48 UNKNOWN                  29       2.70       0.01      70.92      12.90
   49 UNKNOWN                  27       0.21       0.03       0.80       0.19
   50 UNKNOWN                  26       0.29       0.02       2.28       0.44
   51 UNKNOWN                  30       2.74       0.01      73.91      13.22
   52 UNKNOWN                  29       0.21       0.01       0.95       0.22
   53 UNKNOWN                  29       2.79       0.04      73.36      13.34
   54 UNKNOWN                  29       2.71       0.01      71.23      12.95
   55 UNKNOWN                  29       2.96       0.02      73.55      13.35
   56 UNKNOWN                  29       0.27       0.01       2.76       0.49
   57 UNKNOWN                  28       0.57       0.04       1.95       0.55
   58 UNKNOWN                  31       6.02       0.04      32.79      11.23
   59 UNKNOWN                  29       4.39       0.04      31.71       9.84
   60 UNKNOWN                  30       1.20       0.01      22.72       4.02
   61 UNKNOWN                  31       1.32       0.01      29.24       5.11
   62 UNKNOWN                  30       4.32       0.04      30.08       9.65
   63 UNKNOWN                  30       3.48       0.01      30.58       8.89
   64 UNKNOWN                  30       2.30       0.04      30.53       7.47
   65 UNKNOWN                  29       1.41       0.02      26.80       4.82
   66 UNKNOWN                  29       1.49       0.03      28.56       5.14
   67 UNKNOWN                  30       1.44       0.03      29.16       5.17
   68 UNKNOWN                  30       5.50       0.02      30.35      10.50
   69 UNKNOWN                  30       2.59       0.04      30.55       7.35
   70 UNKNOWN                  31       5.41       4.90       5.77       0.20
   71 UNKNOWN                  31       5.10       4.92       5.27       0.10

================================================================================
PER-TYPE SUMMARY (sum of avg durations across all events)
================================================================================
TaskType             Events    Total(us)  Total(ms)        %
----------------------------------------------------------
UNKNOWN                  71        631.8      0.632   100.0%
TOTAL                              631.8      0.632

Saved raw event timing to event_timing.json
