[EVENT_TIMING] 8880 event firings recorded

================================================================================
PER-EVENT WALL-CLOCK TIMING (barrier-to-barrier)
================================================================================
Event TaskType              Count    Avg(us)    Min(us)    Max(us)    Std(us)
-------------------------------------------------------------------------
    1 UNKNOWN                  28     206.51     183.28     226.80      11.51
    2 UNKNOWN                  29      13.99      12.71      15.95       0.75
    3 UNKNOWN                  29      17.76      16.16      19.59       0.87
    4 UNKNOWN                  29       9.85       9.41      11.29       0.31
    5 UNKNOWN                  29      12.46      11.75      13.18       0.36
    6 UNKNOWN                  29      15.13      14.44      15.92       0.33
    7 UNKNOWN                  29       8.00       7.48       8.51       0.27
    8 UNKNOWN                  29       4.65       3.48       5.20       0.50
    9 UNKNOWN                  29      35.15      34.13      36.52       0.68
   10 UNKNOWN                  29      50.50      49.57      52.04       0.61
   11 UNKNOWN                  29      14.15      13.75      14.60       0.25
   12 UNKNOWN                  29       9.73       9.38      10.98       0.29
   13 UNKNOWN                  29      12.43      11.50      13.22       0.43
   14 UNKNOWN                  29      15.19      14.76      15.60       0.23
   15 UNKNOWN                  29       7.15       6.80       7.74       0.23
   16 UNKNOWN                  29      16.48      15.56      18.35       0.77
   17 UNKNOWN                  29      44.04      41.04      50.52       1.98
   18 UNKNOWN                  29      23.47      22.20      25.56       1.04
   19 UNKNOWN                  29       4.73       4.20       5.28       0.23
   20 UNKNOWN                  29      14.05      13.48      14.47       0.25
   21 UNKNOWN                  29       9.92       9.60      10.68       0.22
   22 UNKNOWN                  29      12.73      11.99      13.35       0.37
   23 UNKNOWN                  29      15.24      14.60      15.79       0.30
   24 UNKNOWN                  29       7.77       7.04       8.30       0.29
   25 UNKNOWN                  29      16.14      15.30      17.78       0.78
   26 UNKNOWN                  29      42.74      39.27      48.14       2.03
   27 UNKNOWN                  29      23.59      21.99      25.72       1.11
   28 UNKNOWN                  29       4.84       4.33       5.95       0.34
   29 UNKNOWN                  29      13.96      13.49      14.49       0.26
   30 UNKNOWN                  29      10.08       9.80      10.76       0.20
   31 UNKNOWN                  29      12.38      11.74      12.99       0.36
   32 UNKNOWN                  29      15.05      14.46      15.56       0.29
   33 UNKNOWN                  29       7.92       7.54       8.45       0.25
   34 UNKNOWN                  29      16.22      14.59      17.43       1.03
   35 UNKNOWN                  29      43.02      38.89      46.88       2.09
   36 UNKNOWN                  29      23.66      22.00      25.60       0.99
   37 UNKNOWN                  29       4.86       4.30       6.47       0.37
   38 UNKNOWN                  29      13.99      13.56      14.75       0.27
   39 UNKNOWN                  29       9.71       9.45       9.97       0.14
   40 UNKNOWN                  29      12.34      11.59      13.31       0.45
   41 UNKNOWN                  29      15.06      14.21      15.52       0.32
   42 UNKNOWN                  29       7.70       7.01       8.18       0.29
   43 UNKNOWN                  29      17.52      15.87      18.63       0.85
   44 UNKNOWN                  29      41.44      38.48      44.49       1.36
   45 UNKNOWN                  29      22.86      21.58      25.56       1.13
   46 UNKNOWN                  29       5.00       4.12       7.55       0.70
   47 UNKNOWN                  29      13.87      13.23      14.33       0.25
   48 UNKNOWN                  29       9.69       9.38      10.59       0.21
   49 UNKNOWN                  29      12.65      11.54      13.26       0.45
   50 UNKNOWN                  29      14.98      14.55      15.56       0.25
   51 UNKNOWN                  29       7.81       7.29       8.28       0.24
   52 UNKNOWN                  29      16.11      15.09      18.16       0.82
   53 UNKNOWN                  29      42.43      39.19      46.16       1.56
   54 UNKNOWN                  29      23.08      21.44      24.86       1.03
   55 UNKNOWN                  29       4.97       4.50       5.41       0.22
   56 UNKNOWN                  29      14.16      13.66      14.64       0.22
   57 UNKNOWN                  29       9.66       9.32      10.08       0.21
   58 UNKNOWN                  29      12.67      11.70      13.35       0.47
   59 UNKNOWN                  29      15.20      14.39      15.61       0.26
   60 UNKNOWN                  29       7.95       7.36       8.39       0.27
   61 UNKNOWN                  29      15.84      14.93      17.89       0.87
   62 UNKNOWN                  29      41.89      38.74      43.99       1.38
   63 UNKNOWN                  29      23.03      21.56      24.97       0.91
   64 UNKNOWN                  29       4.71       4.07       5.31       0.32
   65 UNKNOWN                  29      14.03      13.49      14.56       0.24
   66 UNKNOWN                  29       9.83       9.58      10.04       0.11
   67 UNKNOWN                  29      12.58      11.27      13.43       0.53
   68 UNKNOWN                  29      15.20      14.72      15.80       0.27
   69 UNKNOWN                  29       7.70       7.26       8.20       0.25
   70 UNKNOWN                  29      16.50      15.03      17.88       0.92
   71 UNKNOWN                  29      41.78      38.46      47.67       1.86
   72 UNKNOWN                  29      23.48      21.49      26.92       1.28
   73 UNKNOWN                  29       4.92       4.39       5.73       0.42
   74 UNKNOWN                  29      14.08      13.47      14.63       0.29
   75 UNKNOWN                  29       9.75       9.41      10.66       0.24
   76 UNKNOWN                  29      12.49      11.36      13.14       0.41
   77 UNKNOWN                  29      15.12      14.44      15.60       0.26
   78 UNKNOWN                  29       8.02       7.61       8.45       0.25
   79 UNKNOWN                  29      16.46      15.43      18.24       0.87
   80 UNKNOWN                  29      42.48      39.04      46.35       1.83
   81 UNKNOWN                  29      23.58      21.88      26.69       1.27
   82 UNKNOWN                  29       4.89       4.03       6.15       0.48
   83 UNKNOWN                  29      14.14      13.63      14.93       0.24
   84 UNKNOWN                  29       9.78       9.46      10.53       0.21
   85 UNKNOWN                  29      12.48      11.65      13.20       0.34
   86 UNKNOWN                  29      15.15      14.76      15.55       0.21
   87 UNKNOWN                  29       7.91       7.43       8.28       0.23
   88 UNKNOWN                  29      16.08      15.08      17.43       0.70
   89 UNKNOWN                  29      45.15      42.53      47.80       1.34
   90 UNKNOWN                  29      23.46      22.16      25.59       1.09
   91 UNKNOWN                  29       4.61       4.24       5.04       0.21
   92 UNKNOWN                  29      14.08      13.58      14.65       0.24
   93 UNKNOWN                  29       9.61       9.35      10.28       0.17
   94 UNKNOWN                  29      12.50      11.80      13.20       0.35
   95 UNKNOWN                  29      15.02      14.47      15.45       0.27
   96 UNKNOWN                  29       7.76       7.32       8.51       0.29
   97 UNKNOWN                  29      16.08      14.94      17.46       0.54
   98 UNKNOWN                  29      41.70      38.77      43.38       1.22
   99 UNKNOWN                  29      23.81      21.68      25.84       1.15
  100 UNKNOWN                  29       4.94       4.45       5.98       0.40
  101 UNKNOWN                  29      14.13      13.71      14.48       0.21
  102 UNKNOWN                  29       9.79       9.52      10.28       0.15
  103 UNKNOWN                  29      12.39      11.24      13.10       0.48
  104 UNKNOWN                  29      15.14      14.64      15.60       0.29
  105 UNKNOWN                  29       7.87       7.46       8.27       0.26
  106 UNKNOWN                  29      15.58      14.35      17.19       0.79
  107 UNKNOWN                  29      44.35      41.57      47.84       1.56
  108 UNKNOWN                  29      23.24      21.63      25.08       1.05
  109 UNKNOWN                  29       4.77       4.29       5.48       0.31
  110 UNKNOWN                  29      13.86      13.42      14.44       0.23
  111 UNKNOWN                  29       9.59       9.32      10.33       0.20
  112 UNKNOWN                  29      12.25      11.44      13.12       0.44
  113 UNKNOWN                  29      15.23      14.68      15.81       0.27
  114 UNKNOWN                  29       7.97       7.21       8.46       0.28
  115 UNKNOWN                  29      16.55      15.60      18.12       0.73
  116 UNKNOWN                  29      41.61      38.75      43.90       1.32
  117 UNKNOWN                  29      23.31      21.72      25.36       1.05
  118 UNKNOWN                  29       4.98       4.34       6.74       0.52
  119 UNKNOWN                  29      14.06      13.48      14.41       0.23
  120 UNKNOWN                  29       9.60       9.32      10.35       0.23
  121 UNKNOWN                  29      12.57      11.81      13.05       0.31
  122 UNKNOWN                  29      15.06      14.56      15.72       0.32
  123 UNKNOWN                  29       7.76       7.28       8.39       0.27
  124 UNKNOWN                  29      15.85      14.99      16.83       0.45
  125 UNKNOWN                  29      42.01      40.04      44.01       1.13
  126 UNKNOWN                  29      23.19      21.47      25.07       1.01
  127 UNKNOWN                  29       4.94       4.27       6.83       0.55
  128 UNKNOWN                  29      13.97      13.67      14.39       0.20
  129 UNKNOWN                  29       9.74       9.39      10.52       0.22
  130 UNKNOWN                  29      12.59      11.96      13.40       0.40
  131 UNKNOWN                  29      15.02      14.44      15.61       0.27
  132 UNKNOWN                  29       7.91       7.19       8.31       0.23
  133 UNKNOWN                  29      15.83      15.05      17.66       0.68
  134 UNKNOWN                  29      42.64      40.14      44.14       0.95
  135 UNKNOWN                  29      23.08      21.59      25.31       0.97
  136 UNKNOWN                  29       4.96       4.37       6.20       0.38
  137 UNKNOWN                  29      14.04      13.67      14.73       0.26
  138 UNKNOWN                  29       9.92       9.56      10.28       0.17
  139 UNKNOWN                  29      12.28      11.36      13.44       0.54
  140 UNKNOWN                  29      15.04      14.32      15.58       0.29
  141 UNKNOWN                  29       7.77       7.29       8.29       0.25
  142 UNKNOWN                  29      16.89      15.19      17.99       0.97
  143 UNKNOWN                  29      41.36      38.61      43.72       1.39
  144 UNKNOWN                  29      23.61      21.88      25.76       1.04
  145 UNKNOWN                  29       5.16       4.46       8.07       0.78
  146 UNKNOWN                  29      14.09      13.39      14.41       0.23
  147 UNKNOWN                  29       9.78       9.52      10.88       0.25
  148 UNKNOWN                  29      12.46      11.43      13.08       0.41
  149 UNKNOWN                  29      14.90      14.41      15.47       0.24
  150 UNKNOWN                  29       7.93       7.37       8.34       0.28
  151 UNKNOWN                  29      16.56      15.20      18.03       1.05
  152 UNKNOWN                  29      41.75      38.25      43.99       1.45
  153 UNKNOWN                  29      23.39      21.72      26.40       1.14
  154 UNKNOWN                  29       4.74       4.03       5.94       0.42
  155 UNKNOWN                  29      13.93      13.29      14.45       0.28
  156 UNKNOWN                  29       9.50       9.14      10.50       0.29
  157 UNKNOWN                  29      12.37      11.60      13.21       0.45
  158 UNKNOWN                  29      14.97      14.65      15.32       0.18
  159 UNKNOWN                  29       7.00       6.72       7.32       0.16
  160 UNKNOWN                  29      15.88      15.04      17.47       0.56
  161 UNKNOWN                  29      43.07      39.83      47.12       1.93
  162 UNKNOWN                  29      23.04      21.83      25.72       1.06
  163 UNKNOWN                  29       5.13       4.33       6.08       0.51
  164 UNKNOWN                  29      14.03      13.56      14.44       0.24
  165 UNKNOWN                  29       9.75       9.47      10.19       0.14
  166 UNKNOWN                  29      12.52      11.31      13.27       0.48
  167 UNKNOWN                  29      15.01      14.24      15.63       0.26
  168 UNKNOWN                  29       7.95       7.36       8.35       0.26
  169 UNKNOWN                  29      15.60      14.70      17.25       0.60
  170 UNKNOWN                  29      42.68      40.40      45.82       1.30
  171 UNKNOWN                  29      23.01      21.54      24.89       0.97
  172 UNKNOWN                  29       5.32       4.31       6.80       0.65
  173 UNKNOWN                  29      13.93      13.48      14.52       0.25
  174 UNKNOWN                  29       9.91       9.48      10.53       0.25
  175 UNKNOWN                  29      12.35      11.30      13.31       0.56
  176 UNKNOWN                  29      14.98      14.51      15.41       0.25
  177 UNKNOWN                  29       7.86       7.05       8.25       0.30
  178 UNKNOWN                  29      15.97      14.35      17.43       0.95
  179 UNKNOWN                  29      41.88      38.72      45.88       1.66
  180 UNKNOWN                  29      23.07      21.69      24.94       0.95
  181 UNKNOWN                  29       5.07       4.30       7.84       0.87
  182 UNKNOWN                  29      14.07      13.43      14.68       0.28
  183 UNKNOWN                  29       9.98       9.60      10.53       0.23
  184 UNKNOWN                  29      12.53      11.56      13.24       0.39
  185 UNKNOWN                  29      14.96      14.28      15.49       0.29
  186 UNKNOWN                  29       7.82       7.35       8.42       0.29
  187 UNKNOWN                  29      16.17      15.04      17.64       0.84
  188 UNKNOWN                  29      41.93      38.92      43.88       1.41
  189 UNKNOWN                  29      22.93      21.78      24.59       0.92
  190 UNKNOWN                  29       4.93       4.11       6.01       0.53
  191 UNKNOWN                  29      13.77      13.28      14.33       0.27
  192 UNKNOWN                  29       9.63       9.34      10.03       0.18
  193 UNKNOWN                  29      12.46      11.81      13.17       0.36
  194 UNKNOWN                  29      14.98      14.61      15.39       0.17
  195 UNKNOWN                  29       7.99       7.40       8.45       0.26
  196 UNKNOWN                  29      15.92      15.13      17.24       0.57
  197 UNKNOWN                  29      42.14      39.52      43.81       1.17
  198 UNKNOWN                  29      23.07      21.79      24.64       0.90
  199 UNKNOWN                  29       4.80       4.03       5.98       0.36
  200 UNKNOWN                  29      14.18      13.73      14.65       0.22
  201 UNKNOWN                  29       9.55       9.27       9.79       0.12
  202 UNKNOWN                  29      12.40      11.46      13.29       0.48
  203 UNKNOWN                  29      15.12      14.65      15.61       0.26
  204 UNKNOWN                  29       7.81       7.42       8.50       0.28
  205 UNKNOWN                  29      15.16      14.58      16.46       0.44
  206 UNKNOWN                  29      44.68      42.26      48.82       1.68
  207 UNKNOWN                  29      22.74      21.36      24.29       0.91
  208 UNKNOWN                  29       4.97       4.29       6.68       0.57
  209 UNKNOWN                  29      14.02      13.52      14.48       0.21
  210 UNKNOWN                  29       9.87       9.60      10.17       0.15
  211 UNKNOWN                  29      12.43      11.28      13.48       0.55
  212 UNKNOWN                  29      14.94      14.50      15.32       0.23
  213 UNKNOWN                  29       7.76       7.03       8.34       0.28
  214 UNKNOWN                  29      15.84      14.87      17.76       0.82
  215 UNKNOWN                  29      42.27      38.96      46.81       1.68
  216 UNKNOWN                  29      23.10      21.64      24.71       0.95
  217 UNKNOWN                  29       4.71       4.07       5.98       0.35
  218 UNKNOWN                  29      14.12      13.61      14.44       0.18
  219 UNKNOWN                  29       9.75       9.49      10.09       0.16
  220 UNKNOWN                  29      12.26      11.26      12.92       0.42
  221 UNKNOWN                  29      15.07      14.65      15.68       0.28
  222 UNKNOWN                  29       7.98       7.51       8.41       0.25
  223 UNKNOWN                  29      16.25      15.16      17.81       0.82
  224 UNKNOWN                  29      41.08      39.40      43.03       1.04
  225 UNKNOWN                  29      23.55      21.67      25.23       1.02
  226 UNKNOWN                  29       4.75       4.20       7.67       0.72
  227 UNKNOWN                  29      14.15      13.68      14.61       0.23
  228 UNKNOWN                  29       9.77       9.50      10.14       0.17
  229 UNKNOWN                  29      12.58      11.66      13.30       0.40
  230 UNKNOWN                  29      15.08      14.56      15.49       0.24
  231 UNKNOWN                  29       7.71       7.37       8.04       0.18
  232 UNKNOWN                  29      15.86      14.80      17.40       0.67
  233 UNKNOWN                  29      41.91      39.24      43.56       1.04
  234 UNKNOWN                  29      23.09      21.78      24.49       0.83
  235 UNKNOWN                  29       4.51       4.03       5.04       0.24
  236 UNKNOWN                  29      14.00      13.56      14.52       0.25
  237 UNKNOWN                  29       9.67       9.43      10.01       0.13
  238 UNKNOWN                  29      12.49      11.75      13.32       0.38
  239 UNKNOWN                  29      15.00      14.33      15.50       0.27
  240 UNKNOWN                  29       7.52       7.11       8.06       0.26
  241 UNKNOWN                  29      15.22      14.34      16.99       0.56
  242 UNKNOWN                  29      42.07      40.51      45.58       1.36
  243 UNKNOWN                  29      23.15      21.29      24.50       1.00
  244 UNKNOWN                  29       5.92       4.17       7.12       1.03
  245 UNKNOWN                  23       0.14       0.01       0.76       0.17
  246 UNKNOWN                  28       5.18       0.01      71.11      18.26
  247 UNKNOWN                  27       5.39       0.01      72.27      18.61
  248 UNKNOWN                  23       9.28       0.01      71.39      23.70
  249 UNKNOWN                  26       0.10       0.01       0.29       0.08
  250 UNKNOWN                  26       0.10       0.01       0.57       0.12
  251 UNKNOWN                  25       2.99       0.02      71.50      13.99
  252 UNKNOWN                  24       6.03       0.02      71.99      19.63
  253 UNKNOWN                  29       0.08       0.01       0.25       0.06
  254 UNKNOWN                  26       0.14       0.01       0.60       0.13
  255 UNKNOWN                  27       0.15       0.01       0.63       0.14
  256 UNKNOWN                  20      10.89       0.03      73.01      25.59
  257 UNKNOWN                  23       3.19       0.03      70.48      14.35
  258 UNKNOWN                  26       0.09       0.01       0.25       0.07
  259 UNKNOWN                  22      12.96       0.01      72.54      27.25
  260 UNKNOWN                  23       9.22       0.01      70.08      23.45
  261 UNKNOWN                  22       0.09       0.01       0.44       0.11
  262 UNKNOWN                  22       0.11       0.01       1.07       0.22
  263 UNKNOWN                  24       6.07       0.03      71.63      19.54
  264 UNKNOWN                  24       5.99       0.01      71.80      19.56
  265 UNKNOWN                  24       0.10       0.01       0.76       0.15
  266 UNKNOWN                  24       0.13       0.01       0.55       0.13
  267 UNKNOWN                  24       3.04       0.01      70.34      14.03
  268 UNKNOWN                  25       0.10       0.01       0.43       0.11
  269 UNKNOWN                  25       0.14       0.03       0.96       0.19
  270 UNKNOWN                  22       0.12       0.01       0.40       0.10
  271 UNKNOWN                  24       3.10       0.03      71.79      14.32
  272 UNKNOWN                  21       0.17       0.01       0.70       0.19
  273 UNKNOWN                  25       0.12       0.01       0.44       0.11
  274 UNKNOWN                  26       0.14       0.01       0.68       0.16
  275 UNKNOWN                  23       0.14       0.01       0.44       0.12
  276 UNKNOWN                  26       0.11       0.01       0.31       0.09
  277 UNKNOWN                  23       0.12       0.01       0.42       0.12
  278 UNKNOWN                  24       0.09       0.01       0.28       0.06
  279 UNKNOWN                  24       5.97       0.01      70.53      19.44
  280 UNKNOWN                  26       0.08       0.01       0.36       0.08
  281 UNKNOWN                  21       0.19       0.01       1.16       0.24
  282 UNKNOWN                  29       1.44       0.01      32.57       5.89
  283 UNKNOWN                  22       1.79       0.01      33.32       6.89
  284 UNKNOWN                  27      12.25       0.01      33.40      15.68
  285 UNKNOWN                  25       9.43       0.01      33.81      14.83
  286 UNKNOWN                  27       3.96       0.02      33.77      10.35
  287 UNKNOWN                  27       1.46       0.01      32.53       6.10
  288 UNKNOWN                  27       0.31       0.01       1.82       0.41
  289 UNKNOWN                  26       1.53       0.01      33.39       6.38
  290 UNKNOWN                  28       0.39       0.01       1.36       0.37
  291 UNKNOWN                  24       0.23       0.01       1.33       0.25
  292 UNKNOWN                  25       1.54       0.01      32.28       6.28
  293 UNKNOWN                  23       5.92       0.01      33.73      12.33
  294 UNKNOWN                  27       0.30       0.01       0.92       0.23
  295 UNKNOWN                  29       5.30       4.88       5.64       0.17
  296 UNKNOWN                  29       5.02       4.76       5.25       0.11

================================================================================
PER-TYPE SUMMARY (sum of avg durations across all events)
================================================================================
TaskType             Events    Total(us)  Total(ms)        %
----------------------------------------------------------
UNKNOWN                 296       4308.9      4.309   100.0%
TOTAL                             4308.9      4.309

Saved raw event timing to event_timing.json
