[EVENT_TIMING] 928 event firings recorded

================================================================================
PER-EVENT WALL-CLOCK TIMING (barrier-to-barrier)
================================================================================
Event TaskType              Count    Avg(us)    Min(us)    Max(us)    Std(us)
-------------------------------------------------------------------------
    1 UNKNOWN                  30     190.22     183.96     212.96       6.90
    2 UNKNOWN                  31      13.85      12.68      15.12       0.60
    3 UNKNOWN                  31      15.89      14.76      17.09       0.57
    4 UNKNOWN                  31      10.02       9.54      10.70       0.26
    5 UNKNOWN                  31      12.18      11.32      13.08       0.43
    6 UNKNOWN                  31      15.04      14.56      15.64       0.28
    7 UNKNOWN                  31       7.76       7.35       8.33       0.28
    8 UNKNOWN                  31       4.00       3.24       4.97       0.57
    9 UNKNOWN                  31      32.70      31.18      33.82       0.61
   10 UNKNOWN                  31      50.44      49.14      51.68       0.64
   11 UNKNOWN                  31      13.62      13.04      14.18       0.27
   12 UNKNOWN                  31       9.30       8.52      10.66       0.35
   13 UNKNOWN                  31      12.28      11.74      13.16       0.39
   14 UNKNOWN                  31      15.06      14.66      15.43       0.23
   15 UNKNOWN                  31       7.01       6.67       7.81       0.28
   16 UNKNOWN                  31      14.69      13.97      17.23       0.62
   17 UNKNOWN                  31      43.07      40.91      44.55       0.89
   18 UNKNOWN                  31      22.48      21.36      25.32       0.89
   19 UNKNOWN                  31       5.98       4.06       7.04       1.05
   20 UNKNOWN                  28      13.35       0.06      74.70      27.81
   21 UNKNOWN                  27       8.38       0.02      73.88      22.62
   22 UNKNOWN                  28      18.68       0.02      74.06      31.45
   23 UNKNOWN                  29      17.68       0.02      73.72      30.86
   24 UNKNOWN                  30      22.10       0.04      74.54      33.08
   25 UNKNOWN                  31      28.73       0.48      32.84       7.50
   26 UNKNOWN                  30       3.97       0.10      33.32       7.90
   27 UNKNOWN                  30       1.39       0.25       4.08       0.93
   28 UNKNOWN                  31      17.84      16.92      18.45       0.43
   29 UNKNOWN                  31       5.18       5.03       5.31       0.06

================================================================================
PER-TYPE SUMMARY (sum of avg durations across all events)
================================================================================
TaskType             Events    Total(us)  Total(ms)        %
----------------------------------------------------------
UNKNOWN                  29        632.9      0.633   100.0%
TOTAL                              632.9      0.633

Saved raw event timing to event_timing.json
