[EVENT_TIMING] 8880 event firings recorded

================================================================================
PER-EVENT WALL-CLOCK TIMING (barrier-to-barrier)
================================================================================
Event TaskType              Count    Avg(us)    Min(us)    Max(us)    Std(us)
-------------------------------------------------------------------------
    1 UNKNOWN                  28     219.10     200.64     313.16      20.16
    2 UNKNOWN                  29      14.33      12.24      15.60       0.85
    3 UNKNOWN                  29      17.35      16.04      18.80       0.75
    4 UNKNOWN                  29      10.33       9.68      12.08       0.39
    5 UNKNOWN                  29      12.30      11.68      13.20       0.46
    6 UNKNOWN                  29      15.16      14.60      15.72       0.30
    7 UNKNOWN                  29       8.17       7.32       8.81       0.35
    8 UNKNOWN                  29       3.98       3.60       4.34       0.21
    9 UNKNOWN                  29      35.35      34.54      38.28       0.71
   10 UNKNOWN                  29      50.47      49.76      51.32       0.43
   11 UNKNOWN                  29      13.98      13.20      14.55       0.33
   12 UNKNOWN                  29       9.71       9.21      10.77       0.27
   13 UNKNOWN                  29      12.19      11.61      13.15       0.37
   14 UNKNOWN                  29      15.00      14.29      15.66       0.32
   15 UNKNOWN                  29       7.46       7.02       8.17       0.28
   16 UNKNOWN                  29      16.27      15.74      16.94       0.28
   17 UNKNOWN                  29      42.26      40.82      44.88       1.10
   18 UNKNOWN                  29      24.37      22.62      25.48       0.55
   19 UNKNOWN                  29       4.68       4.24       5.27       0.25
   20 UNKNOWN                  29      13.96      13.46      14.56       0.27
   21 UNKNOWN                  29       9.80       9.22      10.20       0.20
   22 UNKNOWN                  29      12.62      11.54      13.10       0.37
   23 UNKNOWN                  29      15.43      14.84      15.87       0.28
   24 UNKNOWN                  29       8.04       7.42       8.64       0.27
   25 UNKNOWN                  29      15.59      14.93      16.52       0.35
   26 UNKNOWN                  29      41.64      40.83      44.07       0.71
   27 UNKNOWN                  29      24.17      22.34      25.36       0.62
   28 UNKNOWN                  29       4.83       3.96       5.36       0.30
   29 UNKNOWN                  29      13.81      13.32      14.32       0.28
   30 UNKNOWN                  29       9.74       9.40      10.04       0.14
   31 UNKNOWN                  29      12.49      11.68      13.32       0.43
   32 UNKNOWN                  29      15.27      14.68      15.88       0.30
   33 UNKNOWN                  29       8.10       7.76       8.52       0.25
   34 UNKNOWN                  29      15.35      14.72      16.31       0.38
   35 UNKNOWN                  29      41.72      40.57      43.60       0.75
   36 UNKNOWN                  29      24.38      22.90      25.56       0.52
   37 UNKNOWN                  29       4.95       4.49       5.44       0.27
   38 UNKNOWN                  29      13.81      13.08      14.42       0.31
   39 UNKNOWN                  29       9.64       9.24      10.06       0.21
   40 UNKNOWN                  29      12.36      11.65      12.88       0.39
   41 UNKNOWN                  29      15.05      14.57      15.54       0.28
   42 UNKNOWN                  29       8.07       7.52       8.74       0.25
   43 UNKNOWN                  29      15.83      15.23      16.70       0.40
   44 UNKNOWN                  29      44.05      40.82      48.16       1.60
   45 UNKNOWN                  29      24.08      22.88      25.40       0.43
   46 UNKNOWN                  29       4.86       4.30       5.72       0.30
   47 UNKNOWN                  29      13.68      12.98      14.28       0.33
   48 UNKNOWN                  29       9.66       9.13      10.91       0.32
   49 UNKNOWN                  29      12.58      12.03      13.27       0.30
   50 UNKNOWN                  29      15.00      14.50      15.67       0.27
   51 UNKNOWN                  29       8.01       7.54       8.76       0.25
   52 UNKNOWN                  29      15.54      14.97      16.40       0.38
   53 UNKNOWN                  29      42.05      40.94      43.90       0.77
   54 UNKNOWN                  29      24.23      22.32      25.84       0.61
   55 UNKNOWN                  29       5.03       4.76       6.02       0.25
   56 UNKNOWN                  29      13.88      13.48      14.32       0.23
   57 UNKNOWN                  29       9.82       9.30      10.28       0.27
   58 UNKNOWN                  29      12.70      11.90      13.35       0.31
   59 UNKNOWN                  29      15.20      14.80      15.74       0.25
   60 UNKNOWN                  29       8.15       7.56       8.77       0.25
   61 UNKNOWN                  29      15.07      14.45      15.64       0.33
   62 UNKNOWN                  29      41.59      40.95      42.92       0.47
   63 UNKNOWN                  29      24.32      22.03      26.60       0.87
   64 UNKNOWN                  29       4.88       4.53       5.60       0.22
   65 UNKNOWN                  29      13.87      13.20      14.84       0.31
   66 UNKNOWN                  29      10.02       9.74      10.32       0.14
   67 UNKNOWN                  29      12.67      11.76      13.48       0.41
   68 UNKNOWN                  29      15.04      14.68      15.62       0.24
   69 UNKNOWN                  29       8.07       7.37       8.62       0.29
   70 UNKNOWN                  29      15.53      14.91      16.12       0.27
   71 UNKNOWN                  29      41.44      40.77      44.10       0.75
   72 UNKNOWN                  29      24.48      23.43      26.04       0.48
   73 UNKNOWN                  29       5.12       4.42       6.14       0.42
   74 UNKNOWN                  29      14.07      13.62      14.50       0.23
   75 UNKNOWN                  29       9.69       9.28      10.12       0.20
   76 UNKNOWN                  29      12.41      11.90      12.93       0.29
   77 UNKNOWN                  29      15.02      14.70      15.52       0.23
   78 UNKNOWN                  29       8.20       7.74       8.63       0.23
   79 UNKNOWN                  29      15.89      15.39      17.23       0.40
   80 UNKNOWN                  29      43.00      40.76      46.01       1.26
   81 UNKNOWN                  29      24.61      23.94      25.97       0.51
   82 UNKNOWN                  29       5.14       4.43       5.99       0.44
   83 UNKNOWN                  29      13.99      13.26      14.50       0.29
   84 UNKNOWN                  29       9.60       9.24      10.59       0.23
   85 UNKNOWN                  29      12.56      11.99      13.23       0.33
   86 UNKNOWN                  29      15.23      14.73      15.82       0.30
   87 UNKNOWN                  29       8.13       7.46       8.68       0.31
   88 UNKNOWN                  29      15.69      15.14      16.24       0.27
   89 UNKNOWN                  29      44.48      42.76      46.90       0.94
   90 UNKNOWN                  29      24.65      23.96      26.00       0.48
   91 UNKNOWN                  29       4.90       4.27       7.37       0.54
   92 UNKNOWN                  29      13.74      13.18      14.35       0.28
   93 UNKNOWN                  29      10.03       9.66      10.37       0.21
   94 UNKNOWN                  29      12.59      11.79      13.18       0.31
   95 UNKNOWN                  29      14.97      14.45      15.47       0.26
   96 UNKNOWN                  29       8.17       7.53       8.61       0.26
   97 UNKNOWN                  29      15.67      15.04      16.29       0.27
   98 UNKNOWN                  29      41.68      40.85      43.91       0.69
   99 UNKNOWN                  29      24.35      21.60      26.12       0.95
  100 UNKNOWN                  29       5.14       4.56       6.69       0.53
  101 UNKNOWN                  29      14.03      13.50      14.40       0.21
  102 UNKNOWN                  29       9.90       9.55      10.56       0.23
  103 UNKNOWN                  29      12.64      11.84      13.28       0.43
  104 UNKNOWN                  29      15.23      14.52      15.70       0.32
  105 UNKNOWN                  29       8.02       7.32       8.73       0.32
  106 UNKNOWN                  29      15.41      14.96      16.02       0.31
  107 UNKNOWN                  29      44.23      41.49      47.56       1.58
  108 UNKNOWN                  29      24.46      23.08      25.68       0.54
  109 UNKNOWN                  29       5.12       4.26       6.74       0.61
  110 UNKNOWN                  29      13.77      13.08      14.32       0.29
  111 UNKNOWN                  29       9.84       9.48      10.99       0.28
  112 UNKNOWN                  29      12.32      11.41      13.13       0.47
  113 UNKNOWN                  29      15.12      14.57      15.66       0.27
  114 UNKNOWN                  29       8.26       7.47       9.00       0.34
  115 UNKNOWN                  29      15.28      14.64      16.03       0.28
  116 UNKNOWN                  29      41.41      40.00      43.00       0.57
  117 UNKNOWN                  29      24.32      23.01      25.43       0.43
  118 UNKNOWN                  29       4.88       4.34       6.83       0.46
  119 UNKNOWN                  29      13.93      13.28      14.45       0.25
  120 UNKNOWN                  29       9.72       9.21      10.49       0.25
  121 UNKNOWN                  29      12.51      11.71      13.05       0.44
  122 UNKNOWN                  29      14.96      14.60      15.40       0.24
  123 UNKNOWN                  29       8.12       7.57       8.80       0.32
  124 UNKNOWN                  29      15.13      14.73      15.54       0.25
  125 UNKNOWN                  29      42.29      40.59      46.30       1.38
  126 UNKNOWN                  29      24.31      23.64      24.83       0.32
  127 UNKNOWN                  29       4.63       4.05       6.03       0.40
  128 UNKNOWN                  29      14.06      13.56      14.92       0.29
  129 UNKNOWN                  29       9.73       9.46      10.14       0.17
  130 UNKNOWN                  29      12.70      11.91      13.34       0.37
  131 UNKNOWN                  29      15.09      14.62      15.82       0.28
  132 UNKNOWN                  29       8.19       7.58       8.68       0.28
  133 UNKNOWN                  29      15.65      15.19      16.31       0.26
  134 UNKNOWN                  29      41.67      40.65      43.67       0.67
  135 UNKNOWN                  29      24.68      23.20      26.84       0.76
  136 UNKNOWN                  29       4.94       4.34       5.91       0.35
  137 UNKNOWN                  29      14.01      13.40      14.68       0.35
  138 UNKNOWN                  29       9.82       9.48      10.26       0.20
  139 UNKNOWN                  29      12.57      11.82      13.44       0.41
  140 UNKNOWN                  29      15.19      14.44      15.72       0.26
  141 UNKNOWN                  29       8.02       7.48       8.84       0.33
  142 UNKNOWN                  29      15.67      15.06      16.24       0.30
  143 UNKNOWN                  29      41.53      40.86      43.24       0.47
  144 UNKNOWN                  29      24.70      23.63      26.08       0.57
  145 UNKNOWN                  29       5.15       4.44       7.83       0.71
  146 UNKNOWN                  29      14.03      13.36      14.48       0.27
  147 UNKNOWN                  29      10.02       9.67      11.51       0.33
  148 UNKNOWN                  29      12.37      11.56      12.92       0.36
  149 UNKNOWN                  29      15.01      14.56      15.46       0.23
  150 UNKNOWN                  29       8.07       7.24       8.55       0.31
  151 UNKNOWN                  29      15.79      15.16      17.26       0.50
  152 UNKNOWN                  29      41.25      40.01      43.48       0.64
  153 UNKNOWN                  29      24.72      22.28      25.48       0.57
  154 UNKNOWN                  29       5.12       4.30       7.40       0.78
  155 UNKNOWN                  29      13.92      13.38      14.39       0.22
  156 UNKNOWN                  29       9.46       9.13       9.95       0.19
  157 UNKNOWN                  29      12.26      11.64      12.83       0.32
  158 UNKNOWN                  29      14.87      14.28      15.59       0.35
  159 UNKNOWN                  29       7.75       7.15       8.35       0.30
  160 UNKNOWN                  29      15.70      15.18      16.28       0.26
  161 UNKNOWN                  29      42.29      41.02      45.90       1.31
  162 UNKNOWN                  29      24.49      23.00      25.44       0.40
  163 UNKNOWN                  29       4.98       4.00       6.14       0.50
  164 UNKNOWN                  29      14.06      13.58      14.54       0.25
  165 UNKNOWN                  29       9.72       9.34      10.13       0.22
  166 UNKNOWN                  29      12.71      12.03      13.30       0.40
  167 UNKNOWN                  29      15.21      14.75      15.63       0.23
  168 UNKNOWN                  29       8.09       7.46       8.68       0.26
  169 UNKNOWN                  29      15.13      14.61      15.88       0.32
  170 UNKNOWN                  29      42.12      41.31      43.73       0.63
  171 UNKNOWN                  29      24.47      23.94      24.99       0.27
  172 UNKNOWN                  29       5.08       4.37       6.28       0.49
  173 UNKNOWN                  29      13.85      13.12      14.40       0.33
  174 UNKNOWN                  29       9.91       9.52      10.47       0.23
  175 UNKNOWN                  29      12.38      11.74      13.29       0.37
  176 UNKNOWN                  29      15.31      14.84      15.87       0.31
  177 UNKNOWN                  29       7.98       7.42       8.48       0.28
  178 UNKNOWN                  29      15.27      14.79      15.96       0.26
  179 UNKNOWN                  29      41.86      40.65      45.20       1.00
  180 UNKNOWN                  29      24.68      23.13      26.24       0.62
  181 UNKNOWN                  29       5.06       4.16       7.94       0.73
  182 UNKNOWN                  29      14.04      13.40      14.83       0.37
  183 UNKNOWN                  29       9.89       9.52      11.20       0.30
  184 UNKNOWN                  29      12.38      11.37      13.21       0.48
  185 UNKNOWN                  29      15.06      14.48      15.67       0.32
  186 UNKNOWN                  29       8.20       7.42       8.68       0.31
  187 UNKNOWN                  29      15.38      14.62      17.28       0.55
  188 UNKNOWN                  29      41.55      40.00      43.54       0.73
  189 UNKNOWN                  29      24.50      22.32      26.12       0.76
  190 UNKNOWN                  29       4.62       4.21       5.03       0.22
  191 UNKNOWN                  29      13.73      12.92      14.33       0.33
  192 UNKNOWN                  29       9.65       9.13      10.05       0.20
  193 UNKNOWN                  29      12.51      11.75      13.28       0.43
  194 UNKNOWN                  29      14.98      14.56      15.40       0.21
  195 UNKNOWN                  29       8.11       7.64       8.52       0.25
  196 UNKNOWN                  29      15.43      15.00      16.22       0.28
  197 UNKNOWN                  29      41.44      40.50      43.07       0.50
  198 UNKNOWN                  29      24.38      23.51      25.08       0.34
  199 UNKNOWN                  29       4.98       4.32       6.75       0.53
  200 UNKNOWN                  29      13.95      13.33      14.62       0.29
  201 UNKNOWN                  29       9.80       9.42      10.26       0.23
  202 UNKNOWN                  29      12.49      11.99      13.02       0.31
  203 UNKNOWN                  29      15.12      14.56      15.64       0.30
  204 UNKNOWN                  29       7.95       7.45       8.73       0.32
  205 UNKNOWN                  29      15.21      14.79      15.89       0.32
  206 UNKNOWN                  29      43.99      41.15      46.00       1.24
  207 UNKNOWN                  29      24.21      23.56      26.16       0.47
  208 UNKNOWN                  29       5.09       4.36       6.77       0.54
  209 UNKNOWN                  29      13.86      13.39      14.32       0.26
  210 UNKNOWN                  29       9.96       9.56      10.42       0.19
  211 UNKNOWN                  29      12.64      11.84      13.56       0.46
  212 UNKNOWN                  29      15.02      14.47      15.42       0.25
  213 UNKNOWN                  29       8.02       7.37       8.49       0.28
  214 UNKNOWN                  29      15.35      14.68      16.24       0.30
  215 UNKNOWN                  29      41.48      40.65      43.96       0.72
  216 UNKNOWN                  29      24.38      22.06      25.36       0.50
  217 UNKNOWN                  29       4.87       4.28       6.23       0.55
  218 UNKNOWN                  29      13.92      13.34      14.44       0.24
  219 UNKNOWN                  29       9.72       9.44      10.32       0.17
  220 UNKNOWN                  29      12.22      11.64      13.13       0.41
  221 UNKNOWN                  29      14.95      14.53      15.44       0.22
  222 UNKNOWN                  29       8.13       7.54       8.64       0.27
  223 UNKNOWN                  29      15.25      14.72      16.24       0.34
  224 UNKNOWN                  29      41.15      40.37      42.32       0.50
  225 UNKNOWN                  29      24.42      23.14      24.99       0.37
  226 UNKNOWN                  29       4.68       4.25       5.32       0.22
  227 UNKNOWN                  29      13.84      13.08      14.22       0.27
  228 UNKNOWN                  29       9.63       9.33       9.99       0.18
  229 UNKNOWN                  29      12.57      11.51      13.31       0.50
  230 UNKNOWN                  29      14.97      14.36      15.52       0.24
  231 UNKNOWN                  29       8.14       7.60       8.65       0.23
  232 UNKNOWN                  29      15.18      14.70      15.62       0.25
  233 UNKNOWN                  29      41.57      40.71      43.30       0.59
  234 UNKNOWN                  29      24.41      22.56      24.91       0.44
  235 UNKNOWN                  29       4.56       4.14       5.20       0.23
  236 UNKNOWN                  29      13.77      13.17      14.43       0.26
  237 UNKNOWN                  29       9.90       9.54      10.21       0.19
  238 UNKNOWN                  29      12.47      12.02      13.07       0.30
  239 UNKNOWN                  29      14.85      14.43      15.38       0.26
  240 UNKNOWN                  29       8.26       7.56       8.64       0.31
  241 UNKNOWN                  29      15.14      14.65      15.81       0.29
  242 UNKNOWN                  29      41.78      41.03      44.43       0.66
  243 UNKNOWN                  29      24.33      23.38      24.90       0.36
  244 UNKNOWN                  29       4.96       4.24       7.02       0.78
  245 UNKNOWN                  28       2.91       0.01      74.58      13.80
  246 UNKNOWN                  25       0.30       0.02       1.44       0.30
  247 UNKNOWN                  25       6.29       0.01      76.28      20.33
  248 UNKNOWN                  28       2.81       0.01      72.69      13.45
  249 UNKNOWN                  24       6.21       0.01      74.48      20.07
  250 UNKNOWN                  25       0.20       0.02       1.04       0.22
  251 UNKNOWN                  27       3.05       0.02      74.80      14.07
  252 UNKNOWN                  26       3.25       0.01      76.17      14.59
  253 UNKNOWN                  21       3.86       0.03      74.24      15.74
  254 UNKNOWN                  23       0.23       0.02       0.68       0.18
  255 UNKNOWN                  26       3.08       0.01      74.75      14.34
  256 UNKNOWN                  28       2.90       0.01      75.45      13.96
  257 UNKNOWN                  26       0.40       0.01       1.53       0.39
  258 UNKNOWN                  27       3.12       0.01      75.01      14.10
  259 UNKNOWN                  26       8.74       0.02      74.90      23.42
  260 UNKNOWN                  25       9.21       0.02      76.26      24.42
  261 UNKNOWN                  27       2.92       0.01      73.18      13.78
  262 UNKNOWN                  26       3.11       0.02      73.25      14.03
  263 UNKNOWN                  26       0.25       0.03       0.78       0.22
  264 UNKNOWN                  24       6.48       0.02      76.12      20.74
  265 UNKNOWN                  21       3.94       0.04      74.82      15.85
  266 UNKNOWN                  22       0.22       0.01       1.20       0.26
  267 UNKNOWN                  22      10.35       0.01      75.95      25.47
  268 UNKNOWN                  22       3.61       0.01      73.42      15.24
  269 UNKNOWN                  28       2.88       0.01      72.01      13.31
  270 UNKNOWN                  26       0.28       0.01       1.04       0.27
  271 UNKNOWN                  26       0.37       0.01       2.25       0.43
  272 UNKNOWN                  25       0.28       0.01       1.41       0.35
  273 UNKNOWN                  24       0.41       0.04       1.66       0.38
  274 UNKNOWN                  27       0.31       0.04       1.51       0.32
  275 UNKNOWN                  28       0.31       0.01       0.84       0.28
  276 UNKNOWN                  27       0.28       0.02       1.02       0.27
  277 UNKNOWN                  26       3.10       0.01      74.09      14.20
  278 UNKNOWN                  26       0.30       0.01       0.92       0.26
  279 UNKNOWN                  26       0.37       0.01       2.56       0.50
  280 UNKNOWN                  25       0.27       0.01       0.96       0.23
  281 UNKNOWN                  26       0.31       0.02       1.09       0.27
  282 UNKNOWN                  26       2.60       0.03      27.88       6.87
  283 UNKNOWN                  27       1.64       0.01      30.12       5.60
  284 UNKNOWN                  28       6.35       0.03      29.20      11.10
  285 UNKNOWN                  27       1.33       0.01      28.82       5.40
  286 UNKNOWN                  26       1.49       0.03      28.50       5.41
  287 UNKNOWN                  28       2.48       0.03      28.08       6.96
  288 UNKNOWN                  28       6.37       0.04      28.47      11.24
  289 UNKNOWN                  26       1.34       0.01      26.57       5.05
  290 UNKNOWN                  26       0.42       0.02       1.69       0.38
  291 UNKNOWN                  27       0.64       0.08       2.64       0.64
  292 UNKNOWN                  27       1.49       0.01      27.20       5.06
  293 UNKNOWN                  27       6.42       0.01      29.56      11.39
  294 UNKNOWN                  25       2.76       0.04      29.28       7.70
  295 UNKNOWN                  29       5.80       5.36       6.19       0.24
  296 UNKNOWN                  29       5.51       5.08       5.86       0.18

================================================================================
PER-TYPE SUMMARY (sum of avg durations across all events)
================================================================================
TaskType             Events    Total(us)  Total(ms)        %
----------------------------------------------------------
UNKNOWN                 296       4334.1      4.334   100.0%
TOTAL                             4334.1      4.334

Saved raw event timing to event_timing.json
