[EVENT_TIMING] 608 event firings recorded

================================================================================
PER-EVENT WALL-CLOCK TIMING (barrier-to-barrier)
================================================================================
Event TaskType              Count    Avg(us)    Min(us)    Max(us)    Std(us)
-------------------------------------------------------------------------
    1 UNKNOWN                  30     144.94       8.00     181.04      53.95
    2 UNKNOWN                  31      11.69      10.60      13.64       0.50
    3 UNKNOWN                  31      24.23      23.08      26.00       0.72
    4 UNKNOWN                  31       9.54       9.17      10.25       0.29
    5 UNKNOWN                  31      12.30      11.56      13.56       0.48
    6 UNKNOWN                  31      15.01      14.28      15.64       0.32
    7 UNKNOWN                  31       7.65       7.14       8.14       0.24
    8 UNKNOWN                  31       3.95       3.07       4.78       0.45
    9 UNKNOWN                  31      31.15      30.20      32.19       0.53
   10 UNKNOWN                  31      50.31      49.24      51.68       0.61
   11 UNKNOWN                  31      10.56      10.03      11.36       0.32
   12 UNKNOWN                  31       8.68       8.02      10.98       0.52
   13 UNKNOWN                  31      12.17      11.58      12.95       0.34
   14 UNKNOWN                  31      14.93      14.40      15.30       0.22
   15 UNKNOWN                  31       6.81       6.43       7.32       0.23
   16 UNKNOWN                  31      15.59      13.98      17.34       1.17
   17 UNKNOWN                  31      42.01      38.94      44.66       1.60
   18 UNKNOWN                  31      22.05      20.68      23.68       0.91
   19 UNKNOWN                  31       2.89       2.68       4.04       0.33

================================================================================
PER-TYPE SUMMARY (sum of avg durations across all events)
================================================================================
TaskType             Events    Total(us)  Total(ms)        %
----------------------------------------------------------
UNKNOWN                  19        446.5      0.446   100.0%
TOTAL                              446.5      0.446

Saved raw event timing to event_timing.json
