In file included from ./permanent_output_dir/test.cu:6:
In file included from /home/hotaisle/metalOps/repos/fleet-chiplet-megakernel/python/mirage/../../include/mirage/persistent_kernel/persistent_kernel.cuh:37:
In file included from /home/hotaisle/metalOps/repos/fleet-chiplet-megakernel/python/mirage/../../include/mirage/persistent_kernel/tasks/mi300/task_header.cuh:28:
In file included from /home/hotaisle/metalOps/repos/fleet-chiplet-megakernel/python/mirage/../../include/mirage/persistent_kernel/tasks/mi300/silu_mul_linear_mi300.cuh:19:
In file included from /home/hotaisle/metalOps/repos/fleet-chiplet-megakernel/python/mirage/../../include/mirage/persistent_kernel/tasks/mi300/linear_ck_mi300.cuh:18:
In file included from /home/hotaisle/metalOps/repos/fleet-chiplet-megakernel/python/mirage/../../deps/composable_kernel/include/ck_tile/core.hpp:5:
In file included from /home/hotaisle/metalOps/repos/fleet-chiplet-megakernel/python/mirage/../../deps/composable_kernel/include/ck_tile/core/algorithm/cluster_descriptor.hpp:7:
In file included from /home/hotaisle/metalOps/repos/fleet-chiplet-megakernel/python/mirage/../../deps/composable_kernel/include/ck_tile/core/algorithm/coordinate_transform.hpp:7:
In file included from /home/hotaisle/metalOps/repos/fleet-chiplet-megakernel/python/mirage/../../deps/composable_kernel/include/ck_tile/core/container/multi_index.hpp:7:
In file included from /home/hotaisle/metalOps/repos/fleet-chiplet-megakernel/python/mirage/../../deps/composable_kernel/include/ck_tile/core/container/array.hpp:13:
In file included from /home/hotaisle/metalOps/repos/fleet-chiplet-megakernel/python/mirage/../../deps/composable_kernel/include/ck_tile/core/utility/functional.hpp:9:
In file included from /home/hotaisle/metalOps/repos/fleet-chiplet-megakernel/python/mirage/../../deps/composable_kernel/include/ck_tile/core/container/sequence.hpp:10:
In file included from /home/hotaisle/metalOps/repos/fleet-chiplet-megakernel/python/mirage/../../deps/composable_kernel/include/ck_tile/core/numeric/math.hpp:512:
In file included from /home/hotaisle/metalOps/repos/fleet-chiplet-megakernel/python/mirage/../../deps/composable_kernel/include/ck_tile/core/numeric/type_convert.hpp:74:
/home/hotaisle/metalOps/repos/fleet-chiplet-megakernel/python/mirage/../../deps/composable_kernel/include/ck_tile/core/numeric/pk_fp4.hpp:13:34: warning: unknown warning group '-Wlifetime-safety-intra-tu-suggestions', ignored [-Wunknown-warning-option]
   13 | #pragma clang diagnostic ignored "-Wlifetime-safety-intra-tu-suggestions"
      |                                  ^
In file included from ./permanent_output_dir/test.cu:6:
In file included from /home/hotaisle/metalOps/repos/fleet-chiplet-megakernel/python/mirage/../../include/mirage/persistent_kernel/persistent_kernel.cuh:37:
In file included from /home/hotaisle/metalOps/repos/fleet-chiplet-megakernel/python/mirage/../../include/mirage/persistent_kernel/tasks/mi300/task_header.cuh:28:
In file included from /home/hotaisle/metalOps/repos/fleet-chiplet-megakernel/python/mirage/../../include/mirage/persistent_kernel/tasks/mi300/silu_mul_linear_mi300.cuh:19:
In file included from /home/hotaisle/metalOps/repos/fleet-chiplet-megakernel/python/mirage/../../include/mirage/persistent_kernel/tasks/mi300/linear_ck_mi300.cuh:18:
In file included from /home/hotaisle/metalOps/repos/fleet-chiplet-megakernel/python/mirage/../../deps/composable_kernel/include/ck_tile/core.hpp:5:
In file included from /home/hotaisle/metalOps/repos/fleet-chiplet-megakernel/python/mirage/../../deps/composable_kernel/include/ck_tile/core/algorithm/cluster_descriptor.hpp:7:
In file included from /home/hotaisle/metalOps/repos/fleet-chiplet-megakernel/python/mirage/../../deps/composable_kernel/include/ck_tile/core/algorithm/coordinate_transform.hpp:7:
In file included from /home/hotaisle/metalOps/repos/fleet-chiplet-megakernel/python/mirage/../../deps/composable_kernel/include/ck_tile/core/container/multi_index.hpp:7:
In file included from /home/hotaisle/metalOps/repos/fleet-chiplet-megakernel/python/mirage/../../deps/composable_kernel/include/ck_tile/core/container/array.hpp:13:
/home/hotaisle/metalOps/repos/fleet-chiplet-megakernel/python/mirage/../../deps/composable_kernel/include/ck_tile/core/utility/functional.hpp:14:34: warning: unknown warning group '-Wlifetime-safety-intra-tu-suggestions', ignored [-Wunknown-warning-option]
   14 | #pragma clang diagnostic ignored "-Wlifetime-safety-intra-tu-suggestions"
      |                                  ^
In file included from ./permanent_output_dir/test.cu:6:
In file included from /home/hotaisle/metalOps/repos/fleet-chiplet-megakernel/python/mirage/../../include/mirage/persistent_kernel/persistent_kernel.cuh:37:
In file included from /home/hotaisle/metalOps/repos/fleet-chiplet-megakernel/python/mirage/../../include/mirage/persistent_kernel/tasks/mi300/task_header.cuh:28:
In file included from /home/hotaisle/metalOps/repos/fleet-chiplet-megakernel/python/mirage/../../include/mirage/persistent_kernel/tasks/mi300/silu_mul_linear_mi300.cuh:19:
In file included from /home/hotaisle/metalOps/repos/fleet-chiplet-megakernel/python/mirage/../../include/mirage/persistent_kernel/tasks/mi300/linear_ck_mi300.cuh:18:
In file included from /home/hotaisle/metalOps/repos/fleet-chiplet-megakernel/python/mirage/../../deps/composable_kernel/include/ck_tile/core.hpp:5:
In file included from /home/hotaisle/metalOps/repos/fleet-chiplet-megakernel/python/mirage/../../deps/composable_kernel/include/ck_tile/core/algorithm/cluster_descriptor.hpp:7:
In file included from /home/hotaisle/metalOps/repos/fleet-chiplet-megakernel/python/mirage/../../deps/composable_kernel/include/ck_tile/core/algorithm/coordinate_transform.hpp:7:
In file included from /home/hotaisle/metalOps/repos/fleet-chiplet-megakernel/python/mirage/../../deps/composable_kernel/include/ck_tile/core/container/multi_index.hpp:9:
/home/hotaisle/metalOps/repos/fleet-chiplet-megakernel/python/mirage/../../deps/composable_kernel/include/ck_tile/core/container/tuple.hpp:17:34: warning: unknown warning group '-Wlifetime-safety-intra-tu-suggestions', ignored [-Wunknown-warning-option]
   17 | #pragma clang diagnostic ignored "-Wlifetime-safety-intra-tu-suggestions"
      |                                  ^
In file included from ./permanent_output_dir/test.cu:6:
In file included from /home/hotaisle/metalOps/repos/fleet-chiplet-megakernel/python/mirage/../../include/mirage/persistent_kernel/persistent_kernel.cuh:37:
In file included from /home/hotaisle/metalOps/repos/fleet-chiplet-megakernel/python/mirage/../../include/mirage/persistent_kernel/tasks/mi300/task_header.cuh:28:
In file included from /home/hotaisle/metalOps/repos/fleet-chiplet-megakernel/python/mirage/../../include/mirage/persistent_kernel/tasks/mi300/silu_mul_linear_mi300.cuh:19:
In file included from /home/hotaisle/metalOps/repos/fleet-chiplet-megakernel/python/mirage/../../include/mirage/persistent_kernel/tasks/mi300/linear_ck_mi300.cuh:18:
In file included from /home/hotaisle/metalOps/repos/fleet-chiplet-megakernel/python/mirage/../../deps/composable_kernel/include/ck_tile/core.hpp:5:
In file included from /home/hotaisle/metalOps/repos/fleet-chiplet-megakernel/python/mirage/../../deps/composable_kernel/include/ck_tile/core/algorithm/cluster_descriptor.hpp:7:
In file included from /home/hotaisle/metalOps/repos/fleet-chiplet-megakernel/python/mirage/../../deps/composable_kernel/include/ck_tile/core/algorithm/coordinate_transform.hpp:8:
In file included from /home/hotaisle/metalOps/repos/fleet-chiplet-megakernel/python/mirage/../../deps/composable_kernel/include/ck_tile/core/container/container_helper.hpp:8:
/home/hotaisle/metalOps/repos/fleet-chiplet-megakernel/python/mirage/../../deps/composable_kernel/include/ck_tile/core/container/map.hpp:12:34: warning: unknown warning group '-Wlifetime-safety-intra-tu-suggestions', ignored [-Wunknown-warning-option]
   12 | #pragma clang diagnostic ignored "-Wlifetime-safety-intra-tu-suggestions"
      |                                  ^
In file included from ./permanent_output_dir/test.cu:6:
In file included from /home/hotaisle/metalOps/repos/fleet-chiplet-megakernel/python/mirage/../../include/mirage/persistent_kernel/persistent_kernel.cuh:37:
In file included from /home/hotaisle/metalOps/repos/fleet-chiplet-megakernel/python/mirage/../../include/mirage/persistent_kernel/tasks/mi300/task_header.cuh:28:
In file included from /home/hotaisle/metalOps/repos/fleet-chiplet-megakernel/python/mirage/../../include/mirage/persistent_kernel/tasks/mi300/silu_mul_linear_mi300.cuh:19:
In file included from /home/hotaisle/metalOps/repos/fleet-chiplet-megakernel/python/mirage/../../include/mirage/persistent_kernel/tasks/mi300/linear_ck_mi300.cuh:18:
In file included from /home/hotaisle/metalOps/repos/fleet-chiplet-megakernel/python/mirage/../../deps/composable_kernel/include/ck_tile/core.hpp:5:
In file included from /home/hotaisle/metalOps/repos/fleet-chiplet-megakernel/python/mirage/../../deps/composable_kernel/include/ck_tile/core/algorithm/cluster_descriptor.hpp:7:
/home/hotaisle/metalOps/repos/fleet-chiplet-megakernel/python/mirage/../../deps/composable_kernel/include/ck_tile/core/algorithm/coordinate_transform.hpp:15:34: warning: unknown warning group '-Wlifetime-safety-intra-tu-suggestions', ignored [-Wunknown-warning-option]
   15 | #pragma clang diagnostic ignored "-Wlifetime-safety-intra-tu-suggestions"
      |                                  ^
In file included from ./permanent_output_dir/test.cu:6:
In file included from /home/hotaisle/metalOps/repos/fleet-chiplet-megakernel/python/mirage/../../include/mirage/persistent_kernel/persistent_kernel.cuh:37:
In file included from /home/hotaisle/metalOps/repos/fleet-chiplet-megakernel/python/mirage/../../include/mirage/persistent_kernel/tasks/mi300/task_header.cuh:28:
In file included from /home/hotaisle/metalOps/repos/fleet-chiplet-megakernel/python/mirage/../../include/mirage/persistent_kernel/tasks/mi300/silu_mul_linear_mi300.cuh:19:
In file included from /home/hotaisle/metalOps/repos/fleet-chiplet-megakernel/python/mirage/../../include/mirage/persistent_kernel/tasks/mi300/linear_ck_mi300.cuh:18:
In file included from /home/hotaisle/metalOps/repos/fleet-chiplet-megakernel/python/mirage/../../deps/composable_kernel/include/ck_tile/core.hpp:5:
In file included from /home/hotaisle/metalOps/repos/fleet-chiplet-megakernel/python/mirage/../../deps/composable_kernel/include/ck_tile/core/algorithm/cluster_descriptor.hpp:8:
/home/hotaisle/metalOps/repos/fleet-chiplet-megakernel/python/mirage/../../deps/composable_kernel/include/ck_tile/core/tensor/tensor_adaptor.hpp:16:34: warning: unknown warning group '-Wlifetime-safety-intra-tu-suggestions', ignored [-Wunknown-warning-option]
   16 | #pragma clang diagnostic ignored "-Wlifetime-safety-intra-tu-suggestions"
      |                                  ^
In file included from ./permanent_output_dir/test.cu:6:
In file included from /home/hotaisle/metalOps/repos/fleet-chiplet-megakernel/python/mirage/../../include/mirage/persistent_kernel/persistent_kernel.cuh:37:
In file included from /home/hotaisle/metalOps/repos/fleet-chiplet-megakernel/python/mirage/../../include/mirage/persistent_kernel/tasks/mi300/task_header.cuh:28:
In file included from /home/hotaisle/metalOps/repos/fleet-chiplet-megakernel/python/mirage/../../include/mirage/persistent_kernel/tasks/mi300/silu_mul_linear_mi300.cuh:19:
In file included from /home/hotaisle/metalOps/repos/fleet-chiplet-megakernel/python/mirage/../../include/mirage/persistent_kernel/tasks/mi300/linear_ck_mi300.cuh:18:
In file included from /home/hotaisle/metalOps/repos/fleet-chiplet-megakernel/python/mirage/../../deps/composable_kernel/include/ck_tile/core.hpp:9:
In file included from /home/hotaisle/metalOps/repos/fleet-chiplet-megakernel/python/mirage/../../deps/composable_kernel/include/ck_tile/core/algorithm/static_encoding_pattern.hpp:73:
In file included from /home/hotaisle/metalOps/repos/fleet-chiplet-megakernel/python/mirage/../../deps/composable_kernel/include/ck_tile/core/arch/arch.hpp:13:
In file included from /home/hotaisle/metalOps/repos/fleet-chiplet-megakernel/python/mirage/../../deps/composable_kernel/include/ck_tile/core/arch/amd_buffer_addressing_builtins.hpp:12:
In file included from /home/hotaisle/metalOps/repos/fleet-chiplet-megakernel/python/mirage/../../deps/composable_kernel/include/ck_tile/core/numeric/vector_type.hpp:15:
/home/hotaisle/metalOps/repos/fleet-chiplet-megakernel/python/mirage/../../deps/composable_kernel/include/ck_tile/core/numeric/e8m0.hpp:10:34: warning: unknown warning group '-Wlifetime-safety-intra-tu-suggestions', ignored [-Wunknown-warning-option]
   10 | #pragma clang diagnostic ignored "-Wlifetime-safety-intra-tu-suggestions"
      |                                  ^
In file included from ./permanent_output_dir/test.cu:6:
In file included from /home/hotaisle/metalOps/repos/fleet-chiplet-megakernel/python/mirage/../../include/mirage/persistent_kernel/persistent_kernel.cuh:37:
In file included from /home/hotaisle/metalOps/repos/fleet-chiplet-megakernel/python/mirage/../../include/mirage/persistent_kernel/tasks/mi300/task_header.cuh:28:
In file included from /home/hotaisle/metalOps/repos/fleet-chiplet-megakernel/python/mirage/../../include/mirage/persistent_kernel/tasks/mi300/silu_mul_linear_mi300.cuh:19:
In file included from /home/hotaisle/metalOps/repos/fleet-chiplet-megakernel/python/mirage/../../include/mirage/persistent_kernel/tasks/mi300/linear_ck_mi300.cuh:18:
In file included from /home/hotaisle/metalOps/repos/fleet-chiplet-megakernel/python/mirage/../../deps/composable_kernel/include/ck_tile/core.hpp:9:
In file included from /home/hotaisle/metalOps/repos/fleet-chiplet-megakernel/python/mirage/../../deps/composable_kernel/include/ck_tile/core/algorithm/static_encoding_pattern.hpp:78:
In file included from /home/hotaisle/metalOps/repos/fleet-chiplet-megakernel/python/mirage/../../deps/composable_kernel/include/ck_tile/core/tensor/tile_distribution.hpp:14:
In file included from /home/hotaisle/metalOps/repos/fleet-chiplet-megakernel/python/mirage/../../deps/composable_kernel/include/ck_tile/core/tensor/tile_distribution_encoding.hpp:11:
/home/hotaisle/metalOps/repos/fleet-chiplet-megakernel/python/mirage/../../deps/composable_kernel/include/ck_tile/core/tensor/tensor_adaptor_coordinate.hpp:18:34: warning: unknown warning group '-Wlifetime-safety-intra-tu-suggestions', ignored [-Wunknown-warning-option]
   18 | #pragma clang diagnostic ignored "-Wlifetime-safety-intra-tu-suggestions"
      |                                  ^
In file included from ./permanent_output_dir/test.cu:6:
In file included from /home/hotaisle/metalOps/repos/fleet-chiplet-megakernel/python/mirage/../../include/mirage/persistent_kernel/persistent_kernel.cuh:37:
In file included from /home/hotaisle/metalOps/repos/fleet-chiplet-megakernel/python/mirage/../../include/mirage/persistent_kernel/tasks/mi300/task_header.cuh:28:
In file included from /home/hotaisle/metalOps/repos/fleet-chiplet-megakernel/python/mirage/../../include/mirage/persistent_kernel/tasks/mi300/silu_mul_linear_mi300.cuh:19:
In file included from /home/hotaisle/metalOps/repos/fleet-chiplet-megakernel/python/mirage/../../include/mirage/persistent_kernel/tasks/mi300/linear_ck_mi300.cuh:18:
In file included from /home/hotaisle/metalOps/repos/fleet-chiplet-megakernel/python/mirage/../../deps/composable_kernel/include/ck_tile/core.hpp:9:
In file included from /home/hotaisle/metalOps/repos/fleet-chiplet-megakernel/python/mirage/../../deps/composable_kernel/include/ck_tile/core/algorithm/static_encoding_pattern.hpp:78:
/home/hotaisle/metalOps/repos/fleet-chiplet-megakernel/python/mirage/../../deps/composable_kernel/include/ck_tile/core/tensor/tile_distribution.hpp:19:34: warning: unknown warning group '-Wlifetime-safety-intra-tu-suggestions', ignored [-Wunknown-warning-option]
   19 | #pragma clang diagnostic ignored "-Wlifetime-safety-intra-tu-suggestions"
      |                                  ^
In file included from ./permanent_output_dir/test.cu:6:
In file included from /home/hotaisle/metalOps/repos/fleet-chiplet-megakernel/python/mirage/../../include/mirage/persistent_kernel/persistent_kernel.cuh:37:
In file included from /home/hotaisle/metalOps/repos/fleet-chiplet-megakernel/python/mirage/../../include/mirage/persistent_kernel/tasks/mi300/task_header.cuh:28:
In file included from /home/hotaisle/metalOps/repos/fleet-chiplet-megakernel/python/mirage/../../include/mirage/persistent_kernel/tasks/mi300/silu_mul_linear_mi300.cuh:19:
In file included from /home/hotaisle/metalOps/repos/fleet-chiplet-megakernel/python/mirage/../../include/mirage/persistent_kernel/tasks/mi300/linear_ck_mi300.cuh:18:
In file included from /home/hotaisle/metalOps/repos/fleet-chiplet-megakernel/python/mirage/../../deps/composable_kernel/include/ck_tile/core.hpp:16:
/home/hotaisle/metalOps/repos/fleet-chiplet-megakernel/python/mirage/../../deps/composable_kernel/include/ck_tile/core/arch/mma/amdgcn_mma.hpp:13:34: warning: unknown warning group '-Wlifetime-safety-intra-tu-suggestions', ignored [-Wunknown-warning-option]
   13 | #pragma clang diagnostic ignored "-Wlifetime-safety-intra-tu-suggestions"
      |                                  ^
In file included from ./permanent_output_dir/test.cu:6:
In file included from /home/hotaisle/metalOps/repos/fleet-chiplet-megakernel/python/mirage/../../include/mirage/persistent_kernel/persistent_kernel.cuh:37:
In file included from /home/hotaisle/metalOps/repos/fleet-chiplet-megakernel/python/mirage/../../include/mirage/persistent_kernel/tasks/mi300/task_header.cuh:28:
In file included from /home/hotaisle/metalOps/repos/fleet-chiplet-megakernel/python/mirage/../../include/mirage/persistent_kernel/tasks/mi300/silu_mul_linear_mi300.cuh:19:
In file included from /home/hotaisle/metalOps/repos/fleet-chiplet-megakernel/python/mirage/../../include/mirage/persistent_kernel/tasks/mi300/linear_ck_mi300.cuh:18:
In file included from /home/hotaisle/metalOps/repos/fleet-chiplet-megakernel/python/mirage/../../deps/composable_kernel/include/ck_tile/core.hpp:16:
In file included from /home/hotaisle/metalOps/repos/fleet-chiplet-megakernel/python/mirage/../../deps/composable_kernel/include/ck_tile/core/arch/mma/amdgcn_mma.hpp:128:
In file included from /home/hotaisle/metalOps/repos/fleet-chiplet-megakernel/python/mirage/../../deps/composable_kernel/include/ck_tile/core/arch/mma/sparse/sparse.hpp:65:
In file included from /home/hotaisle/metalOps/repos/fleet-chiplet-megakernel/python/mirage/../../deps/composable_kernel/include/ck_tile/core/arch/mma/sparse/mfma/sparse_gfx9.hpp:9:
In file included from /home/hotaisle/metalOps/repos/fleet-chiplet-megakernel/python/mirage/../../deps/composable_kernel/include/ck_tile/ops/gemm/warp/warp_gemm_smfmac_impl.hpp:8:
/home/hotaisle/metalOps/repos/fleet-chiplet-megakernel/python/mirage/../../deps/composable_kernel/include/ck_tile/core/tensor/static_distributed_tensor.hpp:18:34: warning: unknown warning group '-Wlifetime-safety-intra-tu-suggestions', ignored [-Wunknown-warning-option]
   18 | #pragma clang diagnostic ignored "-Wlifetime-safety-intra-tu-suggestions"
      |                                  ^
In file included from ./permanent_output_dir/test.cu:6:
In file included from /home/hotaisle/metalOps/repos/fleet-chiplet-megakernel/python/mirage/../../include/mirage/persistent_kernel/persistent_kernel.cuh:37:
In file included from /home/hotaisle/metalOps/repos/fleet-chiplet-megakernel/python/mirage/../../include/mirage/persistent_kernel/tasks/mi300/task_header.cuh:28:
In file included from /home/hotaisle/metalOps/repos/fleet-chiplet-megakernel/python/mirage/../../include/mirage/persistent_kernel/tasks/mi300/silu_mul_linear_mi300.cuh:19:
In file included from /home/hotaisle/metalOps/repos/fleet-chiplet-megakernel/python/mirage/../../include/mirage/persistent_kernel/tasks/mi300/linear_ck_mi300.cuh:18:
In file included from /home/hotaisle/metalOps/repos/fleet-chiplet-megakernel/python/mirage/../../deps/composable_kernel/include/ck_tile/core.hpp:64:
In file included from /home/hotaisle/metalOps/repos/fleet-chiplet-megakernel/python/mirage/../../deps/composable_kernel/include/ck_tile/core/tensor/load_tile.hpp:12:
In file included from /home/hotaisle/metalOps/repos/fleet-chiplet-megakernel/python/mirage/../../deps/composable_kernel/include/ck_tile/core/tensor/tile_window.hpp:15:
/home/hotaisle/metalOps/repos/fleet-chiplet-megakernel/python/mirage/../../deps/composable_kernel/include/ck_tile/core/tensor/tensor_view.hpp:18:34: warning: unknown warning group '-Wlifetime-safety-intra-tu-suggestions', ignored [-Wunknown-warning-option]
   18 | #pragma clang diagnostic ignored "-Wlifetime-safety-intra-tu-suggestions"
      |                                  ^
In file included from ./permanent_output_dir/test.cu:6:
In file included from /home/hotaisle/metalOps/repos/fleet-chiplet-megakernel/python/mirage/../../include/mirage/persistent_kernel/persistent_kernel.cuh:37:
In file included from /home/hotaisle/metalOps/repos/fleet-chiplet-megakernel/python/mirage/../../include/mirage/persistent_kernel/tasks/mi300/task_header.cuh:28:
In file included from /home/hotaisle/metalOps/repos/fleet-chiplet-megakernel/python/mirage/../../include/mirage/persistent_kernel/tasks/mi300/silu_mul_linear_mi300.cuh:19:
In file included from /home/hotaisle/metalOps/repos/fleet-chiplet-megakernel/python/mirage/../../include/mirage/persistent_kernel/tasks/mi300/linear_ck_mi300.cuh:18:
In file included from /home/hotaisle/metalOps/repos/fleet-chiplet-megakernel/python/mirage/../../deps/composable_kernel/include/ck_tile/core.hpp:90:
/home/hotaisle/metalOps/repos/fleet-chiplet-megakernel/python/mirage/../../deps/composable_kernel/include/ck_tile/core/utility/env.hpp:10:34: warning: unknown warning group '-Wlifetime-safety-intra-tu-suggestions', ignored [-Wunknown-warning-option]
   10 | #pragma clang diagnostic ignored "-Wlifetime-safety-intra-tu-suggestions"
      |                                  ^
In file included from ./permanent_output_dir/test.cu:6:
In file included from /home/hotaisle/metalOps/repos/fleet-chiplet-megakernel/python/mirage/../../include/mirage/persistent_kernel/persistent_kernel.cuh:37:
In file included from /home/hotaisle/metalOps/repos/fleet-chiplet-megakernel/python/mirage/../../include/mirage/persistent_kernel/tasks/mi300/task_header.cuh:28:
In file included from /home/hotaisle/metalOps/repos/fleet-chiplet-megakernel/python/mirage/../../include/mirage/persistent_kernel/tasks/mi300/silu_mul_linear_mi300.cuh:19:
In file included from /home/hotaisle/metalOps/repos/fleet-chiplet-megakernel/python/mirage/../../include/mirage/persistent_kernel/tasks/mi300/linear_ck_mi300.cuh:19:
In file included from /home/hotaisle/metalOps/repos/fleet-chiplet-megakernel/python/mirage/../../deps/composable_kernel/include/ck_tile/ops/gemm.hpp:38:
In file included from /home/hotaisle/metalOps/repos/fleet-chiplet-megakernel/python/mirage/../../deps/composable_kernel/include/ck_tile/ops/gemm/kernel/grouped_gemm_kernel.hpp:13:
In file included from /home/hotaisle/metalOps/repos/fleet-chiplet-megakernel/python/mirage/../../deps/composable_kernel/include/ck_tile/host.hpp:5:
/home/hotaisle/metalOps/repos/fleet-chiplet-megakernel/python/mirage/../../deps/composable_kernel/include/ck_tile/host/arg_parser.hpp:17:34: warning: unknown warning group '-Wlifetime-safety-intra-tu-suggestions', ignored [-Wunknown-warning-option]
   17 | #pragma clang diagnostic ignored "-Wlifetime-safety-intra-tu-suggestions"
      |                                  ^
In file included from ./permanent_output_dir/test.cu:6:
In file included from /home/hotaisle/metalOps/repos/fleet-chiplet-megakernel/python/mirage/../../include/mirage/persistent_kernel/persistent_kernel.cuh:37:
In file included from /home/hotaisle/metalOps/repos/fleet-chiplet-megakernel/python/mirage/../../include/mirage/persistent_kernel/tasks/mi300/task_header.cuh:28:
In file included from /home/hotaisle/metalOps/repos/fleet-chiplet-megakernel/python/mirage/../../include/mirage/persistent_kernel/tasks/mi300/silu_mul_linear_mi300.cuh:19:
In file included from /home/hotaisle/metalOps/repos/fleet-chiplet-megakernel/python/mirage/../../include/mirage/persistent_kernel/tasks/mi300/linear_ck_mi300.cuh:19:
In file included from /home/hotaisle/metalOps/repos/fleet-chiplet-megakernel/python/mirage/../../deps/composable_kernel/include/ck_tile/ops/gemm.hpp:38:
In file included from /home/hotaisle/metalOps/repos/fleet-chiplet-megakernel/python/mirage/../../deps/composable_kernel/include/ck_tile/ops/gemm/kernel/grouped_gemm_kernel.hpp:13:
In file included from /home/hotaisle/metalOps/repos/fleet-chiplet-megakernel/python/mirage/../../deps/composable_kernel/include/ck_tile/host.hpp:8:
In file included from /home/hotaisle/metalOps/repos/fleet-chiplet-megakernel/python/mirage/../../deps/composable_kernel/include/ck_tile/host/convolution_host_tensor_descriptor_helper.hpp:8:
/home/hotaisle/metalOps/repos/fleet-chiplet-megakernel/python/mirage/../../deps/composable_kernel/include/ck_tile/host/host_tensor.hpp:21:34: warning: unknown warning group '-Wlifetime-safety-intra-tu-suggestions', ignored [-Wunknown-warning-option]
   21 | #pragma clang diagnostic ignored "-Wlifetime-safety-intra-tu-suggestions"
      |                                  ^
15 warnings generated when compiling for gfx942.
In file included from ./permanent_output_dir/test.cu:6:
In file included from /home/hotaisle/metalOps/repos/fleet-chiplet-megakernel/python/mirage/../../include/mirage/persistent_kernel/persistent_kernel.cuh:37:
In file included from /home/hotaisle/metalOps/repos/fleet-chiplet-megakernel/python/mirage/../../include/mirage/persistent_kernel/tasks/mi300/task_header.cuh:28:
In file included from /home/hotaisle/metalOps/repos/fleet-chiplet-megakernel/python/mirage/../../include/mirage/persistent_kernel/tasks/mi300/silu_mul_linear_mi300.cuh:19:
In file included from /home/hotaisle/metalOps/repos/fleet-chiplet-megakernel/python/mirage/../../include/mirage/persistent_kernel/tasks/mi300/linear_ck_mi300.cuh:18:
In file included from /home/hotaisle/metalOps/repos/fleet-chiplet-megakernel/python/mirage/../../deps/composable_kernel/include/ck_tile/core.hpp:5:
In file included from /home/hotaisle/metalOps/repos/fleet-chiplet-megakernel/python/mirage/../../deps/composable_kernel/include/ck_tile/core/algorithm/cluster_descriptor.hpp:7:
In file included from /home/hotaisle/metalOps/repos/fleet-chiplet-megakernel/python/mirage/../../deps/composable_kernel/include/ck_tile/core/algorithm/coordinate_transform.hpp:7:
In file included from /home/hotaisle/metalOps/repos/fleet-chiplet-megakernel/python/mirage/../../deps/composable_kernel/include/ck_tile/core/container/multi_index.hpp:7:
In file included from /home/hotaisle/metalOps/repos/fleet-chiplet-megakernel/python/mirage/../../deps/composable_kernel/include/ck_tile/core/container/array.hpp:13:
In file included from /home/hotaisle/metalOps/repos/fleet-chiplet-megakernel/python/mirage/../../deps/composable_kernel/include/ck_tile/core/utility/functional.hpp:9:
In file included from /home/hotaisle/metalOps/repos/fleet-chiplet-megakernel/python/mirage/../../deps/composable_kernel/include/ck_tile/core/container/sequence.hpp:10:
In file included from /home/hotaisle/metalOps/repos/fleet-chiplet-megakernel/python/mirage/../../deps/composable_kernel/include/ck_tile/core/numeric/math.hpp:512:
In file included from /home/hotaisle/metalOps/repos/fleet-chiplet-megakernel/python/mirage/../../deps/composable_kernel/include/ck_tile/core/numeric/type_convert.hpp:74:
/home/hotaisle/metalOps/repos/fleet-chiplet-megakernel/python/mirage/../../deps/composable_kernel/include/ck_tile/core/numeric/pk_fp4.hpp:13:34: warning: unknown warning group '-Wlifetime-safety-intra-tu-suggestions', ignored [-Wunknown-warning-option]
   13 | #pragma clang diagnostic ignored "-Wlifetime-safety-intra-tu-suggestions"
      |                                  ^
In file included from ./permanent_output_dir/test.cu:6:
In file included from /home/hotaisle/metalOps/repos/fleet-chiplet-megakernel/python/mirage/../../include/mirage/persistent_kernel/persistent_kernel.cuh:37:
In file included from /home/hotaisle/metalOps/repos/fleet-chiplet-megakernel/python/mirage/../../include/mirage/persistent_kernel/tasks/mi300/task_header.cuh:28:
In file included from /home/hotaisle/metalOps/repos/fleet-chiplet-megakernel/python/mirage/../../include/mirage/persistent_kernel/tasks/mi300/silu_mul_linear_mi300.cuh:19:
In file included from /home/hotaisle/metalOps/repos/fleet-chiplet-megakernel/python/mirage/../../include/mirage/persistent_kernel/tasks/mi300/linear_ck_mi300.cuh:18:
In file included from /home/hotaisle/metalOps/repos/fleet-chiplet-megakernel/python/mirage/../../deps/composable_kernel/include/ck_tile/core.hpp:5:
In file included from /home/hotaisle/metalOps/repos/fleet-chiplet-megakernel/python/mirage/../../deps/composable_kernel/include/ck_tile/core/algorithm/cluster_descriptor.hpp:7:
In file included from /home/hotaisle/metalOps/repos/fleet-chiplet-megakernel/python/mirage/../../deps/composable_kernel/include/ck_tile/core/algorithm/coordinate_transform.hpp:7:
In file included from /home/hotaisle/metalOps/repos/fleet-chiplet-megakernel/python/mirage/../../deps/composable_kernel/include/ck_tile/core/container/multi_index.hpp:7:
In file included from /home/hotaisle/metalOps/repos/fleet-chiplet-megakernel/python/mirage/../../deps/composable_kernel/include/ck_tile/core/container/array.hpp:13:
/home/hotaisle/metalOps/repos/fleet-chiplet-megakernel/python/mirage/../../deps/composable_kernel/include/ck_tile/core/utility/functional.hpp:14:34: warning: unknown warning group '-Wlifetime-safety-intra-tu-suggestions', ignored [-Wunknown-warning-option]
   14 | #pragma clang diagnostic ignored "-Wlifetime-safety-intra-tu-suggestions"
      |                                  ^
In file included from ./permanent_output_dir/test.cu:6:
In file included from /home/hotaisle/metalOps/repos/fleet-chiplet-megakernel/python/mirage/../../include/mirage/persistent_kernel/persistent_kernel.cuh:37:
In file included from /home/hotaisle/metalOps/repos/fleet-chiplet-megakernel/python/mirage/../../include/mirage/persistent_kernel/tasks/mi300/task_header.cuh:28:
In file included from /home/hotaisle/metalOps/repos/fleet-chiplet-megakernel/python/mirage/../../include/mirage/persistent_kernel/tasks/mi300/silu_mul_linear_mi300.cuh:19:
In file included from /home/hotaisle/metalOps/repos/fleet-chiplet-megakernel/python/mirage/../../include/mirage/persistent_kernel/tasks/mi300/linear_ck_mi300.cuh:18:
In file included from /home/hotaisle/metalOps/repos/fleet-chiplet-megakernel/python/mirage/../../deps/composable_kernel/include/ck_tile/core.hpp:5:
In file included from /home/hotaisle/metalOps/repos/fleet-chiplet-megakernel/python/mirage/../../deps/composable_kernel/include/ck_tile/core/algorithm/cluster_descriptor.hpp:7:
In file included from /home/hotaisle/metalOps/repos/fleet-chiplet-megakernel/python/mirage/../../deps/composable_kernel/include/ck_tile/core/algorithm/coordinate_transform.hpp:7:
In file included from /home/hotaisle/metalOps/repos/fleet-chiplet-megakernel/python/mirage/../../deps/composable_kernel/include/ck_tile/core/container/multi_index.hpp:9:
/home/hotaisle/metalOps/repos/fleet-chiplet-megakernel/python/mirage/../../deps/composable_kernel/include/ck_tile/core/container/tuple.hpp:17:34: warning: unknown warning group '-Wlifetime-safety-intra-tu-suggestions', ignored [-Wunknown-warning-option]
   17 | #pragma clang diagnostic ignored "-Wlifetime-safety-intra-tu-suggestions"
      |                                  ^
In file included from ./permanent_output_dir/test.cu:6:
In file included from /home/hotaisle/metalOps/repos/fleet-chiplet-megakernel/python/mirage/../../include/mirage/persistent_kernel/persistent_kernel.cuh:37:
In file included from /home/hotaisle/metalOps/repos/fleet-chiplet-megakernel/python/mirage/../../include/mirage/persistent_kernel/tasks/mi300/task_header.cuh:28:
In file included from /home/hotaisle/metalOps/repos/fleet-chiplet-megakernel/python/mirage/../../include/mirage/persistent_kernel/tasks/mi300/silu_mul_linear_mi300.cuh:19:
In file included from /home/hotaisle/metalOps/repos/fleet-chiplet-megakernel/python/mirage/../../include/mirage/persistent_kernel/tasks/mi300/linear_ck_mi300.cuh:18:
In file included from /home/hotaisle/metalOps/repos/fleet-chiplet-megakernel/python/mirage/../../deps/composable_kernel/include/ck_tile/core.hpp:5:
In file included from /home/hotaisle/metalOps/repos/fleet-chiplet-megakernel/python/mirage/../../deps/composable_kernel/include/ck_tile/core/algorithm/cluster_descriptor.hpp:7:
In file included from /home/hotaisle/metalOps/repos/fleet-chiplet-megakernel/python/mirage/../../deps/composable_kernel/include/ck_tile/core/algorithm/coordinate_transform.hpp:8:
In file included from /home/hotaisle/metalOps/repos/fleet-chiplet-megakernel/python/mirage/../../deps/composable_kernel/include/ck_tile/core/container/container_helper.hpp:8:
/home/hotaisle/metalOps/repos/fleet-chiplet-megakernel/python/mirage/../../deps/composable_kernel/include/ck_tile/core/container/map.hpp:12:34: warning: unknown warning group '-Wlifetime-safety-intra-tu-suggestions', ignored [-Wunknown-warning-option]
   12 | #pragma clang diagnostic ignored "-Wlifetime-safety-intra-tu-suggestions"
      |                                  ^
In file included from ./permanent_output_dir/test.cu:6:
In file included from /home/hotaisle/metalOps/repos/fleet-chiplet-megakernel/python/mirage/../../include/mirage/persistent_kernel/persistent_kernel.cuh:37:
In file included from /home/hotaisle/metalOps/repos/fleet-chiplet-megakernel/python/mirage/../../include/mirage/persistent_kernel/tasks/mi300/task_header.cuh:28:
In file included from /home/hotaisle/metalOps/repos/fleet-chiplet-megakernel/python/mirage/../../include/mirage/persistent_kernel/tasks/mi300/silu_mul_linear_mi300.cuh:19:
In file included from /home/hotaisle/metalOps/repos/fleet-chiplet-megakernel/python/mirage/../../include/mirage/persistent_kernel/tasks/mi300/linear_ck_mi300.cuh:18:
In file included from /home/hotaisle/metalOps/repos/fleet-chiplet-megakernel/python/mirage/../../deps/composable_kernel/include/ck_tile/core.hpp:5:
In file included from /home/hotaisle/metalOps/repos/fleet-chiplet-megakernel/python/mirage/../../deps/composable_kernel/include/ck_tile/core/algorithm/cluster_descriptor.hpp:7:
/home/hotaisle/metalOps/repos/fleet-chiplet-megakernel/python/mirage/../../deps/composable_kernel/include/ck_tile/core/algorithm/coordinate_transform.hpp:15:34: warning: unknown warning group '-Wlifetime-safety-intra-tu-suggestions', ignored [-Wunknown-warning-option]
   15 | #pragma clang diagnostic ignored "-Wlifetime-safety-intra-tu-suggestions"
      |                                  ^
In file included from ./permanent_output_dir/test.cu:6:
In file included from /home/hotaisle/metalOps/repos/fleet-chiplet-megakernel/python/mirage/../../include/mirage/persistent_kernel/persistent_kernel.cuh:37:
In file included from /home/hotaisle/metalOps/repos/fleet-chiplet-megakernel/python/mirage/../../include/mirage/persistent_kernel/tasks/mi300/task_header.cuh:28:
In file included from /home/hotaisle/metalOps/repos/fleet-chiplet-megakernel/python/mirage/../../include/mirage/persistent_kernel/tasks/mi300/silu_mul_linear_mi300.cuh:19:
In file included from /home/hotaisle/metalOps/repos/fleet-chiplet-megakernel/python/mirage/../../include/mirage/persistent_kernel/tasks/mi300/linear_ck_mi300.cuh:18:
In file included from /home/hotaisle/metalOps/repos/fleet-chiplet-megakernel/python/mirage/../../deps/composable_kernel/include/ck_tile/core.hpp:5:
In file included from /home/hotaisle/metalOps/repos/fleet-chiplet-megakernel/python/mirage/../../deps/composable_kernel/include/ck_tile/core/algorithm/cluster_descriptor.hpp:8:
/home/hotaisle/metalOps/repos/fleet-chiplet-megakernel/python/mirage/../../deps/composable_kernel/include/ck_tile/core/tensor/tensor_adaptor.hpp:16:34: warning: unknown warning group '-Wlifetime-safety-intra-tu-suggestions', ignored [-Wunknown-warning-option]
   16 | #pragma clang diagnostic ignored "-Wlifetime-safety-intra-tu-suggestions"
      |                                  ^
In file included from ./permanent_output_dir/test.cu:6:
In file included from /home/hotaisle/metalOps/repos/fleet-chiplet-megakernel/python/mirage/../../include/mirage/persistent_kernel/persistent_kernel.cuh:37:
In file included from /home/hotaisle/metalOps/repos/fleet-chiplet-megakernel/python/mirage/../../include/mirage/persistent_kernel/tasks/mi300/task_header.cuh:28:
In file included from /home/hotaisle/metalOps/repos/fleet-chiplet-megakernel/python/mirage/../../include/mirage/persistent_kernel/tasks/mi300/silu_mul_linear_mi300.cuh:19:
In file included from /home/hotaisle/metalOps/repos/fleet-chiplet-megakernel/python/mirage/../../include/mirage/persistent_kernel/tasks/mi300/linear_ck_mi300.cuh:18:
In file included from /home/hotaisle/metalOps/repos/fleet-chiplet-megakernel/python/mirage/../../deps/composable_kernel/include/ck_tile/core.hpp:9:
In file included from /home/hotaisle/metalOps/repos/fleet-chiplet-megakernel/python/mirage/../../deps/composable_kernel/include/ck_tile/core/algorithm/static_encoding_pattern.hpp:73:
In file included from /home/hotaisle/metalOps/repos/fleet-chiplet-megakernel/python/mirage/../../deps/composable_kernel/include/ck_tile/core/arch/arch.hpp:13:
In file included from /home/hotaisle/metalOps/repos/fleet-chiplet-megakernel/python/mirage/../../deps/composable_kernel/include/ck_tile/core/arch/amd_buffer_addressing_builtins.hpp:12:
In file included from /home/hotaisle/metalOps/repos/fleet-chiplet-megakernel/python/mirage/../../deps/composable_kernel/include/ck_tile/core/numeric/vector_type.hpp:15:
/home/hotaisle/metalOps/repos/fleet-chiplet-megakernel/python/mirage/../../deps/composable_kernel/include/ck_tile/core/numeric/e8m0.hpp:10:34: warning: unknown warning group '-Wlifetime-safety-intra-tu-suggestions', ignored [-Wunknown-warning-option]
   10 | #pragma clang diagnostic ignored "-Wlifetime-safety-intra-tu-suggestions"
      |                                  ^
In file included from ./permanent_output_dir/test.cu:6:
In file included from /home/hotaisle/metalOps/repos/fleet-chiplet-megakernel/python/mirage/../../include/mirage/persistent_kernel/persistent_kernel.cuh:37:
In file included from /home/hotaisle/metalOps/repos/fleet-chiplet-megakernel/python/mirage/../../include/mirage/persistent_kernel/tasks/mi300/task_header.cuh:28:
In file included from /home/hotaisle/metalOps/repos/fleet-chiplet-megakernel/python/mirage/../../include/mirage/persistent_kernel/tasks/mi300/silu_mul_linear_mi300.cuh:19:
In file included from /home/hotaisle/metalOps/repos/fleet-chiplet-megakernel/python/mirage/../../include/mirage/persistent_kernel/tasks/mi300/linear_ck_mi300.cuh:18:
In file included from /home/hotaisle/metalOps/repos/fleet-chiplet-megakernel/python/mirage/../../deps/composable_kernel/include/ck_tile/core.hpp:9:
In file included from /home/hotaisle/metalOps/repos/fleet-chiplet-megakernel/python/mirage/../../deps/composable_kernel/include/ck_tile/core/algorithm/static_encoding_pattern.hpp:78:
In file included from /home/hotaisle/metalOps/repos/fleet-chiplet-megakernel/python/mirage/../../deps/composable_kernel/include/ck_tile/core/tensor/tile_distribution.hpp:14:
In file included from /home/hotaisle/metalOps/repos/fleet-chiplet-megakernel/python/mirage/../../deps/composable_kernel/include/ck_tile/core/tensor/tile_distribution_encoding.hpp:11:
/home/hotaisle/metalOps/repos/fleet-chiplet-megakernel/python/mirage/../../deps/composable_kernel/include/ck_tile/core/tensor/tensor_adaptor_coordinate.hpp:18:34: warning: unknown warning group '-Wlifetime-safety-intra-tu-suggestions', ignored [-Wunknown-warning-option]
   18 | #pragma clang diagnostic ignored "-Wlifetime-safety-intra-tu-suggestions"
      |                                  ^
In file included from ./permanent_output_dir/test.cu:6:
In file included from /home/hotaisle/metalOps/repos/fleet-chiplet-megakernel/python/mirage/../../include/mirage/persistent_kernel/persistent_kernel.cuh:37:
In file included from /home/hotaisle/metalOps/repos/fleet-chiplet-megakernel/python/mirage/../../include/mirage/persistent_kernel/tasks/mi300/task_header.cuh:28:
In file included from /home/hotaisle/metalOps/repos/fleet-chiplet-megakernel/python/mirage/../../include/mirage/persistent_kernel/tasks/mi300/silu_mul_linear_mi300.cuh:19:
In file included from /home/hotaisle/metalOps/repos/fleet-chiplet-megakernel/python/mirage/../../include/mirage/persistent_kernel/tasks/mi300/linear_ck_mi300.cuh:18:
In file included from /home/hotaisle/metalOps/repos/fleet-chiplet-megakernel/python/mirage/../../deps/composable_kernel/include/ck_tile/core.hpp:9:
In file included from /home/hotaisle/metalOps/repos/fleet-chiplet-megakernel/python/mirage/../../deps/composable_kernel/include/ck_tile/core/algorithm/static_encoding_pattern.hpp:78:
/home/hotaisle/metalOps/repos/fleet-chiplet-megakernel/python/mirage/../../deps/composable_kernel/include/ck_tile/core/tensor/tile_distribution.hpp:19:34: warning: unknown warning group '-Wlifetime-safety-intra-tu-suggestions', ignored [-Wunknown-warning-option]
   19 | #pragma clang diagnostic ignored "-Wlifetime-safety-intra-tu-suggestions"
      |                                  ^
In file included from ./permanent_output_dir/test.cu:6:
In file included from /home/hotaisle/metalOps/repos/fleet-chiplet-megakernel/python/mirage/../../include/mirage/persistent_kernel/persistent_kernel.cuh:37:
In file included from /home/hotaisle/metalOps/repos/fleet-chiplet-megakernel/python/mirage/../../include/mirage/persistent_kernel/tasks/mi300/task_header.cuh:28:
In file included from /home/hotaisle/metalOps/repos/fleet-chiplet-megakernel/python/mirage/../../include/mirage/persistent_kernel/tasks/mi300/silu_mul_linear_mi300.cuh:19:
In file included from /home/hotaisle/metalOps/repos/fleet-chiplet-megakernel/python/mirage/../../include/mirage/persistent_kernel/tasks/mi300/linear_ck_mi300.cuh:18:
In file included from /home/hotaisle/metalOps/repos/fleet-chiplet-megakernel/python/mirage/../../deps/composable_kernel/include/ck_tile/core.hpp:16:
/home/hotaisle/metalOps/repos/fleet-chiplet-megakernel/python/mirage/../../deps/composable_kernel/include/ck_tile/core/arch/mma/amdgcn_mma.hpp:13:34: warning: unknown warning group '-Wlifetime-safety-intra-tu-suggestions', ignored [-Wunknown-warning-option]
   13 | #pragma clang diagnostic ignored "-Wlifetime-safety-intra-tu-suggestions"
      |                                  ^
In file included from ./permanent_output_dir/test.cu:6:
In file included from /home/hotaisle/metalOps/repos/fleet-chiplet-megakernel/python/mirage/../../include/mirage/persistent_kernel/persistent_kernel.cuh:37:
In file included from /home/hotaisle/metalOps/repos/fleet-chiplet-megakernel/python/mirage/../../include/mirage/persistent_kernel/tasks/mi300/task_header.cuh:28:
In file included from /home/hotaisle/metalOps/repos/fleet-chiplet-megakernel/python/mirage/../../include/mirage/persistent_kernel/tasks/mi300/silu_mul_linear_mi300.cuh:19:
In file included from /home/hotaisle/metalOps/repos/fleet-chiplet-megakernel/python/mirage/../../include/mirage/persistent_kernel/tasks/mi300/linear_ck_mi300.cuh:18:
In file included from /home/hotaisle/metalOps/repos/fleet-chiplet-megakernel/python/mirage/../../deps/composable_kernel/include/ck_tile/core.hpp:16:
In file included from /home/hotaisle/metalOps/repos/fleet-chiplet-megakernel/python/mirage/../../deps/composable_kernel/include/ck_tile/core/arch/mma/amdgcn_mma.hpp:128:
In file included from /home/hotaisle/metalOps/repos/fleet-chiplet-megakernel/python/mirage/../../deps/composable_kernel/include/ck_tile/core/arch/mma/sparse/sparse.hpp:65:
In file included from /home/hotaisle/metalOps/repos/fleet-chiplet-megakernel/python/mirage/../../deps/composable_kernel/include/ck_tile/core/arch/mma/sparse/mfma/sparse_gfx9.hpp:9:
In file included from /home/hotaisle/metalOps/repos/fleet-chiplet-megakernel/python/mirage/../../deps/composable_kernel/include/ck_tile/ops/gemm/warp/warp_gemm_smfmac_impl.hpp:8:
/home/hotaisle/metalOps/repos/fleet-chiplet-megakernel/python/mirage/../../deps/composable_kernel/include/ck_tile/core/tensor/static_distributed_tensor.hpp:18:34: warning: unknown warning group '-Wlifetime-safety-intra-tu-suggestions', ignored [-Wunknown-warning-option]
   18 | #pragma clang diagnostic ignored "-Wlifetime-safety-intra-tu-suggestions"
      |                                  ^
In file included from ./permanent_output_dir/test.cu:6:
In file included from /home/hotaisle/metalOps/repos/fleet-chiplet-megakernel/python/mirage/../../include/mirage/persistent_kernel/persistent_kernel.cuh:37:
In file included from /home/hotaisle/metalOps/repos/fleet-chiplet-megakernel/python/mirage/../../include/mirage/persistent_kernel/tasks/mi300/task_header.cuh:28:
In file included from /home/hotaisle/metalOps/repos/fleet-chiplet-megakernel/python/mirage/../../include/mirage/persistent_kernel/tasks/mi300/silu_mul_linear_mi300.cuh:19:
In file included from /home/hotaisle/metalOps/repos/fleet-chiplet-megakernel/python/mirage/../../include/mirage/persistent_kernel/tasks/mi300/linear_ck_mi300.cuh:18:
In file included from /home/hotaisle/metalOps/repos/fleet-chiplet-megakernel/python/mirage/../../deps/composable_kernel/include/ck_tile/core.hpp:64:
In file included from /home/hotaisle/metalOps/repos/fleet-chiplet-megakernel/python/mirage/../../deps/composable_kernel/include/ck_tile/core/tensor/load_tile.hpp:12:
In file included from /home/hotaisle/metalOps/repos/fleet-chiplet-megakernel/python/mirage/../../deps/composable_kernel/include/ck_tile/core/tensor/tile_window.hpp:15:
/home/hotaisle/metalOps/repos/fleet-chiplet-megakernel/python/mirage/../../deps/composable_kernel/include/ck_tile/core/tensor/tensor_view.hpp:18:34: warning: unknown warning group '-Wlifetime-safety-intra-tu-suggestions', ignored [-Wunknown-warning-option]
   18 | #pragma clang diagnostic ignored "-Wlifetime-safety-intra-tu-suggestions"
      |                                  ^
In file included from ./permanent_output_dir/test.cu:6:
In file included from /home/hotaisle/metalOps/repos/fleet-chiplet-megakernel/python/mirage/../../include/mirage/persistent_kernel/persistent_kernel.cuh:37:
In file included from /home/hotaisle/metalOps/repos/fleet-chiplet-megakernel/python/mirage/../../include/mirage/persistent_kernel/tasks/mi300/task_header.cuh:28:
In file included from /home/hotaisle/metalOps/repos/fleet-chiplet-megakernel/python/mirage/../../include/mirage/persistent_kernel/tasks/mi300/silu_mul_linear_mi300.cuh:19:
In file included from /home/hotaisle/metalOps/repos/fleet-chiplet-megakernel/python/mirage/../../include/mirage/persistent_kernel/tasks/mi300/linear_ck_mi300.cuh:18:
In file included from /home/hotaisle/metalOps/repos/fleet-chiplet-megakernel/python/mirage/../../deps/composable_kernel/include/ck_tile/core.hpp:90:
/home/hotaisle/metalOps/repos/fleet-chiplet-megakernel/python/mirage/../../deps/composable_kernel/include/ck_tile/core/utility/env.hpp:10:34: warning: unknown warning group '-Wlifetime-safety-intra-tu-suggestions', ignored [-Wunknown-warning-option]
   10 | #pragma clang diagnostic ignored "-Wlifetime-safety-intra-tu-suggestions"
      |                                  ^
In file included from ./permanent_output_dir/test.cu:6:
In file included from /home/hotaisle/metalOps/repos/fleet-chiplet-megakernel/python/mirage/../../include/mirage/persistent_kernel/persistent_kernel.cuh:37:
In file included from /home/hotaisle/metalOps/repos/fleet-chiplet-megakernel/python/mirage/../../include/mirage/persistent_kernel/tasks/mi300/task_header.cuh:28:
In file included from /home/hotaisle/metalOps/repos/fleet-chiplet-megakernel/python/mirage/../../include/mirage/persistent_kernel/tasks/mi300/silu_mul_linear_mi300.cuh:19:
In file included from /home/hotaisle/metalOps/repos/fleet-chiplet-megakernel/python/mirage/../../include/mirage/persistent_kernel/tasks/mi300/linear_ck_mi300.cuh:19:
In file included from /home/hotaisle/metalOps/repos/fleet-chiplet-megakernel/python/mirage/../../deps/composable_kernel/include/ck_tile/ops/gemm.hpp:38:
In file included from /home/hotaisle/metalOps/repos/fleet-chiplet-megakernel/python/mirage/../../deps/composable_kernel/include/ck_tile/ops/gemm/kernel/grouped_gemm_kernel.hpp:13:
In file included from /home/hotaisle/metalOps/repos/fleet-chiplet-megakernel/python/mirage/../../deps/composable_kernel/include/ck_tile/host.hpp:5:
/home/hotaisle/metalOps/repos/fleet-chiplet-megakernel/python/mirage/../../deps/composable_kernel/include/ck_tile/host/arg_parser.hpp:17:34: warning: unknown warning group '-Wlifetime-safety-intra-tu-suggestions', ignored [-Wunknown-warning-option]
   17 | #pragma clang diagnostic ignored "-Wlifetime-safety-intra-tu-suggestions"
      |                                  ^
In file included from ./permanent_output_dir/test.cu:6:
In file included from /home/hotaisle/metalOps/repos/fleet-chiplet-megakernel/python/mirage/../../include/mirage/persistent_kernel/persistent_kernel.cuh:37:
In file included from /home/hotaisle/metalOps/repos/fleet-chiplet-megakernel/python/mirage/../../include/mirage/persistent_kernel/tasks/mi300/task_header.cuh:28:
In file included from /home/hotaisle/metalOps/repos/fleet-chiplet-megakernel/python/mirage/../../include/mirage/persistent_kernel/tasks/mi300/silu_mul_linear_mi300.cuh:19:
In file included from /home/hotaisle/metalOps/repos/fleet-chiplet-megakernel/python/mirage/../../include/mirage/persistent_kernel/tasks/mi300/linear_ck_mi300.cuh:19:
In file included from /home/hotaisle/metalOps/repos/fleet-chiplet-megakernel/python/mirage/../../deps/composable_kernel/include/ck_tile/ops/gemm.hpp:38:
In file included from /home/hotaisle/metalOps/repos/fleet-chiplet-megakernel/python/mirage/../../deps/composable_kernel/include/ck_tile/ops/gemm/kernel/grouped_gemm_kernel.hpp:13:
In file included from /home/hotaisle/metalOps/repos/fleet-chiplet-megakernel/python/mirage/../../deps/composable_kernel/include/ck_tile/host.hpp:8:
In file included from /home/hotaisle/metalOps/repos/fleet-chiplet-megakernel/python/mirage/../../deps/composable_kernel/include/ck_tile/host/convolution_host_tensor_descriptor_helper.hpp:8:
/home/hotaisle/metalOps/repos/fleet-chiplet-megakernel/python/mirage/../../deps/composable_kernel/include/ck_tile/host/host_tensor.hpp:21:34: warning: unknown warning group '-Wlifetime-safety-intra-tu-suggestions', ignored [-Wunknown-warning-option]
   21 | #pragma clang diagnostic ignored "-Wlifetime-safety-intra-tu-suggestions"
      |                                  ^
15 warnings generated when compiling for host.
Compiling megakernel using the following command line:
['/opt/rocm/bin/hipcc', '-x', 'hip', './permanent_output_dir/test.cu', '-O3', '-I/usr/include/python3.12', '-I/home/hotaisle/metalOps/repos/fleet-chiplet-megakernel/python/mirage/../../include', '-I/home/hotaisle/metalOps/repos/fleet-chiplet-megakernel/python/mirage/../../include/mirage/hip_compat', '-I/home/hotaisle/metalOps/repos/fleet-chiplet-megakernel/python/mirage/../../include/mirage/persistent_kernel', '-I/home/hotaisle/metalOps/repos/fleet-chiplet-megakernel/python/mirage/../../deps/rocblas/include', '-I/home/hotaisle/metalOps/repos/fleet-chiplet-megakernel/python/mirage/../../deps/cutlass/include', '-I/home/hotaisle/metalOps/repos/fleet-chiplet-megakernel/python/mirage/../../deps/cutlass/tools/util/include', '-I/home/hotaisle/metalOps/repos/fleet-chiplet-megakernel/python/mirage/../../deps/composable_kernel/include', '-I/opt/rocm/include', '-I/home/hotaisle/metalOps/repos/fleet-chiplet-megakernel/deps/json/include', '-DCK_TILE_FMHA_FWD_FAST_EXP2=1', '-DMAX_WORKER_PER_SCHEDULER=38', '-DMIRAGE_USE_CUTLASS_KERNEL=0', '--offload-arch=gfx942', '-L/opt/rocm/lib', '-L/opt/rocm/lib', '-lamdhip64', '-lrocblas', '-lhipblas', '-shared', '-std=c++17', '-fPIC', '-D__HIP_PLATFORM_AMD__=1', '-DMIRAGE_AMD_MI300', '-DMIRAGE_BACKEND_USE_ROCM', '-DMPK_TARGET_CC=94', '-DMPK_MAX_NUM_BATCHED_REQUESTS=1', '-DMPK_MAX_NUM_BATCHED_TOKENS=1', '-DMPK_MAX_NUM_PAGES=1', '-DMPK_PAGE_SIZE=1054', '-DMPK_MAX_SEQ_LENGTH=1054', '-o', './permanent_output_dir/test.cpython-38-x86_64-linux-gnu.so', '-DMLA_NT_STREAMS', '-DMLA_ATTEND_MFMA', '-DMPK_W2_CK_TILE', '-DMODE_ONLINE', '-DMPK_PROFILING_NUM_ITERS=0', '-DMPK_ENABLE_EVENT_TIMING', '-DMPK_ENABLE_GANG_TASKS', '-DMPK_NT_WEIGHT_LOADS']
Finished megakernel compilation...
   2.04       0.54
  278 UNKNOWN                  28       0.46       0.04       1.23       0.32
  279 UNKNOWN                  29       0.80       0.04       3.63       0.83
  280 UNKNOWN                  29       0.65       0.03       2.96       0.68
  281 UNKNOWN                  29       0.63       0.04       2.31       0.54
  282 UNKNOWN                  28       2.39       0.03      28.08       7.13
  283 UNKNOWN                  26       7.75       0.04      29.08      12.28
  284 UNKNOWN                  28       4.27       0.04      28.08       9.56
  285 UNKNOWN                  25       2.49       0.01      29.15       7.56
  286 UNKNOWN                  28       0.32       0.01       1.12       0.29
  287 UNKNOWN                  28       3.21       0.03      26.81       8.03
  288 UNKNOWN                  29       2.12       0.01      26.73       6.62
  289 UNKNOWN                  25       1.46       0.03      27.64       5.36
  290 UNKNOWN                  24       3.85       0.01      28.06       8.96
  291 UNKNOWN                  25       1.46       0.04      28.71       5.58
  292 UNKNOWN                  28       4.40       0.01      29.16       9.75
  293 UNKNOWN                  26       0.34       0.01       1.28       0.32
  294 UNKNOWN                  27       0.34       0.01       1.35       0.32
  295 UNKNOWN                  29       5.34       4.93       5.98       0.26
  296 UNKNOWN                  29       5.12       4.85       5.31       0.11

================================================================================
PER-TYPE SUMMARY (sum of avg durations across all events)
================================================================================
TaskType             Events    Total(us)  Total(ms)        %
----------------------------------------------------------
UNKNOWN                 296       4318.0      4.318   100.0%
TOTAL                             4318.0      4.318

Saved raw event timing to event_timing.json

ids [25, 16228, 276, 254, 2782, 5266, 62, 8171, 13, 6931, 1761, 185, 391, 2827, 62, 3274, 25, 16228, 276, 254, 2827, 5266, 62, 8171, 13, 6931, 1761, 334, 4889, 25]; 73 boundary tensors; mpk() 221.9 ms for 30 iterations -> /home/hotaisle/metalOps/harness/fleet_out/L27_head_it30_final_tile_at_fn1_fn2_fs_nt_nts_mfma_rf_w2cktile_gv_lg48_mt_mh2
First tasks: 1
Number of all events: 297
Number of all tasks: 6388
Number of triggered events: 295
Number of executed tasks: 6386
[EVENT_TIMING] Allocated buffer for 29700 entries (297 events x 100 iters)
[WORKER_XCD] worker_id=3 block=3 xcd=0
[WORKER_XCD] worker_id=5 block=5 xcd=2
[WORKER_XCD] worker_id=6 block=6 xcd=3
[WORKER_XCD] worker_id=0 block=0 xcd=5
[WORKER_XCD] worker_id=4 block=4 xcd=1
[WORKER_XCD] worker_id=2 block=2 xcd=7
[WORKER_XCD] worker_id=1 block=1 xcd=6
[WORKER_XCD] worker_id=7 block=7 xcd=4
[SCHED_XCD] sched_id=4 xcd=4 workers_on_xcd=37 block=6
[SCHED_XCD] sched_id=3 xcd=3 workers_on_xcd=37 block=5
[SCHED_XCD] sched_id=2 xcd=2 workers_on_xcd=37 block=4
[SCHED_XCD] sched_id=1 xcd=1 workers_on_xcd=37 block=3
[SCHED_XCD] sched_id=7 xcd=7 workers_on_xcd=37 block=1
[SCHED_XCD] sched_id=0 xcd=0 workers_on_xcd=37 block=2
[SCHED_XCD] sched_id=5 xcd=5 workers_on_xcd=37 block=7
[SCHED_XCD] sched_id=6 xcd=6 workers_on_xcd=37 block=0
[FWD_PASS] iter=1 time_ms=4.086 num_active_tokens=1
[FWD_PASS] iter=2 time_ms=4.383 num_active_tokens=1
[FWD_PASS] iter=3 time_ms=4.323 num_active_tokens=1
[FWD_PASS] iter=4 time_ms=4.282 num_active_tokens=1
[FWD_PASS] iter=5 time_ms=4.290 num_active_tokens=1
[FWD_PASS] iter=6 time_ms=4.287 num_active_tokens=1
[FWD_PASS] iter=7 time_ms=4.283 num_active_tokens=1
[FWD_PASS] iter=8 time_ms=4.287 num_active_tokens=1
[FWD_PASS] iter=9 time_ms=4.297 num_active_tokens=1
[FWD_PASS] iter=10 time_ms=4.287 num_active_tokens=1
[FWD_PASS] iter=11 time_ms=4.297 num_active_tokens=1
[FWD_PASS] iter=12 time_ms=4.276 num_active_tokens=1
[FWD_PASS] iter=13 time_ms=4.285 num_active_tokens=1
[FWD_PASS] iter=14 time_ms=4.282 num_active_tokens=1
[FWD_PASS] iter=15 time_ms=4.337 num_active_tokens=1
[FWD_PASS] iter=16 time_ms=4.285 num_active_tokens=1
[FWD_PASS] iter=17 time_ms=4.273 num_active_tokens=1
[FWD_PASS] iter=18 time_ms=4.292 num_active_tokens=1
[FWD_PASS] iter=19 time_ms=4.287 num_active_tokens=1
[FWD_PASS] iter=20 time_ms=4.282 num_active_tokens=1
[FWD_PASS] iter=21 time_ms=4.296 num_active_tokens=1
[FWD_PASS] iter=22 time_ms=4.296 num_active_tokens=1
[FWD_PASS] iter=23 time_ms=4.273 num_active_tokens=1
[FWD_PASS] iter=24 time_ms=4.369 num_active_tokens=1
[FWD_PASS] iter=25 time_ms=4.377 num_active_tokens=1
[FWD_PASS] iter=26 time_ms=4.378 num_active_tokens=1
[FWD_PASS] iter=27 time_ms=4.279 num_active_tokens=1
[FWD_PASS] iter=28 time_ms=4.297 num_active_tokens=1
[FWD_PASS] iter=29 time_ms=4.282 num_active_tokens=1
