# Measurement report

| Quantity | Predicted | Measured |
|---|---|---|
| bytes per iteration (read, MiB) | 4709.9 weights + cache; about 4772.0 with activations | - |
| time per iteration, median (us) | 1148.5-1349.4 + 326 t_b + T_serial | - |
| time per iteration, P95 (us) |  | - |
| time per iteration from event timing, median (us) |  | 4596.8 |
| time per iteration from host wall clock (us) |  | 6211.1 |
| time per iteration from the kernel trace (us) |  | - |
| achieved read bandwidth (TB/s) | 3.66-4.3 over T_bw | - |
| launches per generation | 3 | - |
| L2 hit rate | 16-17% (Fleet's batch-1 figure) | - |
| tokens per second |  | - |
| GFX clock from amd-smi during the run, median / max (MHz) | 2100 max (D2 of round 1) | 2103 / 2104 over 59 samples |
| memory clock from amd-smi, median (MHz) |  | 900 |

## Per-operator time (event gaps, mean over iterations after the first)

| Event | Operator | mean us | min us | max us | n |
|---|---|---|---|---|---|
| 1 | iteration_start | 187.79 | 96.56 | 290.32 | 30 |
| 2 | embed_layer | 13.78 | 12.55 | 15.03 | 31 |
| 3 | linear_norm_layer | 27.92 | 25.60 | 30.64 | 31 |
| 4 | mla_prep_layer | 10.89 | 10.65 | 11.13 | 31 |
| 5 | mla_attend_layer | 11.88 | 11.54 | 12.43 | 31 |
| 6 | mla_merge_uv_layer | 17.84 | 17.05 | 20.40 | 31 |
| 7 | linear_with_residual_layer | 13.38 | 11.91 | 15.64 | 31 |
| 8 | rmsnorm_layer | 4.38 | 3.21 | 4.91 | 31 |
| 9 | gang_linear_silu_layer | 35.34 | 33.88 | 37.07 | 31 |
| 10 | linear_with_residual_layer | 51.36 | 50.36 | 52.80 | 31 |
| 11 | linear_norm_layer | 14.24 | 13.27 | 15.04 | 31 |
| 12 | mla_prep_layer | 10.77 | 10.27 | 11.23 | 31 |
| 13 | mla_attend_layer | 11.87 | 11.60 | 12.29 | 31 |
| 14 | mla_merge_uv_layer | 17.73 | 16.73 | 20.36 | 31 |
| 15 | linear_with_residual_layer | 12.90 | 11.40 | 15.76 | 31 |
| 16 | moe_router_layer | 19.54 | 17.88 | 21.07 | 31 |
| 17 | gang_moe_w13_linear_layer | 41.32 | 38.24 | 43.64 | 31 |
| 18 | gang_moe_w2_silu_linear_layer | 23.56 | 21.57 | 26.56 | 31 |
| 19 | moe_mul_sum_add_layer | 4.88 | 4.27 | 5.56 | 31 |
| 20 | linear_norm_layer | 14.18 | 13.24 | 15.20 | 31 |
| 21 | mla_prep_layer | 10.41 | 10.08 | 10.76 | 31 |
| 22 | mla_attend_layer | 11.97 | 11.56 | 12.48 | 31 |
| 23 | mla_merge_uv_layer | 17.25 | 16.71 | 18.08 | 31 |
| 24 | linear_with_residual_layer | 13.12 | 12.31 | 14.87 | 31 |
| 25 | moe_router_layer | 18.56 | 17.79 | 20.23 | 31 |
| 26 | gang_moe_w13_linear_layer | 44.09 | 39.78 | 48.81 | 31 |
| 27 | gang_moe_w2_silu_linear_layer | 23.35 | 21.60 | 25.49 | 31 |
| 28 | moe_mul_sum_add_layer | 5.13 | 3.84 | 7.24 | 31 |
| 29 | linear_norm_layer | 14.06 | 13.38 | 14.76 | 31 |
| 30 | mla_prep_layer | 10.59 | 10.28 | 10.87 | 31 |
| 31 | mla_attend_layer | 11.80 | 11.44 | 12.04 | 31 |
| 32 | mla_merge_uv_layer | 17.16 | 16.73 | 17.53 | 31 |
| 33 | linear_with_residual_layer | 12.81 | 12.08 | 13.56 | 31 |
| 34 | moe_router_layer | 18.99 | 18.40 | 20.84 | 31 |
| 35 | gang_moe_w13_linear_layer | 44.44 | 39.67 | 48.56 | 31 |
| 36 | gang_moe_w2_silu_linear_layer | 23.74 | 21.65 | 27.24 | 31 |
| 37 | moe_mul_sum_add_layer | 5.10 | 4.43 | 6.28 | 31 |
| 38 | linear_norm_layer | 14.01 | 13.28 | 14.68 | 31 |
| 39 | mla_prep_layer | 10.68 | 10.28 | 12.02 | 31 |
| 40 | mla_attend_layer | 11.92 | 11.26 | 12.70 | 31 |
| 41 | mla_merge_uv_layer | 17.35 | 16.75 | 18.80 | 31 |
| 42 | linear_with_residual_layer | 13.14 | 12.31 | 15.63 | 31 |
| 43 | moe_router_layer | 19.44 | 18.04 | 20.64 | 31 |
| 44 | gang_moe_w13_linear_layer | 44.64 | 41.12 | 47.56 | 31 |
| 45 | gang_moe_w2_silu_linear_layer | 23.32 | 21.68 | 26.81 | 31 |
| 46 | moe_mul_sum_add_layer | 5.08 | 4.23 | 5.72 | 31 |
| 47 | linear_norm_layer | 14.20 | 13.65 | 14.80 | 31 |
| 48 | mla_prep_layer | 10.31 | 10.03 | 10.99 | 31 |
| 49 | mla_attend_layer | 12.11 | 11.17 | 12.69 | 31 |
| 50 | mla_merge_uv_layer | 17.30 | 16.89 | 18.23 | 31 |
| 51 | linear_with_residual_layer | 12.98 | 12.25 | 14.87 | 31 |
| 52 | moe_router_layer | 19.09 | 17.81 | 20.28 | 31 |
| 53 | gang_moe_w13_linear_layer | 42.00 | 39.24 | 44.72 | 31 |
| 54 | gang_moe_w2_silu_linear_layer | 23.39 | 21.28 | 25.74 | 31 |
| 55 | moe_mul_sum_add_layer | 4.91 | 4.24 | 5.88 | 31 |
| 56 | linear_norm_layer | 14.38 | 13.73 | 15.21 | 31 |
| 57 | mla_prep_layer | 10.48 | 10.07 | 10.79 | 31 |
| 58 | mla_attend_layer | 11.96 | 11.44 | 12.60 | 31 |
| 59 | mla_merge_uv_layer | 17.32 | 16.89 | 19.21 | 31 |
| 60 | linear_with_residual_layer | 13.18 | 11.64 | 16.24 | 31 |
| 61 | moe_router_layer | 18.41 | 17.67 | 20.51 | 31 |
| 62 | gang_moe_w13_linear_layer | 42.10 | 39.16 | 43.77 | 31 |
| 63 | gang_moe_w2_silu_linear_layer | 23.24 | 21.43 | 26.25 | 31 |
| 64 | moe_mul_sum_add_layer | 5.07 | 4.28 | 6.16 | 31 |
| 65 | linear_norm_layer | 14.32 | 13.62 | 14.97 | 31 |
| 66 | mla_prep_layer | 10.65 | 10.34 | 11.11 | 31 |
| 67 | mla_attend_layer | 11.95 | 11.25 | 12.44 | 31 |
| 68 | mla_merge_uv_layer | 17.34 | 16.97 | 18.84 | 31 |
| 69 | linear_with_residual_layer | 13.05 | 12.12 | 16.68 | 31 |
| 70 | moe_router_layer | 18.72 | 18.20 | 19.40 | 31 |
| 71 | gang_moe_w13_linear_layer | 42.51 | 39.77 | 47.67 | 31 |
| 72 | gang_moe_w2_silu_linear_layer | 23.33 | 21.51 | 26.97 | 31 |
| 73 | moe_mul_sum_add_layer | 5.17 | 4.29 | 6.43 | 31 |
| 74 | linear_norm_layer | 14.09 | 13.48 | 14.77 | 31 |
| 75 | mla_prep_layer | 10.65 | 10.20 | 11.17 | 31 |
| 76 | mla_attend_layer | 11.90 | 11.10 | 12.50 | 31 |
| 77 | mla_merge_uv_layer | 17.25 | 16.64 | 20.00 | 31 |
| 78 | linear_with_residual_layer | 12.81 | 12.00 | 13.56 | 31 |
| 79 | moe_router_layer | 19.39 | 18.09 | 20.65 | 31 |
| 80 | gang_moe_w13_linear_layer | 41.46 | 37.99 | 46.72 | 31 |
| 81 | gang_moe_w2_silu_linear_layer | 23.80 | 22.16 | 26.88 | 31 |
| 82 | moe_mul_sum_add_layer | 5.15 | 4.25 | 7.98 | 31 |
| 83 | linear_norm_layer | 14.23 | 13.53 | 14.96 | 31 |
| 84 | mla_prep_layer | 10.21 | 9.80 | 10.63 | 31 |
| 85 | mla_attend_layer | 12.21 | 11.36 | 12.69 | 31 |
| 86 | mla_merge_uv_layer | 17.29 | 16.97 | 17.92 | 31 |
| 87 | linear_with_residual_layer | 12.96 | 12.27 | 17.72 | 31 |
| 88 | moe_router_layer | 19.01 | 17.65 | 20.00 | 31 |
| 89 | gang_moe_w13_linear_layer | 41.68 | 39.00 | 44.92 | 31 |
| 90 | gang_moe_w2_silu_linear_layer | 23.69 | 21.55 | 27.20 | 31 |
| 91 | moe_mul_sum_add_layer | 5.14 | 4.40 | 7.76 | 31 |
| 92 | linear_norm_layer | 14.19 | 13.41 | 14.76 | 31 |
| 93 | mla_prep_layer | 10.35 | 10.06 | 10.78 | 31 |
| 94 | mla_attend_layer | 11.82 | 11.25 | 12.13 | 31 |
| 95 | mla_merge_uv_layer | 17.23 | 16.84 | 17.48 | 31 |
| 96 | linear_with_residual_layer | 12.52 | 11.87 | 13.48 | 31 |
| 97 | moe_router_layer | 18.81 | 17.83 | 20.83 | 31 |
| 98 | gang_moe_w13_linear_layer | 41.91 | 38.69 | 43.89 | 31 |
| 99 | gang_moe_w2_silu_linear_layer | 23.30 | 21.65 | 26.16 | 31 |
| 100 | moe_mul_sum_add_layer | 5.19 | 4.08 | 7.53 | 31 |
| 101 | linear_norm_layer | 14.16 | 13.69 | 14.97 | 31 |
| 102 | mla_prep_layer | 10.55 | 10.30 | 10.91 | 31 |
| 103 | mla_attend_layer | 11.85 | 11.48 | 12.45 | 31 |
| 104 | mla_merge_uv_layer | 17.26 | 17.01 | 17.88 | 31 |
| 105 | linear_with_residual_layer | 12.82 | 12.28 | 13.44 | 31 |
| 106 | moe_router_layer | 18.31 | 17.64 | 20.05 | 31 |
| 107 | gang_moe_w13_linear_layer | 45.49 | 41.67 | 50.68 | 31 |
| 108 | gang_moe_w2_silu_linear_layer | 23.11 | 21.70 | 25.76 | 31 |
| 109 | moe_mul_sum_add_layer | 4.98 | 4.19 | 6.04 | 31 |
| 110 | linear_norm_layer | 13.75 | 13.04 | 14.47 | 31 |
| 111 | mla_prep_layer | 10.66 | 10.28 | 11.25 | 31 |
| 112 | mla_attend_layer | 11.72 | 11.26 | 12.22 | 31 |
| 113 | mla_merge_uv_layer | 17.24 | 16.72 | 21.44 | 31 |
| 114 | linear_with_residual_layer | 12.75 | 11.68 | 15.88 | 31 |
| 115 | moe_router_layer | 18.79 | 17.69 | 20.32 | 31 |
| 116 | gang_moe_w13_linear_layer | 41.73 | 38.80 | 44.08 | 31 |
| 117 | gang_moe_w2_silu_linear_layer | 23.73 | 21.48 | 27.84 | 31 |
| 118 | moe_mul_sum_add_layer | 4.74 | 4.15 | 5.91 | 31 |
| 119 | linear_norm_layer | 14.47 | 13.72 | 15.05 | 31 |
| 120 | mla_prep_layer | 10.30 | 9.75 | 10.84 | 31 |
| 121 | mla_attend_layer | 12.27 | 11.80 | 12.69 | 31 |
| 122 | mla_merge_uv_layer | 17.32 | 16.73 | 18.89 | 31 |
| 123 | linear_with_residual_layer | 12.75 | 12.15 | 13.65 | 31 |
| 124 | moe_router_layer | 19.51 | 17.68 | 20.33 | 31 |
| 125 | gang_moe_w13_linear_layer | 42.49 | 39.60 | 46.20 | 31 |
| 126 | gang_moe_w2_silu_linear_layer | 23.55 | 21.80 | 27.64 | 31 |
| 127 | moe_mul_sum_add_layer | 5.03 | 4.43 | 5.88 | 31 |
| 128 | linear_norm_layer | 14.16 | 13.78 | 14.72 | 31 |
| 129 | mla_prep_layer | 10.17 | 9.63 | 10.86 | 31 |
| 130 | mla_attend_layer | 11.91 | 11.28 | 12.56 | 31 |
| 131 | mla_merge_uv_layer | 17.25 | 16.73 | 18.53 | 31 |
| 132 | linear_with_residual_layer | 12.92 | 12.32 | 14.62 | 31 |
| 133 | moe_router_layer | 19.79 | 18.03 | 20.75 | 31 |
| 134 | gang_moe_w13_linear_layer | 41.17 | 38.69 | 43.53 | 31 |
| 135 | gang_moe_w2_silu_linear_layer | 24.47 | 22.13 | 27.20 | 31 |
| 136 | moe_mul_sum_add_layer | 4.95 | 4.11 | 7.01 | 31 |
| 137 | linear_norm_layer | 14.31 | 13.64 | 15.13 | 31 |
| 138 | mla_prep_layer | 10.51 | 10.11 | 10.87 | 31 |
| 139 | mla_attend_layer | 11.89 | 11.21 | 12.44 | 31 |
| 140 | mla_merge_uv_layer | 17.35 | 17.04 | 18.88 | 31 |
| 141 | linear_with_residual_layer | 12.90 | 12.12 | 13.68 | 31 |
| 142 | moe_router_layer | 20.71 | 18.13 | 21.48 | 31 |
| 143 | gang_moe_w13_linear_layer | 40.94 | 38.36 | 43.88 | 31 |
| 144 | gang_moe_w2_silu_linear_layer | 22.90 | 21.52 | 26.61 | 31 |
| 145 | moe_mul_sum_add_layer | 5.05 | 4.39 | 6.87 | 31 |
| 146 | linear_norm_layer | 14.20 | 13.52 | 15.13 | 31 |
| 147 | mla_prep_layer | 10.48 | 10.13 | 10.85 | 31 |
| 148 | mla_attend_layer | 12.06 | 11.55 | 12.54 | 31 |
| 149 | mla_merge_uv_layer | 17.34 | 16.79 | 18.12 | 31 |
| 150 | linear_with_residual_layer | 12.79 | 12.23 | 13.53 | 31 |
| 151 | moe_router_layer | 19.86 | 18.33 | 20.80 | 31 |
| 152 | gang_moe_w13_linear_layer | 41.06 | 38.51 | 43.44 | 31 |
| 153 | gang_moe_w2_silu_linear_layer | 22.92 | 21.73 | 24.89 | 31 |
| 154 | moe_mul_sum_add_layer | 5.06 | 4.04 | 5.97 | 31 |
| 155 | linear_norm_layer | 14.18 | 13.56 | 14.88 | 31 |
| 156 | mla_prep_layer | 10.48 | 9.96 | 10.99 | 31 |
| 157 | mla_attend_layer | 12.10 | 11.56 | 12.57 | 31 |
| 158 | mla_merge_uv_layer | 17.46 | 17.08 | 18.72 | 31 |
| 159 | linear_with_residual_layer | 12.11 | 11.31 | 13.56 | 31 |
| 160 | moe_router_layer | 19.30 | 17.92 | 20.36 | 31 |
| 161 | gang_moe_w13_linear_layer | 42.03 | 38.83 | 46.00 | 31 |
| 162 | gang_moe_w2_silu_linear_layer | 22.81 | 21.68 | 24.48 | 31 |
| 163 | moe_mul_sum_add_layer | 5.14 | 4.29 | 6.76 | 31 |
| 164 | linear_norm_layer | 14.29 | 13.81 | 15.08 | 31 |
| 165 | mla_prep_layer | 10.33 | 9.83 | 11.54 | 31 |
| 166 | mla_attend_layer | 11.89 | 11.32 | 12.44 | 31 |
| 167 | mla_merge_uv_layer | 17.23 | 16.88 | 17.99 | 31 |
| 168 | linear_with_residual_layer | 13.02 | 12.01 | 14.15 | 31 |
| 169 | moe_router_layer | 19.91 | 18.11 | 21.15 | 31 |
| 170 | gang_moe_w13_linear_layer | 41.62 | 39.25 | 44.05 | 31 |
| 171 | gang_moe_w2_silu_linear_layer | 23.12 | 21.31 | 26.21 | 31 |
| 172 | moe_mul_sum_add_layer | 5.06 | 4.15 | 5.96 | 31 |
| 173 | linear_norm_layer | 14.02 | 13.32 | 14.73 | 31 |
| 174 | mla_prep_layer | 10.31 | 10.03 | 10.80 | 31 |
| 175 | mla_attend_layer | 11.90 | 11.60 | 12.48 | 31 |
| 176 | mla_merge_uv_layer | 17.38 | 16.88 | 18.85 | 31 |
| 177 | linear_with_residual_layer | 12.99 | 12.35 | 14.75 | 31 |
| 178 | moe_router_layer | 19.82 | 18.47 | 21.33 | 31 |
| 179 | gang_moe_w13_linear_layer | 41.47 | 38.08 | 44.88 | 31 |
| 180 | gang_moe_w2_silu_linear_layer | 23.51 | 21.81 | 26.24 | 31 |
| 181 | moe_mul_sum_add_layer | 5.17 | 4.11 | 6.11 | 31 |
| 182 | linear_norm_layer | 14.06 | 13.37 | 15.17 | 31 |
| 183 | mla_prep_layer | 10.37 | 9.97 | 10.73 | 31 |
| 184 | mla_attend_layer | 12.14 | 11.42 | 12.78 | 31 |
| 185 | mla_merge_uv_layer | 17.27 | 16.83 | 17.76 | 31 |
| 186 | linear_with_residual_layer | 12.71 | 12.17 | 14.35 | 31 |
| 187 | moe_router_layer | 19.69 | 17.97 | 20.52 | 31 |
| 188 | gang_moe_w13_linear_layer | 41.29 | 38.79 | 46.39 | 31 |
| 189 | gang_moe_w2_silu_linear_layer | 23.35 | 21.68 | 25.96 | 31 |
| 190 | moe_mul_sum_add_layer | 5.09 | 4.21 | 6.40 | 31 |
| 191 | linear_norm_layer | 13.97 | 13.35 | 14.72 | 31 |
| 192 | mla_prep_layer | 10.34 | 9.91 | 10.75 | 31 |
| 193 | mla_attend_layer | 11.98 | 11.37 | 12.48 | 31 |
| 194 | mla_merge_uv_layer | 17.34 | 16.84 | 18.00 | 31 |
| 195 | linear_with_residual_layer | 13.09 | 12.39 | 15.15 | 31 |
| 196 | moe_router_layer | 20.23 | 18.84 | 21.37 | 31 |
| 197 | gang_moe_w13_linear_layer | 41.36 | 38.92 | 44.88 | 31 |
| 198 | gang_moe_w2_silu_linear_layer | 24.17 | 21.44 | 27.20 | 31 |
| 199 | moe_mul_sum_add_layer | 5.04 | 4.35 | 6.72 | 31 |
| 200 | linear_norm_layer | 14.21 | 13.48 | 14.96 | 31 |
| 201 | mla_prep_layer | 10.39 | 9.76 | 10.91 | 31 |
| 202 | mla_attend_layer | 11.85 | 11.25 | 12.49 | 31 |
| 203 | mla_merge_uv_layer | 17.28 | 16.73 | 18.40 | 31 |
| 204 | linear_with_residual_layer | 13.08 | 12.56 | 14.44 | 31 |
| 205 | moe_router_layer | 18.37 | 17.75 | 20.27 | 31 |
| 206 | gang_moe_w13_linear_layer | 42.26 | 40.20 | 43.77 | 31 |
| 207 | gang_moe_w2_silu_linear_layer | 23.47 | 21.76 | 26.04 | 31 |
| 208 | moe_mul_sum_add_layer | 4.90 | 4.35 | 5.92 | 31 |
| 209 | linear_norm_layer | 14.57 | 13.93 | 15.17 | 31 |
| 210 | mla_prep_layer | 10.40 | 10.07 | 10.68 | 31 |
| 211 | mla_attend_layer | 11.97 | 11.57 | 12.33 | 31 |
| 212 | mla_merge_uv_layer | 17.35 | 16.88 | 18.75 | 31 |
| 213 | linear_with_residual_layer | 13.07 | 12.44 | 14.27 | 31 |
| 214 | moe_router_layer | 19.84 | 18.40 | 21.45 | 31 |
| 215 | gang_moe_w13_linear_layer | 41.69 | 38.88 | 44.13 | 31 |
| 216 | gang_moe_w2_silu_linear_layer | 23.19 | 21.87 | 26.24 | 31 |
| 217 | moe_mul_sum_add_layer | 4.92 | 4.39 | 5.71 | 31 |
| 218 | linear_norm_layer | 14.38 | 13.92 | 14.76 | 31 |
| 219 | mla_prep_layer | 10.43 | 10.05 | 10.74 | 31 |
| 220 | mla_attend_layer | 11.87 | 11.26 | 12.54 | 31 |
| 221 | mla_merge_uv_layer | 17.47 | 16.65 | 19.56 | 31 |
| 222 | linear_with_residual_layer | 13.02 | 12.28 | 15.19 | 31 |
| 223 | moe_router_layer | 18.30 | 17.57 | 19.12 | 31 |
| 224 | gang_moe_w13_linear_layer | 42.18 | 39.80 | 43.68 | 31 |
| 225 | gang_moe_w2_silu_linear_layer | 22.71 | 21.40 | 26.04 | 31 |
| 226 | moe_mul_sum_add_layer | 5.14 | 4.31 | 6.03 | 31 |
| 227 | linear_norm_layer | 14.49 | 13.86 | 15.09 | 31 |
| 228 | mla_prep_layer | 10.08 | 9.67 | 10.43 | 31 |
| 229 | mla_attend_layer | 11.88 | 11.41 | 12.56 | 31 |
| 230 | mla_merge_uv_layer | 17.05 | 16.72 | 17.45 | 31 |
| 231 | linear_with_residual_layer | 12.78 | 11.87 | 15.51 | 31 |
| 232 | moe_router_layer | 19.19 | 17.73 | 20.49 | 31 |
| 233 | gang_moe_w13_linear_layer | 40.52 | 38.17 | 43.63 | 31 |
| 234 | gang_moe_w2_silu_linear_layer | 23.30 | 21.71 | 25.88 | 31 |
| 235 | moe_mul_sum_add_layer | 4.88 | 4.24 | 5.40 | 31 |
| 236 | linear_norm_layer | 14.14 | 13.47 | 14.95 | 31 |
| 237 | mla_prep_layer | 10.12 | 9.68 | 10.72 | 31 |
| 238 | mla_attend_layer | 11.87 | 11.56 | 12.45 | 31 |
| 239 | mla_merge_uv_layer | 17.12 | 16.60 | 17.72 | 31 |
| 240 | linear_with_residual_layer | 12.87 | 12.35 | 13.84 | 31 |
| 241 | moe_router_layer | 18.91 | 18.20 | 21.24 | 31 |
| 242 | gang_moe_w13_linear_layer | 41.36 | 38.20 | 45.32 | 31 |
| 243 | gang_moe_w2_silu_linear_layer | 23.34 | 21.77 | 24.76 | 31 |
| 244 | moe_mul_sum_add_layer | 5.16 | 4.08 | 6.97 | 31 |
| 245 | linear_norm_layer | 0.26 | 0.00 | 1.32 | 31 |
| 246 | argmax_partial_layer | 0.15 | 0.00 | 0.71 | 31 |
| 247 | argmax_reduce_layer | 0.40 | 0.00 | 2.36 | 31 |
| 248 | event_248 | 0.33 | 0.00 | 2.17 | 31 |
| 249 | event_249 | 0.25 | 0.01 | 1.08 | 31 |
| 250 | event_250 | 0.39 | 0.00 | 2.59 | 31 |
| 251 | event_251 | 0.22 | 0.00 | 1.05 | 31 |
| 252 | event_252 | 0.21 | 0.00 | 0.82 | 31 |
| 253 | event_253 | 2.97 | 0.00 | 84.59 | 31 |
| 254 | event_254 | 0.22 | 0.00 | 0.86 | 31 |
| 255 | event_255 | 0.47 | 0.00 | 4.12 | 31 |
| 256 | event_256 | 0.32 | 0.00 | 2.01 | 31 |
| 257 | event_257 | 0.22 | 0.01 | 0.77 | 31 |
| 258 | event_258 | 0.29 | 0.00 | 1.33 | 31 |
| 259 | event_259 | 0.25 | 0.00 | 1.21 | 31 |
| 260 | event_260 | 0.23 | 0.00 | 1.32 | 31 |
| 261 | event_261 | 5.76 | 0.00 | 85.73 | 31 |
| 262 | event_262 | 3.09 | 0.00 | 87.27 | 31 |
| 263 | event_263 | 3.11 | 0.03 | 83.83 | 31 |
| 264 | event_264 | 0.27 | 0.00 | 1.52 | 31 |
| 265 | event_265 | 0.17 | 0.00 | 0.65 | 31 |
| 266 | event_266 | 0.44 | 0.00 | 2.26 | 31 |
| 267 | event_267 | 0.14 | 0.00 | 0.52 | 31 |
| 268 | event_268 | 0.25 | 0.00 | 0.76 | 31 |
| 269 | event_269 | 0.26 | 0.00 | 1.22 | 31 |
| 270 | event_270 | 0.20 | 0.00 | 0.56 | 31 |
| 271 | event_271 | 8.78 | 0.01 | 88.33 | 31 |
| 272 | event_272 | 0.27 | 0.00 | 1.28 | 31 |
| 273 | event_273 | 0.22 | 0.00 | 0.84 | 31 |
| 274 | event_274 | 0.28 | 0.00 | 1.16 | 31 |
| 275 | event_275 | 0.60 | 0.00 | 8.76 | 31 |
| 276 | event_276 | 0.68 | 0.00 | 6.64 | 31 |
| 277 | event_277 | 30.23 | 0.00 | 89.08 | 31 |
| 278 | event_278 | 17.18 | 0.00 | 88.24 | 31 |
| 279 | event_279 | 11.25 | 0.00 | 86.29 | 31 |
| 280 | event_280 | 3.13 | 0.00 | 86.63 | 31 |
| 281 | event_281 | 3.21 | 0.00 | 86.16 | 31 |
| 282 | event_282 | 3.98 | 0.00 | 37.56 | 31 |
| 283 | event_283 | 0.72 | 0.00 | 4.28 | 31 |
| 284 | event_284 | 5.15 | 0.01 | 37.71 | 31 |
| 285 | event_285 | 2.70 | 0.00 | 37.90 | 31 |
| 286 | event_286 | 4.07 | 0.00 | 38.31 | 31 |
| 287 | event_287 | 4.80 | 0.00 | 35.83 | 31 |
| 288 | event_288 | 0.49 | 0.00 | 2.54 | 31 |
| 289 | event_289 | 0.44 | 0.00 | 1.28 | 31 |
| 290 | event_290 | 4.87 | 0.00 | 36.67 | 31 |
| 291 | event_291 | 2.59 | 0.00 | 36.32 | 31 |
| 292 | event_292 | 3.86 | 0.00 | 37.08 | 31 |
| 293 | event_293 | 5.09 | 0.00 | 36.40 | 31 |
| 294 | event_294 | 2.58 | 0.00 | 37.09 | 31 |
| 295 | event_295 | 5.84 | 5.52 | 6.21 | 31 |
| 296 | event_296 | 5.05 | 4.85 | 5.20 | 31 |

-> /home/hotaisle/metalOps/harness/fleet_out/L27_head_it32_tile_at_fn1_fn2_fs_nt_mfma/metrics.json, /home/hotaisle/metalOps/harness/fleet_out/L27_head_it32_tile_at_fn1_fn2_fs_nt_mfma/report_table.md
