# Measurement report

| Quantity | Predicted | Measured |
|---|---|---|
| bytes per iteration (read, MiB) | 4709.9 weights + cache; about 4772.0 with activations | - |
| time per iteration, median (us) | 1148.5-1349.4 + 326 t_b + T_serial | - |
| time per iteration, P95 (us) |  | - |
| time per iteration from event timing, median (us) |  | 5109.1 |
| time per iteration from host wall clock (us) |  | 6775.7 |
| time per iteration from the kernel trace (us) |  | - |
| achieved read bandwidth (TB/s) | 3.66-4.3 over T_bw | - |
| launches per generation | 3 | - |
| L2 hit rate | 16-17% (Fleet's batch-1 figure) | - |
| tokens per second |  | - |
| GFX clock from amd-smi during the run, median / max (MHz) | 2100 max (D2 of round 1) | 2103 / 2104 over 49 samples |
| memory clock from amd-smi, median (MHz) |  | 900 |

## Per-operator time (event gaps, mean over iterations after the first)

| Event | Operator | mean us | min us | max us | n |
|---|---|---|---|---|---|
| 1 | iteration_start | 162.83 | 94.88 | 277.44 | 28 |
| 2 | embed_layer | 14.09 | 12.71 | 15.59 | 29 |
| 3 | linear_norm_layer | 31.26 | 29.30 | 33.96 | 29 |
| 4 | mla_prep_layer | 10.37 | 9.94 | 10.82 | 29 |
| 5 | mla_attend_layer | 12.07 | 11.30 | 13.72 | 29 |
| 6 | mla_merge_uv_layer | 27.43 | 23.73 | 30.20 | 29 |
| 7 | linear_with_residual_layer | 12.93 | 12.49 | 13.29 | 29 |
| 8 | rmsnorm_layer | 4.26 | 3.31 | 4.82 | 29 |
| 9 | gang_linear_silu_layer | 31.54 | 30.36 | 32.80 | 29 |
| 10 | linear_with_residual_layer | 51.02 | 49.76 | 52.40 | 29 |
| 11 | linear_norm_layer | 18.82 | 18.01 | 19.89 | 29 |
| 12 | mla_prep_layer | 10.60 | 10.00 | 11.19 | 29 |
| 13 | mla_attend_layer | 11.76 | 11.32 | 12.04 | 29 |
| 14 | mla_merge_uv_layer | 25.03 | 23.89 | 26.44 | 29 |
| 15 | linear_with_residual_layer | 13.27 | 11.98 | 17.20 | 29 |
| 16 | moe_router_layer | 28.02 | 26.46 | 29.22 | 29 |
| 17 | gang_moe_w13_linear_layer | 41.47 | 38.93 | 43.29 | 29 |
| 18 | gang_moe_w2_silu_linear_layer | 23.67 | 21.10 | 26.49 | 29 |
| 19 | moe_mul_sum_add_layer | 4.98 | 4.27 | 5.60 | 29 |
| 20 | linear_norm_layer | 18.98 | 18.14 | 20.36 | 29 |
| 21 | mla_prep_layer | 10.29 | 9.92 | 10.85 | 29 |
| 22 | mla_attend_layer | 12.00 | 11.43 | 12.45 | 29 |
| 23 | mla_merge_uv_layer | 24.22 | 23.51 | 25.48 | 29 |
| 24 | linear_with_residual_layer | 13.33 | 12.89 | 13.64 | 29 |
| 25 | moe_router_layer | 27.84 | 26.12 | 33.52 | 29 |
| 26 | gang_moe_w13_linear_layer | 42.39 | 39.43 | 46.88 | 29 |
| 27 | gang_moe_w2_silu_linear_layer | 23.85 | 21.56 | 26.73 | 29 |
| 28 | moe_mul_sum_add_layer | 5.00 | 4.28 | 5.57 | 29 |
| 29 | linear_norm_layer | 19.04 | 18.36 | 20.36 | 29 |
| 30 | mla_prep_layer | 10.31 | 9.95 | 11.43 | 29 |
| 31 | mla_attend_layer | 11.68 | 11.30 | 12.94 | 29 |
| 32 | mla_merge_uv_layer | 25.45 | 23.35 | 26.88 | 29 |
| 33 | linear_with_residual_layer | 12.99 | 12.33 | 13.52 | 29 |
| 34 | moe_router_layer | 27.20 | 25.16 | 31.49 | 29 |
| 35 | gang_moe_w13_linear_layer | 43.42 | 39.60 | 48.05 | 29 |
| 36 | gang_moe_w2_silu_linear_layer | 23.39 | 21.95 | 25.07 | 29 |
| 37 | moe_mul_sum_add_layer | 5.14 | 4.39 | 6.85 | 29 |
| 38 | linear_norm_layer | 18.65 | 18.06 | 19.89 | 29 |
| 39 | mla_prep_layer | 10.18 | 9.92 | 10.49 | 29 |
| 40 | mla_attend_layer | 11.87 | 11.26 | 12.55 | 29 |
| 41 | mla_merge_uv_layer | 24.07 | 23.45 | 24.68 | 29 |
| 42 | linear_with_residual_layer | 13.26 | 12.80 | 13.68 | 29 |
| 43 | moe_router_layer | 28.95 | 26.97 | 34.33 | 29 |
| 44 | gang_moe_w13_linear_layer | 40.85 | 38.06 | 44.35 | 29 |
| 45 | gang_moe_w2_silu_linear_layer | 24.34 | 21.59 | 27.28 | 29 |
| 46 | moe_mul_sum_add_layer | 5.00 | 4.17 | 5.83 | 29 |
| 47 | linear_norm_layer | 19.23 | 18.40 | 20.16 | 29 |
| 48 | mla_prep_layer | 10.21 | 9.90 | 10.53 | 29 |
| 49 | mla_attend_layer | 11.79 | 11.30 | 12.35 | 29 |
| 50 | mla_merge_uv_layer | 24.99 | 24.15 | 27.20 | 29 |
| 51 | linear_with_residual_layer | 13.18 | 12.73 | 13.64 | 29 |
| 52 | moe_router_layer | 27.61 | 25.94 | 32.93 | 29 |
| 53 | gang_moe_w13_linear_layer | 41.90 | 38.65 | 45.90 | 29 |
| 54 | gang_moe_w2_silu_linear_layer | 23.69 | 22.16 | 26.36 | 29 |
| 55 | moe_mul_sum_add_layer | 5.12 | 4.38 | 5.95 | 29 |
| 56 | linear_norm_layer | 18.55 | 17.76 | 19.65 | 29 |
| 57 | mla_prep_layer | 10.27 | 9.99 | 10.80 | 29 |
| 58 | mla_attend_layer | 11.82 | 11.32 | 12.29 | 29 |
| 59 | mla_merge_uv_layer | 24.61 | 23.56 | 26.56 | 29 |
| 60 | linear_with_residual_layer | 13.04 | 12.40 | 13.57 | 29 |
| 61 | moe_router_layer | 28.18 | 26.36 | 31.24 | 29 |
| 62 | gang_moe_w13_linear_layer | 40.99 | 38.53 | 43.56 | 29 |
| 63 | gang_moe_w2_silu_linear_layer | 23.10 | 21.47 | 24.81 | 29 |
| 64 | moe_mul_sum_add_layer | 5.02 | 4.37 | 5.98 | 29 |
| 65 | linear_norm_layer | 18.85 | 18.16 | 19.93 | 29 |
| 66 | mla_prep_layer | 10.24 | 9.80 | 10.77 | 29 |
| 67 | mla_attend_layer | 11.76 | 11.18 | 12.39 | 29 |
| 68 | mla_merge_uv_layer | 23.41 | 22.88 | 24.76 | 29 |
| 69 | linear_with_residual_layer | 13.09 | 12.72 | 13.48 | 29 |
| 70 | moe_router_layer | 27.26 | 26.37 | 34.20 | 29 |
| 71 | gang_moe_w13_linear_layer | 43.11 | 40.71 | 47.27 | 29 |
| 72 | gang_moe_w2_silu_linear_layer | 23.92 | 21.87 | 26.16 | 29 |
| 73 | moe_mul_sum_add_layer | 5.38 | 4.33 | 7.19 | 29 |
| 74 | linear_norm_layer | 18.84 | 18.02 | 20.10 | 29 |
| 75 | mla_prep_layer | 10.36 | 10.07 | 10.68 | 29 |
| 76 | mla_attend_layer | 11.89 | 11.49 | 12.29 | 29 |
| 77 | mla_merge_uv_layer | 24.65 | 23.59 | 25.84 | 29 |
| 78 | linear_with_residual_layer | 12.99 | 12.45 | 13.56 | 29 |
| 79 | moe_router_layer | 27.02 | 25.78 | 33.35 | 29 |
| 80 | gang_moe_w13_linear_layer | 42.62 | 39.50 | 46.36 | 29 |
| 81 | gang_moe_w2_silu_linear_layer | 23.16 | 21.91 | 25.44 | 29 |
| 82 | moe_mul_sum_add_layer | 5.17 | 4.33 | 9.88 | 29 |
| 83 | linear_norm_layer | 18.96 | 18.12 | 19.65 | 29 |
| 84 | mla_prep_layer | 10.12 | 9.75 | 10.59 | 29 |
| 85 | mla_attend_layer | 11.97 | 11.45 | 12.46 | 29 |
| 86 | mla_merge_uv_layer | 24.71 | 23.80 | 26.00 | 29 |
| 87 | linear_with_residual_layer | 13.03 | 12.60 | 14.31 | 29 |
| 88 | moe_router_layer | 26.85 | 25.27 | 27.86 | 29 |
| 89 | gang_moe_w13_linear_layer | 43.87 | 40.32 | 47.97 | 29 |
| 90 | gang_moe_w2_silu_linear_layer | 23.46 | 21.95 | 25.56 | 29 |
| 91 | moe_mul_sum_add_layer | 5.01 | 4.30 | 5.99 | 29 |
| 92 | linear_norm_layer | 18.58 | 17.77 | 20.13 | 29 |
| 93 | mla_prep_layer | 10.04 | 9.82 | 10.40 | 29 |
| 94 | mla_attend_layer | 11.76 | 11.40 | 12.11 | 29 |
| 95 | mla_merge_uv_layer | 24.84 | 23.61 | 25.87 | 29 |
| 96 | linear_with_residual_layer | 13.00 | 12.17 | 15.23 | 29 |
| 97 | moe_router_layer | 26.42 | 24.84 | 30.87 | 29 |
| 98 | gang_moe_w13_linear_layer | 41.23 | 39.04 | 43.67 | 29 |
| 99 | gang_moe_w2_silu_linear_layer | 22.98 | 21.43 | 24.68 | 29 |
| 100 | moe_mul_sum_add_layer | 4.84 | 4.08 | 5.48 | 29 |
| 101 | linear_norm_layer | 18.98 | 18.03 | 19.87 | 29 |
| 102 | mla_prep_layer | 10.24 | 9.83 | 10.78 | 29 |
| 103 | mla_attend_layer | 11.96 | 11.41 | 13.40 | 29 |
| 104 | mla_merge_uv_layer | 24.46 | 23.17 | 26.24 | 29 |
| 105 | linear_with_residual_layer | 13.11 | 12.56 | 14.31 | 29 |
| 106 | moe_router_layer | 26.93 | 25.35 | 29.86 | 29 |
| 107 | gang_moe_w13_linear_layer | 44.40 | 40.61 | 51.10 | 29 |
| 108 | gang_moe_w2_silu_linear_layer | 23.18 | 21.60 | 24.85 | 29 |
| 109 | moe_mul_sum_add_layer | 5.25 | 4.39 | 6.21 | 29 |
| 110 | linear_norm_layer | 18.74 | 17.91 | 20.01 | 29 |
| 111 | mla_prep_layer | 10.08 | 9.88 | 10.32 | 29 |
| 112 | mla_attend_layer | 11.90 | 11.39 | 12.55 | 29 |
| 113 | mla_merge_uv_layer | 24.67 | 23.24 | 27.30 | 29 |
| 114 | linear_with_residual_layer | 13.06 | 12.64 | 14.32 | 29 |
| 115 | moe_router_layer | 26.77 | 25.25 | 30.80 | 29 |
| 116 | gang_moe_w13_linear_layer | 41.54 | 38.25 | 43.35 | 29 |
| 117 | gang_moe_w2_silu_linear_layer | 23.24 | 22.10 | 25.40 | 29 |
| 118 | moe_mul_sum_add_layer | 5.31 | 4.16 | 6.65 | 29 |
| 119 | linear_norm_layer | 18.75 | 17.94 | 20.08 | 29 |
| 120 | mla_prep_layer | 9.80 | 9.53 | 10.33 | 29 |
| 121 | mla_attend_layer | 11.81 | 11.30 | 12.57 | 29 |
| 122 | mla_merge_uv_layer | 25.10 | 24.12 | 26.52 | 29 |
| 123 | linear_with_residual_layer | 13.29 | 12.67 | 17.72 | 29 |
| 124 | moe_router_layer | 27.39 | 25.14 | 34.57 | 29 |
| 125 | gang_moe_w13_linear_layer | 42.02 | 39.77 | 45.94 | 29 |
| 126 | gang_moe_w2_silu_linear_layer | 23.64 | 21.98 | 27.24 | 29 |
| 127 | moe_mul_sum_add_layer | 5.07 | 4.49 | 5.68 | 29 |
| 128 | linear_norm_layer | 18.69 | 18.00 | 20.29 | 29 |
| 129 | mla_prep_layer | 10.38 | 10.03 | 11.27 | 29 |
| 130 | mla_attend_layer | 12.10 | 11.52 | 15.16 | 29 |
| 131 | mla_merge_uv_layer | 24.58 | 23.40 | 25.84 | 29 |
| 132 | linear_with_residual_layer | 13.11 | 12.29 | 13.95 | 29 |
| 133 | moe_router_layer | 28.95 | 26.51 | 35.41 | 29 |
| 134 | gang_moe_w13_linear_layer | 40.78 | 37.99 | 43.77 | 29 |
| 135 | gang_moe_w2_silu_linear_layer | 23.69 | 22.06 | 25.62 | 29 |
| 136 | moe_mul_sum_add_layer | 5.14 | 4.32 | 8.31 | 29 |
| 137 | linear_norm_layer | 18.62 | 17.75 | 19.79 | 29 |
| 138 | mla_prep_layer | 10.17 | 9.77 | 11.12 | 29 |
| 139 | mla_attend_layer | 12.06 | 11.36 | 12.59 | 29 |
| 140 | mla_merge_uv_layer | 24.69 | 23.20 | 27.03 | 29 |
| 141 | linear_with_residual_layer | 13.31 | 12.31 | 16.76 | 29 |
| 142 | moe_router_layer | 28.32 | 26.85 | 35.29 | 29 |
| 143 | gang_moe_w13_linear_layer | 41.35 | 38.54 | 44.35 | 29 |
| 144 | gang_moe_w2_silu_linear_layer | 23.18 | 21.49 | 25.84 | 29 |
| 145 | moe_mul_sum_add_layer | 5.18 | 4.47 | 6.38 | 29 |
| 146 | linear_norm_layer | 18.89 | 18.14 | 20.01 | 29 |
| 147 | mla_prep_layer | 10.13 | 9.86 | 10.35 | 29 |
| 148 | mla_attend_layer | 11.69 | 11.16 | 12.68 | 29 |
| 149 | mla_merge_uv_layer | 25.06 | 23.69 | 26.52 | 29 |
| 150 | linear_with_residual_layer | 13.19 | 12.63 | 15.05 | 29 |
| 151 | moe_router_layer | 26.93 | 24.99 | 32.70 | 29 |
| 152 | gang_moe_w13_linear_layer | 40.91 | 38.68 | 43.38 | 29 |
| 153 | gang_moe_w2_silu_linear_layer | 23.24 | 21.47 | 24.70 | 29 |
| 154 | moe_mul_sum_add_layer | 5.07 | 4.31 | 9.20 | 29 |
| 155 | linear_norm_layer | 18.55 | 17.79 | 19.92 | 29 |
| 156 | mla_prep_layer | 10.21 | 10.00 | 10.48 | 29 |
| 157 | mla_attend_layer | 11.83 | 11.49 | 12.18 | 29 |
| 158 | mla_merge_uv_layer | 26.31 | 24.12 | 30.72 | 29 |
| 159 | linear_with_residual_layer | 12.55 | 12.08 | 13.48 | 29 |
| 160 | moe_router_layer | 27.06 | 26.02 | 28.42 | 29 |
| 161 | gang_moe_w13_linear_layer | 42.28 | 38.33 | 47.89 | 29 |
| 162 | gang_moe_w2_silu_linear_layer | 23.40 | 22.09 | 24.92 | 29 |
| 163 | moe_mul_sum_add_layer | 5.03 | 4.33 | 5.76 | 29 |
| 164 | linear_norm_layer | 19.19 | 18.08 | 20.36 | 29 |
| 165 | mla_prep_layer | 10.13 | 9.71 | 10.52 | 29 |
| 166 | mla_attend_layer | 12.20 | 11.44 | 13.17 | 29 |
| 167 | mla_merge_uv_layer | 23.81 | 22.91 | 26.67 | 29 |
| 168 | linear_with_residual_layer | 13.10 | 12.61 | 14.71 | 29 |
| 169 | moe_router_layer | 27.09 | 25.74 | 28.11 | 29 |
| 170 | gang_moe_w13_linear_layer | 41.35 | 38.50 | 45.88 | 29 |
| 171 | gang_moe_w2_silu_linear_layer | 23.41 | 21.76 | 24.76 | 29 |
| 172 | moe_mul_sum_add_layer | 4.93 | 4.15 | 6.01 | 29 |
| 173 | linear_norm_layer | 18.69 | 18.04 | 19.53 | 29 |
| 174 | mla_prep_layer | 9.98 | 9.55 | 10.50 | 29 |
| 175 | mla_attend_layer | 12.02 | 11.65 | 12.84 | 29 |
| 176 | mla_merge_uv_layer | 23.70 | 22.63 | 25.35 | 29 |
| 177 | linear_with_residual_layer | 13.43 | 12.51 | 15.53 | 29 |
| 178 | moe_router_layer | 26.36 | 24.50 | 27.81 | 29 |
| 179 | gang_moe_w13_linear_layer | 41.28 | 38.68 | 44.49 | 29 |
| 180 | gang_moe_w2_silu_linear_layer | 23.23 | 21.64 | 24.68 | 29 |
| 181 | moe_mul_sum_add_layer | 5.12 | 4.43 | 6.61 | 29 |
| 182 | linear_norm_layer | 18.35 | 17.88 | 19.39 | 29 |
| 183 | mla_prep_layer | 9.82 | 9.32 | 10.09 | 29 |
| 184 | mla_attend_layer | 12.28 | 11.44 | 13.41 | 29 |
| 185 | mla_merge_uv_layer | 23.72 | 22.72 | 25.58 | 29 |
| 186 | linear_with_residual_layer | 13.02 | 12.56 | 13.52 | 29 |
| 187 | moe_router_layer | 26.57 | 25.24 | 28.01 | 29 |
| 188 | gang_moe_w13_linear_layer | 41.59 | 39.31 | 44.35 | 29 |
| 189 | gang_moe_w2_silu_linear_layer | 23.34 | 21.71 | 25.01 | 29 |
| 190 | moe_mul_sum_add_layer | 5.23 | 4.25 | 7.43 | 29 |
| 191 | linear_norm_layer | 18.57 | 18.08 | 19.54 | 29 |
| 192 | mla_prep_layer | 10.15 | 9.73 | 10.57 | 29 |
| 193 | mla_attend_layer | 12.23 | 11.39 | 12.85 | 29 |
| 194 | mla_merge_uv_layer | 23.99 | 22.50 | 26.76 | 29 |
| 195 | linear_with_residual_layer | 13.78 | 12.60 | 17.00 | 29 |
| 196 | moe_router_layer | 27.30 | 25.61 | 29.46 | 29 |
| 197 | gang_moe_w13_linear_layer | 40.95 | 38.54 | 45.24 | 29 |
| 198 | gang_moe_w2_silu_linear_layer | 23.12 | 21.46 | 25.23 | 29 |
| 199 | moe_mul_sum_add_layer | 4.94 | 4.29 | 6.08 | 29 |
| 200 | linear_norm_layer | 18.29 | 17.67 | 19.07 | 29 |
| 201 | mla_prep_layer | 10.22 | 9.87 | 10.49 | 29 |
| 202 | mla_attend_layer | 12.16 | 11.29 | 13.09 | 29 |
| 203 | mla_merge_uv_layer | 23.22 | 22.56 | 26.80 | 29 |
| 204 | linear_with_residual_layer | 13.37 | 12.69 | 15.93 | 29 |
| 205 | moe_router_layer | 26.62 | 25.72 | 29.64 | 29 |
| 206 | gang_moe_w13_linear_layer | 44.00 | 40.48 | 47.28 | 29 |
| 207 | gang_moe_w2_silu_linear_layer | 23.45 | 21.42 | 25.73 | 29 |
| 208 | moe_mul_sum_add_layer | 4.81 | 4.31 | 6.02 | 29 |
| 209 | linear_norm_layer | 18.81 | 18.08 | 19.46 | 29 |
| 210 | mla_prep_layer | 10.23 | 9.80 | 10.64 | 29 |
| 211 | mla_attend_layer | 11.83 | 11.11 | 12.31 | 29 |
| 212 | mla_merge_uv_layer | 23.65 | 22.80 | 25.72 | 29 |
| 213 | linear_with_residual_layer | 13.40 | 12.54 | 17.28 | 29 |
| 214 | moe_router_layer | 27.00 | 26.45 | 28.52 | 29 |
| 215 | gang_moe_w13_linear_layer | 41.82 | 39.14 | 46.18 | 29 |
| 216 | gang_moe_w2_silu_linear_layer | 23.20 | 21.68 | 24.48 | 29 |
| 217 | moe_mul_sum_add_layer | 5.11 | 4.32 | 6.63 | 29 |
| 218 | linear_norm_layer | 18.62 | 17.97 | 19.28 | 29 |
| 219 | mla_prep_layer | 10.29 | 10.03 | 10.78 | 29 |
| 220 | mla_attend_layer | 11.66 | 11.33 | 12.16 | 29 |
| 221 | mla_merge_uv_layer | 24.54 | 22.78 | 26.40 | 29 |
| 222 | linear_with_residual_layer | 13.05 | 12.55 | 13.48 | 29 |
| 223 | moe_router_layer | 26.40 | 25.67 | 28.17 | 29 |
| 224 | gang_moe_w13_linear_layer | 42.17 | 38.50 | 44.20 | 29 |
| 225 | gang_moe_w2_silu_linear_layer | 23.22 | 21.72 | 24.80 | 29 |
| 226 | moe_mul_sum_add_layer | 4.94 | 4.28 | 6.25 | 29 |
| 227 | linear_norm_layer | 18.90 | 18.16 | 19.64 | 29 |
| 228 | mla_prep_layer | 10.07 | 9.67 | 10.34 | 29 |
| 229 | mla_attend_layer | 12.18 | 11.76 | 13.09 | 29 |
| 230 | mla_merge_uv_layer | 23.23 | 22.63 | 24.97 | 29 |
| 231 | linear_with_residual_layer | 12.96 | 12.48 | 16.29 | 29 |
| 232 | moe_router_layer | 27.41 | 27.02 | 27.71 | 29 |
| 233 | gang_moe_w13_linear_layer | 40.25 | 38.33 | 41.61 | 29 |
| 234 | gang_moe_w2_silu_linear_layer | 23.38 | 21.70 | 25.33 | 29 |
| 235 | moe_mul_sum_add_layer | 4.84 | 4.27 | 5.29 | 29 |
| 236 | linear_norm_layer | 18.48 | 17.92 | 19.01 | 29 |
| 237 | mla_prep_layer | 9.92 | 9.56 | 10.19 | 29 |
| 238 | mla_attend_layer | 12.07 | 11.40 | 12.37 | 29 |
| 239 | mla_merge_uv_layer | 23.32 | 22.56 | 25.45 | 29 |
| 240 | linear_with_residual_layer | 13.00 | 12.58 | 15.02 | 29 |
| 241 | moe_router_layer | 26.06 | 24.76 | 27.16 | 29 |
| 242 | gang_moe_w13_linear_layer | 41.51 | 39.24 | 44.11 | 29 |
| 243 | gang_moe_w2_silu_linear_layer | 22.94 | 21.68 | 24.45 | 29 |
| 244 | moe_mul_sum_add_layer | 6.41 | 4.53 | 6.96 | 29 |
| 245 | linear_norm_layer | 0.38 | 0.00 | 2.63 | 29 |
| 246 | argmax_partial_layer | 0.14 | 0.00 | 0.75 | 29 |
| 247 | argmax_reduce_layer | 15.71 | 0.00 | 91.37 | 29 |
| 248 | event_248 | 0.19 | 0.00 | 0.92 | 29 |
| 249 | event_249 | 3.48 | 0.00 | 92.50 | 29 |
| 250 | event_250 | 3.36 | 0.00 | 89.03 | 29 |
| 251 | event_251 | 0.28 | 0.00 | 1.41 | 29 |
| 252 | event_252 | 0.19 | 0.00 | 1.22 | 29 |
| 253 | event_253 | 0.16 | 0.00 | 0.69 | 29 |
| 254 | event_254 | 0.31 | 0.00 | 3.37 | 29 |
| 255 | event_255 | 3.54 | 0.00 | 89.41 | 29 |
| 256 | event_256 | 0.18 | 0.00 | 0.77 | 29 |
| 257 | event_257 | 0.23 | 0.00 | 1.64 | 29 |
| 258 | event_258 | 3.27 | 0.01 | 88.56 | 29 |
| 259 | event_259 | 0.13 | 0.00 | 0.64 | 29 |
| 260 | event_260 | 3.19 | 0.00 | 89.57 | 29 |
| 261 | event_261 | 0.20 | 0.00 | 0.60 | 29 |
| 262 | event_262 | 0.23 | 0.00 | 1.28 | 29 |
| 263 | event_263 | 0.23 | 0.00 | 0.77 | 29 |
| 264 | event_264 | 3.18 | 0.00 | 87.62 | 29 |
| 265 | event_265 | 0.19 | 0.00 | 0.92 | 29 |
| 266 | event_266 | 0.19 | 0.00 | 0.74 | 29 |
| 267 | event_267 | 0.19 | 0.00 | 0.52 | 29 |
| 268 | event_268 | 0.17 | 0.00 | 1.25 | 29 |
| 269 | event_269 | 0.26 | 0.00 | 1.45 | 29 |
| 270 | event_270 | 0.18 | 0.00 | 1.09 | 29 |
| 271 | event_271 | 0.25 | 0.00 | 0.97 | 29 |
| 272 | event_272 | 3.33 | 0.00 | 87.88 | 29 |
| 273 | event_273 | 0.27 | 0.00 | 1.28 | 29 |
| 274 | event_274 | 3.30 | 0.00 | 89.80 | 29 |
| 275 | event_275 | 21.38 | 0.00 | 89.31 | 29 |
| 276 | event_276 | 6.35 | 0.00 | 88.28 | 29 |
| 277 | event_277 | 12.42 | 0.00 | 89.28 | 29 |
| 278 | event_278 | 3.43 | 0.00 | 89.78 | 29 |
| 279 | event_279 | 3.26 | 0.00 | 87.18 | 29 |
| 280 | event_280 | 0.28 | 0.00 | 1.33 | 29 |
| 281 | event_281 | 3.19 | 0.00 | 87.41 | 29 |
| 282 | event_282 | 3.02 | 0.00 | 41.01 | 29 |
| 283 | event_283 | 1.83 | 0.00 | 42.36 | 29 |
| 284 | event_284 | 13.73 | 0.00 | 40.40 | 29 |
| 285 | event_285 | 1.71 | 0.00 | 38.90 | 29 |
| 286 | event_286 | 5.84 | 0.00 | 41.38 | 29 |
| 287 | event_287 | 2.99 | 0.01 | 37.48 | 29 |
| 288 | event_288 | 0.40 | 0.00 | 2.45 | 29 |
| 289 | event_289 | 0.48 | 0.00 | 2.68 | 29 |
| 290 | event_290 | 0.38 | 0.00 | 1.41 | 29 |
| 291 | event_291 | 4.63 | 0.00 | 41.38 | 29 |
| 292 | event_292 | 5.89 | 0.00 | 40.76 | 29 |
| 293 | event_293 | 1.68 | 0.00 | 38.56 | 29 |
| 294 | event_294 | 1.75 | 0.00 | 40.55 | 29 |
| 295 | event_295 | 5.85 | 5.47 | 6.39 | 29 |
| 296 | event_296 | 5.13 | 4.85 | 5.27 | 29 |

-> /home/hotaisle/metalOps/harness/fleet_out/L27_head_it30_tile_fn1_fn2_fs_nt_mfma/metrics.json, /home/hotaisle/metalOps/harness/fleet_out/L27_head_it30_tile_fn1_fn2_fs_nt_mfma/report_table.md
