# Measurement report

| Quantity | Predicted | Measured |
|---|---|---|
| bytes per iteration (read, MiB) | 4709.9 weights + cache; about 4772.0 with activations | - |
| time per iteration, median (us) | 1148.5-1349.4 + 326 t_b + T_serial | 10233.0 |
| time per iteration, P95 (us) |  | 10299.5 |
| time per iteration from event timing, median (us) |  | 10232.8 |
| time per iteration from host wall clock (us) |  | 79347.7 |
| time per iteration from the kernel trace (us) |  | - |
| achieved read bandwidth (TB/s) | 3.66-4.3 over T_bw | - |
| launches per generation | 3 | - |
| L2 hit rate | 16-17% (Fleet's batch-1 figure) | - |
| tokens per second |  | 97.7 |
| workers with tasks (of those reporting) |  | 296 of 296 |
| tasks per XCD (placement) |  | 0:88929 1:88928 2:88928 3:88928 4:88959 5:88928 6:88928 7:88928 |
| shader clock from the spin (MHz) |  | - |
| exec cycles per task, busy workers |  | 39424.5 |
| exec us per task (at the spin's SCLK) |  | - |
| dep-wait us per iteration per busy worker |  | - |
| GFX clock from amd-smi during the run, median / max (MHz) | 2100 max (D2 of round 1) | 2103 / 2104 over 51 samples |
| memory clock from amd-smi, median (MHz) |  | 900 |

## Exec time per task by class (worker timing, I1)

| Class | tasks | cycles per task | us per task |
|---|---|---|---|
| attend | 31104 | 88199 | - |
| linear | 101376 | 35310 | - |
| linear_res | 57344 | 24463 | - |
| merge | 12096 | 40702 | - |
| prep | 864 | 313372 | - |
| rms | 1760 | 3572 | - |
| router | 832 | 41238 | - |
| w2silu | 217152 | 30537 | - |

## Per-operator time (event gaps, mean over iterations after the first)

| Event | Operator | mean us | min us | max us | n |
|---|---|---|---|---|---|
| 1 | embed_layer | 226.66 | 180.56 | 288.28 | 30 |
| 2 | rmsnorm_layer | 14.83 | 13.09 | 16.01 | 31 |
| 3 | linear_layer | 4.18 | 3.84 | 4.44 | 31 |
| 4 | mla_prep_layer | 22.64 | 20.08 | 25.20 | 31 |
| 5 | mla_attend_layer | 151.27 | 148.12 | 155.44 | 31 |
| 6 | mla_merge_uv_layer | 60.86 | 60.31 | 62.66 | 31 |
| 7 | linear_with_residual_layer | 28.77 | 26.93 | 30.28 | 31 |
| 8 | rmsnorm_layer | 13.70 | 13.05 | 14.28 | 31 |
| 9 | gang_linear_silu_layer | 4.69 | 3.82 | 5.55 | 31 |
| 10 | linear_with_residual_layer | 34.70 | 33.26 | 35.81 | 31 |
| 11 | rmsnorm_layer | 53.06 | 50.24 | 55.00 | 31 |
| 12 | linear_layer | 4.46 | 4.01 | 4.96 | 31 |
| 13 | mla_prep_layer | 13.19 | 12.68 | 13.71 | 31 |
| 14 | mla_attend_layer | 149.99 | 147.27 | 153.43 | 31 |
| 15 | mla_merge_uv_layer | 60.50 | 59.97 | 61.55 | 31 |
| 16 | linear_with_residual_layer | 24.73 | 23.83 | 26.08 | 31 |
| 17 | rmsnorm_layer | 13.58 | 13.06 | 14.24 | 31 |
| 18 | moe_router_layer | 4.24 | 4.02 | 4.51 | 31 |
| 19 | gang_moe_w13_linear_layer | 23.45 | 22.29 | 28.01 | 31 |
| 20 | gang_moe_w2_silu_linear_layer | 42.15 | 39.33 | 44.56 | 31 |
| 21 | moe_mul_sum_add_layer | 23.96 | 22.62 | 25.48 | 31 |
| 22 | rmsnorm_layer | 4.96 | 4.72 | 5.48 | 31 |
| 23 | linear_layer | 4.34 | 4.05 | 4.93 | 31 |
| 24 | mla_prep_layer | 13.85 | 12.95 | 14.39 | 31 |
| 25 | mla_attend_layer | 150.54 | 147.44 | 153.69 | 31 |
| 26 | mla_merge_uv_layer | 60.68 | 60.16 | 61.14 | 31 |
| 27 | linear_with_residual_layer | 24.31 | 23.70 | 25.44 | 31 |
| 28 | rmsnorm_layer | 13.74 | 13.05 | 14.28 | 31 |
| 29 | moe_router_layer | 4.02 | 3.82 | 4.24 | 31 |
| 30 | gang_moe_w13_linear_layer | 23.07 | 21.90 | 28.70 | 31 |
| 31 | gang_moe_w2_silu_linear_layer | 42.30 | 40.42 | 45.58 | 31 |
| 32 | moe_mul_sum_add_layer | 24.64 | 22.55 | 28.24 | 31 |
| 33 | rmsnorm_layer | 5.19 | 4.52 | 7.60 | 31 |
| 34 | linear_layer | 4.52 | 4.02 | 4.92 | 31 |
| 35 | mla_prep_layer | 13.36 | 12.75 | 14.40 | 31 |
| 36 | mla_attend_layer | 149.79 | 147.21 | 152.88 | 31 |
| 37 | mla_merge_uv_layer | 60.51 | 59.97 | 61.63 | 31 |
| 38 | linear_with_residual_layer | 25.19 | 23.82 | 27.94 | 31 |
| 39 | rmsnorm_layer | 13.66 | 13.05 | 15.40 | 31 |
| 40 | moe_router_layer | 4.26 | 3.92 | 4.54 | 31 |
| 41 | gang_moe_w13_linear_layer | 22.63 | 21.93 | 27.65 | 31 |
| 42 | gang_moe_w2_silu_linear_layer | 43.13 | 40.09 | 46.65 | 31 |
| 43 | moe_mul_sum_add_layer | 23.78 | 22.31 | 27.64 | 31 |
| 44 | rmsnorm_layer | 5.02 | 4.60 | 5.74 | 31 |
| 45 | linear_layer | 4.42 | 4.04 | 5.04 | 31 |
| 46 | mla_prep_layer | 13.15 | 12.44 | 13.72 | 31 |
| 47 | mla_attend_layer | 150.53 | 147.40 | 153.64 | 31 |
| 48 | mla_merge_uv_layer | 60.44 | 59.64 | 61.54 | 31 |
| 49 | linear_with_residual_layer | 24.67 | 23.90 | 26.04 | 31 |
| 50 | rmsnorm_layer | 13.76 | 13.37 | 14.08 | 31 |
| 51 | moe_router_layer | 4.04 | 3.85 | 4.48 | 31 |
| 52 | gang_moe_w13_linear_layer | 23.28 | 22.02 | 28.66 | 31 |
| 53 | gang_moe_w2_silu_linear_layer | 42.26 | 39.38 | 45.81 | 31 |
| 54 | moe_mul_sum_add_layer | 23.71 | 22.28 | 25.44 | 31 |
| 55 | rmsnorm_layer | 4.93 | 4.45 | 5.60 | 31 |
| 56 | linear_layer | 4.62 | 4.17 | 4.92 | 31 |
| 57 | mla_prep_layer | 13.26 | 12.68 | 13.84 | 31 |
| 58 | mla_attend_layer | 149.31 | 146.48 | 151.96 | 31 |
| 59 | mla_merge_uv_layer | 60.61 | 60.01 | 62.55 | 31 |
| 60 | linear_with_residual_layer | 25.07 | 23.70 | 26.20 | 31 |
| 61 | rmsnorm_layer | 13.70 | 13.18 | 14.56 | 31 |
| 62 | moe_router_layer | 4.13 | 3.96 | 4.48 | 31 |
| 63 | gang_moe_w13_linear_layer | 23.08 | 22.21 | 27.17 | 31 |
| 64 | gang_moe_w2_silu_linear_layer | 43.18 | 40.21 | 47.03 | 31 |
| 65 | moe_mul_sum_add_layer | 23.79 | 22.68 | 25.44 | 31 |
| 66 | rmsnorm_layer | 4.93 | 4.71 | 5.23 | 31 |
| 67 | linear_layer | 4.79 | 4.20 | 5.25 | 31 |
| 68 | mla_prep_layer | 13.27 | 12.72 | 13.98 | 31 |
| 69 | mla_attend_layer | 150.15 | 147.29 | 154.04 | 31 |
| 70 | mla_merge_uv_layer | 60.63 | 60.28 | 61.50 | 31 |
| 71 | linear_with_residual_layer | 24.86 | 23.86 | 27.04 | 31 |
| 72 | rmsnorm_layer | 14.43 | 12.88 | 17.80 | 31 |
| 73 | moe_router_layer | 3.97 | 3.81 | 4.24 | 31 |
| 74 | gang_moe_w13_linear_layer | 23.64 | 21.82 | 29.34 | 31 |
| 75 | gang_moe_w2_silu_linear_layer | 41.40 | 38.86 | 44.14 | 31 |
| 76 | moe_mul_sum_add_layer | 23.88 | 21.98 | 26.56 | 31 |
| 77 | rmsnorm_layer | 5.23 | 4.56 | 6.72 | 31 |
| 78 | linear_layer | 4.44 | 4.00 | 4.93 | 31 |
| 79 | mla_prep_layer | 12.88 | 12.23 | 13.52 | 31 |
| 80 | mla_attend_layer | 149.31 | 146.45 | 152.59 | 31 |
| 81 | mla_merge_uv_layer | 61.02 | 60.01 | 61.59 | 31 |
| 82 | linear_with_residual_layer | 24.77 | 23.29 | 28.36 | 31 |
| 83 | rmsnorm_layer | 13.72 | 13.37 | 14.29 | 31 |
| 84 | moe_router_layer | 4.12 | 3.98 | 4.31 | 31 |
| 85 | gang_moe_w13_linear_layer | 22.09 | 21.69 | 25.41 | 31 |
| 86 | gang_moe_w2_silu_linear_layer | 43.23 | 40.05 | 46.87 | 31 |
| 87 | moe_mul_sum_add_layer | 23.63 | 22.04 | 25.59 | 31 |
| 88 | rmsnorm_layer | 5.01 | 4.79 | 5.32 | 31 |
| 89 | linear_layer | 4.73 | 4.13 | 5.13 | 31 |
| 90 | mla_prep_layer | 13.16 | 12.56 | 14.20 | 31 |
| 91 | mla_attend_layer | 150.20 | 147.04 | 153.24 | 31 |
| 92 | mla_merge_uv_layer | 60.82 | 60.26 | 61.30 | 31 |
| 93 | linear_with_residual_layer | 23.73 | 23.10 | 24.08 | 31 |
| 94 | rmsnorm_layer | 12.73 | 12.29 | 13.64 | 31 |
| 95 | moe_router_layer | 3.79 | 3.64 | 3.96 | 31 |
| 96 | gang_moe_w13_linear_layer | 23.91 | 21.66 | 24.42 | 31 |
| 97 | gang_moe_w2_silu_linear_layer | 41.22 | 38.70 | 45.18 | 31 |
| 98 | moe_mul_sum_add_layer | 23.86 | 22.24 | 25.39 | 31 |
| 99 | rmsnorm_layer | 4.94 | 4.68 | 5.44 | 31 |
| 100 | linear_layer | 4.13 | 3.93 | 4.52 | 31 |
| 101 | mla_prep_layer | 13.76 | 13.32 | 14.28 | 31 |
| 102 | mla_attend_layer | 149.24 | 146.27 | 152.31 | 31 |
| 103 | mla_merge_uv_layer | 61.10 | 60.27 | 61.59 | 31 |
| 104 | linear_with_residual_layer | 24.07 | 23.52 | 24.64 | 31 |
| 105 | rmsnorm_layer | 13.69 | 13.14 | 14.08 | 31 |
| 106 | moe_router_layer | 4.12 | 3.84 | 4.50 | 31 |
| 107 | gang_moe_w13_linear_layer | 21.93 | 21.61 | 25.41 | 31 |
| 108 | gang_moe_w2_silu_linear_layer | 42.63 | 40.73 | 44.13 | 31 |
| 109 | moe_mul_sum_add_layer | 23.78 | 21.56 | 27.05 | 31 |
| 110 | rmsnorm_layer | 5.68 | 4.76 | 8.24 | 31 |
| 111 | linear_layer | 4.56 | 4.02 | 5.08 | 31 |
| 112 | mla_prep_layer | 13.47 | 12.84 | 14.27 | 31 |
| 113 | mla_attend_layer | 150.35 | 147.44 | 153.49 | 31 |
| 114 | mla_merge_uv_layer | 60.63 | 60.07 | 61.86 | 31 |
| 115 | linear_with_residual_layer | 24.15 | 23.36 | 27.32 | 31 |
| 116 | rmsnorm_layer | 13.59 | 13.00 | 14.32 | 31 |
| 117 | moe_router_layer | 4.04 | 3.86 | 4.60 | 31 |
| 118 | gang_moe_w13_linear_layer | 24.01 | 21.94 | 24.78 | 31 |
| 119 | gang_moe_w2_silu_linear_layer | 40.57 | 38.78 | 43.69 | 31 |
| 120 | moe_mul_sum_add_layer | 24.00 | 22.60 | 27.56 | 31 |
| 121 | rmsnorm_layer | 4.94 | 4.59 | 5.39 | 31 |
| 122 | linear_layer | 4.16 | 3.96 | 4.69 | 31 |
| 123 | mla_prep_layer | 13.60 | 13.23 | 14.15 | 31 |
| 124 | mla_attend_layer | 149.21 | 146.19 | 152.71 | 31 |
| 125 | mla_merge_uv_layer | 60.55 | 60.25 | 61.55 | 31 |
| 126 | linear_with_residual_layer | 23.77 | 23.12 | 27.51 | 31 |
| 127 | rmsnorm_layer | 13.18 | 12.43 | 17.44 | 31 |
| 128 | moe_router_layer | 4.16 | 3.98 | 4.46 | 31 |
| 129 | gang_moe_w13_linear_layer | 22.40 | 21.53 | 23.97 | 31 |
| 130 | gang_moe_w2_silu_linear_layer | 42.57 | 40.55 | 46.13 | 31 |
| 131 | moe_mul_sum_add_layer | 24.01 | 22.25 | 26.84 | 31 |
| 132 | rmsnorm_layer | 5.12 | 4.69 | 9.16 | 31 |
| 133 | linear_layer | 4.52 | 4.17 | 5.01 | 31 |
| 134 | mla_prep_layer | 13.41 | 12.80 | 13.80 | 31 |
| 135 | mla_attend_layer | 150.77 | 147.60 | 153.84 | 31 |
| 136 | mla_merge_uv_layer | 60.37 | 59.88 | 60.71 | 31 |
| 137 | linear_with_residual_layer | 23.86 | 22.95 | 26.64 | 31 |
| 138 | rmsnorm_layer | 13.85 | 13.22 | 17.60 | 31 |
| 139 | moe_router_layer | 4.03 | 3.76 | 4.21 | 31 |
| 140 | gang_moe_w13_linear_layer | 23.24 | 21.70 | 26.14 | 31 |
| 141 | gang_moe_w2_silu_linear_layer | 41.20 | 38.98 | 43.94 | 31 |
| 142 | moe_mul_sum_add_layer | 24.10 | 22.40 | 26.04 | 31 |
| 143 | rmsnorm_layer | 4.08 | 3.88 | 5.24 | 31 |
| 144 | linear_layer | 4.43 | 4.00 | 4.81 | 31 |
| 145 | mla_prep_layer | 13.41 | 12.84 | 13.87 | 31 |
| 146 | mla_attend_layer | 149.72 | 145.76 | 152.64 | 31 |
| 147 | mla_merge_uv_layer | 60.36 | 59.81 | 61.63 | 31 |
| 148 | linear_with_residual_layer | 23.92 | 23.47 | 24.24 | 31 |
| 149 | rmsnorm_layer | 13.73 | 13.12 | 14.24 | 31 |
| 150 | moe_router_layer | 4.22 | 4.02 | 4.66 | 31 |
| 151 | gang_moe_w13_linear_layer | 22.20 | 21.37 | 23.81 | 31 |
| 152 | gang_moe_w2_silu_linear_layer | 42.39 | 39.21 | 46.77 | 31 |
| 153 | moe_mul_sum_add_layer | 23.89 | 22.00 | 25.40 | 31 |
| 154 | rmsnorm_layer | 5.21 | 4.39 | 6.92 | 31 |
| 155 | linear_layer | 4.48 | 4.04 | 5.00 | 31 |
| 156 | mla_prep_layer | 13.19 | 12.64 | 13.99 | 31 |
| 157 | mla_attend_layer | 150.61 | 147.24 | 153.90 | 31 |
| 158 | mla_merge_uv_layer | 60.49 | 60.20 | 60.68 | 31 |
| 159 | linear_with_residual_layer | 23.68 | 23.24 | 25.68 | 31 |
| 160 | rmsnorm_layer | 13.58 | 12.99 | 16.19 | 31 |
| 161 | moe_router_layer | 4.06 | 3.86 | 4.32 | 31 |
| 162 | gang_moe_w13_linear_layer | 23.24 | 21.66 | 26.02 | 31 |
| 163 | gang_moe_w2_silu_linear_layer | 41.36 | 39.01 | 44.33 | 31 |
| 164 | moe_mul_sum_add_layer | 23.99 | 22.40 | 26.16 | 31 |
| 165 | rmsnorm_layer | 5.21 | 4.81 | 6.76 | 31 |
| 166 | linear_layer | 4.55 | 4.16 | 4.72 | 31 |
| 167 | mla_prep_layer | 13.04 | 12.76 | 13.55 | 31 |
| 168 | mla_attend_layer | 149.49 | 146.44 | 152.95 | 31 |
| 169 | mla_merge_uv_layer | 60.60 | 60.17 | 61.55 | 31 |
| 170 | linear_with_residual_layer | 25.40 | 23.43 | 27.08 | 31 |
| 171 | rmsnorm_layer | 13.75 | 12.86 | 16.00 | 31 |
| 172 | moe_router_layer | 4.17 | 3.82 | 4.42 | 31 |
| 173 | gang_moe_w13_linear_layer | 22.55 | 21.65 | 24.37 | 31 |
| 174 | gang_moe_w2_silu_linear_layer | 42.46 | 38.83 | 44.85 | 31 |
| 175 | moe_mul_sum_add_layer | 23.65 | 21.90 | 25.54 | 31 |
| 176 | rmsnorm_layer | 5.24 | 4.57 | 6.97 | 31 |
| 177 | linear_layer | 4.33 | 3.98 | 4.84 | 31 |
| 178 | mla_prep_layer | 13.52 | 12.84 | 14.10 | 31 |
| 179 | mla_attend_layer | 150.27 | 146.98 | 153.32 | 31 |
| 180 | mla_merge_uv_layer | 60.66 | 60.08 | 61.38 | 31 |
| 181 | linear_with_residual_layer | 24.03 | 23.21 | 26.44 | 31 |
| 182 | rmsnorm_layer | 13.89 | 12.77 | 16.60 | 31 |
| 183 | moe_router_layer | 4.05 | 3.62 | 4.40 | 31 |
| 184 | gang_moe_w13_linear_layer | 22.92 | 21.62 | 24.42 | 31 |
| 185 | gang_moe_w2_silu_linear_layer | 41.54 | 38.94 | 44.28 | 31 |
| 186 | moe_mul_sum_add_layer | 23.75 | 21.32 | 25.32 | 31 |
| 187 | rmsnorm_layer | 5.30 | 4.52 | 7.67 | 31 |
| 188 | linear_layer | 4.47 | 3.86 | 4.86 | 31 |
| 189 | mla_prep_layer | 12.95 | 12.56 | 13.60 | 31 |
| 190 | mla_attend_layer | 149.23 | 146.32 | 152.67 | 31 |
| 191 | mla_merge_uv_layer | 60.50 | 60.16 | 61.35 | 31 |
| 192 | linear_with_residual_layer | 23.98 | 23.60 | 24.20 | 31 |
| 193 | rmsnorm_layer | 13.42 | 12.93 | 14.12 | 31 |
| 194 | moe_router_layer | 4.18 | 3.99 | 4.42 | 31 |
| 195 | gang_moe_w13_linear_layer | 22.44 | 21.45 | 24.13 | 31 |
| 196 | gang_moe_w2_silu_linear_layer | 42.18 | 39.15 | 44.71 | 31 |
| 197 | moe_mul_sum_add_layer | 23.84 | 22.12 | 25.68 | 31 |
| 198 | rmsnorm_layer | 5.13 | 4.86 | 6.32 | 31 |
| 199 | linear_layer | 4.79 | 4.16 | 5.04 | 31 |
| 200 | mla_prep_layer | 13.22 | 12.88 | 13.92 | 31 |
| 201 | mla_attend_layer | 150.33 | 147.04 | 153.76 | 31 |
| 202 | mla_merge_uv_layer | 60.40 | 59.99 | 61.42 | 31 |
| 203 | linear_with_residual_layer | 24.02 | 23.32 | 27.20 | 31 |
| 204 | rmsnorm_layer | 14.03 | 12.98 | 17.44 | 31 |
| 205 | moe_router_layer | 4.08 | 3.76 | 4.32 | 31 |
| 206 | gang_moe_w13_linear_layer | 23.02 | 21.58 | 24.22 | 31 |
| 207 | gang_moe_w2_silu_linear_layer | 42.28 | 39.30 | 46.94 | 31 |
| 208 | moe_mul_sum_add_layer | 24.33 | 22.58 | 26.00 | 31 |
| 209 | rmsnorm_layer | 5.07 | 4.75 | 6.19 | 31 |
| 210 | linear_layer | 4.51 | 3.92 | 4.81 | 31 |
| 211 | mla_prep_layer | 13.24 | 12.76 | 14.28 | 31 |
| 212 | mla_attend_layer | 149.41 | 146.43 | 152.51 | 31 |
| 213 | mla_merge_uv_layer | 60.73 | 60.19 | 61.83 | 31 |
| 214 | linear_with_residual_layer | 23.95 | 23.32 | 27.56 | 31 |
| 215 | rmsnorm_layer | 14.08 | 13.45 | 16.48 | 31 |
| 216 | moe_router_layer | 4.16 | 3.98 | 4.38 | 31 |
| 217 | gang_moe_w13_linear_layer | 22.16 | 21.49 | 24.05 | 31 |
| 218 | gang_moe_w2_silu_linear_layer | 42.76 | 39.85 | 46.21 | 31 |
| 219 | moe_mul_sum_add_layer | 23.90 | 22.57 | 26.20 | 31 |
| 220 | rmsnorm_layer | 5.05 | 4.59 | 6.57 | 31 |
| 221 | linear_layer | 4.73 | 4.04 | 5.08 | 31 |
| 222 | mla_prep_layer | 12.95 | 12.40 | 13.64 | 31 |
| 223 | mla_attend_layer | 150.33 | 146.84 | 153.50 | 31 |
| 224 | mla_merge_uv_layer | 60.67 | 60.18 | 61.86 | 31 |
| 225 | linear_with_residual_layer | 24.18 | 23.40 | 27.56 | 31 |
| 226 | rmsnorm_layer | 13.65 | 13.16 | 14.08 | 31 |
| 227 | moe_router_layer | 4.05 | 3.89 | 4.34 | 31 |
| 228 | gang_moe_w13_linear_layer | 23.09 | 21.58 | 24.50 | 31 |
| 229 | gang_moe_w2_silu_linear_layer | 41.34 | 38.90 | 44.05 | 31 |
| 230 | moe_mul_sum_add_layer | 23.78 | 22.08 | 26.33 | 31 |
| 231 | rmsnorm_layer | 5.53 | 4.65 | 8.35 | 31 |
| 232 | linear_layer | 4.14 | 3.88 | 4.72 | 31 |
| 233 | mla_prep_layer | 13.55 | 12.72 | 13.92 | 31 |
| 234 | mla_attend_layer | 149.37 | 146.35 | 152.67 | 31 |
| 235 | mla_merge_uv_layer | 60.64 | 59.92 | 61.71 | 31 |
| 236 | linear_with_residual_layer | 23.97 | 23.56 | 24.40 | 31 |
| 237 | rmsnorm_layer | 13.86 | 13.30 | 16.36 | 31 |
| 238 | moe_router_layer | 4.20 | 3.98 | 4.51 | 31 |
| 239 | gang_moe_w13_linear_layer | 22.49 | 21.77 | 24.21 | 31 |
| 240 | gang_moe_w2_silu_linear_layer | 44.70 | 39.56 | 50.95 | 31 |
| 241 | moe_mul_sum_add_layer | 23.77 | 22.33 | 25.30 | 31 |
| 242 | rmsnorm_layer | 5.21 | 4.76 | 5.98 | 31 |
| 243 | linear_layer | 4.82 | 4.70 | 5.08 | 31 |
| 244 | mla_prep_layer | 13.12 | 12.52 | 13.43 | 31 |
| 245 | mla_attend_layer | 150.49 | 147.48 | 153.64 | 31 |
| 246 | mla_merge_uv_layer | 60.95 | 60.08 | 61.54 | 31 |
| 247 | linear_with_residual_layer | 23.79 | 23.24 | 26.51 | 31 |
| 248 | rmsnorm_layer | 14.21 | 13.17 | 17.60 | 31 |
| 249 | moe_router_layer | 4.07 | 3.90 | 4.28 | 31 |
| 250 | gang_moe_w13_linear_layer | 22.92 | 21.54 | 23.90 | 31 |
| 251 | gang_moe_w2_silu_linear_layer | 41.08 | 38.57 | 43.48 | 31 |
| 252 | moe_mul_sum_add_layer | 23.91 | 21.89 | 25.26 | 31 |
| 253 | rmsnorm_layer | 5.00 | 4.60 | 6.44 | 31 |
| 254 | linear_layer | 4.29 | 3.98 | 4.77 | 31 |
| 255 | mla_prep_layer | 12.79 | 12.12 | 13.12 | 31 |
| 256 | mla_attend_layer | 149.35 | 146.15 | 152.47 | 31 |
| 257 | mla_merge_uv_layer | 60.20 | 59.69 | 61.43 | 31 |
| 258 | linear_with_residual_layer | 25.40 | 23.47 | 28.04 | 31 |
| 259 | rmsnorm_layer | 13.75 | 13.20 | 17.40 | 31 |
| 260 | moe_router_layer | 4.11 | 3.98 | 4.34 | 31 |
| 261 | gang_moe_w13_linear_layer | 22.25 | 21.85 | 24.25 | 31 |
| 262 | gang_moe_w2_silu_linear_layer | 42.32 | 39.41 | 44.83 | 31 |
| 263 | moe_mul_sum_add_layer | 24.15 | 22.56 | 26.08 | 31 |
| 264 | rmsnorm_layer | 5.06 | 4.63 | 6.51 | 31 |
| 265 | linear_layer | 4.36 | 4.05 | 4.93 | 31 |
| 266 | mla_prep_layer | 13.48 | 13.03 | 13.88 | 31 |
| 267 | mla_attend_layer | 150.43 | 146.86 | 153.68 | 31 |
| 268 | mla_merge_uv_layer | 60.87 | 60.22 | 61.98 | 31 |
| 269 | linear_with_residual_layer | 23.66 | 23.32 | 23.92 | 31 |
| 270 | rmsnorm_layer | 12.85 | 12.42 | 13.72 | 31 |
| 271 | moe_router_layer | 3.91 | 3.72 | 4.12 | 31 |
| 272 | gang_moe_w13_linear_layer | 23.21 | 21.38 | 25.54 | 31 |
| 273 | gang_moe_w2_silu_linear_layer | 41.48 | 38.82 | 44.30 | 31 |
| 274 | moe_mul_sum_add_layer | 23.69 | 22.08 | 25.80 | 31 |
| 275 | rmsnorm_layer | 5.02 | 4.56 | 6.92 | 31 |
| 276 | linear_layer | 4.42 | 3.94 | 4.88 | 31 |
| 277 | mla_prep_layer | 13.39 | 12.78 | 14.03 | 31 |
| 278 | mla_attend_layer | 149.67 | 146.43 | 152.96 | 31 |
| 279 | mla_merge_uv_layer | 60.86 | 59.97 | 61.55 | 31 |
| 280 | linear_with_residual_layer | 24.17 | 23.40 | 27.52 | 31 |
| 281 | rmsnorm_layer | 14.20 | 13.19 | 17.64 | 31 |
| 282 | moe_router_layer | 4.13 | 3.92 | 4.34 | 31 |
| 283 | gang_moe_w13_linear_layer | 22.13 | 21.77 | 24.33 | 31 |
| 284 | gang_moe_w2_silu_linear_layer | 43.85 | 38.71 | 46.32 | 31 |
| 285 | moe_mul_sum_add_layer | 24.23 | 22.40 | 26.84 | 31 |
| 286 | rmsnorm_layer | 5.15 | 4.65 | 7.68 | 31 |
| 287 | linear_layer | 4.51 | 4.13 | 5.01 | 31 |
| 288 | mla_prep_layer | 13.47 | 12.80 | 14.06 | 31 |
| 289 | mla_attend_layer | 150.28 | 147.18 | 153.78 | 31 |
| 290 | mla_merge_uv_layer | 60.72 | 60.02 | 61.86 | 31 |
| 291 | linear_with_residual_layer | 23.89 | 23.25 | 26.32 | 31 |
| 292 | rmsnorm_layer | 13.92 | 13.21 | 16.04 | 31 |
| 293 | moe_router_layer | 3.98 | 3.77 | 4.24 | 31 |
| 294 | gang_moe_w13_linear_layer | 22.61 | 21.38 | 23.94 | 31 |
| 295 | gang_moe_w2_silu_linear_layer | 43.67 | 39.80 | 46.10 | 31 |
| 296 | moe_mul_sum_add_layer | 23.77 | 22.12 | 25.68 | 31 |
| 297 | rmsnorm_layer | 4.92 | 4.57 | 5.32 | 31 |
| 298 | linear_layer | 5.01 | 3.96 | 6.44 | 31 |
| 299 | argmax_partial_layer | 0.16 | 0.00 | 0.97 | 31 |
| 300 | argmax_reduce_layer | 0.20 | 0.00 | 0.84 | 31 |
| 301 | event_301 | 0.41 | 0.00 | 1.36 | 31 |
| 302 | event_302 | 0.32 | 0.00 | 1.48 | 31 |
| 303 | event_303 | 2.99 | 0.00 | 80.87 | 31 |
| 304 | event_304 | 0.35 | 0.00 | 1.70 | 31 |
| 305 | event_305 | 0.16 | 0.00 | 0.69 | 31 |
| 306 | event_306 | 0.31 | 0.00 | 1.62 | 31 |
| 307 | event_307 | 0.33 | 0.00 | 3.83 | 31 |
| 308 | event_308 | 0.26 | 0.00 | 1.23 | 31 |
| 309 | event_309 | 0.45 | 0.00 | 2.66 | 31 |
| 310 | event_310 | 0.31 | 0.01 | 1.12 | 31 |
| 311 | event_311 | 3.02 | 0.00 | 83.72 | 31 |
| 312 | event_312 | 8.35 | 0.00 | 83.68 | 31 |
| 313 | event_313 | 0.19 | 0.00 | 0.72 | 31 |
| 314 | event_314 | 0.31 | 0.00 | 1.81 | 31 |
| 315 | event_315 | 0.15 | 0.00 | 0.64 | 31 |
| 316 | event_316 | 0.18 | 0.00 | 0.69 | 31 |
| 317 | event_317 | 0.20 | 0.00 | 0.53 | 31 |
| 318 | event_318 | 0.30 | 0.00 | 1.29 | 31 |
| 319 | event_319 | 0.29 | 0.00 | 1.18 | 31 |
| 320 | event_320 | 2.92 | 0.01 | 81.66 | 31 |
| 321 | event_321 | 0.14 | 0.00 | 0.71 | 31 |
| 322 | event_322 | 0.22 | 0.00 | 0.86 | 31 |
| 323 | event_323 | 0.20 | 0.00 | 1.45 | 31 |
| 324 | event_324 | 0.20 | 0.00 | 0.64 | 31 |
| 325 | event_325 | 0.33 | 0.00 | 1.32 | 31 |
| 326 | event_326 | 0.39 | 0.00 | 2.92 | 31 |
| 327 | event_327 | 0.33 | 0.00 | 1.57 | 31 |
| 328 | event_328 | 3.01 | 0.00 | 82.83 | 31 |
| 329 | event_329 | 3.05 | 0.00 | 81.04 | 31 |
| 330 | event_330 | 0.31 | 0.00 | 1.32 | 31 |
| 331 | event_331 | 13.30 | 0.00 | 82.60 | 31 |
| 332 | event_332 | 11.02 | 0.00 | 82.94 | 31 |
| 333 | event_333 | 21.12 | 0.00 | 81.68 | 31 |
| 334 | event_334 | 2.98 | 0.04 | 75.44 | 31 |
| 335 | event_335 | 13.63 | 0.00 | 82.48 | 31 |
| 336 | event_336 | 0.35 | 0.00 | 1.19 | 31 |
| 337 | event_337 | 4.08 | 0.00 | 36.70 | 31 |
| 338 | event_338 | 2.67 | 0.00 | 36.76 | 31 |
| 339 | event_339 | 0.65 | 0.00 | 2.60 | 31 |
| 340 | event_340 | 12.68 | 0.00 | 37.68 | 31 |
| 341 | event_341 | 7.16 | 0.00 | 37.38 | 31 |
| 342 | event_342 | 0.43 | 0.00 | 2.00 | 31 |
| 343 | event_343 | 3.68 | 0.00 | 36.87 | 31 |
| 344 | event_344 | 1.55 | 0.00 | 35.50 | 31 |
| 345 | event_345 | 1.53 | 0.00 | 38.09 | 31 |
| 346 | event_346 | 4.10 | 0.00 | 36.28 | 31 |
| 347 | event_347 | 0.58 | 0.00 | 3.04 | 31 |
| 348 | event_348 | 1.65 | 0.00 | 35.50 | 31 |
| 349 | event_349 | 6.36 | 6.05 | 6.87 | 31 |
| 350 | event_350 | 5.73 | 5.64 | 5.83 | 31 |

-> /home/hotaisle/metalOps/harness/fleet_out/L27_head_it32_tile_fs_nt_wt/metrics.json, /home/hotaisle/metalOps/harness/fleet_out/L27_head_it32_tile_fs_nt_wt/report_table.md
