# Measurement report

| Quantity | Predicted | Measured |
|---|---|---|
| bytes per iteration (read, MiB) | 4709.9 weights + cache; about 4772.0 with activations | - |
| time per iteration, median (us) | 1148.5-1349.4 + 326 t_b + T_serial | - |
| time per iteration, P95 (us) |  | - |
| time per iteration from event timing, median (us) |  | 4988.4 |
| time per iteration from host wall clock (us) |  | 7984.1 |
| time per iteration from the kernel trace (us) |  | - |
| achieved read bandwidth (TB/s) | 3.66-4.3 over T_bw | - |
| launches per generation | 3 | - |
| L2 hit rate | 16-17% (Fleet's batch-1 figure) | - |
| tokens per second |  | - |
| GFX clock from amd-smi during the run, median / max (MHz) | 2100 max (D2 of round 1) | 2103 / 2103 over 48 samples |
| memory clock from amd-smi, median (MHz) |  | 900 |

## Per-operator time (event gaps, mean over iterations after the first)

| Event | Operator | mean us | min us | max us | n |
|---|---|---|---|---|---|
| 1 | iteration_start | 184.09 | 104.04 | 268.60 | 30 |
| 2 | embed_layer | 13.67 | 12.48 | 14.80 | 31 |
| 3 | rmsnorm_layer | 3.70 | 3.43 | 3.87 | 31 |
| 4 | linear_layer | 23.74 | 22.19 | 25.61 | 31 |
| 5 | mla_prep_layer | 10.23 | 9.94 | 10.52 | 31 |
| 6 | mla_attend_layer | 11.96 | 11.27 | 13.64 | 31 |
| 7 | mla_merge_uv_layer | 24.10 | 23.18 | 25.08 | 31 |
| 8 | linear_with_residual_layer | 12.84 | 12.04 | 13.61 | 31 |
| 9 | rmsnorm_layer | 4.33 | 3.48 | 5.02 | 31 |
| 10 | gang_linear_silu_layer | 35.45 | 33.88 | 36.70 | 31 |
| 11 | linear_with_residual_layer | 50.79 | 49.00 | 53.20 | 31 |
| 12 | rmsnorm_layer | 3.88 | 3.30 | 4.44 | 31 |
| 13 | linear_layer | 12.68 | 12.15 | 13.34 | 31 |
| 14 | mla_prep_layer | 10.59 | 10.12 | 11.06 | 31 |
| 15 | mla_attend_layer | 11.46 | 11.12 | 11.82 | 31 |
| 16 | mla_merge_uv_layer | 23.31 | 22.38 | 24.54 | 31 |
| 17 | linear_with_residual_layer | 13.35 | 12.50 | 15.48 | 31 |
| 18 | moe_router_layer | 27.79 | 25.95 | 35.28 | 31 |
| 19 | gang_moe_w13_linear_layer | 41.02 | 37.49 | 46.04 | 31 |
| 20 | gang_moe_w2_silu_linear_layer | 23.65 | 21.66 | 25.80 | 31 |
| 21 | moe_mul_sum_add_layer | 4.47 | 3.95 | 5.06 | 31 |
| 22 | rmsnorm_layer | 4.13 | 3.60 | 4.68 | 31 |
| 23 | linear_layer | 12.78 | 12.02 | 13.50 | 31 |
| 24 | mla_prep_layer | 10.32 | 10.07 | 10.77 | 31 |
| 25 | mla_attend_layer | 11.82 | 11.23 | 12.45 | 31 |
| 26 | mla_merge_uv_layer | 23.38 | 22.48 | 25.76 | 31 |
| 27 | linear_with_residual_layer | 12.94 | 12.34 | 15.44 | 31 |
| 28 | moe_router_layer | 28.29 | 26.73 | 32.47 | 31 |
| 29 | gang_moe_w13_linear_layer | 43.11 | 39.19 | 47.13 | 31 |
| 30 | gang_moe_w2_silu_linear_layer | 23.82 | 21.72 | 25.80 | 31 |
| 31 | moe_mul_sum_add_layer | 3.74 | 3.37 | 4.60 | 31 |
| 32 | rmsnorm_layer | 3.84 | 3.55 | 4.46 | 31 |
| 33 | linear_layer | 12.92 | 12.04 | 13.37 | 31 |
| 34 | mla_prep_layer | 10.26 | 9.96 | 10.74 | 31 |
| 35 | mla_attend_layer | 11.61 | 11.35 | 12.15 | 31 |
| 36 | mla_merge_uv_layer | 23.99 | 22.50 | 26.78 | 31 |
| 37 | linear_with_residual_layer | 12.90 | 12.28 | 14.95 | 31 |
| 38 | moe_router_layer | 27.98 | 26.78 | 29.30 | 31 |
| 39 | gang_moe_w13_linear_layer | 42.45 | 39.46 | 47.44 | 31 |
| 40 | gang_moe_w2_silu_linear_layer | 23.48 | 21.88 | 25.80 | 31 |
| 41 | moe_mul_sum_add_layer | 4.53 | 3.99 | 5.97 | 31 |
| 42 | rmsnorm_layer | 3.51 | 3.25 | 4.39 | 31 |
| 43 | linear_layer | 13.07 | 12.17 | 13.57 | 31 |
| 44 | mla_prep_layer | 10.14 | 9.82 | 10.56 | 31 |
| 45 | mla_attend_layer | 11.72 | 11.35 | 12.20 | 31 |
| 46 | mla_merge_uv_layer | 22.98 | 22.51 | 23.47 | 31 |
| 47 | linear_with_residual_layer | 12.43 | 11.86 | 15.60 | 31 |
| 48 | moe_router_layer | 26.60 | 25.50 | 31.08 | 31 |
| 49 | gang_moe_w13_linear_layer | 41.24 | 37.68 | 43.98 | 31 |
| 50 | gang_moe_w2_silu_linear_layer | 23.48 | 21.76 | 25.48 | 31 |
| 51 | moe_mul_sum_add_layer | 4.86 | 4.10 | 7.26 | 31 |
| 52 | rmsnorm_layer | 4.01 | 3.32 | 4.48 | 31 |
| 53 | linear_layer | 12.57 | 12.00 | 13.34 | 31 |
| 54 | mla_prep_layer | 10.47 | 9.98 | 10.70 | 31 |
| 55 | mla_attend_layer | 11.60 | 11.24 | 12.00 | 31 |
| 56 | mla_merge_uv_layer | 23.00 | 22.18 | 25.33 | 31 |
| 57 | linear_with_residual_layer | 12.97 | 12.24 | 16.88 | 31 |
| 58 | moe_router_layer | 27.32 | 25.64 | 33.02 | 31 |
| 59 | gang_moe_w13_linear_layer | 41.54 | 39.41 | 45.42 | 31 |
| 60 | gang_moe_w2_silu_linear_layer | 23.45 | 21.48 | 24.64 | 31 |
| 61 | moe_mul_sum_add_layer | 4.25 | 3.84 | 4.66 | 31 |
| 62 | rmsnorm_layer | 3.77 | 3.48 | 4.50 | 31 |
| 63 | linear_layer | 12.81 | 12.06 | 13.58 | 31 |
| 64 | mla_prep_layer | 10.17 | 9.71 | 11.43 | 31 |
| 65 | mla_attend_layer | 11.89 | 11.31 | 12.35 | 31 |
| 66 | mla_merge_uv_layer | 22.97 | 22.40 | 23.44 | 31 |
| 67 | linear_with_residual_layer | 12.69 | 11.89 | 17.00 | 31 |
| 68 | moe_router_layer | 28.67 | 26.64 | 34.44 | 31 |
| 69 | gang_moe_w13_linear_layer | 39.88 | 37.77 | 41.67 | 31 |
| 70 | gang_moe_w2_silu_linear_layer | 22.99 | 21.72 | 24.66 | 31 |
| 71 | moe_mul_sum_add_layer | 4.47 | 4.09 | 4.84 | 31 |
| 72 | rmsnorm_layer | 4.28 | 3.56 | 4.62 | 31 |
| 73 | linear_layer | 12.66 | 12.08 | 13.38 | 31 |
| 74 | mla_prep_layer | 10.27 | 9.94 | 10.77 | 31 |
| 75 | mla_attend_layer | 11.59 | 11.31 | 12.26 | 31 |
| 76 | mla_merge_uv_layer | 23.03 | 22.40 | 25.56 | 31 |
| 77 | linear_with_residual_layer | 12.85 | 12.15 | 14.31 | 31 |
| 78 | moe_router_layer | 28.24 | 26.28 | 30.84 | 31 |
| 79 | gang_moe_w13_linear_layer | 40.99 | 37.92 | 46.55 | 31 |
| 80 | gang_moe_w2_silu_linear_layer | 23.47 | 21.84 | 25.72 | 31 |
| 81 | moe_mul_sum_add_layer | 4.77 | 3.86 | 6.10 | 31 |
| 82 | rmsnorm_layer | 3.96 | 3.35 | 4.41 | 31 |
| 83 | linear_layer | 12.82 | 11.89 | 13.69 | 31 |
| 84 | mla_prep_layer | 10.44 | 10.17 | 11.56 | 31 |
| 85 | mla_attend_layer | 11.64 | 11.30 | 12.38 | 31 |
| 86 | mla_merge_uv_layer | 23.64 | 22.36 | 25.80 | 31 |
| 87 | linear_with_residual_layer | 12.78 | 12.22 | 14.12 | 31 |
| 88 | moe_router_layer | 28.10 | 26.05 | 34.30 | 31 |
| 89 | gang_moe_w13_linear_layer | 41.11 | 38.04 | 46.44 | 31 |
| 90 | gang_moe_w2_silu_linear_layer | 23.28 | 21.80 | 25.63 | 31 |
| 91 | moe_mul_sum_add_layer | 4.39 | 4.00 | 5.24 | 31 |
| 92 | rmsnorm_layer | 3.89 | 3.34 | 4.34 | 31 |
| 93 | linear_layer | 12.54 | 11.84 | 13.42 | 31 |
| 94 | mla_prep_layer | 10.45 | 10.10 | 10.68 | 31 |
| 95 | mla_attend_layer | 11.41 | 11.17 | 11.92 | 31 |
| 96 | mla_merge_uv_layer | 22.89 | 22.44 | 24.78 | 31 |
| 97 | linear_with_residual_layer | 12.92 | 12.19 | 13.94 | 31 |
| 98 | moe_router_layer | 27.79 | 25.67 | 30.38 | 31 |
| 99 | gang_moe_w13_linear_layer | 43.50 | 40.41 | 48.40 | 31 |
| 100 | gang_moe_w2_silu_linear_layer | 23.08 | 21.40 | 24.72 | 31 |
| 101 | moe_mul_sum_add_layer | 4.40 | 4.00 | 5.00 | 31 |
| 102 | rmsnorm_layer | 4.02 | 3.48 | 4.48 | 31 |
| 103 | linear_layer | 12.92 | 12.24 | 13.58 | 31 |
| 104 | mla_prep_layer | 10.21 | 9.99 | 10.51 | 31 |
| 105 | mla_attend_layer | 12.05 | 11.27 | 12.52 | 31 |
| 106 | mla_merge_uv_layer | 22.97 | 22.48 | 24.99 | 31 |
| 107 | linear_with_residual_layer | 12.54 | 11.82 | 13.12 | 31 |
| 108 | moe_router_layer | 28.01 | 26.01 | 36.05 | 31 |
| 109 | gang_moe_w13_linear_layer | 40.28 | 38.01 | 42.64 | 31 |
| 110 | gang_moe_w2_silu_linear_layer | 23.43 | 21.59 | 25.64 | 31 |
| 111 | moe_mul_sum_add_layer | 3.78 | 3.40 | 4.72 | 31 |
| 112 | rmsnorm_layer | 4.16 | 3.54 | 4.42 | 31 |
| 113 | linear_layer | 12.62 | 11.97 | 13.48 | 31 |
| 114 | mla_prep_layer | 10.08 | 9.80 | 10.64 | 31 |
| 115 | mla_attend_layer | 11.70 | 11.34 | 12.39 | 31 |
| 116 | mla_merge_uv_layer | 24.48 | 22.73 | 27.24 | 31 |
| 117 | linear_with_residual_layer | 13.16 | 12.29 | 15.44 | 31 |
| 118 | moe_router_layer | 27.75 | 25.69 | 30.04 | 31 |
| 119 | gang_moe_w13_linear_layer | 43.28 | 40.66 | 46.16 | 31 |
| 120 | gang_moe_w2_silu_linear_layer | 23.18 | 21.72 | 24.76 | 31 |
| 121 | moe_mul_sum_add_layer | 4.36 | 3.92 | 4.81 | 31 |
| 122 | rmsnorm_layer | 4.03 | 3.51 | 4.47 | 31 |
| 123 | linear_layer | 12.37 | 11.79 | 13.12 | 31 |
| 124 | mla_prep_layer | 10.12 | 9.84 | 10.53 | 31 |
| 125 | mla_attend_layer | 11.80 | 11.38 | 12.22 | 31 |
| 126 | mla_merge_uv_layer | 23.73 | 22.75 | 26.14 | 31 |
| 127 | linear_with_residual_layer | 12.45 | 11.50 | 16.92 | 31 |
| 128 | moe_router_layer | 26.80 | 25.46 | 28.26 | 31 |
| 129 | gang_moe_w13_linear_layer | 41.37 | 38.15 | 42.76 | 31 |
| 130 | gang_moe_w2_silu_linear_layer | 23.18 | 21.75 | 25.44 | 31 |
| 131 | moe_mul_sum_add_layer | 4.53 | 3.84 | 5.14 | 31 |
| 132 | rmsnorm_layer | 4.00 | 3.44 | 4.54 | 31 |
| 133 | linear_layer | 12.65 | 11.84 | 13.31 | 31 |
| 134 | mla_prep_layer | 10.31 | 9.91 | 10.52 | 31 |
| 135 | mla_attend_layer | 11.76 | 11.18 | 12.22 | 31 |
| 136 | mla_merge_uv_layer | 23.92 | 22.86 | 25.60 | 31 |
| 137 | linear_with_residual_layer | 12.92 | 12.16 | 15.83 | 31 |
| 138 | moe_router_layer | 26.99 | 25.63 | 30.64 | 31 |
| 139 | gang_moe_w13_linear_layer | 41.10 | 37.76 | 43.14 | 31 |
| 140 | gang_moe_w2_silu_linear_layer | 22.94 | 21.79 | 25.75 | 31 |
| 141 | moe_mul_sum_add_layer | 4.14 | 3.84 | 4.64 | 31 |
| 142 | rmsnorm_layer | 4.15 | 3.51 | 4.76 | 31 |
| 143 | linear_layer | 12.52 | 11.98 | 13.20 | 31 |
| 144 | mla_prep_layer | 10.26 | 9.96 | 10.67 | 31 |
| 145 | mla_attend_layer | 12.09 | 11.56 | 12.40 | 31 |
| 146 | mla_merge_uv_layer | 23.09 | 22.48 | 24.69 | 31 |
| 147 | linear_with_residual_layer | 12.63 | 12.02 | 13.28 | 31 |
| 148 | moe_router_layer | 28.21 | 26.23 | 29.32 | 31 |
| 149 | gang_moe_w13_linear_layer | 40.20 | 38.05 | 42.95 | 31 |
| 150 | gang_moe_w2_silu_linear_layer | 23.31 | 21.38 | 25.14 | 31 |
| 151 | moe_mul_sum_add_layer | 4.25 | 3.91 | 4.60 | 31 |
| 152 | rmsnorm_layer | 3.96 | 3.47 | 4.40 | 31 |
| 153 | linear_layer | 12.79 | 12.12 | 13.50 | 31 |
| 154 | mla_prep_layer | 10.25 | 9.82 | 10.73 | 31 |
| 155 | mla_attend_layer | 11.65 | 11.23 | 12.34 | 31 |
| 156 | mla_merge_uv_layer | 23.47 | 22.58 | 25.96 | 31 |
| 157 | linear_with_residual_layer | 12.99 | 11.99 | 15.52 | 31 |
| 158 | moe_router_layer | 27.98 | 26.37 | 31.62 | 31 |
| 159 | gang_moe_w13_linear_layer | 40.67 | 38.34 | 45.88 | 31 |
| 160 | gang_moe_w2_silu_linear_layer | 23.43 | 21.64 | 25.34 | 31 |
| 161 | moe_mul_sum_add_layer | 4.42 | 4.05 | 5.16 | 31 |
| 162 | rmsnorm_layer | 3.70 | 3.44 | 4.20 | 31 |
| 163 | linear_layer | 13.16 | 12.23 | 13.72 | 31 |
| 164 | mla_prep_layer | 10.05 | 9.74 | 10.94 | 31 |
| 165 | mla_attend_layer | 11.84 | 11.40 | 13.16 | 31 |
| 166 | mla_merge_uv_layer | 24.88 | 23.08 | 26.40 | 31 |
| 167 | linear_with_residual_layer | 13.02 | 11.98 | 15.58 | 31 |
| 168 | moe_router_layer | 25.90 | 24.82 | 29.82 | 31 |
| 169 | gang_moe_w13_linear_layer | 41.59 | 39.48 | 43.30 | 31 |
| 170 | gang_moe_w2_silu_linear_layer | 23.34 | 21.98 | 25.12 | 31 |
| 171 | moe_mul_sum_add_layer | 4.34 | 3.76 | 5.63 | 31 |
| 172 | rmsnorm_layer | 4.02 | 3.38 | 4.44 | 31 |
| 173 | linear_layer | 12.50 | 11.71 | 13.34 | 31 |
| 174 | mla_prep_layer | 10.12 | 9.68 | 10.47 | 31 |
| 175 | mla_attend_layer | 11.86 | 11.22 | 15.00 | 31 |
| 176 | mla_merge_uv_layer | 23.65 | 22.38 | 25.60 | 31 |
| 177 | linear_with_residual_layer | 12.99 | 12.24 | 14.61 | 31 |
| 178 | moe_router_layer | 26.89 | 25.03 | 31.55 | 31 |
| 179 | gang_moe_w13_linear_layer | 41.12 | 37.84 | 46.42 | 31 |
| 180 | gang_moe_w2_silu_linear_layer | 23.45 | 21.92 | 25.12 | 31 |
| 181 | moe_mul_sum_add_layer | 4.27 | 3.96 | 5.12 | 31 |
| 182 | rmsnorm_layer | 4.08 | 3.70 | 4.76 | 31 |
| 183 | linear_layer | 13.05 | 12.36 | 13.88 | 31 |
| 184 | mla_prep_layer | 10.23 | 9.92 | 10.96 | 31 |
| 185 | mla_attend_layer | 11.89 | 11.28 | 12.27 | 31 |
| 186 | mla_merge_uv_layer | 23.21 | 22.40 | 24.72 | 31 |
| 187 | linear_with_residual_layer | 12.94 | 12.02 | 15.33 | 31 |
| 188 | moe_router_layer | 27.74 | 26.21 | 32.17 | 31 |
| 189 | gang_moe_w13_linear_layer | 41.17 | 38.57 | 44.20 | 31 |
| 190 | gang_moe_w2_silu_linear_layer | 23.14 | 21.43 | 24.80 | 31 |
| 191 | moe_mul_sum_add_layer | 4.40 | 3.48 | 6.76 | 31 |
| 192 | rmsnorm_layer | 4.13 | 3.52 | 4.34 | 31 |
| 193 | linear_layer | 12.86 | 12.36 | 13.69 | 31 |
| 194 | mla_prep_layer | 10.09 | 9.77 | 10.65 | 31 |
| 195 | mla_attend_layer | 11.94 | 11.31 | 12.58 | 31 |
| 196 | mla_merge_uv_layer | 23.50 | 22.45 | 25.54 | 31 |
| 197 | linear_with_residual_layer | 13.00 | 12.40 | 14.30 | 31 |
| 198 | moe_router_layer | 28.46 | 26.50 | 29.22 | 31 |
| 199 | gang_moe_w13_linear_layer | 40.65 | 38.07 | 44.56 | 31 |
| 200 | gang_moe_w2_silu_linear_layer | 23.11 | 21.72 | 26.20 | 31 |
| 201 | moe_mul_sum_add_layer | 4.74 | 4.23 | 6.58 | 31 |
| 202 | rmsnorm_layer | 3.99 | 3.44 | 4.27 | 31 |
| 203 | linear_layer | 12.79 | 12.20 | 13.39 | 31 |
| 204 | mla_prep_layer | 10.82 | 10.50 | 11.18 | 31 |
| 205 | mla_attend_layer | 11.67 | 11.30 | 12.14 | 31 |
| 206 | mla_merge_uv_layer | 23.43 | 22.46 | 25.87 | 31 |
| 207 | linear_with_residual_layer | 12.58 | 11.66 | 15.56 | 31 |
| 208 | moe_router_layer | 27.97 | 27.58 | 29.00 | 31 |
| 209 | gang_moe_w13_linear_layer | 40.22 | 37.79 | 42.80 | 31 |
| 210 | gang_moe_w2_silu_linear_layer | 23.25 | 21.68 | 25.55 | 31 |
| 211 | moe_mul_sum_add_layer | 4.66 | 4.11 | 5.36 | 31 |
| 212 | rmsnorm_layer | 4.24 | 3.98 | 4.81 | 31 |
| 213 | linear_layer | 12.58 | 12.07 | 12.98 | 31 |
| 214 | mla_prep_layer | 10.45 | 10.12 | 10.96 | 31 |
| 215 | mla_attend_layer | 11.65 | 11.25 | 12.36 | 31 |
| 216 | mla_merge_uv_layer | 23.32 | 22.38 | 25.62 | 31 |
| 217 | linear_with_residual_layer | 13.06 | 12.28 | 15.48 | 31 |
| 218 | moe_router_layer | 27.41 | 25.55 | 28.82 | 31 |
| 219 | gang_moe_w13_linear_layer | 40.33 | 37.82 | 43.34 | 31 |
| 220 | gang_moe_w2_silu_linear_layer | 22.71 | 21.63 | 26.76 | 31 |
| 221 | moe_mul_sum_add_layer | 4.41 | 4.04 | 4.73 | 31 |
| 222 | rmsnorm_layer | 4.11 | 3.67 | 4.55 | 31 |
| 223 | linear_layer | 12.71 | 12.13 | 13.72 | 31 |
| 224 | mla_prep_layer | 9.88 | 9.59 | 10.20 | 31 |
| 225 | mla_attend_layer | 11.87 | 11.21 | 12.43 | 31 |
| 226 | mla_merge_uv_layer | 23.54 | 22.27 | 25.47 | 31 |
| 227 | linear_with_residual_layer | 13.19 | 12.20 | 16.00 | 31 |
| 228 | moe_router_layer | 28.21 | 25.81 | 28.87 | 31 |
| 229 | gang_moe_w13_linear_layer | 42.53 | 39.20 | 46.11 | 31 |
| 230 | gang_moe_w2_silu_linear_layer | 22.92 | 21.28 | 24.78 | 31 |
| 231 | moe_mul_sum_add_layer | 4.66 | 4.14 | 7.38 | 31 |
| 232 | rmsnorm_layer | 4.25 | 3.62 | 4.70 | 31 |
| 233 | linear_layer | 12.89 | 12.25 | 13.60 | 31 |
| 234 | mla_prep_layer | 10.13 | 9.82 | 10.42 | 31 |
| 235 | mla_attend_layer | 11.69 | 11.27 | 12.30 | 31 |
| 236 | mla_merge_uv_layer | 23.76 | 22.37 | 25.89 | 31 |
| 237 | linear_with_residual_layer | 13.23 | 12.50 | 15.75 | 31 |
| 238 | moe_router_layer | 28.52 | 26.34 | 28.98 | 31 |
| 239 | gang_moe_w13_linear_layer | 40.44 | 38.06 | 43.86 | 31 |
| 240 | gang_moe_w2_silu_linear_layer | 22.85 | 21.55 | 24.72 | 31 |
| 241 | moe_mul_sum_add_layer | 4.55 | 4.25 | 5.76 | 31 |
| 242 | rmsnorm_layer | 4.00 | 3.52 | 4.32 | 31 |
| 243 | linear_layer | 12.67 | 12.24 | 13.16 | 31 |
| 244 | mla_prep_layer | 10.15 | 9.85 | 10.56 | 31 |
| 245 | mla_attend_layer | 11.70 | 11.39 | 12.08 | 31 |
| 246 | mla_merge_uv_layer | 24.28 | 22.64 | 25.99 | 31 |
| 247 | linear_with_residual_layer | 13.09 | 12.44 | 15.26 | 31 |
| 248 | moe_router_layer | 28.49 | 28.18 | 29.22 | 31 |
| 249 | gang_moe_w13_linear_layer | 39.96 | 38.00 | 41.08 | 31 |
| 250 | gang_moe_w2_silu_linear_layer | 23.11 | 21.85 | 25.76 | 31 |
| 251 | moe_mul_sum_add_layer | 4.54 | 4.00 | 5.87 | 31 |
| 252 | rmsnorm_layer | 4.21 | 4.02 | 4.44 | 31 |
| 253 | linear_layer | 12.41 | 11.83 | 12.79 | 31 |
| 254 | mla_prep_layer | 10.55 | 10.28 | 11.08 | 31 |
| 255 | mla_attend_layer | 11.54 | 11.24 | 11.92 | 31 |
| 256 | mla_merge_uv_layer | 23.77 | 22.53 | 26.14 | 31 |
| 257 | linear_with_residual_layer | 12.96 | 12.22 | 15.36 | 31 |
| 258 | moe_router_layer | 26.99 | 25.55 | 28.26 | 31 |
| 259 | gang_moe_w13_linear_layer | 40.70 | 37.68 | 44.30 | 31 |
| 260 | gang_moe_w2_silu_linear_layer | 23.24 | 21.12 | 25.36 | 31 |
| 261 | moe_mul_sum_add_layer | 4.50 | 4.06 | 6.40 | 31 |
| 262 | rmsnorm_layer | 3.81 | 3.56 | 4.58 | 31 |
| 263 | linear_layer | 13.33 | 12.57 | 13.74 | 31 |
| 264 | mla_prep_layer | 10.24 | 9.89 | 10.57 | 31 |
| 265 | mla_attend_layer | 11.88 | 11.47 | 12.41 | 31 |
| 266 | mla_merge_uv_layer | 22.98 | 22.36 | 23.76 | 31 |
| 267 | linear_with_residual_layer | 13.00 | 12.34 | 14.18 | 31 |
| 268 | moe_router_layer | 26.66 | 25.33 | 27.96 | 31 |
| 269 | gang_moe_w13_linear_layer | 40.79 | 37.37 | 43.72 | 31 |
| 270 | gang_moe_w2_silu_linear_layer | 23.15 | 21.28 | 24.86 | 31 |
| 271 | moe_mul_sum_add_layer | 3.74 | 3.41 | 5.28 | 31 |
| 272 | rmsnorm_layer | 5.01 | 3.44 | 6.04 | 31 |
| 273 | linear_layer | 0.56 | 0.00 | 6.46 | 31 |
| 274 | argmax_partial_layer | 2.96 | 0.00 | 83.96 | 31 |
| 275 | argmax_reduce_layer | 0.36 | 0.00 | 1.75 | 31 |
| 276 | event_276 | 0.28 | 0.00 | 1.93 | 31 |
| 277 | event_277 | 32.18 | 0.02 | 86.49 | 31 |
| 278 | event_278 | 3.07 | 0.00 | 82.28 | 31 |
| 279 | event_279 | 0.18 | 0.00 | 0.54 | 31 |
| 280 | event_280 | 0.26 | 0.00 | 1.38 | 31 |
| 281 | event_281 | 3.21 | 0.00 | 86.89 | 31 |
| 282 | event_282 | 5.87 | 0.00 | 84.17 | 31 |
| 283 | event_283 | 0.33 | 0.00 | 1.15 | 31 |
| 284 | event_284 | 0.43 | 0.00 | 4.81 | 31 |
| 285 | event_285 | 0.47 | 0.03 | 2.74 | 31 |
| 286 | event_286 | 5.72 | 0.01 | 84.81 | 31 |
| 287 | event_287 | 5.71 | 0.00 | 84.32 | 31 |
| 288 | event_288 | 0.29 | 0.00 | 1.08 | 31 |
| 289 | event_289 | 0.39 | 0.00 | 3.50 | 31 |
| 290 | event_290 | 0.27 | 0.00 | 1.42 | 31 |
| 291 | event_291 | 3.02 | 0.00 | 83.77 | 31 |
| 292 | event_292 | 0.44 | 0.00 | 2.02 | 31 |
| 293 | event_293 | 3.05 | 0.00 | 83.66 | 31 |
| 294 | event_294 | 5.82 | 0.00 | 85.18 | 31 |
| 295 | event_295 | 3.14 | 0.00 | 83.16 | 31 |
| 296 | event_296 | 0.16 | 0.00 | 0.64 | 31 |
| 297 | event_297 | 0.19 | 0.00 | 1.04 | 31 |
| 298 | event_298 | 0.32 | 0.00 | 1.24 | 31 |
| 299 | event_299 | 0.24 | 0.00 | 1.25 | 31 |
| 300 | event_300 | 0.31 | 0.00 | 0.94 | 31 |
| 301 | event_301 | 0.42 | 0.00 | 1.72 | 31 |
| 302 | event_302 | 13.89 | 0.00 | 87.01 | 31 |
| 303 | event_303 | 0.33 | 0.00 | 1.90 | 31 |
| 304 | event_304 | 0.30 | 0.00 | 1.92 | 31 |
| 305 | event_305 | 0.33 | 0.00 | 1.38 | 31 |
| 306 | event_306 | 0.30 | 0.00 | 1.65 | 31 |
| 307 | event_307 | 0.25 | 0.00 | 0.94 | 31 |
| 308 | event_308 | 0.39 | 0.00 | 1.47 | 31 |
| 309 | event_309 | 0.25 | 0.00 | 1.12 | 31 |
| 310 | event_310 | 2.51 | 0.00 | 31.72 | 31 |
| 311 | event_311 | 3.50 | 0.02 | 32.16 | 31 |
| 312 | event_312 | 0.76 | 0.01 | 2.87 | 31 |
| 313 | event_313 | 1.93 | 0.00 | 35.57 | 31 |
| 314 | event_314 | 13.72 | 0.03 | 35.69 | 31 |
| 315 | event_315 | 4.71 | 0.00 | 34.86 | 31 |
| 316 | event_316 | 0.69 | 0.00 | 2.68 | 31 |
| 317 | event_317 | 0.70 | 0.00 | 4.44 | 31 |
| 318 | event_318 | 1.72 | 0.00 | 34.96 | 31 |
| 319 | event_319 | 3.89 | 0.00 | 34.52 | 31 |
| 320 | event_320 | 0.69 | 0.00 | 2.63 | 31 |
| 321 | event_321 | 0.82 | 0.02 | 2.18 | 31 |
| 322 | event_322 | 4.88 | 0.03 | 34.47 | 31 |
| 323 | event_323 | 5.82 | 5.50 | 6.08 | 31 |
| 324 | event_324 | 4.91 | 4.74 | 5.24 | 31 |

-> /home/hotaisle/metalOps/harness/fleet_out/L27_head_it32_tile_fn2_fs_nt_mfma/metrics.json, /home/hotaisle/metalOps/harness/fleet_out/L27_head_it32_tile_fn2_fs_nt_mfma/report_table.md
