# Measurement report

| Quantity | Predicted | Measured |
|---|---|---|
| bytes per iteration (read, MiB) | 4709.9 weights + cache; about 4772.0 with activations | - |
| time per iteration, median (us) | 1148.5-1349.4 + 326 t_b + T_serial | 8953.0 |
| time per iteration, P95 (us) |  | 8993.5 |
| time per iteration from event timing, median (us) |  | 8952.8 |
| time per iteration from host wall clock (us) |  | 78862.6 |
| time per iteration from the kernel trace (us) |  | - |
| achieved read bandwidth (TB/s) | 3.66-4.3 over T_bw | - |
| launches per generation | 3 | - |
| L2 hit rate | 16-17% (Fleet's batch-1 figure) | - |
| tokens per second |  | 111.7 |
| workers with tasks (of those reporting) |  | 296 of 296 |
| tasks per XCD (placement) |  | 0:89761 1:89760 2:89760 3:89760 4:89791 5:89760 6:89760 7:89760 |
| shader clock from the spin (MHz) |  | - |
| exec cycles per task, busy workers |  | 35247.0 |
| exec us per task (at the spin's SCLK) |  | - |
| dep-wait us per iteration per busy worker |  | - |
| GFX clock from amd-smi during the run, median / max (MHz) | 2100 max (D2 of round 1) | 2102 / 2103 over 50 samples |
| memory clock from amd-smi, median (MHz) |  | 900 |

## Exec time per task by class (worker timing, I1)

| Class | tasks | cycles per task | us per task |
|---|---|---|---|
| attend | 31968 | 16275 | - |
| linear | 101376 | 34986 | - |
| linear_res | 57344 | 24079 | - |
| merge | 12960 | 40567 | - |
| prep | 864 | 313472 | - |
| rms | 1760 | 3496 | - |
| router | 555 | 41157 | - |
| silu | 6656 | 2445 | - |

## Per-operator time (event gaps, mean over iterations after the first)

| Event | Operator | mean us | min us | max us | n |
|---|---|---|---|---|---|
| 1 | embed_layer | 183.21 | 150.00 | 241.80 | 30 |
| 2 | rmsnorm_layer | 14.35 | 13.29 | 16.13 | 31 |
| 3 | linear_layer | 4.15 | 3.94 | 4.50 | 31 |
| 4 | mla_prep_layer | 22.97 | 21.01 | 25.94 | 31 |
| 5 | mla_attend_layer | 150.79 | 148.38 | 155.94 | 31 |
| 6 | mla_merge_uv_layer | 12.76 | 12.25 | 15.80 | 31 |
| 7 | linear_with_residual_layer | 26.94 | 23.32 | 27.92 | 31 |
| 8 | rmsnorm_layer | 13.44 | 12.89 | 13.92 | 31 |
| 9 | gang_linear_silu_layer | 4.85 | 3.87 | 5.43 | 31 |
| 10 | linear_with_residual_layer | 32.40 | 31.06 | 33.88 | 31 |
| 11 | rmsnorm_layer | 51.43 | 49.94 | 53.26 | 31 |
| 12 | linear_layer | 4.63 | 3.94 | 4.90 | 31 |
| 13 | mla_prep_layer | 13.18 | 12.65 | 13.94 | 31 |
| 14 | mla_attend_layer | 149.54 | 146.29 | 152.60 | 31 |
| 15 | mla_merge_uv_layer | 12.46 | 11.98 | 12.82 | 31 |
| 16 | linear_with_residual_layer | 23.67 | 22.97 | 24.40 | 31 |
| 17 | rmsnorm_layer | 13.68 | 12.92 | 14.12 | 31 |
| 18 | moe_router_layer | 4.26 | 4.00 | 4.51 | 31 |
| 19 | gang_moe_w13_linear_layer | 23.65 | 21.93 | 27.89 | 31 |
| 20 | moe_silu_mul_layer | 41.07 | 38.83 | 46.12 | 31 |
| 21 | gang_moe_w2_linear_layer | 5.57 | 4.15 | 6.80 | 31 |
| 22 | moe_mul_sum_add_layer | 22.57 | 21.23 | 24.24 | 31 |
| 23 | rmsnorm_layer | 4.98 | 4.68 | 5.40 | 31 |
| 24 | linear_layer | 4.42 | 3.93 | 4.78 | 31 |
| 25 | mla_prep_layer | 13.73 | 13.03 | 14.38 | 31 |
| 26 | mla_attend_layer | 149.83 | 147.75 | 152.47 | 31 |
| 27 | mla_merge_uv_layer | 12.65 | 12.19 | 13.15 | 31 |
| 28 | linear_with_residual_layer | 24.00 | 23.10 | 26.36 | 31 |
| 29 | rmsnorm_layer | 14.05 | 13.01 | 18.04 | 31 |
| 30 | moe_router_layer | 3.61 | 3.44 | 3.81 | 31 |
| 31 | gang_moe_w13_linear_layer | 23.95 | 22.23 | 30.63 | 31 |
| 32 | moe_silu_mul_layer | 42.65 | 40.29 | 45.61 | 31 |
| 33 | gang_moe_w2_linear_layer | 6.04 | 4.13 | 8.72 | 31 |
| 34 | moe_mul_sum_add_layer | 21.68 | 20.48 | 23.39 | 31 |
| 35 | rmsnorm_layer | 5.69 | 4.96 | 7.13 | 31 |
| 36 | linear_layer | 4.64 | 3.98 | 4.89 | 31 |
| 37 | mla_prep_layer | 13.29 | 12.86 | 14.09 | 31 |
| 38 | mla_attend_layer | 149.70 | 146.57 | 152.52 | 31 |
| 39 | mla_merge_uv_layer | 12.74 | 12.45 | 13.15 | 31 |
| 40 | linear_with_residual_layer | 23.82 | 23.32 | 24.28 | 31 |
| 41 | rmsnorm_layer | 13.39 | 12.81 | 14.16 | 31 |
| 42 | moe_router_layer | 4.20 | 4.03 | 4.48 | 31 |
| 43 | gang_moe_w13_linear_layer | 23.84 | 21.97 | 24.45 | 31 |
| 44 | moe_silu_mul_layer | 42.00 | 38.82 | 45.61 | 31 |
| 45 | gang_moe_w2_linear_layer | 5.48 | 4.06 | 6.58 | 31 |
| 46 | moe_mul_sum_add_layer | 22.44 | 20.40 | 24.38 | 31 |
| 47 | rmsnorm_layer | 4.65 | 4.08 | 7.08 | 31 |
| 48 | linear_layer | 4.39 | 3.97 | 4.78 | 31 |
| 49 | mla_prep_layer | 13.45 | 12.80 | 14.21 | 31 |
| 50 | mla_attend_layer | 150.27 | 147.81 | 153.10 | 31 |
| 51 | mla_merge_uv_layer | 12.98 | 12.51 | 13.39 | 31 |
| 52 | linear_with_residual_layer | 23.67 | 22.88 | 24.36 | 31 |
| 53 | rmsnorm_layer | 13.53 | 12.93 | 14.36 | 31 |
| 54 | moe_router_layer | 3.62 | 3.48 | 3.76 | 31 |
| 55 | gang_moe_w13_linear_layer | 24.02 | 22.15 | 29.59 | 31 |
| 56 | moe_silu_mul_layer | 40.19 | 38.59 | 42.34 | 31 |
| 57 | gang_moe_w2_linear_layer | 6.04 | 4.24 | 6.76 | 31 |
| 58 | moe_mul_sum_add_layer | 22.13 | 21.20 | 24.12 | 31 |
| 59 | rmsnorm_layer | 4.89 | 4.49 | 5.84 | 31 |
| 60 | linear_layer | 4.54 | 3.87 | 4.75 | 31 |
| 61 | mla_prep_layer | 13.08 | 12.41 | 13.79 | 31 |
| 62 | mla_attend_layer | 150.15 | 146.35 | 159.03 | 31 |
| 63 | mla_merge_uv_layer | 12.23 | 11.84 | 12.64 | 31 |
| 64 | linear_with_residual_layer | 23.69 | 22.68 | 24.40 | 31 |
| 65 | rmsnorm_layer | 13.44 | 12.74 | 14.16 | 31 |
| 66 | moe_router_layer | 4.19 | 3.92 | 4.36 | 31 |
| 67 | gang_moe_w13_linear_layer | 23.10 | 22.25 | 27.73 | 31 |
| 68 | moe_silu_mul_layer | 41.94 | 39.79 | 43.47 | 31 |
| 69 | gang_moe_w2_linear_layer | 5.66 | 4.16 | 6.76 | 31 |
| 70 | moe_mul_sum_add_layer | 22.33 | 21.23 | 23.84 | 31 |
| 71 | rmsnorm_layer | 4.94 | 4.56 | 5.60 | 31 |
| 72 | linear_layer | 4.30 | 3.82 | 4.75 | 31 |
| 73 | mla_prep_layer | 13.51 | 13.02 | 14.19 | 31 |
| 74 | mla_attend_layer | 150.35 | 147.88 | 153.45 | 31 |
| 75 | mla_merge_uv_layer | 12.59 | 12.09 | 15.88 | 31 |
| 76 | linear_with_residual_layer | 26.00 | 24.04 | 27.19 | 31 |
| 77 | rmsnorm_layer | 13.39 | 12.78 | 14.12 | 31 |
| 78 | moe_router_layer | 3.67 | 3.44 | 4.00 | 31 |
| 79 | gang_moe_w13_linear_layer | 23.78 | 22.03 | 28.07 | 31 |
| 80 | moe_silu_mul_layer | 39.85 | 38.73 | 41.62 | 31 |
| 81 | gang_moe_w2_linear_layer | 6.02 | 4.21 | 7.61 | 31 |
| 82 | moe_mul_sum_add_layer | 22.09 | 20.75 | 24.18 | 31 |
| 83 | rmsnorm_layer | 4.99 | 4.64 | 5.44 | 31 |
| 84 | linear_layer | 4.29 | 3.87 | 4.91 | 31 |
| 85 | mla_prep_layer | 13.52 | 12.92 | 14.05 | 31 |
| 86 | mla_attend_layer | 150.00 | 146.64 | 157.93 | 31 |
| 87 | mla_merge_uv_layer | 12.37 | 11.86 | 12.72 | 31 |
| 88 | linear_with_residual_layer | 23.73 | 23.19 | 24.28 | 31 |
| 89 | rmsnorm_layer | 13.41 | 12.57 | 14.16 | 31 |
| 90 | moe_router_layer | 4.16 | 4.00 | 4.36 | 31 |
| 91 | gang_moe_w13_linear_layer | 22.53 | 21.57 | 27.13 | 31 |
| 92 | moe_silu_mul_layer | 40.89 | 39.19 | 44.19 | 31 |
| 93 | gang_moe_w2_linear_layer | 5.71 | 4.10 | 6.92 | 31 |
| 94 | moe_mul_sum_add_layer | 22.01 | 20.73 | 24.12 | 31 |
| 95 | rmsnorm_layer | 4.18 | 4.02 | 4.53 | 31 |
| 96 | linear_layer | 4.23 | 3.81 | 4.70 | 31 |
| 97 | mla_prep_layer | 13.54 | 12.96 | 14.21 | 31 |
| 98 | mla_attend_layer | 150.52 | 146.21 | 153.15 | 31 |
| 99 | mla_merge_uv_layer | 12.66 | 12.01 | 13.29 | 31 |
| 100 | linear_with_residual_layer | 23.79 | 23.15 | 25.17 | 31 |
| 101 | rmsnorm_layer | 13.37 | 12.84 | 14.20 | 31 |
| 102 | moe_router_layer | 3.66 | 3.48 | 3.88 | 31 |
| 103 | gang_moe_w13_linear_layer | 23.12 | 21.31 | 24.23 | 31 |
| 104 | moe_silu_mul_layer | 42.38 | 38.81 | 47.80 | 31 |
| 105 | gang_moe_w2_linear_layer | 5.72 | 4.14 | 6.58 | 31 |
| 106 | moe_mul_sum_add_layer | 21.56 | 20.24 | 23.07 | 31 |
| 107 | rmsnorm_layer | 5.18 | 4.67 | 7.29 | 31 |
| 108 | linear_layer | 4.40 | 3.91 | 4.79 | 31 |
| 109 | mla_prep_layer | 13.33 | 12.73 | 13.89 | 31 |
| 110 | mla_attend_layer | 150.02 | 147.14 | 152.81 | 31 |
| 111 | mla_merge_uv_layer | 12.29 | 11.94 | 12.64 | 31 |
| 112 | linear_with_residual_layer | 24.04 | 22.82 | 26.92 | 31 |
| 113 | rmsnorm_layer | 13.54 | 13.14 | 14.24 | 31 |
| 114 | moe_router_layer | 4.26 | 4.08 | 4.63 | 31 |
| 115 | gang_moe_w13_linear_layer | 21.97 | 21.37 | 23.81 | 31 |
| 116 | moe_silu_mul_layer | 41.06 | 38.83 | 44.69 | 31 |
| 117 | gang_moe_w2_linear_layer | 6.13 | 4.32 | 7.92 | 31 |
| 118 | moe_mul_sum_add_layer | 21.80 | 20.60 | 23.40 | 31 |
| 119 | rmsnorm_layer | 5.49 | 4.66 | 6.94 | 31 |
| 120 | linear_layer | 4.09 | 3.89 | 4.73 | 31 |
| 121 | mla_prep_layer | 13.76 | 13.05 | 14.14 | 31 |
| 122 | mla_attend_layer | 150.44 | 146.47 | 153.14 | 31 |
| 123 | mla_merge_uv_layer | 12.82 | 12.17 | 13.32 | 31 |
| 124 | linear_with_residual_layer | 23.82 | 23.13 | 26.08 | 31 |
| 125 | rmsnorm_layer | 13.40 | 12.61 | 14.08 | 31 |
| 126 | moe_router_layer | 3.70 | 3.52 | 4.00 | 31 |
| 127 | gang_moe_w13_linear_layer | 23.22 | 21.51 | 24.59 | 31 |
| 128 | moe_silu_mul_layer | 41.82 | 38.98 | 43.93 | 31 |
| 129 | gang_moe_w2_linear_layer | 6.03 | 4.11 | 7.09 | 31 |
| 130 | moe_mul_sum_add_layer | 21.76 | 20.48 | 23.84 | 31 |
| 131 | rmsnorm_layer | 5.06 | 4.69 | 6.76 | 31 |
| 132 | linear_layer | 4.51 | 3.90 | 4.79 | 31 |
| 133 | mla_prep_layer | 13.40 | 12.81 | 14.10 | 31 |
| 134 | mla_attend_layer | 149.72 | 147.04 | 152.49 | 31 |
| 135 | mla_merge_uv_layer | 12.82 | 12.25 | 13.15 | 31 |
| 136 | linear_with_residual_layer | 23.84 | 23.14 | 24.20 | 31 |
| 137 | rmsnorm_layer | 13.60 | 13.00 | 14.24 | 31 |
| 138 | moe_router_layer | 4.25 | 4.00 | 4.40 | 31 |
| 139 | gang_moe_w13_linear_layer | 23.29 | 21.57 | 24.13 | 31 |
| 140 | moe_silu_mul_layer | 40.60 | 38.52 | 43.68 | 31 |
| 141 | gang_moe_w2_linear_layer | 5.26 | 3.83 | 6.74 | 31 |
| 142 | moe_mul_sum_add_layer | 22.64 | 20.25 | 24.46 | 31 |
| 143 | rmsnorm_layer | 4.32 | 4.04 | 5.56 | 31 |
| 144 | linear_layer | 4.20 | 3.85 | 4.85 | 31 |
| 145 | mla_prep_layer | 13.58 | 12.87 | 14.37 | 31 |
| 146 | mla_attend_layer | 150.12 | 146.19 | 153.23 | 31 |
| 147 | mla_merge_uv_layer | 12.33 | 11.83 | 13.03 | 31 |
| 148 | linear_with_residual_layer | 25.65 | 23.01 | 27.76 | 31 |
| 149 | rmsnorm_layer | 13.50 | 12.94 | 14.24 | 31 |
| 150 | moe_router_layer | 3.68 | 3.44 | 3.83 | 31 |
| 151 | gang_moe_w13_linear_layer | 23.50 | 21.95 | 25.35 | 31 |
| 152 | moe_silu_mul_layer | 40.07 | 38.63 | 42.45 | 31 |
| 153 | gang_moe_w2_linear_layer | 5.90 | 4.24 | 6.69 | 31 |
| 154 | moe_mul_sum_add_layer | 21.90 | 20.45 | 23.71 | 31 |
| 155 | rmsnorm_layer | 5.23 | 4.66 | 7.42 | 31 |
| 156 | linear_layer | 4.59 | 4.03 | 4.92 | 31 |
| 157 | mla_prep_layer | 13.08 | 12.52 | 13.78 | 31 |
| 158 | mla_attend_layer | 149.39 | 146.50 | 152.40 | 31 |
| 159 | mla_merge_uv_layer | 12.24 | 11.83 | 15.88 | 31 |
| 160 | linear_with_residual_layer | 25.25 | 23.32 | 26.75 | 31 |
| 161 | rmsnorm_layer | 13.92 | 12.89 | 17.40 | 31 |
| 162 | moe_router_layer | 4.26 | 4.11 | 4.41 | 31 |
| 163 | gang_moe_w13_linear_layer | 23.57 | 21.69 | 23.89 | 31 |
| 164 | moe_silu_mul_layer | 40.29 | 38.44 | 43.45 | 31 |
| 165 | gang_moe_w2_linear_layer | 5.29 | 4.01 | 6.68 | 31 |
| 166 | moe_mul_sum_add_layer | 22.22 | 20.28 | 23.64 | 31 |
| 167 | rmsnorm_layer | 5.06 | 4.72 | 5.96 | 31 |
| 168 | linear_layer | 4.45 | 3.85 | 4.73 | 31 |
| 169 | mla_prep_layer | 13.31 | 12.85 | 13.94 | 31 |
| 170 | mla_attend_layer | 149.97 | 146.12 | 152.58 | 31 |
| 171 | mla_merge_uv_layer | 12.63 | 11.87 | 15.76 | 31 |
| 172 | linear_with_residual_layer | 24.74 | 23.07 | 26.61 | 31 |
| 173 | rmsnorm_layer | 13.47 | 12.92 | 14.16 | 31 |
| 174 | moe_router_layer | 3.71 | 3.56 | 3.88 | 31 |
| 175 | gang_moe_w13_linear_layer | 23.47 | 21.91 | 25.59 | 31 |
| 176 | moe_silu_mul_layer | 39.94 | 38.45 | 42.32 | 31 |
| 177 | gang_moe_w2_linear_layer | 6.15 | 4.13 | 6.72 | 31 |
| 178 | moe_mul_sum_add_layer | 21.51 | 20.52 | 24.04 | 31 |
| 179 | rmsnorm_layer | 4.86 | 4.53 | 5.11 | 31 |
| 180 | linear_layer | 4.66 | 3.99 | 4.91 | 31 |
| 181 | mla_prep_layer | 13.21 | 12.69 | 13.77 | 31 |
| 182 | mla_attend_layer | 149.57 | 146.53 | 152.36 | 31 |
| 183 | mla_merge_uv_layer | 12.58 | 12.11 | 13.11 | 31 |
| 184 | linear_with_residual_layer | 23.75 | 23.17 | 24.43 | 31 |
| 185 | rmsnorm_layer | 13.56 | 12.97 | 14.37 | 31 |
| 186 | moe_router_layer | 4.23 | 4.04 | 4.51 | 31 |
| 187 | gang_moe_w13_linear_layer | 23.69 | 21.77 | 24.13 | 31 |
| 188 | moe_silu_mul_layer | 39.32 | 38.29 | 41.43 | 31 |
| 189 | gang_moe_w2_linear_layer | 5.50 | 3.81 | 7.44 | 31 |
| 190 | moe_mul_sum_add_layer | 22.49 | 20.17 | 25.92 | 31 |
| 191 | rmsnorm_layer | 4.70 | 4.07 | 6.68 | 31 |
| 192 | linear_layer | 4.18 | 3.75 | 4.64 | 31 |
| 193 | mla_prep_layer | 13.46 | 12.98 | 14.23 | 31 |
| 194 | mla_attend_layer | 150.00 | 147.81 | 152.79 | 31 |
| 195 | mla_merge_uv_layer | 12.49 | 11.81 | 13.20 | 31 |
| 196 | linear_with_residual_layer | 23.51 | 22.86 | 26.84 | 31 |
| 197 | rmsnorm_layer | 13.59 | 12.81 | 17.68 | 31 |
| 198 | moe_router_layer | 3.66 | 3.52 | 3.96 | 31 |
| 199 | gang_moe_w13_linear_layer | 23.51 | 21.67 | 24.07 | 31 |
| 200 | moe_silu_mul_layer | 39.37 | 38.26 | 41.02 | 31 |
| 201 | gang_moe_w2_linear_layer | 6.16 | 4.23 | 6.93 | 31 |
| 202 | moe_mul_sum_add_layer | 21.75 | 20.20 | 24.71 | 31 |
| 203 | rmsnorm_layer | 5.25 | 4.47 | 7.26 | 31 |
| 204 | linear_layer | 4.53 | 3.90 | 4.99 | 31 |
| 205 | mla_prep_layer | 13.13 | 12.25 | 13.94 | 31 |
| 206 | mla_attend_layer | 149.55 | 146.65 | 152.49 | 31 |
| 207 | mla_merge_uv_layer | 12.41 | 11.88 | 16.04 | 31 |
| 208 | linear_with_residual_layer | 23.70 | 23.11 | 25.24 | 31 |
| 209 | rmsnorm_layer | 13.50 | 12.70 | 14.48 | 31 |
| 210 | moe_router_layer | 4.22 | 4.04 | 4.47 | 31 |
| 211 | gang_moe_w13_linear_layer | 23.35 | 21.33 | 24.29 | 31 |
| 212 | moe_silu_mul_layer | 39.74 | 38.52 | 42.71 | 31 |
| 213 | gang_moe_w2_linear_layer | 5.93 | 4.17 | 8.68 | 31 |
| 214 | moe_mul_sum_add_layer | 21.73 | 20.60 | 23.16 | 31 |
| 215 | rmsnorm_layer | 5.12 | 4.41 | 7.07 | 31 |
| 216 | linear_layer | 4.23 | 3.73 | 4.71 | 31 |
| 217 | mla_prep_layer | 13.37 | 12.85 | 13.90 | 31 |
| 218 | mla_attend_layer | 150.05 | 147.68 | 152.82 | 31 |
| 219 | mla_merge_uv_layer | 12.46 | 11.93 | 13.21 | 31 |
| 220 | linear_with_residual_layer | 23.37 | 22.72 | 24.12 | 31 |
| 221 | rmsnorm_layer | 13.24 | 12.61 | 14.00 | 31 |
| 222 | moe_router_layer | 3.63 | 3.51 | 3.89 | 31 |
| 223 | gang_moe_w13_linear_layer | 23.63 | 21.95 | 24.47 | 31 |
| 224 | moe_silu_mul_layer | 40.16 | 38.86 | 44.93 | 31 |
| 225 | gang_moe_w2_linear_layer | 6.17 | 4.15 | 6.66 | 31 |
| 226 | moe_mul_sum_add_layer | 21.59 | 20.37 | 23.61 | 31 |
| 227 | rmsnorm_layer | 5.13 | 4.57 | 6.68 | 31 |
| 228 | linear_layer | 4.28 | 3.86 | 4.89 | 31 |
| 229 | mla_prep_layer | 13.61 | 12.90 | 14.05 | 31 |
| 230 | mla_attend_layer | 149.60 | 146.34 | 152.54 | 31 |
| 231 | mla_merge_uv_layer | 12.50 | 11.94 | 12.94 | 31 |
| 232 | linear_with_residual_layer | 24.92 | 23.06 | 27.31 | 31 |
| 233 | rmsnorm_layer | 13.92 | 12.65 | 17.60 | 31 |
| 234 | moe_router_layer | 4.12 | 3.96 | 4.24 | 31 |
| 235 | gang_moe_w13_linear_layer | 22.39 | 21.25 | 23.61 | 31 |
| 236 | moe_silu_mul_layer | 40.73 | 38.87 | 44.06 | 31 |
| 237 | gang_moe_w2_linear_layer | 5.22 | 3.90 | 6.96 | 31 |
| 238 | moe_mul_sum_add_layer | 22.49 | 20.52 | 26.48 | 31 |
| 239 | rmsnorm_layer | 4.78 | 4.05 | 7.32 | 31 |
| 240 | linear_layer | 3.89 | 3.61 | 4.31 | 31 |
| 241 | mla_prep_layer | 13.67 | 13.15 | 14.07 | 31 |
| 242 | mla_attend_layer | 150.37 | 147.83 | 152.81 | 31 |
| 243 | mla_merge_uv_layer | 12.55 | 12.04 | 13.21 | 31 |
| 244 | linear_with_residual_layer | 25.55 | 23.30 | 27.36 | 31 |
| 245 | rmsnorm_layer | 13.51 | 12.76 | 15.78 | 31 |
| 246 | moe_router_layer | 3.61 | 3.48 | 3.75 | 31 |
| 247 | gang_moe_w13_linear_layer | 23.23 | 21.59 | 24.31 | 31 |
| 248 | moe_silu_mul_layer | 41.95 | 38.85 | 45.94 | 31 |
| 249 | gang_moe_w2_linear_layer | 6.36 | 4.21 | 7.81 | 31 |
| 250 | moe_mul_sum_add_layer | 21.34 | 20.36 | 23.40 | 31 |
| 251 | rmsnorm_layer | 4.84 | 4.64 | 6.37 | 31 |
| 252 | linear_layer | 4.38 | 3.86 | 4.86 | 31 |
| 253 | mla_prep_layer | 13.30 | 12.45 | 14.24 | 31 |
| 254 | mla_attend_layer | 149.71 | 146.61 | 152.37 | 31 |
| 255 | mla_merge_uv_layer | 12.23 | 11.87 | 12.72 | 31 |
| 256 | linear_with_residual_layer | 25.45 | 23.52 | 27.28 | 31 |
| 257 | rmsnorm_layer | 13.68 | 13.04 | 14.32 | 31 |
| 258 | moe_router_layer | 4.18 | 4.04 | 4.36 | 31 |
| 259 | gang_moe_w13_linear_layer | 22.88 | 21.61 | 24.77 | 31 |
| 260 | moe_silu_mul_layer | 41.02 | 39.10 | 45.02 | 31 |
| 261 | gang_moe_w2_linear_layer | 6.05 | 4.00 | 7.37 | 31 |
| 262 | moe_mul_sum_add_layer | 22.20 | 20.68 | 24.72 | 31 |
| 263 | rmsnorm_layer | 5.35 | 4.55 | 6.21 | 31 |
| 264 | linear_layer | 4.43 | 3.82 | 4.72 | 31 |
| 265 | mla_prep_layer | 13.35 | 12.67 | 14.15 | 31 |
| 266 | mla_attend_layer | 150.37 | 146.65 | 153.09 | 31 |
| 267 | mla_merge_uv_layer | 12.89 | 12.32 | 13.29 | 31 |
| 268 | linear_with_residual_layer | 23.54 | 23.00 | 24.32 | 31 |
| 269 | rmsnorm_layer | 13.57 | 12.67 | 16.36 | 31 |
| 270 | moe_router_layer | 3.65 | 3.48 | 3.85 | 31 |
| 271 | gang_moe_w13_linear_layer | 23.27 | 21.55 | 24.19 | 31 |
| 272 | moe_silu_mul_layer | 41.88 | 39.76 | 43.78 | 31 |
| 273 | gang_moe_w2_linear_layer | 5.59 | 3.95 | 6.65 | 31 |
| 274 | moe_mul_sum_add_layer | 22.29 | 20.48 | 24.92 | 31 |
| 275 | rmsnorm_layer | 5.13 | 4.65 | 6.24 | 31 |
| 276 | linear_layer | 4.58 | 3.94 | 4.91 | 31 |
| 277 | mla_prep_layer | 13.44 | 12.99 | 14.28 | 31 |
| 278 | mla_attend_layer | 149.70 | 146.21 | 152.67 | 31 |
| 279 | mla_merge_uv_layer | 12.83 | 12.51 | 13.11 | 31 |
| 280 | linear_with_residual_layer | 23.80 | 23.09 | 27.72 | 31 |
| 281 | rmsnorm_layer | 13.51 | 12.77 | 14.28 | 31 |
| 282 | moe_router_layer | 4.25 | 4.08 | 4.40 | 31 |
| 283 | gang_moe_w13_linear_layer | 22.75 | 21.73 | 24.69 | 31 |
| 284 | moe_silu_mul_layer | 40.56 | 38.45 | 42.14 | 31 |
| 285 | gang_moe_w2_linear_layer | 6.02 | 3.99 | 6.63 | 31 |
| 286 | moe_mul_sum_add_layer | 21.51 | 20.04 | 24.41 | 31 |
| 287 | rmsnorm_layer | 4.53 | 4.13 | 7.50 | 31 |
| 288 | linear_layer | 4.31 | 3.73 | 4.63 | 31 |
| 289 | mla_prep_layer | 13.41 | 12.87 | 14.21 | 31 |
| 290 | mla_attend_layer | 150.19 | 146.37 | 152.87 | 31 |
| 291 | mla_merge_uv_layer | 12.86 | 12.21 | 13.29 | 31 |
| 292 | linear_with_residual_layer | 23.68 | 22.91 | 25.74 | 31 |
| 293 | rmsnorm_layer | 13.51 | 12.72 | 14.64 | 31 |
| 294 | moe_router_layer | 3.66 | 3.51 | 3.96 | 31 |
| 295 | gang_moe_w13_linear_layer | 23.22 | 21.67 | 23.99 | 31 |
| 296 | moe_silu_mul_layer | 39.84 | 38.61 | 41.92 | 31 |
| 297 | gang_moe_w2_linear_layer | 6.00 | 3.96 | 6.96 | 31 |
| 298 | moe_mul_sum_add_layer | 21.60 | 20.52 | 23.72 | 31 |
| 299 | rmsnorm_layer | 4.82 | 4.49 | 5.13 | 31 |
| 300 | linear_layer | 4.53 | 3.98 | 4.82 | 31 |
| 301 | mla_prep_layer | 13.21 | 12.60 | 14.06 | 31 |
| 302 | mla_attend_layer | 150.07 | 146.96 | 152.96 | 31 |
| 303 | mla_merge_uv_layer | 12.24 | 11.83 | 12.60 | 31 |
| 304 | linear_with_residual_layer | 23.67 | 22.96 | 24.08 | 31 |
| 305 | rmsnorm_layer | 13.42 | 12.84 | 14.24 | 31 |
| 306 | moe_router_layer | 4.20 | 4.04 | 4.47 | 31 |
| 307 | gang_moe_w13_linear_layer | 22.68 | 21.81 | 24.13 | 31 |
| 308 | moe_silu_mul_layer | 40.31 | 39.34 | 42.22 | 31 |
| 309 | gang_moe_w2_linear_layer | 6.05 | 4.16 | 6.74 | 31 |
| 310 | moe_mul_sum_add_layer | 21.73 | 20.40 | 24.12 | 31 |
| 311 | rmsnorm_layer | 4.90 | 4.53 | 5.25 | 31 |
| 312 | linear_layer | 4.47 | 3.85 | 4.90 | 31 |
| 313 | mla_prep_layer | 13.28 | 12.83 | 14.25 | 31 |
| 314 | mla_attend_layer | 150.27 | 146.35 | 153.44 | 31 |
| 315 | mla_merge_uv_layer | 12.59 | 11.84 | 13.16 | 31 |
| 316 | linear_with_residual_layer | 24.35 | 23.11 | 26.68 | 31 |
| 317 | rmsnorm_layer | 13.51 | 12.87 | 15.27 | 31 |
| 318 | moe_router_layer | 3.69 | 3.56 | 3.88 | 31 |
| 319 | gang_moe_w13_linear_layer | 23.33 | 21.51 | 24.11 | 31 |
| 320 | moe_silu_mul_layer | 39.78 | 38.52 | 42.40 | 31 |
| 321 | gang_moe_w2_linear_layer | 5.48 | 4.04 | 6.88 | 31 |
| 322 | moe_mul_sum_add_layer | 22.17 | 20.67 | 23.87 | 31 |
| 323 | rmsnorm_layer | 4.96 | 4.47 | 5.48 | 31 |
| 324 | linear_layer | 5.75 | 3.94 | 6.40 | 31 |
| 325 | argmax_partial_layer | 0.19 | 0.00 | 0.67 | 31 |
| 326 | argmax_reduce_layer | 0.24 | 0.00 | 1.72 | 31 |
| 327 | event_327 | 0.32 | 0.00 | 1.83 | 31 |
| 328 | event_328 | 0.32 | 0.00 | 1.13 | 31 |
| 329 | event_329 | 0.32 | 0.00 | 1.75 | 31 |
| 330 | event_330 | 8.11 | 0.00 | 82.04 | 31 |
| 331 | event_331 | 0.23 | 0.00 | 1.15 | 31 |
| 332 | event_332 | 0.22 | 0.00 | 0.96 | 31 |
| 333 | event_333 | 0.14 | 0.00 | 0.70 | 31 |
| 334 | event_334 | 0.24 | 0.00 | 1.21 | 31 |
| 335 | event_335 | 5.58 | 0.00 | 80.48 | 31 |
| 336 | event_336 | 0.24 | 0.00 | 2.00 | 31 |
| 337 | event_337 | 0.27 | 0.00 | 1.26 | 31 |
| 338 | event_338 | 3.22 | 0.00 | 85.02 | 31 |
| 339 | event_339 | 0.20 | 0.00 | 0.96 | 31 |
| 340 | event_340 | 0.16 | 0.00 | 0.96 | 31 |
| 341 | event_341 | 0.15 | 0.00 | 0.78 | 31 |
| 342 | event_342 | 0.35 | 0.00 | 1.24 | 31 |
| 343 | event_343 | 5.55 | 0.00 | 81.44 | 31 |
| 344 | event_344 | 0.22 | 0.00 | 0.84 | 31 |
| 345 | event_345 | 0.17 | 0.00 | 0.68 | 31 |
| 346 | event_346 | 0.38 | 0.00 | 3.51 | 31 |
| 347 | event_347 | 0.27 | 0.00 | 1.12 | 31 |
| 348 | event_348 | 0.28 | 0.00 | 1.26 | 31 |
| 349 | event_349 | 0.19 | 0.00 | 1.08 | 31 |
| 350 | event_350 | 0.31 | 0.00 | 1.85 | 31 |
| 351 | event_351 | 0.39 | 0.00 | 1.40 | 31 |
| 352 | event_352 | 0.26 | 0.01 | 1.61 | 31 |
| 353 | event_353 | 0.31 | 0.00 | 1.18 | 31 |
| 354 | event_354 | 0.27 | 0.00 | 1.74 | 31 |
| 355 | event_355 | 5.62 | 0.00 | 82.62 | 31 |
| 356 | event_356 | 2.93 | 0.00 | 81.46 | 31 |
| 357 | event_357 | 5.73 | 0.00 | 81.08 | 31 |
| 358 | event_358 | 26.44 | 0.01 | 84.74 | 31 |
| 359 | event_359 | 8.41 | 0.00 | 82.57 | 31 |
| 360 | event_360 | 8.03 | 0.00 | 80.53 | 31 |
| 361 | event_361 | 5.67 | 0.00 | 83.51 | 31 |
| 362 | event_362 | 7.15 | 0.00 | 36.13 | 31 |
| 363 | event_363 | 0.51 | 0.00 | 3.13 | 31 |
| 364 | event_364 | 6.11 | 0.00 | 36.24 | 31 |
| 365 | event_365 | 0.42 | 0.01 | 1.44 | 31 |
| 366 | event_366 | 1.68 | 0.00 | 35.82 | 31 |
| 367 | event_367 | 5.86 | 0.04 | 36.48 | 31 |
| 368 | event_368 | 1.54 | 0.00 | 35.82 | 31 |
| 369 | event_369 | 2.86 | 0.00 | 36.42 | 31 |
| 370 | event_370 | 3.76 | 0.00 | 36.42 | 31 |
| 371 | event_371 | 1.65 | 0.00 | 36.19 | 31 |
| 372 | event_372 | 7.24 | 0.01 | 37.16 | 31 |
| 373 | event_373 | 1.71 | 0.00 | 35.72 | 31 |
| 374 | event_374 | 0.66 | 0.02 | 3.04 | 31 |
| 375 | event_375 | 6.32 | 6.00 | 6.65 | 31 |
| 376 | event_376 | 5.46 | 5.33 | 5.65 | 31 |

-> /home/hotaisle/metalOps/harness/fleet_out/L27_head_it32_tile_nt_mfma_wt/metrics.json, /home/hotaisle/metalOps/harness/fleet_out/L27_head_it32_tile_nt_mfma_wt/report_table.md
