# Measurement report

| Quantity | Predicted | Measured |
|---|---|---|
| bytes per iteration (read, MiB) | 4709.9 weights + cache; about 4772.0 with activations | - |
| time per iteration, median (us) | 1148.5-1349.4 + 326 t_b + T_serial | 1770.0 |
| time per iteration, P95 (us) |  | 10536.2 |
| time per iteration from event timing, median (us) |  | - |
| time per iteration from host wall clock (us) |  | 96462.3 |
| time per iteration from the kernel trace (us) |  | - |
| achieved read bandwidth (TB/s) | 3.66-4.3 over T_bw | - |
| launches per generation | 3 | - |
| L2 hit rate | 16-17% (Fleet's batch-1 figure) | - |
| tokens per second |  | 565.0 |
| workers with tasks (of those reporting) |  | 296 of 296 |
| tasks per XCD (placement) |  | 0:5154 1:5153 2:5153 3:5152 4:5155 5:5154 6:5167 7:5160 |
| shader clock from the spin (MHz) |  | - |
| exec cycles per task, busy workers |  | 42566.6 |
| exec us per task (at the spin's SCLK) |  | - |
| dep-wait us per iteration per busy worker |  | - |
| GFX clock from amd-smi during the run, median / max (MHz) | 2100 max (D2 of round 1) | 2103 / 2103 over 39 samples |
| memory clock from amd-smi, median (MHz) |  | 900 |

## Exec time per task by class (worker timing, I1)

| Class | tasks | cycles per task | us per task |
|---|---|---|---|
| attend | 2432 | 75501 | - |
| linear | 11776 | 35733 | - |
| linear_res | 6144 | 47046 | - |
| merge | 960 | 35368 | - |
| prep | 64 | 301012 | - |
| rms | 128 | 3256 | - |
| router | 17 | 37226 | - |
| silu | 256 | 2411 | - |

## Per-operator time (event gaps, mean over iterations after the first)

| Event | Operator | mean us | min us | max us | n |
|---|---|---|---|---|---|
| 1 | embed_layer | 152.23 | 8.48 | 188.56 | 30 |
| 2 | rmsnorm_layer | 12.41 | 11.29 | 14.72 | 31 |
| 3 | linear_layer | 3.95 | 3.68 | 4.28 | 31 |
| 4 | mla_prep_layer | 23.97 | 22.28 | 25.68 | 31 |
| 5 | mla_attend_layer | 145.53 | 140.79 | 154.03 | 31 |
| 6 | mla_merge_uv_layer | 48.00 | 47.45 | 48.52 | 31 |
| 7 | linear_with_residual_layer | 25.47 | 21.67 | 26.18 | 31 |
| 8 | rmsnorm_layer | 13.73 | 13.20 | 14.16 | 31 |
| 9 | gang_linear_silu_layer | 5.14 | 4.93 | 5.48 | 31 |
| 10 | linear_with_residual_layer | 31.47 | 30.48 | 32.60 | 31 |
| 11 | rmsnorm_layer | 51.68 | 50.16 | 53.48 | 31 |
| 12 | linear_layer | 4.35 | 3.91 | 4.64 | 31 |
| 13 | mla_prep_layer | 12.99 | 12.53 | 13.68 | 31 |
| 14 | mla_attend_layer | 142.50 | 137.83 | 148.67 | 31 |
| 15 | mla_merge_uv_layer | 47.68 | 47.34 | 48.02 | 31 |
| 16 | linear_with_residual_layer | 21.32 | 21.15 | 21.72 | 31 |
| 17 | rmsnorm_layer | 13.60 | 13.15 | 14.04 | 31 |
| 18 | moe_router_layer | 3.82 | 3.63 | 4.04 | 31 |
| 19 | gang_moe_w13_linear_layer | 21.36 | 19.73 | 23.85 | 31 |
| 20 | moe_silu_mul_layer | 42.33 | 40.49 | 44.76 | 31 |
| 21 | gang_moe_w2_linear_layer | 4.90 | 3.81 | 6.53 | 31 |
| 22 | moe_mul_sum_add_layer | 21.39 | 19.68 | 22.36 | 31 |
| 23 | event_23 | 3.30 | 3.10 | 4.32 | 31 |

-> /home/hotaisle/metalOps/harness/fleet_out/L2_it32_tile_nt_wt/metrics.json, /home/hotaisle/metalOps/harness/fleet_out/L2_it32_tile_nt_wt/report_table.md
