# Measurement report

| Quantity | Predicted | Measured |
|---|---|---|
| bytes per iteration (read, MiB) | 4709.9 weights + cache; about 4772.0 with activations | - |
| time per iteration, median (us) | 1148.5-1349.4 + 326 t_b + T_serial | 1742.0 |
| time per iteration, P95 (us) |  | 11871.6 |
| time per iteration from event timing, median (us) |  | 877.4 |
| time per iteration from host wall clock (us) |  | 66959.0 |
| time per iteration from the kernel trace (us) |  | - |
| achieved read bandwidth (TB/s) | 3.66-4.3 over T_bw | - |
| launches per generation | 3 | - |
| L2 hit rate | 16-17% (Fleet's batch-1 figure) | - |
| tokens per second |  | 574.1 |
| workers with tasks (of those reporting) |  | 296 of 296 |
| tasks per XCD (placement) |  | 0:5122 1:5123 2:5120 3:5127 4:5138 5:5122 6:5120 7:5120 |
| shader clock from the spin (MHz) |  | - |
| exec cycles per task, busy workers |  | 42439.2 |
| exec us per task (at the spin's SCLK) |  | - |
| dep-wait us per iteration per busy worker |  | - |
| GFX clock from amd-smi during the run, median / max (MHz) | 2100 max (D2 of round 1) | 2103 / 2103 over 38 samples |
| memory clock from amd-smi, median (MHz) |  | 900 |

## Exec time per task by class (worker timing, I1)

| Class | tasks | cycles per task | us per task |
|---|---|---|---|
| attend | 2304 | 76052 | - |
| linear | 11776 | 41282 | - |
| linear_res | 6144 | 46699 | - |
| merge | 896 | 35434 | - |
| prep | 42 | 306366 | - |
| rms | 128 | 3308 | - |
| router | 32 | 39121 | - |
| w2silu | 8608 | 30431 | - |

## Per-operator time (event gaps, mean over iterations after the first)

| Event | Operator | mean us | min us | max us | n |
|---|---|---|---|---|---|
| 1 | embed_layer | 156.42 | 8.20 | 185.12 | 30 |
| 2 | rmsnorm_layer | 11.83 | 11.11 | 13.52 | 31 |
| 3 | linear_layer | 4.03 | 3.75 | 4.27 | 31 |
| 4 | mla_prep_layer | 23.90 | 21.38 | 26.50 | 31 |
| 5 | mla_attend_layer | 146.78 | 144.29 | 150.20 | 31 |
| 6 | mla_merge_uv_layer | 47.49 | 47.19 | 48.08 | 31 |
| 7 | linear_with_residual_layer | 25.36 | 22.79 | 25.96 | 31 |
| 8 | rmsnorm_layer | 13.47 | 13.00 | 14.08 | 31 |
| 9 | gang_linear_silu_layer | 4.39 | 3.97 | 4.89 | 31 |
| 10 | linear_with_residual_layer | 35.88 | 34.70 | 36.67 | 31 |
| 11 | rmsnorm_layer | 51.36 | 49.64 | 53.04 | 31 |
| 12 | linear_layer | 4.52 | 4.36 | 4.92 | 31 |
| 13 | mla_prep_layer | 12.87 | 12.17 | 13.41 | 31 |
| 14 | mla_attend_layer | 147.90 | 145.71 | 150.18 | 31 |
| 15 | mla_merge_uv_layer | 46.97 | 46.57 | 47.33 | 31 |
| 16 | linear_with_residual_layer | 21.73 | 21.21 | 22.80 | 31 |
| 17 | rmsnorm_layer | 13.37 | 12.68 | 13.92 | 31 |
| 18 | moe_router_layer | 3.93 | 3.76 | 4.36 | 31 |
| 19 | gang_moe_w13_linear_layer | 20.93 | 20.20 | 22.40 | 31 |
| 20 | gang_moe_w2_silu_linear_layer | 41.88 | 40.83 | 46.47 | 31 |
| 21 | moe_mul_sum_add_layer | 22.87 | 20.97 | 23.92 | 31 |
| 22 | event_22 | 3.24 | 3.15 | 3.33 | 31 |

-> /home/hotaisle/metalOps/harness/fleet_out/L2_it32_tile_fs_nt_wt/metrics.json, /home/hotaisle/metalOps/harness/fleet_out/L2_it32_tile_fs_nt_wt/report_table.md
