PASS         L0.B3.c_kv                   rel_err 2.612e-03 thr 0.181
PASS         L0.B3.k_pe                   rel_err 1.385e-03 thr 0.021
FAIL         L1.B2.q                      rel_err 1.116 thr 0.013
PASS         L1.B3.c_kv                   rel_err 7.161e-03 thr 0.181
PASS         L1.B3.k_pe                   rel_err 5.868e-03 thr 0.021
FAIL         L1.B4.q_pe                   rel_err 1.003 thr 0.021
FAIL         L1.B6.attn                   rel_err 1.449 thr 0.040
FAIL         L1.B8.router_logits          rel_err 1.231 thr 0.014
FAIL         L1.B9.topk_idx               fleet [4, 24, 25, 35, 55, 56] ref [2, 19, 39, 40, 47, 49]
FAIL         L1.B10.topk_w                expert sets differ: fleet [4, 24, 25, 35, 55, 56] ref [2, 19, 39, 40, 47, 49]
MISSING_REF  L1.B11.expert_24             
MISSING_REF  L1.B11.expert_25             
MISSING_REF  L1.B11.expert_35             
MISSING_REF  L1.B11.expert_4              
MISSING_REF  L1.B11.expert_55             
MISSING_REF  L1.B11.expert_56             
FAIL         L1.B12.shared                rel_err 1.171 thr 0.044
FAIL         L1.B13.layer_out             rel_err 1.092 thr 0.017
SKIP         output_ids
FAIL         route_log
overall: FAIL  -> /home/hotaisle/metalOps/harness/fleet_out/L2_it32_tile_nt_wt/correctness_report.md
