In file included from ./permanent_output_dir/test.cu:6:
In file included from /home/hotaisle/metalOps/repos/fleet-chiplet-megakernel/python/mirage/../../include/mirage/persistent_kernel/persistent_kernel.cuh:37:
In file included from /home/hotaisle/metalOps/repos/fleet-chiplet-megakernel/python/mirage/../../include/mirage/persistent_kernel/tasks/mi300/task_header.cuh:28:
In file included from /home/hotaisle/metalOps/repos/fleet-chiplet-megakernel/python/mirage/../../include/mirage/persistent_kernel/tasks/mi300/silu_mul_linear_mi300.cuh:19:
In file included from /home/hotaisle/metalOps/repos/fleet-chiplet-megakernel/python/mirage/../../include/mirage/persistent_kernel/tasks/mi300/linear_ck_mi300.cuh:18:
In file included from /home/hotaisle/metalOps/repos/fleet-chiplet-megakernel/python/mirage/../../deps/composable_kernel/include/ck_tile/core.hpp:5:
In file included from /home/hotaisle/metalOps/repos/fleet-chiplet-megakernel/python/mirage/../../deps/composable_kernel/include/ck_tile/core/algorithm/cluster_descriptor.hpp:7:
In file included from /home/hotaisle/metalOps/repos/fleet-chiplet-megakernel/python/mirage/../../deps/composable_kernel/include/ck_tile/core/algorithm/coordinate_transform.hpp:7:
In file included from /home/hotaisle/metalOps/repos/fleet-chiplet-megakernel/python/mirage/../../deps/composable_kernel/include/ck_tile/core/container/multi_index.hpp:7:
In file included from /home/hotaisle/metalOps/repos/fleet-chiplet-megakernel/python/mirage/../../deps/composable_kernel/include/ck_tile/core/container/array.hpp:13:
In file included from /home/hotaisle/metalOps/repos/fleet-chiplet-megakernel/python/mirage/../../deps/composable_kernel/include/ck_tile/core/utility/functional.hpp:9:
In file included from /home/hotaisle/metalOps/repos/fleet-chiplet-megakernel/python/mirage/../../deps/composable_kernel/include/ck_tile/core/container/sequence.hpp:10:
In file included from /home/hotaisle/metalOps/repos/fleet-chiplet-megakernel/python/mirage/../../deps/composable_kernel/include/ck_tile/core/numeric/math.hpp:512:
In file included from /home/hotaisle/metalOps/repos/fleet-chiplet-megakernel/python/mirage/../../deps/composable_kernel/include/ck_tile/core/numeric/type_convert.hpp:74:
/home/hotaisle/metalOps/repos/fleet-chiplet-megakernel/python/mirage/../../deps/composable_kernel/include/ck_tile/core/numeric/pk_fp4.hpp:13:34: warning: unknown warning group '-Wlifetime-safety-intra-tu-suggestions', ignored [-Wunknown-warning-option]
   13 | #pragma clang diagnostic ignored "-Wlifetime-safety-intra-tu-suggestions"
      |                                  ^
In file included from ./permanent_output_dir/test.cu:6:
In file included from /home/hotaisle/metalOps/repos/fleet-chiplet-megakernel/python/mirage/../../include/mirage/persistent_kernel/persistent_kernel.cuh:37:
In file included from /home/hotaisle/metalOps/repos/fleet-chiplet-megakernel/python/mirage/../../include/mirage/persistent_kernel/tasks/mi300/task_header.cuh:28:
In file included from /home/hotaisle/metalOps/repos/fleet-chiplet-megakernel/python/mirage/../../include/mirage/persistent_kernel/tasks/mi300/silu_mul_linear_mi300.cuh:19:
In file included from /home/hotaisle/metalOps/repos/fleet-chiplet-megakernel/python/mirage/../../include/mirage/persistent_kernel/tasks/mi300/linear_ck_mi300.cuh:18:
In file included from /home/hotaisle/metalOps/repos/fleet-chiplet-megakernel/python/mirage/../../deps/composable_kernel/include/ck_tile/core.hpp:5:
In file included from /home/hotaisle/metalOps/repos/fleet-chiplet-megakernel/python/mirage/../../deps/composable_kernel/include/ck_tile/core/algorithm/cluster_descriptor.hpp:7:
In file included from /home/hotaisle/metalOps/repos/fleet-chiplet-megakernel/python/mirage/../../deps/composable_kernel/include/ck_tile/core/algorithm/coordinate_transform.hpp:7:
In file included from /home/hotaisle/metalOps/repos/fleet-chiplet-megakernel/python/mirage/../../deps/composable_kernel/include/ck_tile/core/container/multi_index.hpp:7:
In file included from /home/hotaisle/metalOps/repos/fleet-chiplet-megakernel/python/mirage/../../deps/composable_kernel/include/ck_tile/core/container/array.hpp:13:
/home/hotaisle/metalOps/repos/fleet-chiplet-megakernel/python/mirage/../../deps/composable_kernel/include/ck_tile/core/utility/functional.hpp:14:34: warning: unknown warning group '-Wlifetime-safety-intra-tu-suggestions', ignored [-Wunknown-warning-option]
   14 | #pragma clang diagnostic ignored "-Wlifetime-safety-intra-tu-suggestions"
      |                                  ^
In file included from ./permanent_output_dir/test.cu:6:
In file included from /home/hotaisle/metalOps/repos/fleet-chiplet-megakernel/python/mirage/../../include/mirage/persistent_kernel/persistent_kernel.cuh:37:
In file included from /home/hotaisle/metalOps/repos/fleet-chiplet-megakernel/python/mirage/../../include/mirage/persistent_kernel/tasks/mi300/task_header.cuh:28:
In file included from /home/hotaisle/metalOps/repos/fleet-chiplet-megakernel/python/mirage/../../include/mirage/persistent_kernel/tasks/mi300/silu_mul_linear_mi300.cuh:19:
In file included from /home/hotaisle/metalOps/repos/fleet-chiplet-megakernel/python/mirage/../../include/mirage/persistent_kernel/tasks/mi300/linear_ck_mi300.cuh:18:
In file included from /home/hotaisle/metalOps/repos/fleet-chiplet-megakernel/python/mirage/../../deps/composable_kernel/include/ck_tile/core.hpp:5:
In file included from /home/hotaisle/metalOps/repos/fleet-chiplet-megakernel/python/mirage/../../deps/composable_kernel/include/ck_tile/core/algorithm/cluster_descriptor.hpp:7:
In file included from /home/hotaisle/metalOps/repos/fleet-chiplet-megakernel/python/mirage/../../deps/composable_kernel/include/ck_tile/core/algorithm/coordinate_transform.hpp:7:
In file included from /home/hotaisle/metalOps/repos/fleet-chiplet-megakernel/python/mirage/../../deps/composable_kernel/include/ck_tile/core/container/multi_index.hpp:9:
/home/hotaisle/metalOps/repos/fleet-chiplet-megakernel/python/mirage/../../deps/composable_kernel/include/ck_tile/core/container/tuple.hpp:17:34: warning: unknown warning group '-Wlifetime-safety-intra-tu-suggestions', ignored [-Wunknown-warning-option]
   17 | #pragma clang diagnostic ignored "-Wlifetime-safety-intra-tu-suggestions"
      |                                  ^
In file included from ./permanent_output_dir/test.cu:6:
In file included from /home/hotaisle/metalOps/repos/fleet-chiplet-megakernel/python/mirage/../../include/mirage/persistent_kernel/persistent_kernel.cuh:37:
In file included from /home/hotaisle/metalOps/repos/fleet-chiplet-megakernel/python/mirage/../../include/mirage/persistent_kernel/tasks/mi300/task_header.cuh:28:
In file included from /home/hotaisle/metalOps/repos/fleet-chiplet-megakernel/python/mirage/../../include/mirage/persistent_kernel/tasks/mi300/silu_mul_linear_mi300.cuh:19:
In file included from /home/hotaisle/metalOps/repos/fleet-chiplet-megakernel/python/mirage/../../include/mirage/persistent_kernel/tasks/mi300/linear_ck_mi300.cuh:18:
In file included from /home/hotaisle/metalOps/repos/fleet-chiplet-megakernel/python/mirage/../../deps/composable_kernel/include/ck_tile/core.hpp:5:
In file included from /home/hotaisle/metalOps/repos/fleet-chiplet-megakernel/python/mirage/../../deps/composable_kernel/include/ck_tile/core/algorithm/cluster_descriptor.hpp:7:
In file included from /home/hotaisle/metalOps/repos/fleet-chiplet-megakernel/python/mirage/../../deps/composable_kernel/include/ck_tile/core/algorithm/coordinate_transform.hpp:8:
In file included from /home/hotaisle/metalOps/repos/fleet-chiplet-megakernel/python/mirage/../../deps/composable_kernel/include/ck_tile/core/container/container_helper.hpp:8:
/home/hotaisle/metalOps/repos/fleet-chiplet-megakernel/python/mirage/../../deps/composable_kernel/include/ck_tile/core/container/map.hpp:12:34: warning: unknown warning group '-Wlifetime-safety-intra-tu-suggestions', ignored [-Wunknown-warning-option]
   12 | #pragma clang diagnostic ignored "-Wlifetime-safety-intra-tu-suggestions"
      |                                  ^
In file included from ./permanent_output_dir/test.cu:6:
In file included from /home/hotaisle/metalOps/repos/fleet-chiplet-megakernel/python/mirage/../../include/mirage/persistent_kernel/persistent_kernel.cuh:37:
In file included from /home/hotaisle/metalOps/repos/fleet-chiplet-megakernel/python/mirage/../../include/mirage/persistent_kernel/tasks/mi300/task_header.cuh:28:
In file included from /home/hotaisle/metalOps/repos/fleet-chiplet-megakernel/python/mirage/../../include/mirage/persistent_kernel/tasks/mi300/silu_mul_linear_mi300.cuh:19:
In file included from /home/hotaisle/metalOps/repos/fleet-chiplet-megakernel/python/mirage/../../include/mirage/persistent_kernel/tasks/mi300/linear_ck_mi300.cuh:18:
In file included from /home/hotaisle/metalOps/repos/fleet-chiplet-megakernel/python/mirage/../../deps/composable_kernel/include/ck_tile/core.hpp:5:
In file included from /home/hotaisle/metalOps/repos/fleet-chiplet-megakernel/python/mirage/../../deps/composable_kernel/include/ck_tile/core/algorithm/cluster_descriptor.hpp:7:
/home/hotaisle/metalOps/repos/fleet-chiplet-megakernel/python/mirage/../../deps/composable_kernel/include/ck_tile/core/algorithm/coordinate_transform.hpp:15:34: warning: unknown warning group '-Wlifetime-safety-intra-tu-suggestions', ignored [-Wunknown-warning-option]
   15 | #pragma clang diagnostic ignored "-Wlifetime-safety-intra-tu-suggestions"
      |                                  ^
In file included from ./permanent_output_dir/test.cu:6:
In file included from /home/hotaisle/metalOps/repos/fleet-chiplet-megakernel/python/mirage/../../include/mirage/persistent_kernel/persistent_kernel.cuh:37:
In file included from /home/hotaisle/metalOps/repos/fleet-chiplet-megakernel/python/mirage/../../include/mirage/persistent_kernel/tasks/mi300/task_header.cuh:28:
In file included from /home/hotaisle/metalOps/repos/fleet-chiplet-megakernel/python/mirage/../../include/mirage/persistent_kernel/tasks/mi300/silu_mul_linear_mi300.cuh:19:
In file included from /home/hotaisle/metalOps/repos/fleet-chiplet-megakernel/python/mirage/../../include/mirage/persistent_kernel/tasks/mi300/linear_ck_mi300.cuh:18:
In file included from /home/hotaisle/metalOps/repos/fleet-chiplet-megakernel/python/mirage/../../deps/composable_kernel/include/ck_tile/core.hpp:5:
In file included from /home/hotaisle/metalOps/repos/fleet-chiplet-megakernel/python/mirage/../../deps/composable_kernel/include/ck_tile/core/algorithm/cluster_descriptor.hpp:8:
/home/hotaisle/metalOps/repos/fleet-chiplet-megakernel/python/mirage/../../deps/composable_kernel/include/ck_tile/core/tensor/tensor_adaptor.hpp:16:34: warning: unknown warning group '-Wlifetime-safety-intra-tu-suggestions', ignored [-Wunknown-warning-option]
   16 | #pragma clang diagnostic ignored "-Wlifetime-safety-intra-tu-suggestions"
      |                                  ^
In file included from ./permanent_output_dir/test.cu:6:
In file included from /home/hotaisle/metalOps/repos/fleet-chiplet-megakernel/python/mirage/../../include/mirage/persistent_kernel/persistent_kernel.cuh:37:
In file included from /home/hotaisle/metalOps/repos/fleet-chiplet-megakernel/python/mirage/../../include/mirage/persistent_kernel/tasks/mi300/task_header.cuh:28:
In file included from /home/hotaisle/metalOps/repos/fleet-chiplet-megakernel/python/mirage/../../include/mirage/persistent_kernel/tasks/mi300/silu_mul_linear_mi300.cuh:19:
In file included from /home/hotaisle/metalOps/repos/fleet-chiplet-megakernel/python/mirage/../../include/mirage/persistent_kernel/tasks/mi300/linear_ck_mi300.cuh:18:
In file included from /home/hotaisle/metalOps/repos/fleet-chiplet-megakernel/python/mirage/../../deps/composable_kernel/include/ck_tile/core.hpp:9:
In file included from /home/hotaisle/metalOps/repos/fleet-chiplet-megakernel/python/mirage/../../deps/composable_kernel/include/ck_tile/core/algorithm/static_encoding_pattern.hpp:73:
In file included from /home/hotaisle/metalOps/repos/fleet-chiplet-megakernel/python/mirage/../../deps/composable_kernel/include/ck_tile/core/arch/arch.hpp:13:
In file included from /home/hotaisle/metalOps/repos/fleet-chiplet-megakernel/python/mirage/../../deps/composable_kernel/include/ck_tile/core/arch/amd_buffer_addressing_builtins.hpp:12:
In file included from /home/hotaisle/metalOps/repos/fleet-chiplet-megakernel/python/mirage/../../deps/composable_kernel/include/ck_tile/core/numeric/vector_type.hpp:15:
/home/hotaisle/metalOps/repos/fleet-chiplet-megakernel/python/mirage/../../deps/composable_kernel/include/ck_tile/core/numeric/e8m0.hpp:10:34: warning: unknown warning group '-Wlifetime-safety-intra-tu-suggestions', ignored [-Wunknown-warning-option]
   10 | #pragma clang diagnostic ignored "-Wlifetime-safety-intra-tu-suggestions"
      |                                  ^
In file included from ./permanent_output_dir/test.cu:6:
In file included from /home/hotaisle/metalOps/repos/fleet-chiplet-megakernel/python/mirage/../../include/mirage/persistent_kernel/persistent_kernel.cuh:37:
In file included from /home/hotaisle/metalOps/repos/fleet-chiplet-megakernel/python/mirage/../../include/mirage/persistent_kernel/tasks/mi300/task_header.cuh:28:
In file included from /home/hotaisle/metalOps/repos/fleet-chiplet-megakernel/python/mirage/../../include/mirage/persistent_kernel/tasks/mi300/silu_mul_linear_mi300.cuh:19:
In file included from /home/hotaisle/metalOps/repos/fleet-chiplet-megakernel/python/mirage/../../include/mirage/persistent_kernel/tasks/mi300/linear_ck_mi300.cuh:18:
In file included from /home/hotaisle/metalOps/repos/fleet-chiplet-megakernel/python/mirage/../../deps/composable_kernel/include/ck_tile/core.hpp:9:
In file included from /home/hotaisle/metalOps/repos/fleet-chiplet-megakernel/python/mirage/../../deps/composable_kernel/include/ck_tile/core/algorithm/static_encoding_pattern.hpp:78:
In file included from /home/hotaisle/metalOps/repos/fleet-chiplet-megakernel/python/mirage/../../deps/composable_kernel/include/ck_tile/core/tensor/tile_distribution.hpp:14:
In file included from /home/hotaisle/metalOps/repos/fleet-chiplet-megakernel/python/mirage/../../deps/composable_kernel/include/ck_tile/core/tensor/tile_distribution_encoding.hpp:11:
/home/hotaisle/metalOps/repos/fleet-chiplet-megakernel/python/mirage/../../deps/composable_kernel/include/ck_tile/core/tensor/tensor_adaptor_coordinate.hpp:18:34: warning: unknown warning group '-Wlifetime-safety-intra-tu-suggestions', ignored [-Wunknown-warning-option]
   18 | #pragma clang diagnostic ignored "-Wlifetime-safety-intra-tu-suggestions"
      |                                  ^
In file included from ./permanent_output_dir/test.cu:6:
In file included from /home/hotaisle/metalOps/repos/fleet-chiplet-megakernel/python/mirage/../../include/mirage/persistent_kernel/persistent_kernel.cuh:37:
In file included from /home/hotaisle/metalOps/repos/fleet-chiplet-megakernel/python/mirage/../../include/mirage/persistent_kernel/tasks/mi300/task_header.cuh:28:
In file included from /home/hotaisle/metalOps/repos/fleet-chiplet-megakernel/python/mirage/../../include/mirage/persistent_kernel/tasks/mi300/silu_mul_linear_mi300.cuh:19:
In file included from /home/hotaisle/metalOps/repos/fleet-chiplet-megakernel/python/mirage/../../include/mirage/persistent_kernel/tasks/mi300/linear_ck_mi300.cuh:18:
In file included from /home/hotaisle/metalOps/repos/fleet-chiplet-megakernel/python/mirage/../../deps/composable_kernel/include/ck_tile/core.hpp:9:
In file included from /home/hotaisle/metalOps/repos/fleet-chiplet-megakernel/python/mirage/../../deps/composable_kernel/include/ck_tile/core/algorithm/static_encoding_pattern.hpp:78:
/home/hotaisle/metalOps/repos/fleet-chiplet-megakernel/python/mirage/../../deps/composable_kernel/include/ck_tile/core/tensor/tile_distribution.hpp:19:34: warning: unknown warning group '-Wlifetime-safety-intra-tu-suggestions', ignored [-Wunknown-warning-option]
   19 | #pragma clang diagnostic ignored "-Wlifetime-safety-intra-tu-suggestions"
      |                                  ^
In file included from ./permanent_output_dir/test.cu:6:
In file included from /home/hotaisle/metalOps/repos/fleet-chiplet-megakernel/python/mirage/../../include/mirage/persistent_kernel/persistent_kernel.cuh:37:
In file included from /home/hotaisle/metalOps/repos/fleet-chiplet-megakernel/python/mirage/../../include/mirage/persistent_kernel/tasks/mi300/task_header.cuh:28:
In file included from /home/hotaisle/metalOps/repos/fleet-chiplet-megakernel/python/mirage/../../include/mirage/persistent_kernel/tasks/mi300/silu_mul_linear_mi300.cuh:19:
In file included from /home/hotaisle/metalOps/repos/fleet-chiplet-megakernel/python/mirage/../../include/mirage/persistent_kernel/tasks/mi300/linear_ck_mi300.cuh:18:
In file included from /home/hotaisle/metalOps/repos/fleet-chiplet-megakernel/python/mirage/../../deps/composable_kernel/include/ck_tile/core.hpp:16:
/home/hotaisle/metalOps/repos/fleet-chiplet-megakernel/python/mirage/../../deps/composable_kernel/include/ck_tile/core/arch/mma/amdgcn_mma.hpp:13:34: warning: unknown warning group '-Wlifetime-safety-intra-tu-suggestions', ignored [-Wunknown-warning-option]
   13 | #pragma clang diagnostic ignored "-Wlifetime-safety-intra-tu-suggestions"
      |                                  ^
In file included from ./permanent_output_dir/test.cu:6:
In file included from /home/hotaisle/metalOps/repos/fleet-chiplet-megakernel/python/mirage/../../include/mirage/persistent_kernel/persistent_kernel.cuh:37:
In file included from /home/hotaisle/metalOps/repos/fleet-chiplet-megakernel/python/mirage/../../include/mirage/persistent_kernel/tasks/mi300/task_header.cuh:28:
In file included from /home/hotaisle/metalOps/repos/fleet-chiplet-megakernel/python/mirage/../../include/mirage/persistent_kernel/tasks/mi300/silu_mul_linear_mi300.cuh:19:
In file included from /home/hotaisle/metalOps/repos/fleet-chiplet-megakernel/python/mirage/../../include/mirage/persistent_kernel/tasks/mi300/linear_ck_mi300.cuh:18:
In file included from /home/hotaisle/metalOps/repos/fleet-chiplet-megakernel/python/mirage/../../deps/composable_kernel/include/ck_tile/core.hpp:16:
In file included from /home/hotaisle/metalOps/repos/fleet-chiplet-megakernel/python/mirage/../../deps/composable_kernel/include/ck_tile/core/arch/mma/amdgcn_mma.hpp:128:
In file included from /home/hotaisle/metalOps/repos/fleet-chiplet-megakernel/python/mirage/../../deps/composable_kernel/include/ck_tile/core/arch/mma/sparse/sparse.hpp:65:
In file included from /home/hotaisle/metalOps/repos/fleet-chiplet-megakernel/python/mirage/../../deps/composable_kernel/include/ck_tile/core/arch/mma/sparse/mfma/sparse_gfx9.hpp:9:
In file included from /home/hotaisle/metalOps/repos/fleet-chiplet-megakernel/python/mirage/../../deps/composable_kernel/include/ck_tile/ops/gemm/warp/warp_gemm_smfmac_impl.hpp:8:
/home/hotaisle/metalOps/repos/fleet-chiplet-megakernel/python/mirage/../../deps/composable_kernel/include/ck_tile/core/tensor/static_distributed_tensor.hpp:18:34: warning: unknown warning group '-Wlifetime-safety-intra-tu-suggestions', ignored [-Wunknown-warning-option]
   18 | #pragma clang diagnostic ignored "-Wlifetime-safety-intra-tu-suggestions"
      |                                  ^
In file included from ./permanent_output_dir/test.cu:6:
In file included from /home/hotaisle/metalOps/repos/fleet-chiplet-megakernel/python/mirage/../../include/mirage/persistent_kernel/persistent_kernel.cuh:37:
In file included from /home/hotaisle/metalOps/repos/fleet-chiplet-megakernel/python/mirage/../../include/mirage/persistent_kernel/tasks/mi300/task_header.cuh:28:
In file included from /home/hotaisle/metalOps/repos/fleet-chiplet-megakernel/python/mirage/../../include/mirage/persistent_kernel/tasks/mi300/silu_mul_linear_mi300.cuh:19:
In file included from /home/hotaisle/metalOps/repos/fleet-chiplet-megakernel/python/mirage/../../include/mirage/persistent_kernel/tasks/mi300/linear_ck_mi300.cuh:18:
In file included from /home/hotaisle/metalOps/repos/fleet-chiplet-megakernel/python/mirage/../../deps/composable_kernel/include/ck_tile/core.hpp:64:
In file included from /home/hotaisle/metalOps/repos/fleet-chiplet-megakernel/python/mirage/../../deps/composable_kernel/include/ck_tile/core/tensor/load_tile.hpp:12:
In file included from /home/hotaisle/metalOps/repos/fleet-chiplet-megakernel/python/mirage/../../deps/composable_kernel/include/ck_tile/core/tensor/tile_window.hpp:15:
/home/hotaisle/metalOps/repos/fleet-chiplet-megakernel/python/mirage/../../deps/composable_kernel/include/ck_tile/core/tensor/tensor_view.hpp:18:34: warning: unknown warning group '-Wlifetime-safety-intra-tu-suggestions', ignored [-Wunknown-warning-option]
   18 | #pragma clang diagnostic ignored "-Wlifetime-safety-intra-tu-suggestions"
      |                                  ^
In file included from ./permanent_output_dir/test.cu:6:
In file included from /home/hotaisle/metalOps/repos/fleet-chiplet-megakernel/python/mirage/../../include/mirage/persistent_kernel/persistent_kernel.cuh:37:
In file included from /home/hotaisle/metalOps/repos/fleet-chiplet-megakernel/python/mirage/../../include/mirage/persistent_kernel/tasks/mi300/task_header.cuh:28:
In file included from /home/hotaisle/metalOps/repos/fleet-chiplet-megakernel/python/mirage/../../include/mirage/persistent_kernel/tasks/mi300/silu_mul_linear_mi300.cuh:19:
In file included from /home/hotaisle/metalOps/repos/fleet-chiplet-megakernel/python/mirage/../../include/mirage/persistent_kernel/tasks/mi300/linear_ck_mi300.cuh:18:
In file included from /home/hotaisle/metalOps/repos/fleet-chiplet-megakernel/python/mirage/../../deps/composable_kernel/include/ck_tile/core.hpp:90:
/home/hotaisle/metalOps/repos/fleet-chiplet-megakernel/python/mirage/../../deps/composable_kernel/include/ck_tile/core/utility/env.hpp:10:34: warning: unknown warning group '-Wlifetime-safety-intra-tu-suggestions', ignored [-Wunknown-warning-option]
   10 | #pragma clang diagnostic ignored "-Wlifetime-safety-intra-tu-suggestions"
      |                                  ^
In file included from ./permanent_output_dir/test.cu:6:
In file included from /home/hotaisle/metalOps/repos/fleet-chiplet-megakernel/python/mirage/../../include/mirage/persistent_kernel/persistent_kernel.cuh:37:
In file included from /home/hotaisle/metalOps/repos/fleet-chiplet-megakernel/python/mirage/../../include/mirage/persistent_kernel/tasks/mi300/task_header.cuh:28:
In file included from /home/hotaisle/metalOps/repos/fleet-chiplet-megakernel/python/mirage/../../include/mirage/persistent_kernel/tasks/mi300/silu_mul_linear_mi300.cuh:19:
In file included from /home/hotaisle/metalOps/repos/fleet-chiplet-megakernel/python/mirage/../../include/mirage/persistent_kernel/tasks/mi300/linear_ck_mi300.cuh:19:
In file included from /home/hotaisle/metalOps/repos/fleet-chiplet-megakernel/python/mirage/../../deps/composable_kernel/include/ck_tile/ops/gemm.hpp:38:
In file included from /home/hotaisle/metalOps/repos/fleet-chiplet-megakernel/python/mirage/../../deps/composable_kernel/include/ck_tile/ops/gemm/kernel/grouped_gemm_kernel.hpp:13:
In file included from /home/hotaisle/metalOps/repos/fleet-chiplet-megakernel/python/mirage/../../deps/composable_kernel/include/ck_tile/host.hpp:5:
/home/hotaisle/metalOps/repos/fleet-chiplet-megakernel/python/mirage/../../deps/composable_kernel/include/ck_tile/host/arg_parser.hpp:17:34: warning: unknown warning group '-Wlifetime-safety-intra-tu-suggestions', ignored [-Wunknown-warning-option]
   17 | #pragma clang diagnostic ignored "-Wlifetime-safety-intra-tu-suggestions"
      |                                  ^
In file included from ./permanent_output_dir/test.cu:6:
In file included from /home/hotaisle/metalOps/repos/fleet-chiplet-megakernel/python/mirage/../../include/mirage/persistent_kernel/persistent_kernel.cuh:37:
In file included from /home/hotaisle/metalOps/repos/fleet-chiplet-megakernel/python/mirage/../../include/mirage/persistent_kernel/tasks/mi300/task_header.cuh:28:
In file included from /home/hotaisle/metalOps/repos/fleet-chiplet-megakernel/python/mirage/../../include/mirage/persistent_kernel/tasks/mi300/silu_mul_linear_mi300.cuh:19:
In file included from /home/hotaisle/metalOps/repos/fleet-chiplet-megakernel/python/mirage/../../include/mirage/persistent_kernel/tasks/mi300/linear_ck_mi300.cuh:19:
In file included from /home/hotaisle/metalOps/repos/fleet-chiplet-megakernel/python/mirage/../../deps/composable_kernel/include/ck_tile/ops/gemm.hpp:38:
In file included from /home/hotaisle/metalOps/repos/fleet-chiplet-megakernel/python/mirage/../../deps/composable_kernel/include/ck_tile/ops/gemm/kernel/grouped_gemm_kernel.hpp:13:
In file included from /home/hotaisle/metalOps/repos/fleet-chiplet-megakernel/python/mirage/../../deps/composable_kernel/include/ck_tile/host.hpp:8:
In file included from /home/hotaisle/metalOps/repos/fleet-chiplet-megakernel/python/mirage/../../deps/composable_kernel/include/ck_tile/host/convolution_host_tensor_descriptor_helper.hpp:8:
/home/hotaisle/metalOps/repos/fleet-chiplet-megakernel/python/mirage/../../deps/composable_kernel/include/ck_tile/host/host_tensor.hpp:21:34: warning: unknown warning group '-Wlifetime-safety-intra-tu-suggestions', ignored [-Wunknown-warning-option]
   21 | #pragma clang diagnostic ignored "-Wlifetime-safety-intra-tu-suggestions"
      |                                  ^
15 warnings generated when compiling for gfx942.
In file included from ./permanent_output_dir/test.cu:6:
In file included from /home/hotaisle/metalOps/repos/fleet-chiplet-megakernel/python/mirage/../../include/mirage/persistent_kernel/persistent_kernel.cuh:37:
In file included from /home/hotaisle/metalOps/repos/fleet-chiplet-megakernel/python/mirage/../../include/mirage/persistent_kernel/tasks/mi300/task_header.cuh:28:
In file included from /home/hotaisle/metalOps/repos/fleet-chiplet-megakernel/python/mirage/../../include/mirage/persistent_kernel/tasks/mi300/silu_mul_linear_mi300.cuh:19:
In file included from /home/hotaisle/metalOps/repos/fleet-chiplet-megakernel/python/mirage/../../include/mirage/persistent_kernel/tasks/mi300/linear_ck_mi300.cuh:18:
In file included from /home/hotaisle/metalOps/repos/fleet-chiplet-megakernel/python/mirage/../../deps/composable_kernel/include/ck_tile/core.hpp:5:
In file included from /home/hotaisle/metalOps/repos/fleet-chiplet-megakernel/python/mirage/../../deps/composable_kernel/include/ck_tile/core/algorithm/cluster_descriptor.hpp:7:
In file included from /home/hotaisle/metalOps/repos/fleet-chiplet-megakernel/python/mirage/../../deps/composable_kernel/include/ck_tile/core/algorithm/coordinate_transform.hpp:7:
In file included from /home/hotaisle/metalOps/repos/fleet-chiplet-megakernel/python/mirage/../../deps/composable_kernel/include/ck_tile/core/container/multi_index.hpp:7:
In file included from /home/hotaisle/metalOps/repos/fleet-chiplet-megakernel/python/mirage/../../deps/composable_kernel/include/ck_tile/core/container/array.hpp:13:
In file included from /home/hotaisle/metalOps/repos/fleet-chiplet-megakernel/python/mirage/../../deps/composable_kernel/include/ck_tile/core/utility/functional.hpp:9:
In file included from /home/hotaisle/metalOps/repos/fleet-chiplet-megakernel/python/mirage/../../deps/composable_kernel/include/ck_tile/core/container/sequence.hpp:10:
In file included from /home/hotaisle/metalOps/repos/fleet-chiplet-megakernel/python/mirage/../../deps/composable_kernel/include/ck_tile/core/numeric/math.hpp:512:
In file included from /home/hotaisle/metalOps/repos/fleet-chiplet-megakernel/python/mirage/../../deps/composable_kernel/include/ck_tile/core/numeric/type_convert.hpp:74:
/home/hotaisle/metalOps/repos/fleet-chiplet-megakernel/python/mirage/../../deps/composable_kernel/include/ck_tile/core/numeric/pk_fp4.hpp:13:34: warning: unknown warning group '-Wlifetime-safety-intra-tu-suggestions', ignored [-Wunknown-warning-option]
   13 | #pragma clang diagnostic ignored "-Wlifetime-safety-intra-tu-suggestions"
      |                                  ^
In file included from ./permanent_output_dir/test.cu:6:
In file included from /home/hotaisle/metalOps/repos/fleet-chiplet-megakernel/python/mirage/../../include/mirage/persistent_kernel/persistent_kernel.cuh:37:
In file included from /home/hotaisle/metalOps/repos/fleet-chiplet-megakernel/python/mirage/../../include/mirage/persistent_kernel/tasks/mi300/task_header.cuh:28:
In file included from /home/hotaisle/metalOps/repos/fleet-chiplet-megakernel/python/mirage/../../include/mirage/persistent_kernel/tasks/mi300/silu_mul_linear_mi300.cuh:19:
In file included from /home/hotaisle/metalOps/repos/fleet-chiplet-megakernel/python/mirage/../../include/mirage/persistent_kernel/tasks/mi300/linear_ck_mi300.cuh:18:
In file included from /home/hotaisle/metalOps/repos/fleet-chiplet-megakernel/python/mirage/../../deps/composable_kernel/include/ck_tile/core.hpp:5:
In file included from /home/hotaisle/metalOps/repos/fleet-chiplet-megakernel/python/mirage/../../deps/composable_kernel/include/ck_tile/core/algorithm/cluster_descriptor.hpp:7:
In file included from /home/hotaisle/metalOps/repos/fleet-chiplet-megakernel/python/mirage/../../deps/composable_kernel/include/ck_tile/core/algorithm/coordinate_transform.hpp:7:
In file included from /home/hotaisle/metalOps/repos/fleet-chiplet-megakernel/python/mirage/../../deps/composable_kernel/include/ck_tile/core/container/multi_index.hpp:7:
In file included from /home/hotaisle/metalOps/repos/fleet-chiplet-megakernel/python/mirage/../../deps/composable_kernel/include/ck_tile/core/container/array.hpp:13:
/home/hotaisle/metalOps/repos/fleet-chiplet-megakernel/python/mirage/../../deps/composable_kernel/include/ck_tile/core/utility/functional.hpp:14:34: warning: unknown warning group '-Wlifetime-safety-intra-tu-suggestions', ignored [-Wunknown-warning-option]
   14 | #pragma clang diagnostic ignored "-Wlifetime-safety-intra-tu-suggestions"
      |                                  ^
In file included from ./permanent_output_dir/test.cu:6:
In file included from /home/hotaisle/metalOps/repos/fleet-chiplet-megakernel/python/mirage/../../include/mirage/persistent_kernel/persistent_kernel.cuh:37:
In file included from /home/hotaisle/metalOps/repos/fleet-chiplet-megakernel/python/mirage/../../include/mirage/persistent_kernel/tasks/mi300/task_header.cuh:28:
In file included from /home/hotaisle/metalOps/repos/fleet-chiplet-megakernel/python/mirage/../../include/mirage/persistent_kernel/tasks/mi300/silu_mul_linear_mi300.cuh:19:
In file included from /home/hotaisle/metalOps/repos/fleet-chiplet-megakernel/python/mirage/../../include/mirage/persistent_kernel/tasks/mi300/linear_ck_mi300.cuh:18:
In file included from /home/hotaisle/metalOps/repos/fleet-chiplet-megakernel/python/mirage/../../deps/composable_kernel/include/ck_tile/core.hpp:5:
In file included from /home/hotaisle/metalOps/repos/fleet-chiplet-megakernel/python/mirage/../../deps/composable_kernel/include/ck_tile/core/algorithm/cluster_descriptor.hpp:7:
In file included from /home/hotaisle/metalOps/repos/fleet-chiplet-megakernel/python/mirage/../../deps/composable_kernel/include/ck_tile/core/algorithm/coordinate_transform.hpp:7:
In file included from /home/hotaisle/metalOps/repos/fleet-chiplet-megakernel/python/mirage/../../deps/composable_kernel/include/ck_tile/core/container/multi_index.hpp:9:
/home/hotaisle/metalOps/repos/fleet-chiplet-megakernel/python/mirage/../../deps/composable_kernel/include/ck_tile/core/container/tuple.hpp:17:34: warning: unknown warning group '-Wlifetime-safety-intra-tu-suggestions', ignored [-Wunknown-warning-option]
   17 | #pragma clang diagnostic ignored "-Wlifetime-safety-intra-tu-suggestions"
      |                                  ^
In file included from ./permanent_output_dir/test.cu:6:
In file included from /home/hotaisle/metalOps/repos/fleet-chiplet-megakernel/python/mirage/../../include/mirage/persistent_kernel/persistent_kernel.cuh:37:
In file included from /home/hotaisle/metalOps/repos/fleet-chiplet-megakernel/python/mirage/../../include/mirage/persistent_kernel/tasks/mi300/task_header.cuh:28:
In file included from /home/hotaisle/metalOps/repos/fleet-chiplet-megakernel/python/mirage/../../include/mirage/persistent_kernel/tasks/mi300/silu_mul_linear_mi300.cuh:19:
In file included from /home/hotaisle/metalOps/repos/fleet-chiplet-megakernel/python/mirage/../../include/mirage/persistent_kernel/tasks/mi300/linear_ck_mi300.cuh:18:
In file included from /home/hotaisle/metalOps/repos/fleet-chiplet-megakernel/python/mirage/../../deps/composable_kernel/include/ck_tile/core.hpp:5:
In file included from /home/hotaisle/metalOps/repos/fleet-chiplet-megakernel/python/mirage/../../deps/composable_kernel/include/ck_tile/core/algorithm/cluster_descriptor.hpp:7:
In file included from /home/hotaisle/metalOps/repos/fleet-chiplet-megakernel/python/mirage/../../deps/composable_kernel/include/ck_tile/core/algorithm/coordinate_transform.hpp:8:
In file included from /home/hotaisle/metalOps/repos/fleet-chiplet-megakernel/python/mirage/../../deps/composable_kernel/include/ck_tile/core/container/container_helper.hpp:8:
/home/hotaisle/metalOps/repos/fleet-chiplet-megakernel/python/mirage/../../deps/composable_kernel/include/ck_tile/core/container/map.hpp:12:34: warning: unknown warning group '-Wlifetime-safety-intra-tu-suggestions', ignored [-Wunknown-warning-option]
   12 | #pragma clang diagnostic ignored "-Wlifetime-safety-intra-tu-suggestions"
      |                                  ^
In file included from ./permanent_output_dir/test.cu:6:
In file included from /home/hotaisle/metalOps/repos/fleet-chiplet-megakernel/python/mirage/../../include/mirage/persistent_kernel/persistent_kernel.cuh:37:
In file included from /home/hotaisle/metalOps/repos/fleet-chiplet-megakernel/python/mirage/../../include/mirage/persistent_kernel/tasks/mi300/task_header.cuh:28:
In file included from /home/hotaisle/metalOps/repos/fleet-chiplet-megakernel/python/mirage/../../include/mirage/persistent_kernel/tasks/mi300/silu_mul_linear_mi300.cuh:19:
In file included from /home/hotaisle/metalOps/repos/fleet-chiplet-megakernel/python/mirage/../../include/mirage/persistent_kernel/tasks/mi300/linear_ck_mi300.cuh:18:
In file included from /home/hotaisle/metalOps/repos/fleet-chiplet-megakernel/python/mirage/../../deps/composable_kernel/include/ck_tile/core.hpp:5:
In file included from /home/hotaisle/metalOps/repos/fleet-chiplet-megakernel/python/mirage/../../deps/composable_kernel/include/ck_tile/core/algorithm/cluster_descriptor.hpp:7:
/home/hotaisle/metalOps/repos/fleet-chiplet-megakernel/python/mirage/../../deps/composable_kernel/include/ck_tile/core/algorithm/coordinate_transform.hpp:15:34: warning: unknown warning group '-Wlifetime-safety-intra-tu-suggestions', ignored [-Wunknown-warning-option]
   15 | #pragma clang diagnostic ignored "-Wlifetime-safety-intra-tu-suggestions"
      |                                  ^
In file included from ./permanent_output_dir/test.cu:6:
In file included from /home/hotaisle/metalOps/repos/fleet-chiplet-megakernel/python/mirage/../../include/mirage/persistent_kernel/persistent_kernel.cuh:37:
In file included from /home/hotaisle/metalOps/repos/fleet-chiplet-megakernel/python/mirage/../../include/mirage/persistent_kernel/tasks/mi300/task_header.cuh:28:
In file included from /home/hotaisle/metalOps/repos/fleet-chiplet-megakernel/python/mirage/../../include/mirage/persistent_kernel/tasks/mi300/silu_mul_linear_mi300.cuh:19:
In file included from /home/hotaisle/metalOps/repos/fleet-chiplet-megakernel/python/mirage/../../include/mirage/persistent_kernel/tasks/mi300/linear_ck_mi300.cuh:18:
In file included from /home/hotaisle/metalOps/repos/fleet-chiplet-megakernel/python/mirage/../../deps/composable_kernel/include/ck_tile/core.hpp:5:
In file included from /home/hotaisle/metalOps/repos/fleet-chiplet-megakernel/python/mirage/../../deps/composable_kernel/include/ck_tile/core/algorithm/cluster_descriptor.hpp:8:
/home/hotaisle/metalOps/repos/fleet-chiplet-megakernel/python/mirage/../../deps/composable_kernel/include/ck_tile/core/tensor/tensor_adaptor.hpp:16:34: warning: unknown warning group '-Wlifetime-safety-intra-tu-suggestions', ignored [-Wunknown-warning-option]
   16 | #pragma clang diagnostic ignored "-Wlifetime-safety-intra-tu-suggestions"
      |                                  ^
In file included from ./permanent_output_dir/test.cu:6:
In file included from /home/hotaisle/metalOps/repos/fleet-chiplet-megakernel/python/mirage/../../include/mirage/persistent_kernel/persistent_kernel.cuh:37:
In file included from /home/hotaisle/metalOps/repos/fleet-chiplet-megakernel/python/mirage/../../include/mirage/persistent_kernel/tasks/mi300/task_header.cuh:28:
In file included from /home/hotaisle/metalOps/repos/fleet-chiplet-megakernel/python/mirage/../../include/mirage/persistent_kernel/tasks/mi300/silu_mul_linear_mi300.cuh:19:
In file included from /home/hotaisle/metalOps/repos/fleet-chiplet-megakernel/python/mirage/../../include/mirage/persistent_kernel/tasks/mi300/linear_ck_mi300.cuh:18:
In file included from /home/hotaisle/metalOps/repos/fleet-chiplet-megakernel/python/mirage/../../deps/composable_kernel/include/ck_tile/core.hpp:9:
In file included from /home/hotaisle/metalOps/repos/fleet-chiplet-megakernel/python/mirage/../../deps/composable_kernel/include/ck_tile/core/algorithm/static_encoding_pattern.hpp:73:
In file included from /home/hotaisle/metalOps/repos/fleet-chiplet-megakernel/python/mirage/../../deps/composable_kernel/include/ck_tile/core/arch/arch.hpp:13:
In file included from /home/hotaisle/metalOps/repos/fleet-chiplet-megakernel/python/mirage/../../deps/composable_kernel/include/ck_tile/core/arch/amd_buffer_addressing_builtins.hpp:12:
In file included from /home/hotaisle/metalOps/repos/fleet-chiplet-megakernel/python/mirage/../../deps/composable_kernel/include/ck_tile/core/numeric/vector_type.hpp:15:
/home/hotaisle/metalOps/repos/fleet-chiplet-megakernel/python/mirage/../../deps/composable_kernel/include/ck_tile/core/numeric/e8m0.hpp:10:34: warning: unknown warning group '-Wlifetime-safety-intra-tu-suggestions', ignored [-Wunknown-warning-option]
   10 | #pragma clang diagnostic ignored "-Wlifetime-safety-intra-tu-suggestions"
      |                                  ^
In file included from ./permanent_output_dir/test.cu:6:
In file included from /home/hotaisle/metalOps/repos/fleet-chiplet-megakernel/python/mirage/../../include/mirage/persistent_kernel/persistent_kernel.cuh:37:
In file included from /home/hotaisle/metalOps/repos/fleet-chiplet-megakernel/python/mirage/../../include/mirage/persistent_kernel/tasks/mi300/task_header.cuh:28:
In file included from /home/hotaisle/metalOps/repos/fleet-chiplet-megakernel/python/mirage/../../include/mirage/persistent_kernel/tasks/mi300/silu_mul_linear_mi300.cuh:19:
In file included from /home/hotaisle/metalOps/repos/fleet-chiplet-megakernel/python/mirage/../../include/mirage/persistent_kernel/tasks/mi300/linear_ck_mi300.cuh:18:
In file included from /home/hotaisle/metalOps/repos/fleet-chiplet-megakernel/python/mirage/../../deps/composable_kernel/include/ck_tile/core.hpp:9:
In file included from /home/hotaisle/metalOps/repos/fleet-chiplet-megakernel/python/mirage/../../deps/composable_kernel/include/ck_tile/core/algorithm/static_encoding_pattern.hpp:78:
In file included from /home/hotaisle/metalOps/repos/fleet-chiplet-megakernel/python/mirage/../../deps/composable_kernel/include/ck_tile/core/tensor/tile_distribution.hpp:14:
In file included from /home/hotaisle/metalOps/repos/fleet-chiplet-megakernel/python/mirage/../../deps/composable_kernel/include/ck_tile/core/tensor/tile_distribution_encoding.hpp:11:
/home/hotaisle/metalOps/repos/fleet-chiplet-megakernel/python/mirage/../../deps/composable_kernel/include/ck_tile/core/tensor/tensor_adaptor_coordinate.hpp:18:34: warning: unknown warning group '-Wlifetime-safety-intra-tu-suggestions', ignored [-Wunknown-warning-option]
   18 | #pragma clang diagnostic ignored "-Wlifetime-safety-intra-tu-suggestions"
      |                                  ^
In file included from ./permanent_output_dir/test.cu:6:
In file included from /home/hotaisle/metalOps/repos/fleet-chiplet-megakernel/python/mirage/../../include/mirage/persistent_kernel/persistent_kernel.cuh:37:
In file included from /home/hotaisle/metalOps/repos/fleet-chiplet-megakernel/python/mirage/../../include/mirage/persistent_kernel/tasks/mi300/task_header.cuh:28:
In file included from /home/hotaisle/metalOps/repos/fleet-chiplet-megakernel/python/mirage/../../include/mirage/persistent_kernel/tasks/mi300/silu_mul_linear_mi300.cuh:19:
In file included from /home/hotaisle/metalOps/repos/fleet-chiplet-megakernel/python/mirage/../../include/mirage/persistent_kernel/tasks/mi300/linear_ck_mi300.cuh:18:
In file included from /home/hotaisle/metalOps/repos/fleet-chiplet-megakernel/python/mirage/../../deps/composable_kernel/include/ck_tile/core.hpp:9:
In file included from /home/hotaisle/metalOps/repos/fleet-chiplet-megakernel/python/mirage/../../deps/composable_kernel/include/ck_tile/core/algorithm/static_encoding_pattern.hpp:78:
/home/hotaisle/metalOps/repos/fleet-chiplet-megakernel/python/mirage/../../deps/composable_kernel/include/ck_tile/core/tensor/tile_distribution.hpp:19:34: warning: unknown warning group '-Wlifetime-safety-intra-tu-suggestions', ignored [-Wunknown-warning-option]
   19 | #pragma clang diagnostic ignored "-Wlifetime-safety-intra-tu-suggestions"
      |                                  ^
In file included from ./permanent_output_dir/test.cu:6:
In file included from /home/hotaisle/metalOps/repos/fleet-chiplet-megakernel/python/mirage/../../include/mirage/persistent_kernel/persistent_kernel.cuh:37:
In file included from /home/hotaisle/metalOps/repos/fleet-chiplet-megakernel/python/mirage/../../include/mirage/persistent_kernel/tasks/mi300/task_header.cuh:28:
In file included from /home/hotaisle/metalOps/repos/fleet-chiplet-megakernel/python/mirage/../../include/mirage/persistent_kernel/tasks/mi300/silu_mul_linear_mi300.cuh:19:
In file included from /home/hotaisle/metalOps/repos/fleet-chiplet-megakernel/python/mirage/../../include/mirage/persistent_kernel/tasks/mi300/linear_ck_mi300.cuh:18:
In file included from /home/hotaisle/metalOps/repos/fleet-chiplet-megakernel/python/mirage/../../deps/composable_kernel/include/ck_tile/core.hpp:16:
/home/hotaisle/metalOps/repos/fleet-chiplet-megakernel/python/mirage/../../deps/composable_kernel/include/ck_tile/core/arch/mma/amdgcn_mma.hpp:13:34: warning: unknown warning group '-Wlifetime-safety-intra-tu-suggestions', ignored [-Wunknown-warning-option]
   13 | #pragma clang diagnostic ignored "-Wlifetime-safety-intra-tu-suggestions"
      |                                  ^
In file included from ./permanent_output_dir/test.cu:6:
In file included from /home/hotaisle/metalOps/repos/fleet-chiplet-megakernel/python/mirage/../../include/mirage/persistent_kernel/persistent_kernel.cuh:37:
In file included from /home/hotaisle/metalOps/repos/fleet-chiplet-megakernel/python/mirage/../../include/mirage/persistent_kernel/tasks/mi300/task_header.cuh:28:
In file included from /home/hotaisle/metalOps/repos/fleet-chiplet-megakernel/python/mirage/../../include/mirage/persistent_kernel/tasks/mi300/silu_mul_linear_mi300.cuh:19:
In file included from /home/hotaisle/metalOps/repos/fleet-chiplet-megakernel/python/mirage/../../include/mirage/persistent_kernel/tasks/mi300/linear_ck_mi300.cuh:18:
In file included from /home/hotaisle/metalOps/repos/fleet-chiplet-megakernel/python/mirage/../../deps/composable_kernel/include/ck_tile/core.hpp:16:
In file included from /home/hotaisle/metalOps/repos/fleet-chiplet-megakernel/python/mirage/../../deps/composable_kernel/include/ck_tile/core/arch/mma/amdgcn_mma.hpp:128:
In file included from /home/hotaisle/metalOps/repos/fleet-chiplet-megakernel/python/mirage/../../deps/composable_kernel/include/ck_tile/core/arch/mma/sparse/sparse.hpp:65:
In file included from /home/hotaisle/metalOps/repos/fleet-chiplet-megakernel/python/mirage/../../deps/composable_kernel/include/ck_tile/core/arch/mma/sparse/mfma/sparse_gfx9.hpp:9:
In file included from /home/hotaisle/metalOps/repos/fleet-chiplet-megakernel/python/mirage/../../deps/composable_kernel/include/ck_tile/ops/gemm/warp/warp_gemm_smfmac_impl.hpp:8:
/home/hotaisle/metalOps/repos/fleet-chiplet-megakernel/python/mirage/../../deps/composable_kernel/include/ck_tile/core/tensor/static_distributed_tensor.hpp:18:34: warning: unknown warning group '-Wlifetime-safety-intra-tu-suggestions', ignored [-Wunknown-warning-option]
   18 | #pragma clang diagnostic ignored "-Wlifetime-safety-intra-tu-suggestions"
      |                                  ^
In file included from ./permanent_output_dir/test.cu:6:
In file included from /home/hotaisle/metalOps/repos/fleet-chiplet-megakernel/python/mirage/../../include/mirage/persistent_kernel/persistent_kernel.cuh:37:
In file included from /home/hotaisle/metalOps/repos/fleet-chiplet-megakernel/python/mirage/../../include/mirage/persistent_kernel/tasks/mi300/task_header.cuh:28:
In file included from /home/hotaisle/metalOps/repos/fleet-chiplet-megakernel/python/mirage/../../include/mirage/persistent_kernel/tasks/mi300/silu_mul_linear_mi300.cuh:19:
In file included from /home/hotaisle/metalOps/repos/fleet-chiplet-megakernel/python/mirage/../../include/mirage/persistent_kernel/tasks/mi300/linear_ck_mi300.cuh:18:
In file included from /home/hotaisle/metalOps/repos/fleet-chiplet-megakernel/python/mirage/../../deps/composable_kernel/include/ck_tile/core.hpp:64:
In file included from /home/hotaisle/metalOps/repos/fleet-chiplet-megakernel/python/mirage/../../deps/composable_kernel/include/ck_tile/core/tensor/load_tile.hpp:12:
In file included from /home/hotaisle/metalOps/repos/fleet-chiplet-megakernel/python/mirage/../../deps/composable_kernel/include/ck_tile/core/tensor/tile_window.hpp:15:
/home/hotaisle/metalOps/repos/fleet-chiplet-megakernel/python/mirage/../../deps/composable_kernel/include/ck_tile/core/tensor/tensor_view.hpp:18:34: warning: unknown warning group '-Wlifetime-safety-intra-tu-suggestions', ignored [-Wunknown-warning-option]
   18 | #pragma clang diagnostic ignored "-Wlifetime-safety-intra-tu-suggestions"
      |                                  ^
In file included from ./permanent_output_dir/test.cu:6:
In file included from /home/hotaisle/metalOps/repos/fleet-chiplet-megakernel/python/mirage/../../include/mirage/persistent_kernel/persistent_kernel.cuh:37:
In file included from /home/hotaisle/metalOps/repos/fleet-chiplet-megakernel/python/mirage/../../include/mirage/persistent_kernel/tasks/mi300/task_header.cuh:28:
In file included from /home/hotaisle/metalOps/repos/fleet-chiplet-megakernel/python/mirage/../../include/mirage/persistent_kernel/tasks/mi300/silu_mul_linear_mi300.cuh:19:
In file included from /home/hotaisle/metalOps/repos/fleet-chiplet-megakernel/python/mirage/../../include/mirage/persistent_kernel/tasks/mi300/linear_ck_mi300.cuh:18:
In file included from /home/hotaisle/metalOps/repos/fleet-chiplet-megakernel/python/mirage/../../deps/composable_kernel/include/ck_tile/core.hpp:90:
/home/hotaisle/metalOps/repos/fleet-chiplet-megakernel/python/mirage/../../deps/composable_kernel/include/ck_tile/core/utility/env.hpp:10:34: warning: unknown warning group '-Wlifetime-safety-intra-tu-suggestions', ignored [-Wunknown-warning-option]
   10 | #pragma clang diagnostic ignored "-Wlifetime-safety-intra-tu-suggestions"
      |                                  ^
In file included from ./permanent_output_dir/test.cu:6:
In file included from /home/hotaisle/metalOps/repos/fleet-chiplet-megakernel/python/mirage/../../include/mirage/persistent_kernel/persistent_kernel.cuh:37:
In file included from /home/hotaisle/metalOps/repos/fleet-chiplet-megakernel/python/mirage/../../include/mirage/persistent_kernel/tasks/mi300/task_header.cuh:28:
In file included from /home/hotaisle/metalOps/repos/fleet-chiplet-megakernel/python/mirage/../../include/mirage/persistent_kernel/tasks/mi300/silu_mul_linear_mi300.cuh:19:
In file included from /home/hotaisle/metalOps/repos/fleet-chiplet-megakernel/python/mirage/../../include/mirage/persistent_kernel/tasks/mi300/linear_ck_mi300.cuh:19:
In file included from /home/hotaisle/metalOps/repos/fleet-chiplet-megakernel/python/mirage/../../deps/composable_kernel/include/ck_tile/ops/gemm.hpp:38:
In file included from /home/hotaisle/metalOps/repos/fleet-chiplet-megakernel/python/mirage/../../deps/composable_kernel/include/ck_tile/ops/gemm/kernel/grouped_gemm_kernel.hpp:13:
In file included from /home/hotaisle/metalOps/repos/fleet-chiplet-megakernel/python/mirage/../../deps/composable_kernel/include/ck_tile/host.hpp:5:
/home/hotaisle/metalOps/repos/fleet-chiplet-megakernel/python/mirage/../../deps/composable_kernel/include/ck_tile/host/arg_parser.hpp:17:34: warning: unknown warning group '-Wlifetime-safety-intra-tu-suggestions', ignored [-Wunknown-warning-option]
   17 | #pragma clang diagnostic ignored "-Wlifetime-safety-intra-tu-suggestions"
      |                                  ^
In file included from ./permanent_output_dir/test.cu:6:
In file included from /home/hotaisle/metalOps/repos/fleet-chiplet-megakernel/python/mirage/../../include/mirage/persistent_kernel/persistent_kernel.cuh:37:
In file included from /home/hotaisle/metalOps/repos/fleet-chiplet-megakernel/python/mirage/../../include/mirage/persistent_kernel/tasks/mi300/task_header.cuh:28:
In file included from /home/hotaisle/metalOps/repos/fleet-chiplet-megakernel/python/mirage/../../include/mirage/persistent_kernel/tasks/mi300/silu_mul_linear_mi300.cuh:19:
In file included from /home/hotaisle/metalOps/repos/fleet-chiplet-megakernel/python/mirage/../../include/mirage/persistent_kernel/tasks/mi300/linear_ck_mi300.cuh:19:
In file included from /home/hotaisle/metalOps/repos/fleet-chiplet-megakernel/python/mirage/../../deps/composable_kernel/include/ck_tile/ops/gemm.hpp:38:
In file included from /home/hotaisle/metalOps/repos/fleet-chiplet-megakernel/python/mirage/../../deps/composable_kernel/include/ck_tile/ops/gemm/kernel/grouped_gemm_kernel.hpp:13:
In file included from /home/hotaisle/metalOps/repos/fleet-chiplet-megakernel/python/mirage/../../deps/composable_kernel/include/ck_tile/host.hpp:8:
In file included from /home/hotaisle/metalOps/repos/fleet-chiplet-megakernel/python/mirage/../../deps/composable_kernel/include/ck_tile/host/convolution_host_tensor_descriptor_helper.hpp:8:
/home/hotaisle/metalOps/repos/fleet-chiplet-megakernel/python/mirage/../../deps/composable_kernel/include/ck_tile/host/host_tensor.hpp:21:34: warning: unknown warning group '-Wlifetime-safety-intra-tu-suggestions', ignored [-Wunknown-warning-option]
   21 | #pragma clang diagnostic ignored "-Wlifetime-safety-intra-tu-suggestions"
      |                                  ^
15 warnings generated when compiling for host.
Compiling megakernel using the following command line:
['/opt/rocm/bin/hipcc', '-x', 'hip', './permanent_output_dir/test.cu', '-O3', '-I/usr/include/python3.12', '-I/home/hotaisle/metalOps/repos/fleet-chiplet-megakernel/python/mirage/../../include', '-I/home/hotaisle/metalOps/repos/fleet-chiplet-megakernel/python/mirage/../../include/mirage/hip_compat', '-I/home/hotaisle/metalOps/repos/fleet-chiplet-megakernel/python/mirage/../../include/mirage/persistent_kernel', '-I/home/hotaisle/metalOps/repos/fleet-chiplet-megakernel/python/mirage/../../deps/rocblas/include', '-I/home/hotaisle/metalOps/repos/fleet-chiplet-megakernel/python/mirage/../../deps/cutlass/include', '-I/home/hotaisle/metalOps/repos/fleet-chiplet-megakernel/python/mirage/../../deps/cutlass/tools/util/include', '-I/home/hotaisle/metalOps/repos/fleet-chiplet-megakernel/python/mirage/../../deps/composable_kernel/include', '-I/opt/rocm/include', '-I/home/hotaisle/metalOps/repos/fleet-chiplet-megakernel/deps/json/include', '-DCK_TILE_FMHA_FWD_FAST_EXP2=1', '-DMAX_WORKER_PER_SCHEDULER=38', '-DMIRAGE_USE_CUTLASS_KERNEL=0', '--offload-arch=gfx942', '-L/opt/rocm/lib', '-L/opt/rocm/lib', '-lamdhip64', '-lrocblas', '-lhipblas', '-shared', '-std=c++17', '-fPIC', '-D__HIP_PLATFORM_AMD__=1', '-DMIRAGE_AMD_MI300', '-DMIRAGE_BACKEND_USE_ROCM', '-DMPK_TARGET_CC=94', '-DMPK_MAX_NUM_BATCHED_REQUESTS=1', '-DMPK_MAX_NUM_BATCHED_TOKENS=1', '-DMPK_MAX_NUM_PAGES=1', '-DMPK_PAGE_SIZE=1056', '-DMPK_MAX_SEQ_LENGTH=1056', '-o', './permanent_output_dir/test.cpython-38-x86_64-linux-gnu.so', '-DMODE_ONLINE', '-DMPK_PROFILING_NUM_ITERS=0', '-DMPK_ENABLE_TIMING', '-DMPK_ENABLE_EVENT_TIMING', '-DMPK_ENABLE_GANG_TASKS', '-DMPK_NT_WEIGHT_LOADS']
Finished megakernel compilation...
  14.06       0.52
    3 UNKNOWN                  31      31.83      29.56      33.26       1.04
    4 UNKNOWN                  31     144.14     140.84     148.53       2.17
    5 UNKNOWN                  31      47.44      47.15      47.88       0.18
    6 UNKNOWN                  31      24.95      22.59      26.05       0.70
    7 UNKNOWN                  31      13.48      12.96      13.92       0.27
    8 UNKNOWN                  31       4.43       3.87       5.48       0.33
    9 UNKNOWN                  31      33.37      32.33      34.16       0.48
   10 UNKNOWN                  31      51.64      50.41      52.92       0.73
   11 UNKNOWN                  31      18.04      17.40      18.68       0.35
   12 UNKNOWN                  31     143.71     139.99     148.60       2.26
   13 UNKNOWN                  31      47.41      47.13      47.65       0.14
   14 UNKNOWN                  31      22.12      21.80      22.37       0.12
   15 UNKNOWN                  31      12.85      12.39      13.64       0.36
   16 UNKNOWN                  31       3.77       3.56       4.01       0.10
   17 UNKNOWN                  31      21.78      20.16      22.24       0.44
   18 UNKNOWN                  31      39.24      38.16      41.64       0.78
   19 UNKNOWN                  31       5.15       3.88       6.43       1.06
   20 UNKNOWN                  31      21.23      19.65      22.96       1.10
   21 UNKNOWN                  31       3.33       3.18       3.69       0.10

================================================================================
PER-TYPE SUMMARY (sum of avg durations across all events)
================================================================================
TaskType             Events    Total(us)  Total(ms)        %
----------------------------------------------------------
UNKNOWN                  21        840.9      0.841   100.0%
TOTAL                              840.9      0.841

Saved raw event timing to event_timing.json

ids [0, 0, 0, 0, 0, 0, 0, 0, 0, 0, 0, 0, 0, 0, 0, 0, 0, 0, 0, 0, 0, 0, 0, 0, 0, 0, 0, 0, 0, 0, 0, 0]; 21 boundary tensors; mpk() 2049.4 ms for 32 iterations -> /home/hotaisle/metalOps/harness/fleet_out/L2_it32_tile_fn1_nt_wt
0/0 router=0/0 copy=0/0 w2silu=0/0 lnorm=646844/22 prefetch=0/0
[TASK_TIME2] worker=30 prep=0/0 attend=5958552/64 merge=0/0 router=0/0 copy=0/0 w2silu=0/0 lnorm=557180/19 prefetch=0/0
[TASK_TIME2] worker=14 prep=0/0 attend=5943300/64 merge=2103916/64 router=0/0 copy=0/0 w2silu=0/0 lnorm=593012/20 prefetch=0/0
[TASK_TIME2] worker=6 prep=0/0 attend=5903256/64 merge=2301612/64 router=0/0 copy=0/0 w2silu=0/0 lnorm=689112/23 prefetch=0/0
[TASK_TIME2] worker=110 prep=0/0 attend=0/0 merge=0/0 router=0/0 copy=0/0 w2silu=0/0 lnorm=646332/22 prefetch=0/0
[TASK_TIME2] worker=118 prep=0/0 attend=0/0 merge=0/0 router=0/0 copy=0/0 w2silu=0/0 lnorm=554852/19 prefetch=0/0
[TASK_TIME2] worker=254 prep=0/0 attend=0/0 merge=0/0 router=0/0 copy=0/0 w2silu=0/0 lnorm=593804/20 prefetch=0/0
[TASK_TIME2] worker=54 prep=0/0 attend=0/0 merge=0/0 router=0/0 copy=0/0 w2silu=0/0 lnorm=645200/22 prefetch=0/0
[TASK_TIME2] worker=198 prep=0/0 attend=0/0 merge=0/0 router=0/0 copy=0/0 w2silu=0/0 lnorm=614528/21 prefetch=0/0
[TASK_TIME2] worker=94 prep=0/0 attend=0/0 merge=0/0 router=0/0 copy=0/0 w2silu=0/0 lnorm=611680/21 prefetch=0/0
[TASK_TIME2] worker=102 prep=0/0 attend=0/0 merge=0/0 router=0/0 copy=0/0 w2silu=0/0 lnorm=556552/19 prefetch=0/0
[TASK_TIME2] worker=214 prep=0/0 attend=0/0 merge=0/0 router=0/0 copy=0/0 w2silu=0/0 lnorm=645312/22 prefetch=0/0
[TASK_TIME2] worker=86 prep=0/0 attend=0/0 merge=0/0 router=0/0 copy=0/0 w2silu=0/0 lnorm=583744/20 prefetch=0/0
[TASK_TIME2] worker=222 prep=0/0 attend=0/0 merge=0/0 router=0/0 copy=0/0 w2silu=0/0 lnorm=557776/19 prefetch=0/0
[TASK_TIME2] worker=286 prep=0/0 attend=0/0 merge=0/0 router=0/0 copy=0/0 w2silu=0/0 lnorm=656604/22 prefetch=0/0
[TASK_TIME2] worker=182 prep=0/0 attend=0/0 merge=0/0 router=0/0 copy=0/0 w2silu=0/0 lnorm=615324/21 prefetch=0/0
[TASK_TIME2] worker=174 prep=0/0 attend=0/0 merge=0/0 router=0/0 copy=0/0 w2silu=0/0 lnorm=589284/20 prefetch=0/0
[TASK_TIME2] worker=270 prep=0/0 attend=0/0 merge=0/0 router=0/0 copy=0/0 w2silu=0/0 lnorm=627812/21 prefetch=0/0
[TASK_TIME2] worker=262 prep=0/0 attend=0/0 merge=0/0 router=0/0 copy=0/0 w2silu=0/0 lnorm=624516/21 prefetch=0/0
[TASK_TIME2] worker=38 prep=0/0 attend=138704/64 merge=0/0 router=0/0 copy=0/0 w2silu=0/0 lnorm=643824/22 prefetch=0/0
[TASK_TIME2] worker=134 prep=0/0 attend=0/0 merge=0/0 router=0/0 copy=0/0 w2silu=0/0 lnorm=556220/19 prefetch=0/0
[TASK_TIME2] worker=22 prep=0/0 attend=5961704/64 merge=0/0 router=0/0 copy=0/0 w2silu=0/0 lnorm=685712/23 prefetch=0/0
[TASK_TIME2] worker=46 prep=0/0 attend=0/0 merge=0/0 router=0/0 copy=0/0 w2silu=0/0 lnorm=584640/20 prefetch=0/0
[TASK_TIME2] worker=238 prep=0/0 attend=0/0 merge=0/0 router=0/0 copy=0/0 w2silu=0/0 lnorm=593736/20 prefetch=0/0
