# Measurement report

| Quantity | Predicted | Measured |
|---|---|---|
| bytes per iteration (read, MiB) | 4709.9 weights + cache; about 4772.0 with activations | - |
| time per iteration, median (us) | 1148.5-1349.4 + 326 t_b + T_serial | 1923.0 |
| time per iteration, P95 (us) |  | 9678.0 |
| time per iteration from event timing, median (us) |  | 641.2 |
| time per iteration from host wall clock (us) |  | 61326.1 |
| time per iteration from the kernel trace (us) |  | - |
| achieved read bandwidth (TB/s) | 3.66-4.3 over T_bw | - |
| launches per generation | 3 | - |
| L2 hit rate | 16-17% (Fleet's batch-1 figure) | - |
| tokens per second |  | 520.0 |
| workers with tasks (of those reporting) |  | 296 of 296 |
| tasks per XCD (placement) |  | 0:5283 1:5283 2:5287 3:5252 4:5252 5:5280 6:5281 7:5290 |
| shader clock from the spin (MHz) |  | - |
| exec cycles per task, busy workers |  | 41531.5 |
| exec us per task (at the spin's SCLK) |  | - |
| dep-wait us per iteration per busy worker |  | - |
| GFX clock from amd-smi during the run, median / max (MHz) | 2100 max (D2 of round 1) | 2103 / 2104 over 38 samples |
| memory clock from amd-smi, median (MHz) |  | 900 |

## Exec time per task by class (worker timing, I1)

| Class | tasks | cycles per task | us per task |
|---|---|---|---|
| attend | 2368 | 96980 | - |
| linear | 11776 | 37334 | - |
| linear_res | 6144 | 46779 | - |
| merge | 960 | 38082 | - |
| prep | 958 | 15909 | - |
| rms | 128 | 3843 | - |
| router | 32 | 31727 | - |
| silu | 256 | 2304 | - |

## Per-operator time (event gaps, mean over iterations after the first)

| Event | Operator | mean us | min us | max us | n |
|---|---|---|---|---|---|
| 1 | iteration_start | 141.28 | 8.76 | 177.16 | 30 |
| 2 | embed_layer | 15.45 | 14.62 | 16.79 | 31 |
| 3 | rmsnorm_layer | 4.38 | 3.93 | 4.85 | 31 |
| 4 | linear_layer | 22.88 | 20.27 | 25.36 | 31 |
| 5 | mla_prep_layer | 11.77 | 10.98 | 12.76 | 31 |
| 6 | mla_attend_layer | 68.02 | 65.94 | 70.04 | 31 |
| 7 | mla_merge_uv_layer | 25.11 | 21.94 | 25.96 | 31 |
| 8 | linear_with_residual_layer | 13.38 | 12.95 | 14.12 | 31 |
| 9 | rmsnorm_layer | 4.48 | 3.91 | 5.52 | 31 |
| 10 | gang_linear_silu_layer | 34.14 | 32.76 | 37.88 | 31 |
| 11 | linear_with_residual_layer | 51.55 | 49.64 | 53.64 | 31 |
| 12 | rmsnorm_layer | 4.70 | 3.96 | 5.04 | 31 |
| 13 | linear_layer | 13.27 | 12.84 | 14.20 | 31 |
| 14 | mla_prep_layer | 12.60 | 12.01 | 13.60 | 31 |
| 15 | mla_attend_layer | 64.09 | 63.51 | 64.63 | 31 |
| 16 | mla_merge_uv_layer | 21.77 | 21.09 | 22.80 | 31 |
| 17 | linear_with_residual_layer | 13.70 | 12.98 | 15.96 | 31 |
| 18 | rmsnorm_layer | 4.12 | 3.90 | 4.33 | 31 |
| 19 | moe_router_layer | 18.16 | 17.05 | 19.93 | 31 |
| 20 | gang_moe_w13_linear_layer | 41.28 | 38.66 | 42.91 | 31 |
| 21 | moe_silu_mul_layer | 5.64 | 3.86 | 6.45 | 31 |
| 22 | gang_moe_w2_linear_layer | 21.32 | 20.09 | 23.08 | 31 |
| 23 | moe_mul_sum_add_layer | 3.37 | 3.16 | 5.36 | 31 |

-> /home/hotaisle/metalOps/harness/fleet_out/L2_it32_tile_wt_rf_pollsleep8/metrics.json, /home/hotaisle/metalOps/harness/fleet_out/L2_it32_tile_wt_rf_pollsleep8/report_table.md
