[EVENT_TIMING] 608 event firings recorded

================================================================================
PER-EVENT WALL-CLOCK TIMING (barrier-to-barrier)
================================================================================
Event TaskType              Count    Avg(us)    Min(us)    Max(us)    Std(us)
-------------------------------------------------------------------------
    1 UNKNOWN                  30     148.06       7.80     195.52      70.14
    2 UNKNOWN                  31      13.34      11.80      14.32       0.60
    3 UNKNOWN                  31      28.03      26.60      29.91       0.80
    4 UNKNOWN                  31      10.35      10.07      10.55       0.13
    5 UNKNOWN                  31      11.75      11.39      12.00       0.18
    6 UNKNOWN                  31      24.42      23.33      26.29       0.81
    7 UNKNOWN                  31      13.07      11.98      15.00       0.80
    8 UNKNOWN                  31       3.98       3.07       4.94       0.58
    9 UNKNOWN                  31      33.36      32.39      35.38       0.72
   10 UNKNOWN                  31      50.55      49.40      51.92       0.69
   11 UNKNOWN                  31      14.06      13.46      14.98       0.42
   12 UNKNOWN                  31      10.59      10.09      12.55       0.44
   13 UNKNOWN                  31      11.93      11.51      12.35       0.19
   14 UNKNOWN                  31      23.81      22.99      25.96       0.61
   15 UNKNOWN                  31      13.03      11.60      14.96       1.05
   16 UNKNOWN                  31      17.65      15.56      18.48       0.77
   17 UNKNOWN                  31      40.54      38.53      43.53       1.37
   18 UNKNOWN                  31      34.28      31.82      36.75       1.14
   19 UNKNOWN                  31       3.08       2.92       3.46       0.10

================================================================================
PER-TYPE SUMMARY (sum of avg durations across all events)
================================================================================
TaskType             Events    Total(us)  Total(ms)        %
----------------------------------------------------------
UNKNOWN                  19        505.9      0.506   100.0%
TOTAL                              505.9      0.506

Saved raw event timing to event_timing.json
