[EVENT_TIMING] 736 event firings recorded

================================================================================
PER-EVENT WALL-CLOCK TIMING (barrier-to-barrier)
================================================================================
Event TaskType              Count    Avg(us)    Min(us)    Max(us)    Std(us)
-------------------------------------------------------------------------
    1 UNKNOWN                  30     147.68       7.72     185.68      54.90
    2 UNKNOWN                  31      11.76      10.79      12.76       0.46
    3 UNKNOWN                  31       3.83       3.48       4.08       0.15
    4 UNKNOWN                  31      24.10      22.84      24.96       0.51
    5 UNKNOWN                  31     144.85     140.21     148.57       1.95
    6 UNKNOWN                  31      56.83      54.16      58.28       1.00
    7 UNKNOWN                  31      24.13      21.63      25.68       1.22
    8 UNKNOWN                  31      13.78      13.36      15.17       0.47
    9 UNKNOWN                  31       5.06       3.80       7.17       0.61
   10 UNKNOWN                  31      32.55      31.15      33.80       0.62
   11 UNKNOWN                  31      50.39      49.44      51.36       0.42
   12 UNKNOWN                  31       4.64       3.68       5.03       0.32
   13 UNKNOWN                  31      13.64      12.76      14.84       0.47
   14 UNKNOWN                  31     147.49     144.76     150.88       1.67
   15 UNKNOWN                  31      59.21      58.57      60.29       0.62
   16 UNKNOWN                  31      22.05      21.16      23.04       0.67
   17 UNKNOWN                  31      13.63      13.40      13.96       0.13
   18 UNKNOWN                  31       3.64       3.39       3.95       0.15
   19 UNKNOWN                  31      19.83      18.93      21.29       0.77
   20 UNKNOWN                  31      40.82      38.51      42.75       1.15
   21 UNKNOWN                  31       5.62       3.56       6.56       0.90
   22 UNKNOWN                  31      20.34      19.00      22.28       0.92
   23 UNKNOWN                  31       3.11       3.00       3.45       0.10

================================================================================
PER-TYPE SUMMARY (sum of avg durations across all events)
================================================================================
TaskType             Events    Total(us)  Total(ms)        %
----------------------------------------------------------
UNKNOWN                  23        869.0      0.869   100.0%
TOTAL                              869.0      0.869

Saved raw event timing to event_timing.json
