[EVENT_TIMING] 10368 event firings recorded

================================================================================
PER-EVENT WALL-CLOCK TIMING (barrier-to-barrier)
================================================================================
Event TaskType              Count    Avg(us)    Min(us)    Max(us)    Std(us)
-------------------------------------------------------------------------
    1 UNKNOWN                  30     184.09     104.04     268.60      41.27
    2 UNKNOWN                  31      13.67      12.48      14.80       0.67
    3 UNKNOWN                  31       3.70       3.43       3.87       0.11
    4 UNKNOWN                  31      23.74      22.19      25.61       0.87
    5 UNKNOWN                  31      10.23       9.94      10.52       0.13
    6 UNKNOWN                  31      11.96      11.27      13.64       0.61
    7 UNKNOWN                  31      24.10      23.18      25.08       0.49
    8 UNKNOWN                  31      12.84      12.04      13.61       0.39
    9 UNKNOWN                  31       4.33       3.48       5.02       0.50
   10 UNKNOWN                  31      35.45      33.88      36.70       0.67
   11 UNKNOWN                  31      50.79      49.00      53.20       0.93
   12 UNKNOWN                  31       3.88       3.30       4.44       0.34
   13 UNKNOWN                  31      12.68      12.15      13.34       0.35
   14 UNKNOWN                  31      10.59      10.12      11.06       0.25
   15 UNKNOWN                  31      11.46      11.12      11.82       0.18
   16 UNKNOWN                  31      23.31      22.38      24.54       0.63
   17 UNKNOWN                  31      13.35      12.50      15.48       0.87
   18 UNKNOWN                  31      27.79      25.95      35.28       1.62
   19 UNKNOWN                  31      41.02      37.49      46.04       2.09
   20 UNKNOWN                  31      23.65      21.66      25.80       1.12
   21 UNKNOWN                  31       4.47       3.95       5.06       0.28
   22 UNKNOWN                  31       4.13       3.60       4.68       0.31
   23 UNKNOWN                  31      12.78      12.02      13.50       0.39
   24 UNKNOWN                  31      10.32      10.07      10.77       0.16
   25 UNKNOWN                  31      11.82      11.23      12.45       0.34
   26 UNKNOWN                  31      23.38      22.48      25.76       0.97
   27 UNKNOWN                  31      12.94      12.34      15.44       0.71
   28 UNKNOWN                  31      28.29      26.73      32.47       1.24
   29 UNKNOWN                  31      43.11      39.19      47.13       1.78
   30 UNKNOWN                  31      23.82      21.72      25.80       1.15
   31 UNKNOWN                  31       3.74       3.37       4.60       0.31
   32 UNKNOWN                  31       3.84       3.55       4.46       0.27
   33 UNKNOWN                  31      12.92      12.04      13.37       0.35
   34 UNKNOWN                  31      10.26       9.96      10.74       0.19
   35 UNKNOWN                  31      11.61      11.35      12.15       0.20
   36 UNKNOWN                  31      23.99      22.50      26.78       1.37
   37 UNKNOWN                  31      12.90      12.28      14.95       0.57
   38 UNKNOWN                  31      27.98      26.78      29.30       0.79
   39 UNKNOWN                  31      42.45      39.46      47.44       2.05
   40 UNKNOWN                  31      23.48      21.88      25.80       0.90
   41 UNKNOWN                  31       4.53       3.99       5.97       0.54
   42 UNKNOWN                  31       3.51       3.25       4.39       0.24
   43 UNKNOWN                  31      13.07      12.17      13.57       0.29
   44 UNKNOWN                  31      10.14       9.82      10.56       0.16
   45 UNKNOWN                  31      11.72      11.35      12.20       0.18
   46 UNKNOWN                  31      22.98      22.51      23.47       0.23
   47 UNKNOWN                  31      12.43      11.86      15.60       0.68
   48 UNKNOWN                  31      26.60      25.50      31.08       1.07
   49 UNKNOWN                  31      41.24      37.68      43.98       1.43
   50 UNKNOWN                  31      23.48      21.76      25.48       1.09
   51 UNKNOWN                  31       4.86       4.10       7.26       0.70
   52 UNKNOWN                  31       4.01       3.32       4.48       0.32
   53 UNKNOWN                  31      12.57      12.00      13.34       0.40
   54 UNKNOWN                  31      10.47       9.98      10.70       0.15
   55 UNKNOWN                  31      11.60      11.24      12.00       0.19
   56 UNKNOWN                  31      23.00      22.18      25.33       0.59
   57 UNKNOWN                  31      12.97      12.24      16.88       0.79
   58 UNKNOWN                  31      27.32      25.64      33.02       1.41
   59 UNKNOWN                  31      41.54      39.41      45.42       1.55
   60 UNKNOWN                  31      23.45      21.48      24.64       0.91
   61 UNKNOWN                  31       4.25       3.84       4.66       0.17
   62 UNKNOWN                  31       3.77       3.48       4.50       0.22
   63 UNKNOWN                  31      12.81      12.06      13.58       0.32
   64 UNKNOWN                  31      10.17       9.71      11.43       0.29
   65 UNKNOWN                  31      11.89      11.31      12.35       0.30
   66 UNKNOWN                  31      22.97      22.40      23.44       0.21
   67 UNKNOWN                  31      12.69      11.89      17.00       0.87
   68 UNKNOWN                  31      28.67      26.64      34.44       1.17
   69 UNKNOWN                  31      39.88      37.77      41.67       1.10
   70 UNKNOWN                  31      22.99      21.72      24.66       0.89
   71 UNKNOWN                  31       4.47       4.09       4.84       0.18
   72 UNKNOWN                  31       4.28       3.56       4.62       0.22
   73 UNKNOWN                  31      12.66      12.08      13.38       0.27
   74 UNKNOWN                  31      10.27       9.94      10.77       0.19
   75 UNKNOWN                  31      11.59      11.31      12.26       0.19
   76 UNKNOWN                  31      23.03      22.40      25.56       0.57
   77 UNKNOWN                  31      12.85      12.15      14.31       0.45
   78 UNKNOWN                  31      28.24      26.28      30.84       1.00
   79 UNKNOWN                  31      40.99      37.92      46.55       1.95
   80 UNKNOWN                  31      23.47      21.84      25.72       1.10
   81 UNKNOWN                  31       4.77       3.86       6.10       0.50
   82 UNKNOWN                  31       3.96       3.35       4.41       0.28
   83 UNKNOWN                  31      12.82      11.89      13.69       0.42
   84 UNKNOWN                  31      10.44      10.17      11.56       0.26
   85 UNKNOWN                  31      11.64      11.30      12.38       0.28
   86 UNKNOWN                  31      23.64      22.36      25.80       0.91
   87 UNKNOWN                  31      12.78      12.22      14.12       0.39
   88 UNKNOWN                  31      28.10      26.05      34.30       1.50
   89 UNKNOWN                  31      41.11      38.04      46.44       1.74
   90 UNKNOWN                  31      23.28      21.80      25.63       1.07
   91 UNKNOWN                  31       4.39       4.00       5.24       0.26
   92 UNKNOWN                  31       3.89       3.34       4.34       0.33
   93 UNKNOWN                  31      12.54      11.84      13.42       0.38
   94 UNKNOWN                  31      10.45      10.10      10.68       0.14
   95 UNKNOWN                  31      11.41      11.17      11.92       0.20
   96 UNKNOWN                  31      22.89      22.44      24.78       0.47
   97 UNKNOWN                  31      12.92      12.19      13.94       0.46
   98 UNKNOWN                  31      27.79      25.67      30.38       0.95
   99 UNKNOWN                  31      43.50      40.41      48.40       1.79
  100 UNKNOWN                  31      23.08      21.40      24.72       1.03
  101 UNKNOWN                  31       4.40       4.00       5.00       0.22
  102 UNKNOWN                  31       4.02       3.48       4.48       0.33
  103 UNKNOWN                  31      12.92      12.24      13.58       0.35
  104 UNKNOWN                  31      10.21       9.99      10.51       0.16
  105 UNKNOWN                  31      12.05      11.27      12.52       0.27
  106 UNKNOWN                  31      22.97      22.48      24.99       0.44
  107 UNKNOWN                  31      12.54      11.82      13.12       0.34
  108 UNKNOWN                  31      28.01      26.01      36.05       1.70
  109 UNKNOWN                  31      40.28      38.01      42.64       1.34
  110 UNKNOWN                  31      23.43      21.59      25.64       1.24
  111 UNKNOWN                  31       3.78       3.40       4.72       0.28
  112 UNKNOWN                  31       4.16       3.54       4.42       0.22
  113 UNKNOWN                  31      12.62      11.97      13.48       0.36
  114 UNKNOWN                  31      10.08       9.80      10.64       0.20
  115 UNKNOWN                  31      11.70      11.34      12.39       0.23
  116 UNKNOWN                  31      24.48      22.73      27.24       1.03
  117 UNKNOWN                  31      13.16      12.29      15.44       0.70
  118 UNKNOWN                  31      27.75      25.69      30.04       1.01
  119 UNKNOWN                  31      43.28      40.66      46.16       1.57
  120 UNKNOWN                  31      23.18      21.72      24.76       1.04
  121 UNKNOWN                  31       4.36       3.92       4.81       0.22
  122 UNKNOWN                  31       4.03       3.51       4.47       0.27
  123 UNKNOWN                  31      12.37      11.79      13.12       0.36
  124 UNKNOWN                  31      10.12       9.84      10.53       0.16
  125 UNKNOWN                  31      11.80      11.38      12.22       0.26
  126 UNKNOWN                  31      23.73      22.75      26.14       0.85
  127 UNKNOWN                  31      12.45      11.50      16.92       1.09
  128 UNKNOWN                  31      26.80      25.46      28.26       0.83
  129 UNKNOWN                  31      41.37      38.15      42.76       1.13
  130 UNKNOWN                  31      23.18      21.75      25.44       1.04
  131 UNKNOWN                  31       4.53       3.84       5.14       0.33
  132 UNKNOWN                  31       4.00       3.44       4.54       0.34
  133 UNKNOWN                  31      12.65      11.84      13.31       0.41
  134 UNKNOWN                  31      10.31       9.91      10.52       0.15
  135 UNKNOWN                  31      11.76      11.18      12.22       0.23
  136 UNKNOWN                  31      23.92      22.86      25.60       0.92
  137 UNKNOWN                  31      12.92      12.16      15.83       0.70
  138 UNKNOWN                  31      26.99      25.63      30.64       1.12
  139 UNKNOWN                  31      41.10      37.76      43.14       1.41
  140 UNKNOWN                  31      22.94      21.79      25.75       1.03
  141 UNKNOWN                  31       4.14       3.84       4.64       0.17
  142 UNKNOWN                  31       4.15       3.51       4.76       0.34
  143 UNKNOWN                  31      12.52      11.98      13.20       0.40
  144 UNKNOWN                  31      10.26       9.96      10.67       0.16
  145 UNKNOWN                  31      12.09      11.56      12.40       0.19
  146 UNKNOWN                  31      23.09      22.48      24.69       0.58
  147 UNKNOWN                  31      12.63      12.02      13.28       0.35
  148 UNKNOWN                  31      28.21      26.23      29.32       0.85
  149 UNKNOWN                  31      40.20      38.05      42.95       1.34
  150 UNKNOWN                  31      23.31      21.38      25.14       1.03
  151 UNKNOWN                  31       4.25       3.91       4.60       0.17
  152 UNKNOWN                  31       3.96       3.47       4.40       0.29
  153 UNKNOWN                  31      12.79      12.12      13.50       0.36
  154 UNKNOWN                  31      10.25       9.82      10.73       0.23
  155 UNKNOWN                  31      11.65      11.23      12.34       0.28
  156 UNKNOWN                  31      23.47      22.58      25.96       0.91
  157 UNKNOWN                  31      12.99      11.99      15.52       0.96
  158 UNKNOWN                  31      27.98      26.37      31.62       1.07
  159 UNKNOWN                  31      40.67      38.34      45.88       1.61
  160 UNKNOWN                  31      23.43      21.64      25.34       1.08
  161 UNKNOWN                  31       4.42       4.05       5.16       0.27
  162 UNKNOWN                  31       3.70       3.44       4.20       0.19
  163 UNKNOWN                  31      13.16      12.23      13.72       0.38
  164 UNKNOWN                  31      10.05       9.74      10.94       0.24
  165 UNKNOWN                  31      11.84      11.40      13.16       0.39
  166 UNKNOWN                  31      24.88      23.08      26.40       0.77
  167 UNKNOWN                  31      13.02      11.98      15.58       0.63
  168 UNKNOWN                  31      25.90      24.82      29.82       0.88
  169 UNKNOWN                  31      41.59      39.48      43.30       1.09
  170 UNKNOWN                  31      23.34      21.98      25.12       1.04
  171 UNKNOWN                  31       4.34       3.76       5.63       0.33
  172 UNKNOWN                  31       4.02       3.38       4.44       0.33
  173 UNKNOWN                  31      12.50      11.71      13.34       0.41
  174 UNKNOWN                  31      10.12       9.68      10.47       0.19
  175 UNKNOWN                  31      11.86      11.22      15.00       0.85
  176 UNKNOWN                  31      23.65      22.38      25.60       0.94
  177 UNKNOWN                  31      12.99      12.24      14.61       0.59
  178 UNKNOWN                  31      26.89      25.03      31.55       1.29
  179 UNKNOWN                  31      41.12      37.84      46.42       2.00
  180 UNKNOWN                  31      23.45      21.92      25.12       0.98
  181 UNKNOWN                  31       4.27       3.96       5.12       0.22
  182 UNKNOWN                  31       4.08       3.70       4.76       0.29
  183 UNKNOWN                  31      13.05      12.36      13.88       0.38
  184 UNKNOWN                  31      10.23       9.92      10.96       0.20
  185 UNKNOWN                  31      11.89      11.28      12.27       0.23
  186 UNKNOWN                  31      23.21      22.40      24.72       0.66
  187 UNKNOWN                  31      12.94      12.02      15.33       0.88
  188 UNKNOWN                  31      27.74      26.21      32.17       1.20
  189 UNKNOWN                  31      41.17      38.57      44.20       1.44
  190 UNKNOWN                  31      23.14      21.43      24.80       0.97
  191 UNKNOWN                  31       4.40       3.48       6.76       0.91
  192 UNKNOWN                  31       4.13       3.52       4.34       0.23
  193 UNKNOWN                  31      12.86      12.36      13.69       0.36
  194 UNKNOWN                  31      10.09       9.77      10.65       0.19
  195 UNKNOWN                  31      11.94      11.31      12.58       0.31
  196 UNKNOWN                  31      23.50      22.45      25.54       0.91
  197 UNKNOWN                  31      13.00      12.40      14.30       0.38
  198 UNKNOWN                  31      28.46      26.50      29.22       0.64
  199 UNKNOWN                  31      40.65      38.07      44.56       1.90
  200 UNKNOWN                  31      23.11      21.72      26.20       1.15
  201 UNKNOWN                  31       4.74       4.23       6.58       0.57
  202 UNKNOWN                  31       3.99       3.44       4.27       0.22
  203 UNKNOWN                  31      12.79      12.20      13.39       0.30
  204 UNKNOWN                  31      10.82      10.50      11.18       0.19
  205 UNKNOWN                  31      11.67      11.30      12.14       0.22
  206 UNKNOWN                  31      23.43      22.46      25.87       0.84
  207 UNKNOWN                  31      12.58      11.66      15.56       0.90
  208 UNKNOWN                  31      27.97      27.58      29.00       0.27
  209 UNKNOWN                  31      40.22      37.79      42.80       1.43
  210 UNKNOWN                  31      23.25      21.68      25.55       1.14
  211 UNKNOWN                  31       4.66       4.11       5.36       0.28
  212 UNKNOWN                  31       4.24       3.98       4.81       0.15
  213 UNKNOWN                  31      12.58      12.07      12.98       0.20
  214 UNKNOWN                  31      10.45      10.12      10.96       0.21
  215 UNKNOWN                  31      11.65      11.25      12.36       0.25
  216 UNKNOWN                  31      23.32      22.38      25.62       0.87
  217 UNKNOWN                  31      13.06      12.28      15.48       0.70
  218 UNKNOWN                  31      27.41      25.55      28.82       0.63
  219 UNKNOWN                  31      40.33      37.82      43.34       1.40
  220 UNKNOWN                  31      22.71      21.63      26.76       1.18
  221 UNKNOWN                  31       4.41       4.04       4.73       0.17
  222 UNKNOWN                  31       4.11       3.67       4.55       0.19
  223 UNKNOWN                  31      12.71      12.13      13.72       0.34
  224 UNKNOWN                  31       9.88       9.59      10.20       0.16
  225 UNKNOWN                  31      11.87      11.21      12.43       0.27
  226 UNKNOWN                  31      23.54      22.27      25.47       0.88
  227 UNKNOWN                  31      13.19      12.20      16.00       0.89
  228 UNKNOWN                  31      28.21      25.81      28.87       0.49
  229 UNKNOWN                  31      42.53      39.20      46.11       1.73
  230 UNKNOWN                  31      22.92      21.28      24.78       0.95
  231 UNKNOWN                  31       4.66       4.14       7.38       0.63
  232 UNKNOWN                  31       4.25       3.62       4.70       0.27
  233 UNKNOWN                  31      12.89      12.25      13.60       0.32
  234 UNKNOWN                  31      10.13       9.82      10.42       0.16
  235 UNKNOWN                  31      11.69      11.27      12.30       0.23
  236 UNKNOWN                  31      23.76      22.37      25.89       0.98
  237 UNKNOWN                  31      13.23      12.50      15.75       0.83
  238 UNKNOWN                  31      28.52      26.34      28.98       0.48
  239 UNKNOWN                  31      40.44      38.06      43.86       1.38
  240 UNKNOWN                  31      22.85      21.55      24.72       0.98
  241 UNKNOWN                  31       4.55       4.25       5.76       0.30
  242 UNKNOWN                  31       4.00       3.52       4.32       0.21
  243 UNKNOWN                  31      12.67      12.24      13.16       0.24
  244 UNKNOWN                  31      10.15       9.85      10.56       0.16
  245 UNKNOWN                  31      11.70      11.39      12.08       0.19
  246 UNKNOWN                  31      24.28      22.64      25.99       1.11
  247 UNKNOWN                  31      13.09      12.44      15.26       0.61
  248 UNKNOWN                  31      28.49      28.18      29.22       0.19
  249 UNKNOWN                  31      39.96      38.00      41.08       0.97
  250 UNKNOWN                  31      23.11      21.85      25.76       1.06
  251 UNKNOWN                  31       4.54       4.00       5.87       0.43
  252 UNKNOWN                  31       4.21       4.02       4.44       0.11
  253 UNKNOWN                  31      12.41      11.83      12.79       0.22
  254 UNKNOWN                  31      10.55      10.28      11.08       0.16
  255 UNKNOWN                  31      11.54      11.24      11.92       0.19
  256 UNKNOWN                  31      23.77      22.53      26.14       1.08
  257 UNKNOWN                  31      12.96      12.22      15.36       0.61
  258 UNKNOWN                  31      26.99      25.55      28.26       0.98
  259 UNKNOWN                  31      40.70      37.68      44.30       1.88
  260 UNKNOWN                  31      23.24      21.12      25.36       1.15
  261 UNKNOWN                  31       4.50       4.06       6.40       0.39
  262 UNKNOWN                  31       3.81       3.56       4.58       0.20
  263 UNKNOWN                  31      13.33      12.57      13.74       0.24
  264 UNKNOWN                  31      10.24       9.89      10.57       0.15
  265 UNKNOWN                  31      11.88      11.47      12.41       0.25
  266 UNKNOWN                  31      22.98      22.36      23.76       0.33
  267 UNKNOWN                  31      13.00      12.34      14.18       0.41
  268 UNKNOWN                  31      26.66      25.33      27.96       1.04
  269 UNKNOWN                  31      40.79      37.37      43.72       1.61
  270 UNKNOWN                  31      23.15      21.28      24.86       1.16
  271 UNKNOWN                  31       3.74       3.41       5.28       0.38
  272 UNKNOWN                  31       5.01       3.44       6.04       0.98
  273 UNKNOWN                  29       0.60       0.03       6.46       1.17
  274 UNKNOWN                  27       3.40       0.03      83.96      15.80
  275 UNKNOWN                  30       0.37       0.02       1.75       0.35
  276 UNKNOWN                  30       0.29       0.02       1.93       0.36
  277 UNKNOWN                  31      32.18       0.02      86.49      40.18
  278 UNKNOWN                  28       3.37       0.03      82.28      15.20
  279 UNKNOWN                  29       0.20       0.01       0.54       0.18
  280 UNKNOWN                  25       0.33       0.04       1.38       0.31
  281 UNKNOWN                  25       3.96       0.02      86.89      16.94
  282 UNKNOWN                  30       6.07       0.02      84.17      20.76
  283 UNKNOWN                  27       0.38       0.04       1.15       0.30
  284 UNKNOWN                  27       0.49       0.05       4.81       0.92
  285 UNKNOWN                  30       0.49       0.03       2.74       0.55
  286 UNKNOWN                  31       5.72       0.01      84.81      20.34
  287 UNKNOWN                  26       6.81       0.02      84.32      22.25
  288 UNKNOWN                  26       0.34       0.04       1.08       0.29
  289 UNKNOWN                  29       0.42       0.01       3.50       0.67
  290 UNKNOWN                  27       0.31       0.01       1.42       0.35
  291 UNKNOWN                  29       3.23       0.01      83.77      15.23
  292 UNKNOWN                  29       0.45       0.01       2.02       0.44
  293 UNKNOWN                  27       3.50       0.02      83.66      15.73
  294 UNKNOWN                  29       6.22       0.03      85.18      20.88
  295 UNKNOWN                  30       3.24       0.01      83.16      14.85
  296 UNKNOWN                  27       0.19       0.04       0.64       0.15
  297 UNKNOWN                  26       0.23       0.04       1.04       0.21
  298 UNKNOWN                  29       0.35       0.01       1.24       0.36
  299 UNKNOWN                  27       0.28       0.04       1.25       0.26
  300 UNKNOWN                  29       0.33       0.01       0.94       0.28
  301 UNKNOWN                  30       0.44       0.02       1.72       0.41
  302 UNKNOWN                  29      14.85       0.03      87.01      31.39
  303 UNKNOWN                  29       0.36       0.02       1.90       0.42
  304 UNKNOWN                  29       0.33       0.03       1.92       0.39
  305 UNKNOWN                  27       0.37       0.01       1.38       0.36
  306 UNKNOWN                  28       0.33       0.01       1.65       0.39
  307 UNKNOWN                  28       0.27       0.01       0.94       0.25
  308 UNKNOWN                  28       0.44       0.01       1.47       0.37
  309 UNKNOWN                  28       0.27       0.01       1.12       0.27
  310 UNKNOWN                  29       2.69       0.03      31.72       7.89
  311 UNKNOWN                  31       3.50       0.02      32.16       9.30
  312 UNKNOWN                  31       0.76       0.01       2.87       0.73
  313 UNKNOWN                  29       2.06       0.04      35.57       6.36
  314 UNKNOWN                  31      13.72       0.03      35.69      15.43
  315 UNKNOWN                  29       3.89       0.04      34.86       9.67
  316 UNKNOWN                  30       0.71       0.03       2.68       0.59
  317 UNKNOWN                  30       0.72       0.02       4.44       0.79
  318 UNKNOWN                  29       1.84       0.04      34.96       6.30
  319 UNKNOWN                  30       4.01       0.03      34.52       9.82
  320 UNKNOWN                  30       0.71       0.04       2.63       0.72
  321 UNKNOWN                  31       0.82       0.02       2.18       0.67
  322 UNKNOWN                  31       4.88       0.03      34.47      10.53
  323 UNKNOWN                  31       5.82       5.50       6.08       0.12
  324 UNKNOWN                  31       4.91       4.74       5.24       0.12

================================================================================
PER-TYPE SUMMARY (sum of avg durations across all events)
================================================================================
TaskType             Events    Total(us)  Total(ms)        %
----------------------------------------------------------
UNKNOWN                 324       4996.8      4.997   100.0%
TOTAL                             4996.8      4.997

Saved raw event timing to event_timing.json
