[EVENT_TIMING] 9472 event firings recorded

================================================================================
PER-EVENT WALL-CLOCK TIMING (barrier-to-barrier)
================================================================================
Event TaskType              Count    Avg(us)    Min(us)    Max(us)    Std(us)
-------------------------------------------------------------------------
    1 UNKNOWN                  30     222.95     200.88     263.96      14.00
    2 UNKNOWN                  31      14.44      12.79      15.87       0.76
    3 UNKNOWN                  31      17.13      15.76      18.44       0.79
    4 UNKNOWN                  31      10.04       9.65      10.81       0.22
    5 UNKNOWN                  31      12.34      11.63      12.96       0.34
    6 UNKNOWN                  31      15.08      14.56      15.81       0.30
    7 UNKNOWN                  31       7.82       7.25       8.37       0.29
    8 UNKNOWN                  31       4.71       3.65       5.00       0.28
    9 UNKNOWN                  31      34.84      33.59      36.27       0.70
   10 UNKNOWN                  31      50.30      49.29      51.64       0.52
   11 UNKNOWN                  31      13.58      13.10      14.17       0.23
   12 UNKNOWN                  31       9.82       9.46      11.36       0.32
   13 UNKNOWN                  31      11.93      11.38      12.86       0.43
   14 UNKNOWN                  31      15.18      14.71      15.59       0.19
   15 UNKNOWN                  31       6.99       6.68       7.70       0.19
   16 UNKNOWN                  31      17.38      15.55      18.45       0.75
   17 UNKNOWN                  31      41.24      38.11      43.09       1.11
   18 UNKNOWN                  31      23.08      21.74      24.86       1.00
   19 UNKNOWN                  31       4.60       4.13       5.31       0.25
   20 UNKNOWN                  31      13.72      13.38      14.28       0.22
   21 UNKNOWN                  31       9.59       9.18      10.64       0.26
   22 UNKNOWN                  31      12.00      11.17      13.06       0.47
   23 UNKNOWN                  31      15.11      14.41      15.75       0.30
   24 UNKNOWN                  31       7.90       7.36       8.47       0.30
   25 UNKNOWN                  31      16.48      15.06      17.94       0.91
   26 UNKNOWN                  31      43.48      40.19      47.37       1.91
   27 UNKNOWN                  31      22.96      21.79      24.31       0.77
   28 UNKNOWN                  31       4.89       4.33       6.06       0.32
   29 UNKNOWN                  31      13.58      12.96      13.92       0.22
   30 UNKNOWN                  31       9.84       9.47      10.16       0.17
   31 UNKNOWN                  31      12.22      11.66      12.76       0.29
   32 UNKNOWN                  31      15.07      14.56      15.52       0.22
   33 UNKNOWN                  31       7.88       7.49       8.56       0.24
   34 UNKNOWN                  31      17.48      15.60      18.40       0.78
   35 UNKNOWN                  31      42.49      38.91      48.02       2.02
   36 UNKNOWN                  31      23.26      21.81      25.16       1.04
   37 UNKNOWN                  31       4.89       4.42       6.29       0.36
   38 UNKNOWN                  31      13.70      13.25      14.17       0.24
   39 UNKNOWN                  31       9.78       9.41      10.31       0.19
   40 UNKNOWN                  31      12.53      11.50      13.62       0.42
   41 UNKNOWN                  31      14.95      14.41      15.59       0.29
   42 UNKNOWN                  31       7.87       7.28       8.41       0.24
   43 UNKNOWN                  31      16.17      14.88      17.70       0.92
   44 UNKNOWN                  31      41.73      38.58      44.57       1.54
   45 UNKNOWN                  31      23.10      21.48      25.12       1.05
   46 UNKNOWN                  31       4.77       4.12       6.75       0.42
   47 UNKNOWN                  31      13.48      12.82      13.88       0.25
   48 UNKNOWN                  31       9.76       9.39      11.46       0.36
   49 UNKNOWN                  31      12.28      11.22      13.10       0.39
   50 UNKNOWN                  31      15.06      14.43      15.58       0.31
   51 UNKNOWN                  31       7.92       7.31       8.36       0.31
   52 UNKNOWN                  31      16.55      14.84      17.85       0.96
   53 UNKNOWN                  31      42.51      39.29      45.03       1.25
   54 UNKNOWN                  31      23.28      21.63      25.16       1.11
   55 UNKNOWN                  31       4.87       4.23       6.13       0.36
   56 UNKNOWN                  31      13.66      13.22      14.25       0.21
   57 UNKNOWN                  31       9.72       9.31      11.15       0.31
   58 UNKNOWN                  31      12.21      10.98      13.33       0.54
   59 UNKNOWN                  31      15.11      14.52      15.61       0.25
   60 UNKNOWN                  31       8.14       7.64       8.53       0.22
   61 UNKNOWN                  31      16.63      14.91      17.90       0.99
   62 UNKNOWN                  31      41.18      38.37      43.74       1.49
   63 UNKNOWN                  31      22.96      21.44      24.54       1.01
   64 UNKNOWN                  31       4.83       4.12       5.27       0.25
   65 UNKNOWN                  31      13.65      13.27      14.20       0.22
   66 UNKNOWN                  31       9.74       9.28      10.17       0.22
   67 UNKNOWN                  31      12.25      11.53      13.11       0.42
   68 UNKNOWN                  31      14.92      14.50      15.41       0.27
   69 UNKNOWN                  31       7.95       7.35       8.40       0.25
   70 UNKNOWN                  31      15.79      15.17      17.88       0.62
   71 UNKNOWN                  31      42.85      40.78      45.79       1.27
   72 UNKNOWN                  31      23.26      21.54      25.32       1.02
   73 UNKNOWN                  31       5.09       4.18       6.58       0.63
   74 UNKNOWN                  31      13.68      13.19      14.04       0.23
   75 UNKNOWN                  31       9.76       9.41      10.32       0.23
   76 UNKNOWN                  31      12.69      12.22      13.34       0.35
   77 UNKNOWN                  31      14.94      14.52      15.44       0.24
   78 UNKNOWN                  31       8.04       7.36       8.53       0.27
   79 UNKNOWN                  31      15.86      15.29      17.29       0.47
   80 UNKNOWN                  31      42.36      39.61      44.94       1.29
   81 UNKNOWN                  31      23.61      21.77      24.86       0.86
   82 UNKNOWN                  31       5.21       4.41       7.84       0.71
   83 UNKNOWN                  31      13.67      13.39      14.00       0.18
   84 UNKNOWN                  31       9.74       9.35      10.34       0.20
   85 UNKNOWN                  31      12.18      11.45      12.70       0.36
   86 UNKNOWN                  31      15.10      14.37      15.70       0.29
   87 UNKNOWN                  31       7.95       7.17       8.52       0.26
   88 UNKNOWN                  31      16.56      14.84      18.00       0.82
   89 UNKNOWN                  31      44.37      40.85      48.86       1.74
   90 UNKNOWN                  31      23.01      21.72      26.05       1.14
   91 UNKNOWN                  31       4.89       4.13       6.03       0.40
   92 UNKNOWN                  31      13.54      13.19      13.89       0.20
   93 UNKNOWN                  31       9.57       9.18      11.10       0.33
   94 UNKNOWN                  31      11.98      10.99      12.78       0.45
   95 UNKNOWN                  31      15.03      14.24      15.73       0.29
   96 UNKNOWN                  31       7.98       7.62       8.51       0.22
   97 UNKNOWN                  31      17.01      14.95      18.59       0.89
   98 UNKNOWN                  31      40.78      38.17      43.61       1.22
   99 UNKNOWN                  31      23.64      21.81      25.36       0.93
  100 UNKNOWN                  31       5.13       4.44       7.53       0.67
  101 UNKNOWN                  31      13.66      13.20      14.29       0.25
  102 UNKNOWN                  31      10.03       9.56      11.27       0.28
  103 UNKNOWN                  31      12.39      12.00      12.88       0.22
  104 UNKNOWN                  31      15.14      14.33      15.74       0.30
  105 UNKNOWN                  31       7.94       7.26       8.52       0.28
  106 UNKNOWN                  31      16.44      14.97      17.89       0.95
  107 UNKNOWN                  31      43.54      40.96      47.70       1.56
  108 UNKNOWN                  31      23.69      21.79      25.56       1.18
  109 UNKNOWN                  31       4.73       4.16       5.41       0.29
  110 UNKNOWN                  31      13.62      13.07      14.04       0.22
  111 UNKNOWN                  31       9.91       9.69      10.29       0.16
  112 UNKNOWN                  31      12.65      11.86      13.06       0.32
  113 UNKNOWN                  31      15.03      14.29      15.52       0.30
  114 UNKNOWN                  31       8.18       7.50       8.60       0.28
  115 UNKNOWN                  31      16.16      14.88      17.56       0.81
  116 UNKNOWN                  31      41.42      38.80      44.03       1.39
  117 UNKNOWN                  31      23.39      21.85      25.56       1.12
  118 UNKNOWN                  31       4.87       4.24       8.01       0.67
  119 UNKNOWN                  31      13.59      13.04      13.97       0.22
  120 UNKNOWN                  31       9.75       9.27      10.23       0.23
  121 UNKNOWN                  31      12.36      11.52      13.09       0.37
  122 UNKNOWN                  31      15.13      14.67      15.81       0.27
  123 UNKNOWN                  31       8.02       7.50       8.56       0.27
  124 UNKNOWN                  31      16.25      14.83      17.76       0.93
  125 UNKNOWN                  31      42.73      39.61      46.37       1.63
  126 UNKNOWN                  31      23.59      22.11      24.79       0.79
  127 UNKNOWN                  31       4.81       4.24       6.12       0.41
  128 UNKNOWN                  31      13.71      13.24      14.23       0.22
  129 UNKNOWN                  31       9.47       9.14       9.87       0.17
  130 UNKNOWN                  31      12.19      10.93      13.09       0.50
  131 UNKNOWN                  31      14.97      14.40      15.75       0.28
  132 UNKNOWN                  31       7.83       7.12       8.30       0.32
  133 UNKNOWN                  31      16.82      15.02      18.10       0.94
  134 UNKNOWN                  31      41.51      39.21      43.77       1.19
  135 UNKNOWN                  31      23.29      21.37      25.44       1.16
  136 UNKNOWN                  31       5.15       4.11       7.01       0.73
  137 UNKNOWN                  31      13.74      13.38      14.02       0.16
  138 UNKNOWN                  31       9.82       9.43      11.14       0.29
  139 UNKNOWN                  31      12.64      11.96      13.20       0.25
  140 UNKNOWN                  31      15.00      14.51      15.60       0.23
  141 UNKNOWN                  31       7.86       7.26       8.20       0.22
  142 UNKNOWN                  31      16.50      15.14      17.97       0.99
  143 UNKNOWN                  31      41.77      38.71      45.00       1.70
  144 UNKNOWN                  31      23.26      21.69      25.48       1.08
  145 UNKNOWN                  31       4.94       4.33       6.40       0.42
  146 UNKNOWN                  31      13.65      13.14      14.16       0.25
  147 UNKNOWN                  31       9.72       9.45      10.14       0.17
  148 UNKNOWN                  31      12.55      11.58      13.38       0.41
  149 UNKNOWN                  31      14.88      14.36      15.44       0.29
  150 UNKNOWN                  31       7.89       7.23       8.51       0.30
  151 UNKNOWN                  31      16.31      15.12      18.09       0.96
  152 UNKNOWN                  31      41.77      38.98      44.64       1.45
  153 UNKNOWN                  31      23.14      21.84      25.13       1.04
  154 UNKNOWN                  31       4.86       4.28       6.04       0.47
  155 UNKNOWN                  31      13.54      13.01      14.08       0.23
  156 UNKNOWN                  31       9.82       9.51      10.15       0.17
  157 UNKNOWN                  31      12.32      11.73      12.90       0.33
  158 UNKNOWN                  31      15.08      14.45      15.40       0.22
  159 UNKNOWN                  31       7.19       6.85       7.80       0.22
  160 UNKNOWN                  31      16.46      14.93      18.07       0.98
  161 UNKNOWN                  31      42.04      39.08      46.53       1.78
  162 UNKNOWN                  31      23.35      21.82      24.75       1.01
  163 UNKNOWN                  31       4.94       4.28       7.45       0.57
  164 UNKNOWN                  31      13.59      13.27      14.19       0.23
  165 UNKNOWN                  31       9.60       9.14      10.54       0.28
  166 UNKNOWN                  31      12.27      11.29      13.45       0.55
  167 UNKNOWN                  31      15.00      14.49      15.52       0.27
  168 UNKNOWN                  31       8.06       7.48       8.55       0.24
  169 UNKNOWN                  31      16.77      15.18      17.88       0.98
  170 UNKNOWN                  31      41.70      39.10      43.96       1.25
  171 UNKNOWN                  31      23.36      21.88      25.92       1.05
  172 UNKNOWN                  31       4.86       4.24       6.11       0.47
  173 UNKNOWN                  31      13.39      12.99      13.89       0.22
  174 UNKNOWN                  31       9.74       9.44      10.24       0.17
  175 UNKNOWN                  31      12.34      11.53      12.88       0.31
  176 UNKNOWN                  31      14.80      14.17      15.50       0.35
  177 UNKNOWN                  31       7.96       7.39       8.39       0.28
  178 UNKNOWN                  31      16.29      15.04      17.68       0.89
  179 UNKNOWN                  31      41.96      38.84      45.72       1.60
  180 UNKNOWN                  31      23.17      21.68      25.92       1.18
  181 UNKNOWN                  31       5.05       4.21       6.53       0.60
  182 UNKNOWN                  31      13.61      13.09      14.25       0.26
  183 UNKNOWN                  31       9.64       9.41      10.02       0.15
  184 UNKNOWN                  31      12.53      11.73      13.42       0.41
  185 UNKNOWN                  31      14.88      14.34      15.58       0.29
  186 UNKNOWN                  31       7.86       7.21       8.46       0.31
  187 UNKNOWN                  31      15.89      14.72      17.40       0.88
  188 UNKNOWN                  31      42.07      39.04      44.80       1.49
  189 UNKNOWN                  31      23.03      21.36      24.53       1.05
  190 UNKNOWN                  31       5.18       4.30       9.68       1.18
  191 UNKNOWN                  31      13.49      13.03      13.95       0.21
  192 UNKNOWN                  31       9.67       9.39       9.96       0.15
  193 UNKNOWN                  31      12.41      11.41      12.94       0.31
  194 UNKNOWN                  31      15.16      14.68      15.81       0.29
  195 UNKNOWN                  31       7.84       7.17       8.52       0.35
  196 UNKNOWN                  31      16.48      15.11      17.85       0.81
  197 UNKNOWN                  31      41.43      38.99      43.97       1.41
  198 UNKNOWN                  31      23.17      21.83      25.96       1.14
  199 UNKNOWN                  31       4.83       4.24       6.26       0.46
  200 UNKNOWN                  31      13.62      13.18      14.02       0.19
  201 UNKNOWN                  31       9.61       9.18      10.02       0.21
  202 UNKNOWN                  31      12.35      11.50      13.49       0.53
  203 UNKNOWN                  31      15.06      14.55      15.59       0.25
  204 UNKNOWN                  31       7.81       7.28       8.48       0.31
  205 UNKNOWN                  31      16.64      15.16      18.08       0.76
  206 UNKNOWN                  31      43.39      40.06      46.09       1.69
  207 UNKNOWN                  31      23.28      21.60      25.36       1.11
  208 UNKNOWN                  31       4.70       4.22       5.76       0.36
  209 UNKNOWN                  31      13.63      13.14      14.07       0.25
  210 UNKNOWN                  31       9.70       9.31      10.03       0.18
  211 UNKNOWN                  31      12.52      11.96      13.21       0.34
  212 UNKNOWN                  31      15.07      14.63      15.51       0.21
  213 UNKNOWN                  31       8.03       7.54       8.45       0.24
  214 UNKNOWN                  31      16.49      15.28      18.34       1.00
  215 UNKNOWN                  31      41.87      38.93      45.55       1.56
  216 UNKNOWN                  31      22.87      21.49      25.14       1.15
  217 UNKNOWN                  31       4.85       4.30       6.21       0.55
  218 UNKNOWN                  31      13.70      13.23      14.17       0.26
  219 UNKNOWN                  31       9.76       9.38      10.01       0.15
  220 UNKNOWN                  31      12.53      11.80      13.21       0.38
  221 UNKNOWN                  31      14.99      14.64      15.49       0.24
  222 UNKNOWN                  31       7.86       7.26       8.29       0.26
  223 UNKNOWN                  31      16.81      14.97      17.84       0.99
  224 UNKNOWN                  31      40.74      38.67      43.60       1.43
  225 UNKNOWN                  31      23.23      21.80      25.03       1.14
  226 UNKNOWN                  31       4.75       4.17       5.73       0.42
  227 UNKNOWN                  31      13.70      13.41      14.16       0.19
  228 UNKNOWN                  31       9.62       9.30      10.06       0.19
  229 UNKNOWN                  31      12.13      11.25      12.89       0.45
  230 UNKNOWN                  31      15.20      14.87      15.64       0.21
  231 UNKNOWN                  31       7.95       7.25       8.57       0.27
  232 UNKNOWN                  31      16.08      14.60      17.64       1.00
  233 UNKNOWN                  31      41.63      38.72      43.71       1.29
  234 UNKNOWN                  31      23.39      21.40      25.17       1.14
  235 UNKNOWN                  31       4.59       4.06       5.15       0.22
  236 UNKNOWN                  31      13.50      12.77      13.80       0.22
  237 UNKNOWN                  31       9.52       9.34       9.69       0.09
  238 UNKNOWN                  31      12.06      11.46      12.62       0.33
  239 UNKNOWN                  31      15.03      14.53      15.36       0.19
  240 UNKNOWN                  31       7.85       7.40       8.50       0.28
  241 UNKNOWN                  31      16.82      14.87      17.95       0.95
  242 UNKNOWN                  31      41.20      38.59      43.47       1.12
  243 UNKNOWN                  31      22.64      21.60      24.43       0.92
  244 UNKNOWN                  31       5.64       4.29       6.91       1.00
  245 UNKNOWN                  27       0.21       0.01       1.19       0.27
  246 UNKNOWN                  28       5.64       0.01      76.72      19.70
  247 UNKNOWN                  28      13.60       0.01      76.29      28.84
  248 UNKNOWN                  28      11.15       0.02      76.71      26.49
  249 UNKNOWN                  27       0.30       0.02       0.92       0.27
  250 UNKNOWN                  28       0.28       0.03       0.65       0.22
  251 UNKNOWN                  29       5.29       0.01      76.13      18.94
  252 UNKNOWN                  27       5.73       0.01      75.57      19.22
  253 UNKNOWN                  27       0.28       0.01       0.86       0.24
  254 UNKNOWN                  27       3.07       0.01      76.88      14.48
  255 UNKNOWN                  27       3.03       0.04      76.93      14.49
  256 UNKNOWN                  29       5.34       0.02      73.37      18.51
  257 UNKNOWN                  25       0.16       0.01       0.88       0.20
  258 UNKNOWN                  27       0.21       0.01       0.76       0.19
  259 UNKNOWN                  29       2.93       0.01      77.02      14.01
  260 UNKNOWN                  25       8.98       0.01      74.78      23.64
  261 UNKNOWN                  28       0.28       0.03       0.99       0.24
  262 UNKNOWN                  29       2.73       0.02      74.20      13.51
  263 UNKNOWN                  28       0.21       0.03       0.90       0.20
  264 UNKNOWN                  27       0.18       0.01       0.84       0.23
  265 UNKNOWN                  24       3.35       0.01      76.86      15.33
  266 UNKNOWN                  29       0.22       0.01       1.00       0.24
  267 UNKNOWN                  29       0.25       0.01       1.26       0.32
  268 UNKNOWN                  27       5.83       0.01      76.71      19.84
  269 UNKNOWN                  26       0.24       0.01       1.24       0.27
  270 UNKNOWN                  28       2.83       0.01      74.46      13.79
  271 UNKNOWN                  28       2.88       0.01      74.02      13.69
  272 UNKNOWN                  28       2.86       0.01      73.03      13.51
  273 UNKNOWN                  30       0.20       0.02       1.00       0.21
  274 UNKNOWN                  28       2.95       0.02      74.17      13.71
  275 UNKNOWN                  27       0.20       0.02       0.88       0.20
  276 UNKNOWN                  26       0.19       0.03       0.61       0.17
  277 UNKNOWN                  31       0.61       0.04       2.58       0.56
  278 UNKNOWN                  27       0.64       0.01       2.46       0.60
  279 UNKNOWN                  28       0.48       0.05       2.10       0.48
  280 UNKNOWN                  31       0.68       0.02       2.46       0.59
  281 UNKNOWN                  31       0.39       0.02       1.70       0.35
  282 UNKNOWN                  28       0.41       0.01       1.68       0.41
  283 UNKNOWN                  30       2.99       0.04      28.05       8.11
  284 UNKNOWN                  29       7.81       0.01      29.07      12.22
  285 UNKNOWN                  28       4.29       0.01      29.44       9.83
  286 UNKNOWN                  26       1.45       0.01      27.56       5.25
  287 UNKNOWN                  30       1.41       0.01      28.92       5.12
  288 UNKNOWN                  27       2.53       0.02      29.52       7.42
  289 UNKNOWN                  28       2.22       0.03      27.28       6.89
  290 UNKNOWN                  29       0.34       0.01       1.45       0.36
  291 UNKNOWN                  27       1.53       0.04      28.80       5.38
  292 UNKNOWN                  31       2.97       0.01      28.11       8.09
  293 UNKNOWN                  30       5.82       0.01      29.38      11.14
  294 UNKNOWN                  31       0.36       0.01       1.42       0.34
  295 UNKNOWN                  31       5.27       4.91       5.59       0.19
  296 UNKNOWN                  31       4.93       4.77       5.14       0.10

================================================================================
PER-TYPE SUMMARY (sum of avg durations across all events)
================================================================================
TaskType             Events    Total(us)  Total(ms)        %
----------------------------------------------------------
UNKNOWN                 296       4306.1      4.306   100.0%
TOTAL                             4306.1      4.306

Saved raw event timing to event_timing.json
