[EVENT_TIMING] 9632 event firings recorded

================================================================================
PER-EVENT WALL-CLOCK TIMING (barrier-to-barrier)
================================================================================
Event TaskType              Count    Avg(us)    Min(us)    Max(us)    Std(us)
-------------------------------------------------------------------------
    1 UNKNOWN                  30     170.60       7.36     210.44      64.08
    2 UNKNOWN                  31      10.24       9.74      10.59       0.20
    3 UNKNOWN                  31       3.08       2.65       3.42       0.16
    4 UNKNOWN                  31       3.11       2.70       3.45       0.17
    5 UNKNOWN                  31       3.12       2.89       3.33       0.12
    6 UNKNOWN                  31       3.15       2.78       3.45       0.18
    7 UNKNOWN                  31       3.13       2.71       3.43       0.16
    8 UNKNOWN                  31       3.14       2.60       3.58       0.19
    9 UNKNOWN                  31       3.13       2.81       3.47       0.18
   10 UNKNOWN                  31       3.09       2.73       3.38       0.15
   11 UNKNOWN                  31       3.10       2.77       3.35       0.16
   12 UNKNOWN                  31       3.08       2.76       3.41       0.18
   13 UNKNOWN                  31       3.08       2.78       3.46       0.16
   14 UNKNOWN                  31       3.04       2.69       3.36       0.15
   15 UNKNOWN                  31       2.92       2.58       3.25       0.15
   16 UNKNOWN                  31       3.18       2.84       3.43       0.15
   17 UNKNOWN                  31       3.09       2.73       3.37       0.17
   18 UNKNOWN                  31       3.17       2.73       3.47       0.17
   19 UNKNOWN                  31       3.15       2.74       3.55       0.17
   20 UNKNOWN                  31       3.15       2.88       3.48       0.15
   21 UNKNOWN                  31       3.12       2.70       3.38       0.15
   22 UNKNOWN                  31       3.12       2.74       3.44       0.19
   23 UNKNOWN                  31       3.10       2.80       3.51       0.18
   24 UNKNOWN                  31       3.14       2.84       3.42       0.16
   25 UNKNOWN                  31       3.04       2.65       3.35       0.19
   26 UNKNOWN                  31       3.17       2.74       3.47       0.16
   27 UNKNOWN                  31       3.08       2.68       3.41       0.19
   28 UNKNOWN                  31       3.16       2.68       3.56       0.21
   29 UNKNOWN                  31       3.04       2.64       3.39       0.18
   30 UNKNOWN                  31       3.06       2.53       3.40       0.20
   31 UNKNOWN                  31       2.98       2.59       3.35       0.19
   32 UNKNOWN                  31       3.09       2.73       3.34       0.14
   33 UNKNOWN                  31       3.11       2.72       3.36       0.15
   34 UNKNOWN                  31       3.09       2.73       3.39       0.16
   35 UNKNOWN                  31       3.11       2.71       3.39       0.17
   36 UNKNOWN                  31       3.10       2.67       3.50       0.20
   37 UNKNOWN                  31       3.02       2.66       3.44       0.20
   38 UNKNOWN                  31       3.04       2.70       3.43       0.15
   39 UNKNOWN                  31       3.05       2.55       3.39       0.20
   40 UNKNOWN                  31       3.14       2.60       3.38       0.16
   41 UNKNOWN                  31       3.05       2.54       3.47       0.22
   42 UNKNOWN                  31       3.02       2.58       3.38       0.18
   43 UNKNOWN                  31       3.05       2.85       3.26       0.12
   44 UNKNOWN                  31       3.08       2.78       3.29       0.12
   45 UNKNOWN                  31       3.02       2.73       3.35       0.13
   46 UNKNOWN                  31       3.00       2.73       3.33       0.15
   47 UNKNOWN                  31       2.88       2.20       3.15       0.19
   48 UNKNOWN                  31       3.13       2.70       3.59       0.19
   49 UNKNOWN                  31       3.02       2.68       3.36       0.19
   50 UNKNOWN                  31       3.11       2.70       3.39       0.16
   51 UNKNOWN                  31       3.02       2.69       3.40       0.15
   52 UNKNOWN                  31       3.11       2.62       3.39       0.16
   53 UNKNOWN                  31       3.12       2.75       3.42       0.17
   54 UNKNOWN                  31       3.07       2.71       3.39       0.16
   55 UNKNOWN                  31       3.04       2.79       3.32       0.12
   56 UNKNOWN                  31       3.04       2.76       3.38       0.16
   57 UNKNOWN                  31       3.02       2.71       3.37       0.15
   58 UNKNOWN                  31       3.13       2.85       3.51       0.15
   59 UNKNOWN                  31       3.03       2.68       3.34       0.15
   60 UNKNOWN                  31       3.06       2.81       3.37       0.14
   61 UNKNOWN                  31       3.00       2.57       3.26       0.16
   62 UNKNOWN                  31       3.00       2.69       3.32       0.13
   63 UNKNOWN                  31       2.88       2.57       3.27       0.16
   64 UNKNOWN                  31       3.15       2.75       3.40       0.14
   65 UNKNOWN                  31       3.19       2.67       3.50       0.20
   66 UNKNOWN                  31       3.22       2.91       3.62       0.18
   67 UNKNOWN                  31       3.16       2.73       3.44       0.17
   68 UNKNOWN                  31       3.19       2.80       3.67       0.24
   69 UNKNOWN                  31       3.15       2.81       3.72       0.20
   70 UNKNOWN                  31       3.16       2.79       3.43       0.20
   71 UNKNOWN                  31       3.13       2.78       3.37       0.14
   72 UNKNOWN                  31       3.18       2.76       3.60       0.23
   73 UNKNOWN                  31       3.15       2.85       3.42       0.15
   74 UNKNOWN                  31       3.14       2.83       3.46       0.16
   75 UNKNOWN                  31       3.10       2.68       3.39       0.16
   76 UNKNOWN                  31       3.21       2.90       3.55       0.16
   77 UNKNOWN                  31       3.14       2.73       3.54       0.22
   78 UNKNOWN                  31       3.12       2.74       3.47       0.19
   79 UNKNOWN                  31       2.93       2.58       3.26       0.16
   80 UNKNOWN                  31       3.14       2.68       3.54       0.18
   81 UNKNOWN                  31       3.20       2.87       3.44       0.16
   82 UNKNOWN                  31       3.22       2.69       3.58       0.18
   83 UNKNOWN                  31       3.20       2.85       3.53       0.20
   84 UNKNOWN                  31       3.20       2.90       3.68       0.15
   85 UNKNOWN                  31       3.19       2.68       3.47       0.20
   86 UNKNOWN                  31       3.27       2.85       3.72       0.23
   87 UNKNOWN                  31       3.15       2.81       3.45       0.16
   88 UNKNOWN                  31       3.18       2.84       3.52       0.16
   89 UNKNOWN                  31       3.13       2.76       3.39       0.16
   90 UNKNOWN                  31       3.18       2.62       3.43       0.18
   91 UNKNOWN                  31       3.09       2.73       3.36       0.18
   92 UNKNOWN                  31       3.13       2.57       3.53       0.21
   93 UNKNOWN                  31       3.11       2.82       3.41       0.14
   94 UNKNOWN                  31       3.05       2.77       3.48       0.17
   95 UNKNOWN                  31       2.98       2.51       3.27       0.17
   96 UNKNOWN                  31       3.12       2.75       3.46       0.20
   97 UNKNOWN                  31       3.23       2.69       3.64       0.20
   98 UNKNOWN                  31       3.21       2.73       3.54       0.19
   99 UNKNOWN                  31       3.20       2.85       3.43       0.15
  100 UNKNOWN                  31       3.26       2.77       3.73       0.20
  101 UNKNOWN                  31       3.27       2.94       3.66       0.18
  102 UNKNOWN                  31       3.23       2.79       3.52       0.16
  103 UNKNOWN                  31       3.17       2.88       3.45       0.15
  104 UNKNOWN                  31       3.19       2.65       3.47       0.18
  105 UNKNOWN                  31       3.19       2.89       3.57       0.17
  106 UNKNOWN                  31       3.21       2.78       3.44       0.14
  107 UNKNOWN                  31       3.16       2.69       3.42       0.17
  108 UNKNOWN                  31       3.16       2.75       3.63       0.17
  109 UNKNOWN                  31       3.08       2.73       3.35       0.18
  110 UNKNOWN                  31       3.10       2.68       3.55       0.21
  111 UNKNOWN                  31       3.03       2.72       3.38       0.16
  112 UNKNOWN                  31       3.13       2.68       3.56       0.20
  113 UNKNOWN                  31       3.19       2.82       3.54       0.18
  114 UNKNOWN                  31       3.18       2.83       3.45       0.14
  115 UNKNOWN                  31       3.19       2.81       3.52       0.17
  116 UNKNOWN                  31       3.21       2.87       3.54       0.17
  117 UNKNOWN                  31       3.09       2.69       3.48       0.18
  118 UNKNOWN                  31       3.21       2.93       3.47       0.14
  119 UNKNOWN                  31       3.11       2.73       3.50       0.18
  120 UNKNOWN                  31       3.22       2.96       3.55       0.14
  121 UNKNOWN                  31       3.16       2.83       3.51       0.17
  122 UNKNOWN                  31       3.13       2.83       3.48       0.17
  123 UNKNOWN                  31       3.12       2.75       3.43       0.18
  124 UNKNOWN                  31       3.11       2.60       3.46       0.17
  125 UNKNOWN                  31       3.06       2.76       3.51       0.20
  126 UNKNOWN                  31       3.07       2.84       3.39       0.16
  127 UNKNOWN                  31       3.05       2.68       3.36       0.20
  128 UNKNOWN                  31       3.09       2.51       3.47       0.19
  129 UNKNOWN                  31       3.09       2.82       3.43       0.13
  130 UNKNOWN                  31       3.18       2.78       3.51       0.21
  131 UNKNOWN                  31       3.14       2.62       3.42       0.18
  132 UNKNOWN                  31       3.15       2.89       3.41       0.13
  133 UNKNOWN                  31       3.11       2.86       3.37       0.11
  134 UNKNOWN                  31       3.15       2.71       3.49       0.19
  135 UNKNOWN                  31       3.06       2.75       3.38       0.15
  136 UNKNOWN                  31       3.12       2.75       3.37       0.15
  137 UNKNOWN                  31       3.09       2.70       3.52       0.17
  138 UNKNOWN                  31       3.14       2.88       3.49       0.15
  139 UNKNOWN                  31       3.11       2.78       3.30       0.14
  140 UNKNOWN                  31       3.14       2.85       3.44       0.17
  141 UNKNOWN                  31       3.07       2.63       3.41       0.17
  142 UNKNOWN                  31       3.01       2.72       3.25       0.14
  143 UNKNOWN                  31       2.99       2.53       3.24       0.16
  144 UNKNOWN                  31       3.18       2.89       3.47       0.15
  145 UNKNOWN                  31       3.13       2.60       3.40       0.17
  146 UNKNOWN                  31       3.16       2.90       3.55       0.15
  147 UNKNOWN                  31       3.16       2.93       3.50       0.13
  148 UNKNOWN                  31       3.20       2.88       3.49       0.15
  149 UNKNOWN                  31       3.16       2.56       3.38       0.19
  150 UNKNOWN                  31       3.19       2.84       3.38       0.13
  151 UNKNOWN                  31       3.11       2.88       3.41       0.15
  152 UNKNOWN                  31       3.19       2.82       3.44       0.16
  153 UNKNOWN                  31       3.15       2.92       3.38       0.13
  154 UNKNOWN                  31       3.15       2.81       3.41       0.15
  155 UNKNOWN                  31       3.09       2.70       3.54       0.19
  156 UNKNOWN                  31       3.16       2.77       3.38       0.13
  157 UNKNOWN                  31       3.06       2.60       3.36       0.18
  158 UNKNOWN                  31       3.06       2.65       3.37       0.18
  159 UNKNOWN                  31       2.95       2.69       3.31       0.16
  160 UNKNOWN                  31       3.17       2.89       3.47       0.12
  161 UNKNOWN                  31       3.03       2.75       3.31       0.13
  162 UNKNOWN                  31       3.16       2.85       3.31       0.10
  163 UNKNOWN                  31       3.05       2.79       3.35       0.13
  164 UNKNOWN                  31       3.14       2.77       3.42       0.14
  165 UNKNOWN                  31       3.12       2.79       3.38       0.15
  166 UNKNOWN                  31       3.11       2.79       3.37       0.16
  167 UNKNOWN                  31       3.10       2.84       3.44       0.14
  168 UNKNOWN                  31       3.14       2.75       3.40       0.14
  169 UNKNOWN                  31       3.06       2.68       3.42       0.14
  170 UNKNOWN                  31       3.13       2.77       3.42       0.15
  171 UNKNOWN                  31       2.99       2.74       3.25       0.14
  172 UNKNOWN                  31       3.19       2.96       3.45       0.13
  173 UNKNOWN                  31       3.00       2.75       3.38       0.14
  174 UNKNOWN                  31       3.07       2.77       3.31       0.14
  175 UNKNOWN                  31       2.94       2.56       3.27       0.18
  176 UNKNOWN                  31       3.12       2.89       3.42       0.13
  177 UNKNOWN                  31       3.12       2.66       3.44       0.17
  178 UNKNOWN                  31       3.14       2.77       3.30       0.12
  179 UNKNOWN                  31       3.08       2.73       3.31       0.15
  180 UNKNOWN                  31       3.16       2.78       3.40       0.13
  181 UNKNOWN                  31       3.00       2.72       3.24       0.12
  182 UNKNOWN                  31       3.16       2.61       3.46       0.16
  183 UNKNOWN                  31       3.08       2.82       3.43       0.14
  184 UNKNOWN                  31       3.12       2.65       3.45       0.16
  185 UNKNOWN                  31       3.09       2.77       3.26       0.14
  186 UNKNOWN                  31       3.15       2.88       3.31       0.12
  187 UNKNOWN                  31       3.07       2.78       3.34       0.15
  188 UNKNOWN                  31       3.08       2.84       3.37       0.12
  189 UNKNOWN                  31       2.95       2.55       3.33       0.18
  190 UNKNOWN                  31       3.06       2.71       3.31       0.14
  191 UNKNOWN                  31       2.94       2.61       3.19       0.14
  192 UNKNOWN                  31       3.27       2.94       3.49       0.15
  193 UNKNOWN                  31       3.15       2.75       3.44       0.16
  194 UNKNOWN                  31       3.26       2.81       3.71       0.17
  195 UNKNOWN                  31       3.20       2.88       3.60       0.16
  196 UNKNOWN                  31       3.25       2.78       3.53       0.18
  197 UNKNOWN                  31       3.16       2.72       3.41       0.14
  198 UNKNOWN                  31       3.21       2.72       3.44       0.17
  199 UNKNOWN                  31       3.14       2.78       3.47       0.17
  200 UNKNOWN                  31       3.22       2.67       3.48       0.18
  201 UNKNOWN                  31       3.13       2.71       3.43       0.15
  202 UNKNOWN                  31       3.24       2.81       3.55       0.16
  203 UNKNOWN                  31       3.15       2.78       3.44       0.15
  204 UNKNOWN                  31       3.21       2.96       3.42       0.12
  205 UNKNOWN                  31       3.11       2.78       3.52       0.17
  206 UNKNOWN                  31       3.14       2.68       3.56       0.18
  207 UNKNOWN                  31       2.95       2.50       3.32       0.17
  208 UNKNOWN                  31       3.23       2.94       3.61       0.16
  209 UNKNOWN                  31       3.18       2.82       3.48       0.16
  210 UNKNOWN                  31       3.26       2.92       3.52       0.14
  211 UNKNOWN                  31       3.20       2.93       3.53       0.13
  212 UNKNOWN                  31       3.29       2.88       3.59       0.16
  213 UNKNOWN                  31       3.13       2.74       3.39       0.17
  214 UNKNOWN                  31       3.23       2.61       3.55       0.22
  215 UNKNOWN                  31       3.09       2.74       3.60       0.15
  216 UNKNOWN                  31       3.22       2.97       3.50       0.13
  217 UNKNOWN                  31       3.17       2.78       3.49       0.16
  218 UNKNOWN                  31       3.26       2.77       3.48       0.16
  219 UNKNOWN                  31       3.06       2.63       3.33       0.19
  220 UNKNOWN                  31       3.22       2.93       3.44       0.13
  221 UNKNOWN                  31       3.05       2.77       3.47       0.17
  222 UNKNOWN                  31       3.15       2.64       3.57       0.20
  223 UNKNOWN                  31       2.94       2.53       3.32       0.17
  224 UNKNOWN                  31       3.30       2.89       3.50       0.15
  225 UNKNOWN                  31       3.18       2.82       3.54       0.16
  226 UNKNOWN                  31       3.27       2.95       3.58       0.12
  227 UNKNOWN                  31       3.16       2.79       3.46       0.17
  228 UNKNOWN                  31       3.27       2.91       3.59       0.18
  229 UNKNOWN                  31       3.19       2.85       3.54       0.15
  230 UNKNOWN                  31       3.32       2.92       3.56       0.14
  231 UNKNOWN                  31       3.14       2.60       3.61       0.18
  232 UNKNOWN                  31       3.24       2.79       3.56       0.18
  233 UNKNOWN                  31       3.12       2.79       3.39       0.15
  234 UNKNOWN                  31       3.17       2.89       3.42       0.13
  235 UNKNOWN                  31       3.12       2.75       3.46       0.16
  236 UNKNOWN                  31       3.13       2.77       3.42       0.14
  237 UNKNOWN                  31       3.18       2.90       3.54       0.15
  238 UNKNOWN                  31       3.09       2.61       3.41       0.17
  239 UNKNOWN                  31       2.94       2.62       3.21       0.15
  240 UNKNOWN                  31       3.19       2.66       3.50       0.22
  241 UNKNOWN                  31       3.18       2.72       3.56       0.19
  242 UNKNOWN                  31       3.20       2.94       3.41       0.13
  243 UNKNOWN                  31       3.17       2.84       3.51       0.16
  244 UNKNOWN                  31       3.20       2.86       3.46       0.14
  245 UNKNOWN                  31       3.18       2.84       3.45       0.14
  246 UNKNOWN                  31       3.16       2.71       3.53       0.21
  247 UNKNOWN                  31       3.10       2.64       3.36       0.16
  248 UNKNOWN                  31       3.22       2.94       3.51       0.16
  249 UNKNOWN                  31       3.15       2.79       3.39       0.13
  250 UNKNOWN                  31       3.20       2.66       3.60       0.18
  251 UNKNOWN                  31       3.09       2.83       3.35       0.15
  252 UNKNOWN                  31       3.15       2.80       3.49       0.16
  253 UNKNOWN                  31       3.15       2.79       3.49       0.17
  254 UNKNOWN                  31       3.12       2.73       3.45       0.18
  255 UNKNOWN                  31       2.95       2.66       3.38       0.18
  256 UNKNOWN                  31       3.22       2.83       3.46       0.15
  257 UNKNOWN                  31       3.10       2.74       3.31       0.14
  258 UNKNOWN                  31       3.20       3.00       3.38       0.10
  259 UNKNOWN                  31       3.15       2.85       3.31       0.12
  260 UNKNOWN                  31       3.19       2.94       3.54       0.13
  261 UNKNOWN                  31       3.13       2.83       3.35       0.13
  262 UNKNOWN                  31       3.20       2.87       3.62       0.17
  263 UNKNOWN                  31       3.11       2.78       3.37       0.14
  264 UNKNOWN                  31       3.18       2.83       3.38       0.13
  265 UNKNOWN                  31       3.13       2.81       3.40       0.14
  266 UNKNOWN                  31       3.13       2.79       3.43       0.16
  267 UNKNOWN                  31       3.10       2.82       3.37       0.13
  268 UNKNOWN                  31       3.10       2.91       3.38       0.13
  269 UNKNOWN                  31       3.10       2.76       3.32       0.13
  270 UNKNOWN                  31       3.15       2.79       3.47       0.14
  271 UNKNOWN                  31       2.97       2.53       3.26       0.15
  272 UNKNOWN                  31       3.15       2.79       3.38       0.14
  273 UNKNOWN                  31       3.15       2.74       3.49       0.14
  274 UNKNOWN                  31       3.19       2.81       3.42       0.16
  275 UNKNOWN                  31       3.14       2.90       3.35       0.13
  276 UNKNOWN                  31       3.14       2.81       3.45       0.15
  277 UNKNOWN                  31       3.13       2.85       3.39       0.14
  278 UNKNOWN                  31       3.20       3.03       3.44       0.11
  279 UNKNOWN                  31       3.13       2.75       3.54       0.16
  280 UNKNOWN                  31       3.18       2.79       3.53       0.16
  281 UNKNOWN                  31       3.09       2.71       3.41       0.16
  282 UNKNOWN                  31       3.13       2.81       3.53       0.16
  283 UNKNOWN                  31       3.08       2.86       3.39       0.13
  284 UNKNOWN                  31       3.09       2.75       3.37       0.13
  285 UNKNOWN                  31       3.08       2.78       3.36       0.13
  286 UNKNOWN                  31       3.06       2.67       3.43       0.17
  287 UNKNOWN                  31       3.00       2.70       3.28       0.15
  288 UNKNOWN                  31       3.17       2.96       3.34       0.09
  289 UNKNOWN                  31       3.09       2.85       3.48       0.14
  290 UNKNOWN                  31       3.14       2.64       3.51       0.16
  291 UNKNOWN                  31       3.07       2.68       3.41       0.16
  292 UNKNOWN                  31       3.11       2.85       3.30       0.10
  293 UNKNOWN                  31       3.06       2.81       3.27       0.11
  294 UNKNOWN                  31       3.12       2.76       3.35       0.13
  295 UNKNOWN                  31       3.03       2.77       3.30       0.14
  296 UNKNOWN                  31       3.08       2.85       3.47       0.14
  297 UNKNOWN                  31       3.01       2.65       3.33       0.17
  298 UNKNOWN                  31       3.07       2.82       3.23       0.11
  299 UNKNOWN                  31       3.01       2.74       3.29       0.13
  300 UNKNOWN                  31       3.04       2.81       3.36       0.13
  301 UNKNOWN                  31       2.26       2.12       2.43       0.07

================================================================================
PER-TYPE SUMMARY (sum of avg durations across all events)
================================================================================
TaskType             Events    Total(us)  Total(ms)        %
----------------------------------------------------------
UNKNOWN                 301       1113.7      1.114   100.0%
TOTAL                             1113.7      1.114

Saved raw event timing to event_timing.json
