[EVENT_TIMING] 992 event firings recorded

================================================================================
PER-EVENT WALL-CLOCK TIMING (barrier-to-barrier)
================================================================================
Event TaskType              Count    Avg(us)    Min(us)    Max(us)    Std(us)
-------------------------------------------------------------------------
    1 UNKNOWN                  30     205.74     195.20     232.16      10.53
    2 UNKNOWN                  31      13.74      11.42      15.10       0.78
    3 UNKNOWN                  31      23.01      21.48      24.58       0.83
    4 UNKNOWN                  31       9.59       9.12      10.84       0.29
    5 UNKNOWN                  31      11.49      11.11      11.81       0.19
    6 UNKNOWN                  31      22.21      21.33      23.88       0.66
    7 UNKNOWN                  31       8.29       7.52       9.72       0.60
    8 UNKNOWN                  31       4.34       3.29       5.23       0.66
    9 UNKNOWN                  31      35.00      33.15      37.05       0.96
   10 UNKNOWN                  31      50.99      49.98      53.28       0.74
   11 UNKNOWN                  31      11.46      10.90      12.12       0.34
   12 UNKNOWN                  31       8.94       8.30      10.46       0.42
   13 UNKNOWN                  31      11.38      10.68      11.83       0.26
   14 UNKNOWN                  31      22.07      21.32      23.72       0.60
   15 UNKNOWN                  31       7.81       6.73      10.40       1.24
   16 UNKNOWN                  31      16.38      14.26      17.28       0.76
   17 UNKNOWN                  31      41.26      38.89      43.94       1.47
   18 UNKNOWN                  31      23.11      21.12      25.80       1.39
   19 UNKNOWN                  31       5.92       4.35       7.39       1.10
   20 UNKNOWN                  30      18.12       0.05      90.02      35.15
   21 UNKNOWN                  30      23.75       0.02      89.79      38.60
   22 UNKNOWN                  31      11.77       0.02      89.02      29.42
   23 UNKNOWN                  29      15.69       0.04      89.82      33.23
   24 UNKNOWN                  30      12.17       0.04      90.05      29.99
   25 UNKNOWN                  28      12.99       0.03      89.10      30.59
   26 UNKNOWN                  31       0.57       0.12       2.16       0.52
   27 UNKNOWN                  27       0.46       0.04       1.00       0.22
   28 UNKNOWN                  30       0.59       0.09       1.88       0.39
   29 UNKNOWN                  31      30.58      28.32      33.40       1.21
   30 UNKNOWN                  31       5.48       5.36       5.58       0.06
   31 UNKNOWN                  31       4.90       4.68       5.16       0.09

================================================================================
PER-TYPE SUMMARY (sum of avg durations across all events)
================================================================================
TaskType             Events    Total(us)  Total(ms)        %
----------------------------------------------------------
UNKNOWN                  31        669.8      0.670   100.0%
TOTAL                              669.8      0.670

Saved raw event timing to event_timing.json
