[EVENT_TIMING] 736 event firings recorded

================================================================================
PER-EVENT WALL-CLOCK TIMING (barrier-to-barrier)
================================================================================
Event TaskType              Count    Avg(us)    Min(us)    Max(us)    Std(us)
-------------------------------------------------------------------------
    1 UNKNOWN                  30     143.19       7.96     184.28      60.40
    2 UNKNOWN                  31      11.94      11.13      14.28       0.64
    3 UNKNOWN                  31       3.91       3.48       4.88       0.24
    4 UNKNOWN                  31      26.21      23.12      27.40       0.84
    5 UNKNOWN                  31     146.01     141.65     157.05       2.82
    6 UNKNOWN                  31      57.72      53.91      60.39       2.07
    7 UNKNOWN                  31      22.86      22.19      27.44       1.26
    8 UNKNOWN                  31      16.68      13.36      17.44       1.14
    9 UNKNOWN                  31       4.03       3.65       4.77       0.31
   10 UNKNOWN                  31      32.27      31.15      33.52       0.58
   11 UNKNOWN                  31      49.94      49.31      50.64       0.38
   12 UNKNOWN                  31       3.95       3.31       4.67       0.44
   13 UNKNOWN                  31      13.99      12.98      14.60       0.47
   14 UNKNOWN                  31     145.98     140.77     150.28       2.25
   15 UNKNOWN                  31      57.82      54.17      60.28       2.00
   16 UNKNOWN                  31      21.29      21.00      21.84       0.20
   17 UNKNOWN                  31      13.53      13.32      13.84       0.14
   18 UNKNOWN                  31       3.56       3.47       3.72       0.05
   19 UNKNOWN                  31      19.78      19.04      21.44       0.65
   20 UNKNOWN                  31      41.88      40.15      44.23       0.81
   21 UNKNOWN                  31       4.67       3.55       6.20       0.94
   22 UNKNOWN                  31      21.23      19.61      23.55       1.00
   23 UNKNOWN                  31       3.77       3.51       4.05       0.14

================================================================================
PER-TYPE SUMMARY (sum of avg durations across all events)
================================================================================
TaskType             Events    Total(us)  Total(ms)        %
----------------------------------------------------------
UNKNOWN                  23        866.2      0.866   100.0%
TOTAL                              866.2      0.866

Saved raw event timing to event_timing.json
