[EVENT_TIMING] 10336 event firings recorded

================================================================================
PER-EVENT WALL-CLOCK TIMING (barrier-to-barrier)
================================================================================
Event TaskType              Count    Avg(us)    Min(us)    Max(us)    Std(us)
-------------------------------------------------------------------------
    1 UNKNOWN                  30     182.35      10.04     287.48      59.82
    2 UNKNOWN                  31      15.67      14.82      16.61       0.44
    3 UNKNOWN                  31       4.39       3.92       5.76       0.36
    4 UNKNOWN                  31      24.61      22.80      26.00       0.75
    5 UNKNOWN                  31     211.80     207.61     215.13       1.77
    6 UNKNOWN                  31      64.09      62.39      66.03       1.00
    7 UNKNOWN                  31      39.78      38.25      41.89       0.81
    8 UNKNOWN                  31      13.77      13.40      14.08       0.17
    9 UNKNOWN                  31       4.80       3.81       9.01       0.91
   10 UNKNOWN                  31      37.04      35.55      38.15       0.73
   11 UNKNOWN                  31      50.53      50.01      51.64       0.40
   12 UNKNOWN                  31       4.39       3.64       5.36       0.44
   13 UNKNOWN                  31      13.94      12.80      14.92       0.65
   14 UNKNOWN                  31     211.59     207.65     214.53       1.57
   15 UNKNOWN                  31      62.65      61.53      63.70       0.63
   16 UNKNOWN                  31      37.34      36.15      38.96       0.69
   17 UNKNOWN                  31      13.80      13.56      14.12       0.14
   18 UNKNOWN                  31       3.66       3.57       3.97       0.08
   19 UNKNOWN                  31      25.38      24.05      32.37       1.42
   20 UNKNOWN                  31      42.65      40.86      45.06       0.99
   21 UNKNOWN                  31       5.15       3.51       6.96       1.07
   22 UNKNOWN                  31      23.61      22.28      25.15       1.01
   23 UNKNOWN                  31       3.96       3.44       5.20       0.29
   24 UNKNOWN                  31       4.17       3.70       4.90       0.39
   25 UNKNOWN                  31      14.40      13.05      15.12       0.48
   26 UNKNOWN                  31     211.29     207.60     214.40       1.91
   27 UNKNOWN                  31      62.94      61.41      64.88       0.81
   28 UNKNOWN                  31      38.00      36.79      39.44       0.62
   29 UNKNOWN                  31      13.77      13.52      14.00       0.12
   30 UNKNOWN                  31       3.91       3.73       4.13       0.09
   31 UNKNOWN                  31      25.83      24.36      32.76       1.50
   32 UNKNOWN                  31      49.51      46.16      53.63       1.75
   33 UNKNOWN                  31       5.20       3.69       6.43       1.01
   34 UNKNOWN                  31      23.56      22.12      25.28       1.08
   35 UNKNOWN                  31       4.20       3.69       7.15       0.79
   36 UNKNOWN                  31       4.51       3.68       5.27       0.54
   37 UNKNOWN                  31      14.21      13.04      15.16       0.57
   38 UNKNOWN                  31     211.33     207.77     214.61       1.69
   39 UNKNOWN                  31      62.92      61.49      64.77       0.96
   40 UNKNOWN                  31      37.75      35.87      39.28       0.74
   41 UNKNOWN                  31      13.66      13.40      14.00       0.15
   42 UNKNOWN                  31       3.61       3.45       4.05       0.12
   43 UNKNOWN                  31      25.82      24.25      31.89       1.79
   44 UNKNOWN                  31      43.02      40.70      45.46       1.17
   45 UNKNOWN                  31       5.06       3.70       6.64       0.97
   46 UNKNOWN                  31      23.49      21.96      25.12       1.08
   47 UNKNOWN                  31       3.87       2.99       5.76       0.81
   48 UNKNOWN                  31       4.20       3.40       5.05       0.51
   49 UNKNOWN                  31      14.22      13.52      14.86       0.43
   50 UNKNOWN                  31     210.93     208.26     215.32       1.68
   51 UNKNOWN                  31      63.06      61.08      66.72       1.26
   52 UNKNOWN                  31      38.37      36.23      42.20       1.22
   53 UNKNOWN                  31      13.63      13.36      13.92       0.14
   54 UNKNOWN                  31       3.90       3.69       4.33       0.12
   55 UNKNOWN                  31      25.45      23.68      26.96       1.04
   56 UNKNOWN                  31      41.80      39.47      47.15       1.67
   57 UNKNOWN                  31       5.12       3.61       8.75       1.29
   58 UNKNOWN                  31      23.88      22.03      25.92       1.16
   59 UNKNOWN                  31       4.25       3.54       5.14       0.40
   60 UNKNOWN                  31       5.09       4.13       5.53       0.30
   61 UNKNOWN                  31      13.99      12.95      18.60       1.21
   62 UNKNOWN                  31     211.18     207.42     214.41       1.95
   63 UNKNOWN                  31      52.82      51.37      64.89       3.28
   64 UNKNOWN                  31      35.39      34.62      35.85       0.28
   65 UNKNOWN                  31      13.78      13.52      15.41       0.33
   66 UNKNOWN                  31       3.58       3.40       4.16       0.13
   67 UNKNOWN                  31      24.60      24.09      25.13       0.25
   68 UNKNOWN                  31      44.37      43.14      46.78       1.00
   69 UNKNOWN                  31       5.15       3.92       6.41       1.03
   70 UNKNOWN                  31      23.25      21.68      24.94       1.09
   71 UNKNOWN                  31       3.97       3.52       4.48       0.19
   72 UNKNOWN                  31       4.52       3.62       4.94       0.44
   73 UNKNOWN                  31      13.96      13.15      15.04       0.49
   74 UNKNOWN                  31     210.20     207.08     213.81       1.83
   75 UNKNOWN                  31      51.82      51.53      52.25       0.16
   76 UNKNOWN                  31      35.45      35.09      35.97       0.22
   77 UNKNOWN                  31      15.95      13.84      17.56       1.39
   78 UNKNOWN                  31       3.99       3.75       5.57       0.38
   79 UNKNOWN                  31      26.22      24.16      28.20       0.89
   80 UNKNOWN                  31      41.86      39.33      45.95       1.77
   81 UNKNOWN                  31       5.60       3.91       6.82       0.93
   82 UNKNOWN                  31      22.75      21.39      25.60       1.20
   83 UNKNOWN                  31       4.01       3.67       4.96       0.23
   84 UNKNOWN                  31       4.56       3.92       5.26       0.42
   85 UNKNOWN                  31      14.21      13.28      15.12       0.45
   86 UNKNOWN                  31     210.55     206.69     214.01       2.03
   87 UNKNOWN                  31      51.76      51.58      52.18       0.14
   88 UNKNOWN                  31      35.23      34.53      35.80       0.37
   89 UNKNOWN                  31      14.34      13.48      17.28       1.25
   90 UNKNOWN                  31       3.61       3.40       3.82       0.10
   91 UNKNOWN                  31      24.23      23.57      25.57       0.39
   92 UNKNOWN                  31      42.48      41.39      44.34       0.64
   93 UNKNOWN                  31       4.73       3.78       6.76       0.98
   94 UNKNOWN                  31      23.09      21.24      24.40       1.02
   95 UNKNOWN                  31       3.34       3.00       5.35       0.47
   96 UNKNOWN                  31       4.50       3.54       5.10       0.43
   97 UNKNOWN                  31      14.26      13.22      17.72       0.98
   98 UNKNOWN                  31     210.16     207.46     213.66       1.66
   99 UNKNOWN                  31      51.74      51.25      52.13       0.22
  100 UNKNOWN                  31      35.38      35.01      35.93       0.19
  101 UNKNOWN                  31      13.81      13.56      14.16       0.12
  102 UNKNOWN                  31       3.87       3.75       4.23       0.10
  103 UNKNOWN                  31      25.65      23.96      26.48       0.83
  104 UNKNOWN                  31      40.56      39.33      43.88       1.22
  105 UNKNOWN                  31       5.68       3.61       7.45       1.10
  106 UNKNOWN                  31      22.47      21.17      25.17       1.06
  107 UNKNOWN                  31       4.09       3.68       5.78       0.39
  108 UNKNOWN                  31       4.47       3.85       5.09       0.41
  109 UNKNOWN                  31      14.11      12.73      14.88       0.42
  110 UNKNOWN                  31     211.15     207.59     215.12       1.88
  111 UNKNOWN                  31      51.78      51.45      52.10       0.17
  112 UNKNOWN                  31      36.26      34.69      38.32       1.04
  113 UNKNOWN                  31      14.18      13.48      16.22       0.66
  114 UNKNOWN                  31       3.66       3.41       3.89       0.11
  115 UNKNOWN                  31      24.08      23.25      24.57       0.33
  116 UNKNOWN                  31      41.94      40.99      43.14       0.41
  117 UNKNOWN                  31       4.75       3.78       7.81       1.15
  118 UNKNOWN                  31      24.01      21.36      26.36       1.34
  119 UNKNOWN                  31       4.58       3.88       6.80       0.76
  120 UNKNOWN                  31       4.49       3.66       4.95       0.40
  121 UNKNOWN                  31      13.98      13.04      17.56       0.84
  122 UNKNOWN                  31     210.68     207.40     214.68       1.93
  123 UNKNOWN                  31      51.63      51.25      51.97       0.19
  124 UNKNOWN                  31      35.44      34.93      35.93       0.25
  125 UNKNOWN                  31      14.03      13.68      14.96       0.33
  126 UNKNOWN                  31       3.95       3.83       4.11       0.06
  127 UNKNOWN                  31      26.01      24.20      26.88       0.76
  128 UNKNOWN                  31      40.95      39.15      43.28       0.96
  129 UNKNOWN                  31       4.86       3.65       6.36       0.96
  130 UNKNOWN                  31      23.28      21.84      24.64       0.95
  131 UNKNOWN                  31       3.97       3.61       5.78       0.36
  132 UNKNOWN                  31       4.99       3.92       5.29       0.22
  133 UNKNOWN                  31      13.87      12.88      14.52       0.42
  134 UNKNOWN                  31     211.18     207.77     213.79       1.70
  135 UNKNOWN                  31      51.80      51.50      52.06       0.15
  136 UNKNOWN                  31      35.45      34.97      35.84       0.27
  137 UNKNOWN                  31      13.72      13.40      13.92       0.13
  138 UNKNOWN                  31       3.66       3.48       3.91       0.10
  139 UNKNOWN                  31      24.29      23.25      25.65       0.41
  140 UNKNOWN                  31      42.40      41.35      45.04       0.92
  141 UNKNOWN                  31       5.67       3.72       6.48       0.86
  142 UNKNOWN                  31      22.31      21.08      24.40       1.07
  143 UNKNOWN                  31       3.52       3.02       5.32       0.61
  144 UNKNOWN                  31       4.11       3.44       4.82       0.47
  145 UNKNOWN                  31      14.13      12.91      18.04       1.01
  146 UNKNOWN                  31     210.21     205.92     213.27       1.92
  147 UNKNOWN                  31      51.82      51.53      52.09       0.13
  148 UNKNOWN                  31      35.65      35.04      37.63       0.43
  149 UNKNOWN                  31      13.75      13.48      13.96       0.13
  150 UNKNOWN                  31       3.94       3.75       4.12       0.09
  151 UNKNOWN                  31      25.89      24.36      26.56       0.56
  152 UNKNOWN                  31      40.75      39.38      44.00       1.03
  153 UNKNOWN                  31       5.10       3.56       7.72       1.21
  154 UNKNOWN                  31      23.16      21.32      25.22       1.14
  155 UNKNOWN                  31       4.32       3.62       6.09       0.60
  156 UNKNOWN                  31       5.07       4.05       5.43       0.39
  157 UNKNOWN                  31      13.90      12.86      17.64       0.86
  158 UNKNOWN                  31     210.80     205.92     213.22       1.81
  159 UNKNOWN                  31      51.65      51.41      52.14       0.14
  160 UNKNOWN                  31      35.32      34.69      35.88       0.28
  161 UNKNOWN                  31      13.80      13.52      14.16       0.14
  162 UNKNOWN                  31       3.68       3.44       5.59       0.36
  163 UNKNOWN                  31      24.09      23.53      25.89       0.49
  164 UNKNOWN                  31      44.43      43.10      46.29       0.82
  165 UNKNOWN                  31       5.73       3.84       6.43       0.92
  166 UNKNOWN                  31      22.51      21.47      24.48       0.92
  167 UNKNOWN                  31       3.97       3.57       5.95       0.41
  168 UNKNOWN                  31       4.37       3.55       4.94       0.44
  169 UNKNOWN                  31      14.05      13.14      15.08       0.52
  170 UNKNOWN                  31     210.14     207.40     213.37       1.63
  171 UNKNOWN                  31      51.63      51.37      51.89       0.13
  172 UNKNOWN                  31      35.56      35.09      36.01       0.24
  173 UNKNOWN                  31      16.14      13.76      17.44       1.19
  174 UNKNOWN                  31       3.93       3.76       4.07       0.08
  175 UNKNOWN                  31      25.62      24.08      27.16       0.92
  176 UNKNOWN                  31      41.31      39.68      45.20       1.27
  177 UNKNOWN                  31       5.21       3.58       8.60       1.21
  178 UNKNOWN                  31      22.83      21.28      24.54       1.12
  179 UNKNOWN                  31       4.29       3.67       7.55       0.66
  180 UNKNOWN                  31       4.96       3.76       5.16       0.23
  181 UNKNOWN                  31      13.81      13.24      14.40       0.36
  182 UNKNOWN                  31     211.03     206.89     213.65       1.86
  183 UNKNOWN                  31      51.60      51.14      51.89       0.18
  184 UNKNOWN                  31      35.30      34.68      36.48       0.37
  185 UNKNOWN                  31      14.31      13.56      17.24       0.89
  186 UNKNOWN                  31       3.73       3.48       5.44       0.33
  187 UNKNOWN                  31      24.53      23.85      26.13       0.40
  188 UNKNOWN                  31      43.77      42.13      45.74       0.82
  189 UNKNOWN                  31       5.92       3.73       8.44       0.88
  190 UNKNOWN                  31      22.15      21.36      24.00       0.77
  191 UNKNOWN                  31       4.52       2.95       6.22       1.17
  192 UNKNOWN                  31       4.31       3.52       4.91       0.51
  193 UNKNOWN                  31      14.43      13.03      17.52       1.12
  194 UNKNOWN                  31     210.41     205.12     214.02       2.12
  195 UNKNOWN                  31      51.65      51.17      52.05       0.18
  196 UNKNOWN                  31      35.57      35.25      36.13       0.20
  197 UNKNOWN                  31      13.64      13.40      14.00       0.15
  198 UNKNOWN                  31       3.88       3.71       4.11       0.09
  199 UNKNOWN                  31      25.50      24.08      26.72       0.84
  200 UNKNOWN                  31      41.08      39.43      44.36       1.09
  201 UNKNOWN                  31       5.60       3.69       7.96       1.27
  202 UNKNOWN                  31      22.86      21.44      25.56       1.15
  203 UNKNOWN                  31       4.12       3.65       5.15       0.38
  204 UNKNOWN                  31       4.94       3.92       5.25       0.21
  205 UNKNOWN                  31      13.65      13.00      14.29       0.45
  206 UNKNOWN                  31     210.54     206.01     213.54       1.93
  207 UNKNOWN                  31      51.86      51.46      52.14       0.17
  208 UNKNOWN                  31      37.12      35.25      39.24       0.94
  209 UNKNOWN                  31      13.85      13.36      15.58       0.42
  210 UNKNOWN                  31       3.64       3.45       3.96       0.11
  211 UNKNOWN                  31      24.90      23.77      26.17       0.48
  212 UNKNOWN                  31      41.61      40.56      42.54       0.46
  213 UNKNOWN                  31       5.46       3.74       6.37       1.02
  214 UNKNOWN                  31      22.97      21.52      26.12       1.32
  215 UNKNOWN                  31       4.29       3.61       5.04       0.36
  216 UNKNOWN                  31       4.39       3.63       5.09       0.50
  217 UNKNOWN                  31      14.17      13.14      18.24       0.89
  218 UNKNOWN                  31     210.47     205.94     214.03       1.76
  219 UNKNOWN                  31      51.74      51.41      52.09       0.18
  220 UNKNOWN                  31      35.79      35.17      36.37       0.22
  221 UNKNOWN                  31      13.88      13.48      14.62       0.26
  222 UNKNOWN                  31       3.90       3.75       4.11       0.08
  223 UNKNOWN                  31      25.57      23.64      28.12       1.14
  224 UNKNOWN                  31      41.00      39.04      42.99       1.02
  225 UNKNOWN                  31       5.12       3.68       7.06       1.14
  226 UNKNOWN                  31      23.10      21.28      24.77       1.09
  227 UNKNOWN                  31       4.09       3.63       5.20       0.44
  228 UNKNOWN                  31       5.02       4.84       5.31       0.10
  229 UNKNOWN                  31      13.78      13.27      14.40       0.33
  230 UNKNOWN                  31     210.79     206.95     214.70       1.93
  231 UNKNOWN                  31      51.79      51.50      52.06       0.13
  232 UNKNOWN                  31      35.55      34.97      36.20       0.34
  233 UNKNOWN                  31      13.85      13.56      16.21       0.45
  234 UNKNOWN                  31       3.65       3.40       5.47       0.35
  235 UNKNOWN                  31      26.04      23.85      27.45       0.87
  236 UNKNOWN                  31      41.40      39.49      44.60       1.19
  237 UNKNOWN                  31       5.86       3.87      10.08       1.15
  238 UNKNOWN                  31      22.24      20.99      24.17       0.98
  239 UNKNOWN                  31       4.22       3.07       6.23       1.14
  240 UNKNOWN                  31       4.40       3.52       4.94       0.47
  241 UNKNOWN                  31      14.14      13.27      18.00       0.87
  242 UNKNOWN                  31     210.90     207.12     216.20       2.29
  243 UNKNOWN                  31      51.78      51.29      52.05       0.19
  244 UNKNOWN                  31      35.50      35.13      35.89       0.22
  245 UNKNOWN                  31      13.70      13.36      15.31       0.36
  246 UNKNOWN                  31       4.02       3.63       6.39       0.59
  247 UNKNOWN                  31      25.10      23.40      26.52       1.00
  248 UNKNOWN                  31      41.13      39.16      46.88       1.68
  249 UNKNOWN                  31       5.77       3.64      10.68       1.42
  250 UNKNOWN                  31      22.70      20.95      25.44       1.13
  251 UNKNOWN                  31       4.30       3.56       7.69       0.81
  252 UNKNOWN                  31       5.00       3.95       5.48       0.55
  253 UNKNOWN                  31      13.78      12.69      15.00       0.61
  254 UNKNOWN                  31     210.89     208.09     214.05       1.61
  255 UNKNOWN                  31      51.83      51.54      52.14       0.15
  256 UNKNOWN                  31      35.37      34.69      36.00       0.32
  257 UNKNOWN                  31      13.87      13.47      16.45       0.52
  258 UNKNOWN                  31       3.60       3.44       3.76       0.08
  259 UNKNOWN                  31      24.65      23.65      27.25       0.83
  260 UNKNOWN                  31      42.77      39.91      44.35       0.98
  261 UNKNOWN                  31       5.12       3.75       6.37       1.02
  262 UNKNOWN                  31      22.90      21.23      24.71       1.04
  263 UNKNOWN                  31       3.78       3.41       4.09       0.18
  264 UNKNOWN                  31       3.88       3.53       4.30       0.19
  265 UNKNOWN                  31      14.57      13.99      15.04       0.30
  266 UNKNOWN                  31     210.32     207.72     213.29       1.57
  267 UNKNOWN                  31      51.77      51.45      52.09       0.17
  268 UNKNOWN                  31      35.33      34.93      35.81       0.23
  269 UNKNOWN                  31      14.92      13.48      17.60       1.49
  270 UNKNOWN                  31       3.85       3.71       4.07       0.08
  271 UNKNOWN                  31      25.78      24.24      26.48       0.62
  272 UNKNOWN                  31      39.79      38.48      41.29       0.61
  273 UNKNOWN                  31       5.05       3.71      10.64       1.48
  274 UNKNOWN                  31      23.18      21.28      24.42       1.11
  275 UNKNOWN                  31       3.98       3.46       6.39       0.49
  276 UNKNOWN                  31       4.94       3.72       5.35       0.32
  277 UNKNOWN                  31      13.89      13.13      14.72       0.39
  278 UNKNOWN                  31     210.94     208.43     213.88       1.39
  279 UNKNOWN                  31      51.73      51.46      52.02       0.14
  280 UNKNOWN                  31      35.51      34.56      38.40       0.67
  281 UNKNOWN                  31      15.31      13.40      17.48       1.57
  282 UNKNOWN                  31       3.65       3.49       3.83       0.11
  283 UNKNOWN                  31      24.67      23.97      26.77       0.79
  284 UNKNOWN                  31      42.16      39.97      42.98       0.80
  285 UNKNOWN                  31       5.09       3.66       6.26       0.99
  286 UNKNOWN                  31      22.67      20.91      25.64       1.25
  287 UNKNOWN                  31       4.12       3.01       6.72       1.12
  288 UNKNOWN                  31       4.07       3.46       4.90       0.53
  289 UNKNOWN                  31      14.34      13.10      15.20       0.57
  290 UNKNOWN                  31     210.08     206.76     213.63       1.70
  291 UNKNOWN                  31      51.75      51.45      52.01       0.15
  292 UNKNOWN                  31      35.60      35.05      37.87       0.47
  293 UNKNOWN                  31      14.18      13.44      17.28       1.23
  294 UNKNOWN                  31       4.01       3.75       5.43       0.36
  295 UNKNOWN                  31      26.16      25.52      27.60       0.36
  296 UNKNOWN                  31      39.79      39.09      41.12       0.48
  297 UNKNOWN                  31       5.26       3.67       7.39       1.12
  298 UNKNOWN                  31      22.82      21.16      24.31       1.06
  299 UNKNOWN                  31       4.22       3.54       5.10       0.41
  300 UNKNOWN                  31       4.85       3.92       5.17       0.29
  301 UNKNOWN                  31      13.70      12.85      14.64       0.46
  302 UNKNOWN                  31     211.04     207.61     214.10       1.52
  303 UNKNOWN                  31      51.60      51.34      51.98       0.19
  304 UNKNOWN                  31      36.28      34.92      38.39       1.12
  305 UNKNOWN                  31      13.99      13.44      16.01       0.59
  306 UNKNOWN                  31       3.67       3.53       3.77       0.07
  307 UNKNOWN                  31      24.82      23.93      26.69       0.75
  308 UNKNOWN                  31      41.48      39.44      42.54       0.87
  309 UNKNOWN                  31       5.16       3.76       6.60       1.13
  310 UNKNOWN                  31      23.00      21.68      24.27       0.98
  311 UNKNOWN                  31       3.96       3.45       5.20       0.30
  312 UNKNOWN                  31       4.12       3.50       5.00       0.53
  313 UNKNOWN                  31      14.40      13.11      17.40       0.74
  314 UNKNOWN                  31     210.38     206.60     213.02       1.87
  315 UNKNOWN                  31      51.66      51.21      52.05       0.18
  316 UNKNOWN                  31      35.62      35.09      36.17       0.27
  317 UNKNOWN                  31      13.74      13.40      14.04       0.13
  318 UNKNOWN                  31       3.99       3.75       4.15       0.09
  319 UNKNOWN                  31      25.72      24.08      26.28       0.46
  320 UNKNOWN                  31      46.09      43.08      49.19       1.43
  321 UNKNOWN                  31       5.35       3.94       6.32       0.94
  322 UNKNOWN                  31      21.57      20.63      23.20       0.97
  323 UNKNOWN                  31       3.06       2.91       3.20       0.08

================================================================================
PER-TYPE SUMMARY (sum of avg durations across all events)
================================================================================
TaskType             Events    Total(us)  Total(ms)        %
----------------------------------------------------------
UNKNOWN                 323      12000.1     12.000   100.0%
TOTAL                            12000.1     12.000

Saved raw event timing to event_timing.json
