[EVENT_TIMING] 8880 event firings recorded

================================================================================
PER-EVENT WALL-CLOCK TIMING (barrier-to-barrier)
================================================================================
Event TaskType              Count    Avg(us)    Min(us)    Max(us)    Std(us)
-------------------------------------------------------------------------
    1 UNKNOWN                  28     212.31     199.80     284.44      17.45
    2 UNKNOWN                  29      13.93      12.57      14.97       0.61
    3 UNKNOWN                  29      16.91      15.56      18.60       0.76
    4 UNKNOWN                  29      10.23       9.91      10.95       0.21
    5 UNKNOWN                  29      12.58      11.61      13.33       0.41
    6 UNKNOWN                  29      15.15      14.67      15.95       0.28
    7 UNKNOWN                  29       7.99       7.55       8.67       0.29
    8 UNKNOWN                  29       4.52       3.44       5.25       0.54
    9 UNKNOWN                  29      34.87      33.51      36.40       0.81
   10 UNKNOWN                  29      50.43      49.43      52.64       0.78
   11 UNKNOWN                  29      13.87      13.44      14.28       0.24
   12 UNKNOWN                  29       9.73       9.34      10.33       0.19
   13 UNKNOWN                  29      12.33      11.43      13.10       0.37
   14 UNKNOWN                  29      15.19      14.63      15.92       0.27
   15 UNKNOWN                  29       7.11       6.75       7.57       0.25
   16 UNKNOWN                  29      17.78      15.80      18.46       0.71
   17 UNKNOWN                  29      42.76      39.94      47.23       1.52
   18 UNKNOWN                  29      23.36      21.52      24.92       1.07
   19 UNKNOWN                  29       4.72       4.29       5.26       0.24
   20 UNKNOWN                  29      13.89      13.55      14.37       0.26
   21 UNKNOWN                  29       9.65       9.25      10.10       0.19
   22 UNKNOWN                  29      12.71      11.87      13.31       0.36
   23 UNKNOWN                  29      15.35      14.65      16.10       0.33
   24 UNKNOWN                  29       7.85       7.15       8.56       0.36
   25 UNKNOWN                  29      17.20      15.42      18.14       0.71
   26 UNKNOWN                  29      41.86      39.02      46.20       1.83
   27 UNKNOWN                  29      23.92      22.21      26.96       1.14
   28 UNKNOWN                  29       4.75       4.27       5.60       0.30
   29 UNKNOWN                  29      13.71      13.25      14.03       0.21
   30 UNKNOWN                  29      10.05       9.74      10.54       0.16
   31 UNKNOWN                  29      12.42      11.62      13.17       0.37
   32 UNKNOWN                  29      15.15      14.69      15.74       0.27
   33 UNKNOWN                  29       8.03       7.56       8.64       0.26
   34 UNKNOWN                  29      16.73      15.11      17.88       0.96
   35 UNKNOWN                  29      44.32      41.14      48.12       1.64
   36 UNKNOWN                  29      23.54      21.93      26.40       1.12
   37 UNKNOWN                  29       4.82       3.89       5.85       0.39
   38 UNKNOWN                  29      13.85      13.23      14.25       0.26
   39 UNKNOWN                  29      10.01       9.64      10.45       0.21
   40 UNKNOWN                  29      12.34      11.56      13.14       0.40
   41 UNKNOWN                  29      15.11      14.36      15.44       0.28
   42 UNKNOWN                  29       7.98       7.21       8.40       0.30
   43 UNKNOWN                  29      16.58      15.29      18.24       0.97
   44 UNKNOWN                  29      44.05      40.50      46.71       1.60
   45 UNKNOWN                  29      23.11      21.68      24.68       0.96
   46 UNKNOWN                  29       4.86       4.32       5.40       0.34
   47 UNKNOWN                  29      13.64      13.10      14.05       0.24
   48 UNKNOWN                  29       9.72       9.22      10.28       0.22
   49 UNKNOWN                  29      12.56      11.83      13.42       0.42
   50 UNKNOWN                  29      15.15      14.63      15.75       0.28
   51 UNKNOWN                  29       7.93       7.29       8.49       0.29
   52 UNKNOWN                  29      17.26      14.91      18.17       0.93
   53 UNKNOWN                  29      42.32      39.92      44.96       1.25
   54 UNKNOWN                  29      23.40      21.83      26.60       1.17
   55 UNKNOWN                  29       4.97       4.28       5.76       0.32
   56 UNKNOWN                  29      13.78      13.36      14.43       0.28
   57 UNKNOWN                  29       9.95       9.65      10.48       0.18
   58 UNKNOWN                  29      12.62      12.07      13.39       0.35
   59 UNKNOWN                  29      15.10      14.39      15.60       0.28
   60 UNKNOWN                  29       7.86       6.99       8.64       0.36
   61 UNKNOWN                  29      16.91      14.87      18.12       0.95
   62 UNKNOWN                  29      41.50      39.06      44.68       1.06
   63 UNKNOWN                  29      23.94      21.87      26.80       1.36
   64 UNKNOWN                  29       4.69       4.15       5.38       0.28
   65 UNKNOWN                  29      13.85      13.39      14.28       0.27
   66 UNKNOWN                  29      10.11       9.70      10.67       0.21
   67 UNKNOWN                  29      12.59      11.74      13.49       0.42
   68 UNKNOWN                  29      15.19      14.40      15.78       0.31
   69 UNKNOWN                  29       7.92       7.39       8.60       0.28
   70 UNKNOWN                  29      16.44      15.33      18.00       0.82
   71 UNKNOWN                  29      42.56      38.74      46.42       1.54
   72 UNKNOWN                  29      23.72      22.05      25.71       0.95
   73 UNKNOWN                  29       4.84       4.48       5.66       0.29
   74 UNKNOWN                  29      13.85      13.36      14.48       0.28
   75 UNKNOWN                  29      10.03       9.60      11.23       0.30
   76 UNKNOWN                  29      12.53      11.71      13.20       0.41
   77 UNKNOWN                  29      15.19      14.55      15.64       0.28
   78 UNKNOWN                  29       8.17       7.39       8.73       0.31
   79 UNKNOWN                  29      16.93      15.25      18.53       1.00
   80 UNKNOWN                  29      42.61      39.90      46.02       1.46
   81 UNKNOWN                  29      23.30      22.11      25.92       1.04
   82 UNKNOWN                  29       5.06       4.24       6.78       0.48
   83 UNKNOWN                  29      13.78      13.17      14.26       0.25
   84 UNKNOWN                  29       9.61       9.18      10.25       0.22
   85 UNKNOWN                  29      12.60      11.89      13.06       0.30
   86 UNKNOWN                  29      15.13      14.70      15.67       0.29
   87 UNKNOWN                  29       8.07       7.54       8.49       0.23
   88 UNKNOWN                  29      16.76      15.19      18.16       1.07
   89 UNKNOWN                  29      44.17      40.61      48.87       2.25
   90 UNKNOWN                  29      23.47      21.76      24.84       0.96
   91 UNKNOWN                  29       5.08       4.29       6.58       0.58
   92 UNKNOWN                  29      13.79      13.29      14.16       0.24
   93 UNKNOWN                  29       9.85       9.37      10.25       0.21
   94 UNKNOWN                  29      12.38      11.75      13.04       0.33
   95 UNKNOWN                  29      15.15      14.57      15.62       0.26
   96 UNKNOWN                  29       7.93       7.27       8.48       0.27
   97 UNKNOWN                  29      15.86      14.91      17.43       0.57
   98 UNKNOWN                  29      42.41      40.28      44.32       1.07
   99 UNKNOWN                  29      23.49      21.80      26.52       1.24
  100 UNKNOWN                  29       4.95       4.33       5.69       0.32
  101 UNKNOWN                  29      13.82      13.45      14.27       0.23
  102 UNKNOWN                  29      10.23       9.95      10.65       0.17
  103 UNKNOWN                  29      12.46      11.26      13.10       0.35
  104 UNKNOWN                  29      15.29      14.81      15.76       0.25
  105 UNKNOWN                  29       8.04       7.46       8.66       0.26
  106 UNKNOWN                  29      15.96      14.85      17.60       0.80
  107 UNKNOWN                  29      42.15      40.02      44.02       1.11
  108 UNKNOWN                  29      24.32      21.80      27.36       1.65
  109 UNKNOWN                  29       4.76       4.09       6.21       0.46
  110 UNKNOWN                  29      13.58      13.22      14.00       0.24
  111 UNKNOWN                  29      10.13       9.76      10.55       0.20
  112 UNKNOWN                  29      12.36      11.21      12.96       0.42
  113 UNKNOWN                  29      15.11      14.51      15.72       0.28
  114 UNKNOWN                  29       8.18       7.60       8.60       0.23
  115 UNKNOWN                  29      16.17      14.71      17.96       0.98
  116 UNKNOWN                  29      41.95      38.95      44.46       1.47
  117 UNKNOWN                  29      23.66      22.22      26.46       1.15
  118 UNKNOWN                  29       4.76       4.31       5.26       0.26
  119 UNKNOWN                  29      13.79      13.39      14.26       0.23
  120 UNKNOWN                  29       9.71       9.22      10.00       0.16
  121 UNKNOWN                  29      12.38      11.35      13.15       0.44
  122 UNKNOWN                  29      15.10      14.76      15.58       0.20
  123 UNKNOWN                  29       8.15       7.57       8.77       0.31
  124 UNKNOWN                  29      16.24      14.87      17.64       0.72
  125 UNKNOWN                  29      43.17      40.29      46.43       1.56
  126 UNKNOWN                  29      23.55      22.10      25.45       0.97
  127 UNKNOWN                  29       4.57       4.08       5.59       0.29
  128 UNKNOWN                  29      13.85      13.11      14.49       0.27
  129 UNKNOWN                  29       9.81       9.49      10.16       0.18
  130 UNKNOWN                  29      12.65      11.72      13.47       0.39
  131 UNKNOWN                  29      15.23      14.64      15.80       0.30
  132 UNKNOWN                  29       7.92       7.18       8.48       0.29
  133 UNKNOWN                  29      17.19      15.10      18.28       0.98
  134 UNKNOWN                  29      41.57      39.12      44.78       1.43
  135 UNKNOWN                  29      23.15      21.78      25.80       1.07
  136 UNKNOWN                  29       5.23       4.50       7.98       0.71
  137 UNKNOWN                  29      13.81      13.27      14.37       0.30
  138 UNKNOWN                  29      10.07       9.75      10.39       0.18
  139 UNKNOWN                  29      12.61      11.74      13.45       0.42
  140 UNKNOWN                  29      15.15      14.50      15.68       0.30
  141 UNKNOWN                  29       7.90       7.30       8.64       0.34
  142 UNKNOWN                  29      16.90      15.17      18.28       1.08
  143 UNKNOWN                  29      42.00      39.10      45.20       1.52
  144 UNKNOWN                  29      23.26      21.89      26.16       1.05
  145 UNKNOWN                  29       4.99       4.02       6.09       0.48
  146 UNKNOWN                  29      13.79      13.29      14.23       0.26
  147 UNKNOWN                  29      10.01       9.55      10.70       0.23
  148 UNKNOWN                  29      12.28      11.61      13.09       0.38
  149 UNKNOWN                  29      15.10      14.24      15.54       0.28
  150 UNKNOWN                  29       7.95       7.47       8.47       0.29
  151 UNKNOWN                  29      16.89      15.33      18.57       0.86
  152 UNKNOWN                  29      41.87      39.23      43.87       1.18
  153 UNKNOWN                  29      23.62      22.27      25.37       0.94
  154 UNKNOWN                  29       4.94       4.37       6.15       0.46
  155 UNKNOWN                  29      13.76      13.23      14.26       0.25
  156 UNKNOWN                  29       9.77       9.37      10.17       0.17
  157 UNKNOWN                  29      12.34      11.62      13.13       0.36
  158 UNKNOWN                  29      15.07      14.49      15.50       0.27
  159 UNKNOWN                  29       7.30       6.88       7.92       0.27
  160 UNKNOWN                  29      16.73      15.08      18.25       0.94
  161 UNKNOWN                  29      42.19      39.37      47.71       2.03
  162 UNKNOWN                  29      23.61      21.96      25.40       0.97
  163 UNKNOWN                  29       5.12       4.43       8.25       0.70
  164 UNKNOWN                  29      13.72      13.14      14.04       0.21
  165 UNKNOWN                  29       9.70       9.36      10.01       0.16
  166 UNKNOWN                  29      12.50      11.55      13.16       0.41
  167 UNKNOWN                  29      15.20      14.59      15.79       0.30
  168 UNKNOWN                  29       8.14       7.54       8.64       0.30
  169 UNKNOWN                  29      16.60      14.94      17.80       0.95
  170 UNKNOWN                  29      42.11      39.32      45.80       1.72
  171 UNKNOWN                  29      23.73      22.20      25.92       1.08
  172 UNKNOWN                  29       4.82       4.24       6.54       0.46
  173 UNKNOWN                  29      13.63      13.12      14.39       0.28
  174 UNKNOWN                  29       9.90       9.55      10.55       0.21
  175 UNKNOWN                  29      12.40      11.58      13.14       0.35
  176 UNKNOWN                  29      15.08      14.43      15.68       0.29
  177 UNKNOWN                  29       7.96       7.29       8.56       0.33
  178 UNKNOWN                  29      16.25      14.89      17.62       0.93
  179 UNKNOWN                  29      42.31      39.74      45.02       1.32
  180 UNKNOWN                  29      23.72      21.98      25.68       1.06
  181 UNKNOWN                  29       4.87       4.44       5.76       0.29
  182 UNKNOWN                  29      13.84      13.23      14.13       0.23
  183 UNKNOWN                  29       9.98       9.52      11.59       0.38
  184 UNKNOWN                  29      12.35      11.65      13.20       0.34
  185 UNKNOWN                  29      15.08      14.63      15.59       0.26
  186 UNKNOWN                  29       8.12       7.53       8.60       0.26
  187 UNKNOWN                  29      16.03      14.72      17.58       1.01
  188 UNKNOWN                  29      42.06      39.02      45.18       1.63
  189 UNKNOWN                  29      23.36      22.13      25.36       1.03
  190 UNKNOWN                  29       4.73       4.27       5.62       0.28
  191 UNKNOWN                  29      13.63      13.01      14.14       0.24
  192 UNKNOWN                  29       9.68       9.49       9.93       0.12
  193 UNKNOWN                  29      12.10      11.22      13.18       0.39
  194 UNKNOWN                  29      15.11      14.63      15.62       0.24
  195 UNKNOWN                  29       8.00       7.35       8.65       0.36
  196 UNKNOWN                  29      16.50      15.23      17.79       0.96
  197 UNKNOWN                  29      42.01      39.31      44.11       1.21
  198 UNKNOWN                  29      23.36      21.85      26.56       1.24
  199 UNKNOWN                  29       4.80       4.30       5.82       0.32
  200 UNKNOWN                  29      13.79      13.11      14.20       0.25
  201 UNKNOWN                  29       9.86       9.52      10.20       0.17
  202 UNKNOWN                  29      12.53      11.74      13.12       0.34
  203 UNKNOWN                  29      15.20      14.76      15.64       0.22
  204 UNKNOWN                  29       7.94       7.32       8.33       0.26
  205 UNKNOWN                  29      16.23      14.79      17.47       0.78
  206 UNKNOWN                  29      43.66      38.53      46.52       1.88
  207 UNKNOWN                  29      23.33      21.87      25.54       1.15
  208 UNKNOWN                  29       4.93       4.38       5.84       0.37
  209 UNKNOWN                  29      13.81      13.27      14.24       0.23
  210 UNKNOWN                  29       9.96       9.58      10.34       0.21
  211 UNKNOWN                  29      12.52      11.73      13.22       0.35
  212 UNKNOWN                  29      15.17      14.61      15.57       0.25
  213 UNKNOWN                  29       8.20       7.42       8.68       0.30
  214 UNKNOWN                  29      16.62      15.32      18.23       0.99
  215 UNKNOWN                  29      41.50      38.32      43.84       1.53
  216 UNKNOWN                  29      22.99      21.40      24.52       0.99
  217 UNKNOWN                  29       5.01       4.22       6.55       0.63
  218 UNKNOWN                  29      13.79      13.32      14.20       0.20
  219 UNKNOWN                  29      10.09       9.79      10.54       0.22
  220 UNKNOWN                  29      12.23      11.44      12.81       0.32
  221 UNKNOWN                  29      15.15      14.74      15.56       0.19
  222 UNKNOWN                  29       8.18       7.18       8.64       0.35
  223 UNKNOWN                  29      16.17      15.00      18.08       0.85
  224 UNKNOWN                  29      41.74      39.16      43.93       1.40
  225 UNKNOWN                  29      22.86      21.60      24.44       1.02
  226 UNKNOWN                  29       4.81       4.22       6.21       0.48
  227 UNKNOWN                  29      13.68      12.80      14.10       0.24
  228 UNKNOWN                  29       9.69       9.42      10.05       0.16
  229 UNKNOWN                  29      12.27      11.39      13.18       0.41
  230 UNKNOWN                  29      15.18      14.59      15.56       0.25
  231 UNKNOWN                  29       8.06       7.50       8.72       0.26
  232 UNKNOWN                  29      15.80      14.86      17.55       0.73
  233 UNKNOWN                  29      41.84      38.98      43.92       1.33
  234 UNKNOWN                  29      23.59      21.55      25.34       1.08
  235 UNKNOWN                  29       4.73       4.30       5.96       0.39
  236 UNKNOWN                  29      13.77      13.23      14.31       0.27
  237 UNKNOWN                  29       9.77       9.48      10.12       0.16
  238 UNKNOWN                  29      12.29      11.80      12.78       0.28
  239 UNKNOWN                  29      15.00      14.60      15.47       0.23
  240 UNKNOWN                  29       7.90       7.43       8.35       0.27
  241 UNKNOWN                  29      15.45      14.83      16.56       0.41
  242 UNKNOWN                  29      42.49      40.38      46.24       1.36
  243 UNKNOWN                  29      22.93      21.84      24.68       0.95
  244 UNKNOWN                  29       5.05       4.27       6.93       0.81
  245 UNKNOWN                  26       0.26       0.01       1.08       0.24
  246 UNKNOWN                  25       0.27       0.04       0.92       0.26
  247 UNKNOWN                  29       5.32       0.01      73.59      18.54
  248 UNKNOWN                  26       2.97       0.01      73.16      14.04
  249 UNKNOWN                  23       3.43       0.02      74.36      15.12
  250 UNKNOWN                  26       0.22       0.01       0.68       0.17
  251 UNKNOWN                  28       0.31       0.03       1.42       0.30
  252 UNKNOWN                  26       0.22       0.01       0.70       0.20
  253 UNKNOWN                  22       0.21       0.02       0.58       0.15
  254 UNKNOWN                  26       0.28       0.02       0.89       0.25
  255 UNKNOWN                  20       0.26       0.01       1.26       0.31
  256 UNKNOWN                  25       6.11       0.02      74.63      19.89
  257 UNKNOWN                  26       0.23       0.02       1.01       0.24
  258 UNKNOWN                  26       0.24       0.02       1.00       0.23
  259 UNKNOWN                  24       3.44       0.01      75.32      14.99
  260 UNKNOWN                  27       8.44       0.02      74.20      23.19
  261 UNKNOWN                  26       5.90       0.01      73.48      19.44
  262 UNKNOWN                  24       0.23       0.01       1.20       0.25
  263 UNKNOWN                  23       3.44       0.01      74.69      15.19
  264 UNKNOWN                  25       0.20       0.04       0.60       0.14
  265 UNKNOWN                  25       0.26       0.02       1.11       0.29
  266 UNKNOWN                  26       0.23       0.03       0.84       0.20
  267 UNKNOWN                  20       7.46       0.03      72.91      21.70
  268 UNKNOWN                  25      11.87       0.03      74.95      26.85
  269 UNKNOWN                  25       0.28       0.01       2.09       0.42
  270 UNKNOWN                  20       0.24       0.01       0.93       0.22
  271 UNKNOWN                  24       3.33       0.04      74.45      14.83
  272 UNKNOWN                  25       6.15       0.02      74.39      19.95
  273 UNKNOWN                  25       0.28       0.01       1.28       0.28
  274 UNKNOWN                  20       0.29       0.01       0.98       0.27
  275 UNKNOWN                  24       3.16       0.01      71.33      14.22
  276 UNKNOWN                  25       0.22       0.02       0.87       0.20
  277 UNKNOWN                  26       3.11       0.02      75.98      14.57
  278 UNKNOWN                  24       3.25       0.01      73.38      14.62
  279 UNKNOWN                  25       9.02       0.02      73.80      23.71
  280 UNKNOWN                  26       3.10       0.01      73.07      14.00
  281 UNKNOWN                  23       0.25       0.02       0.96       0.24
  282 UNKNOWN                  26       0.39       0.02       1.57       0.36
  283 UNKNOWN                  29       7.41       0.01      33.15      12.48
  284 UNKNOWN                  27      10.65       0.03      30.14      13.31
  285 UNKNOWN                  27       0.35       0.01       1.75       0.36
  286 UNKNOWN                  26       1.60       0.04      29.32       5.56
  287 UNKNOWN                  27       5.76       0.03      30.43      10.88
  288 UNKNOWN                  28       6.42       0.03      29.33      11.30
  289 UNKNOWN                  25       0.35       0.01       0.85       0.24
  290 UNKNOWN                  25       0.57       0.01       2.18       0.56
  291 UNKNOWN                  26       0.38       0.04       1.20       0.32
  292 UNKNOWN                  29       0.52       0.02       1.77       0.53
  293 UNKNOWN                  28       0.58       0.04       1.84       0.51
  294 UNKNOWN                  28       0.63       0.01       2.09       0.54
  295 UNKNOWN                  29       5.38       4.98       5.83       0.19
  296 UNKNOWN                  29       5.25       5.04       5.47       0.11

================================================================================
PER-TYPE SUMMARY (sum of avg durations across all events)
================================================================================
TaskType             Events    Total(us)  Total(ms)        %
----------------------------------------------------------
UNKNOWN                 296       4329.3      4.329   100.0%
TOTAL                             4329.3      4.329

Saved raw event timing to event_timing.json
