In file included from ./permanent_output_dir/test.cu:6:
In file included from /home/hotaisle/metalOps/repos/fleet-chiplet-megakernel/python/mirage/../../include/mirage/persistent_kernel/persistent_kernel.cuh:37:
In file included from /home/hotaisle/metalOps/repos/fleet-chiplet-megakernel/python/mirage/../../include/mirage/persistent_kernel/tasks/mi300/task_header.cuh:28:
In file included from /home/hotaisle/metalOps/repos/fleet-chiplet-megakernel/python/mirage/../../include/mirage/persistent_kernel/tasks/mi300/silu_mul_linear_mi300.cuh:19:
In file included from /home/hotaisle/metalOps/repos/fleet-chiplet-megakernel/python/mirage/../../include/mirage/persistent_kernel/tasks/mi300/linear_ck_mi300.cuh:18:
In file included from /home/hotaisle/metalOps/repos/fleet-chiplet-megakernel/python/mirage/../../deps/composable_kernel/include/ck_tile/core.hpp:5:
In file included from /home/hotaisle/metalOps/repos/fleet-chiplet-megakernel/python/mirage/../../deps/composable_kernel/include/ck_tile/core/algorithm/cluster_descriptor.hpp:7:
In file included from /home/hotaisle/metalOps/repos/fleet-chiplet-megakernel/python/mirage/../../deps/composable_kernel/include/ck_tile/core/algorithm/coordinate_transform.hpp:7:
In file included from /home/hotaisle/metalOps/repos/fleet-chiplet-megakernel/python/mirage/../../deps/composable_kernel/include/ck_tile/core/container/multi_index.hpp:7:
In file included from /home/hotaisle/metalOps/repos/fleet-chiplet-megakernel/python/mirage/../../deps/composable_kernel/include/ck_tile/core/container/array.hpp:13:
In file included from /home/hotaisle/metalOps/repos/fleet-chiplet-megakernel/python/mirage/../../deps/composable_kernel/include/ck_tile/core/utility/functional.hpp:9:
In file included from /home/hotaisle/metalOps/repos/fleet-chiplet-megakernel/python/mirage/../../deps/composable_kernel/include/ck_tile/core/container/sequence.hpp:10:
In file included from /home/hotaisle/metalOps/repos/fleet-chiplet-megakernel/python/mirage/../../deps/composable_kernel/include/ck_tile/core/numeric/math.hpp:512:
In file included from /home/hotaisle/metalOps/repos/fleet-chiplet-megakernel/python/mirage/../../deps/composable_kernel/include/ck_tile/core/numeric/type_convert.hpp:74:
/home/hotaisle/metalOps/repos/fleet-chiplet-megakernel/python/mirage/../../deps/composable_kernel/include/ck_tile/core/numeric/pk_fp4.hpp:13:34: warning: unknown warning group '-Wlifetime-safety-intra-tu-suggestions', ignored [-Wunknown-warning-option]
   13 | #pragma clang diagnostic ignored "-Wlifetime-safety-intra-tu-suggestions"
      |                                  ^
In file included from ./permanent_output_dir/test.cu:6:
In file included from /home/hotaisle/metalOps/repos/fleet-chiplet-megakernel/python/mirage/../../include/mirage/persistent_kernel/persistent_kernel.cuh:37:
In file included from /home/hotaisle/metalOps/repos/fleet-chiplet-megakernel/python/mirage/../../include/mirage/persistent_kernel/tasks/mi300/task_header.cuh:28:
In file included from /home/hotaisle/metalOps/repos/fleet-chiplet-megakernel/python/mirage/../../include/mirage/persistent_kernel/tasks/mi300/silu_mul_linear_mi300.cuh:19:
In file included from /home/hotaisle/metalOps/repos/fleet-chiplet-megakernel/python/mirage/../../include/mirage/persistent_kernel/tasks/mi300/linear_ck_mi300.cuh:18:
In file included from /home/hotaisle/metalOps/repos/fleet-chiplet-megakernel/python/mirage/../../deps/composable_kernel/include/ck_tile/core.hpp:5:
In file included from /home/hotaisle/metalOps/repos/fleet-chiplet-megakernel/python/mirage/../../deps/composable_kernel/include/ck_tile/core/algorithm/cluster_descriptor.hpp:7:
In file included from /home/hotaisle/metalOps/repos/fleet-chiplet-megakernel/python/mirage/../../deps/composable_kernel/include/ck_tile/core/algorithm/coordinate_transform.hpp:7:
In file included from /home/hotaisle/metalOps/repos/fleet-chiplet-megakernel/python/mirage/../../deps/composable_kernel/include/ck_tile/core/container/multi_index.hpp:7:
In file included from /home/hotaisle/metalOps/repos/fleet-chiplet-megakernel/python/mirage/../../deps/composable_kernel/include/ck_tile/core/container/array.hpp:13:
/home/hotaisle/metalOps/repos/fleet-chiplet-megakernel/python/mirage/../../deps/composable_kernel/include/ck_tile/core/utility/functional.hpp:14:34: warning: unknown warning group '-Wlifetime-safety-intra-tu-suggestions', ignored [-Wunknown-warning-option]
   14 | #pragma clang diagnostic ignored "-Wlifetime-safety-intra-tu-suggestions"
      |                                  ^
In file included from ./permanent_output_dir/test.cu:6:
In file included from /home/hotaisle/metalOps/repos/fleet-chiplet-megakernel/python/mirage/../../include/mirage/persistent_kernel/persistent_kernel.cuh:37:
In file included from /home/hotaisle/metalOps/repos/fleet-chiplet-megakernel/python/mirage/../../include/mirage/persistent_kernel/tasks/mi300/task_header.cuh:28:
In file included from /home/hotaisle/metalOps/repos/fleet-chiplet-megakernel/python/mirage/../../include/mirage/persistent_kernel/tasks/mi300/silu_mul_linear_mi300.cuh:19:
In file included from /home/hotaisle/metalOps/repos/fleet-chiplet-megakernel/python/mirage/../../include/mirage/persistent_kernel/tasks/mi300/linear_ck_mi300.cuh:18:
In file included from /home/hotaisle/metalOps/repos/fleet-chiplet-megakernel/python/mirage/../../deps/composable_kernel/include/ck_tile/core.hpp:5:
In file included from /home/hotaisle/metalOps/repos/fleet-chiplet-megakernel/python/mirage/../../deps/composable_kernel/include/ck_tile/core/algorithm/cluster_descriptor.hpp:7:
In file included from /home/hotaisle/metalOps/repos/fleet-chiplet-megakernel/python/mirage/../../deps/composable_kernel/include/ck_tile/core/algorithm/coordinate_transform.hpp:7:
In file included from /home/hotaisle/metalOps/repos/fleet-chiplet-megakernel/python/mirage/../../deps/composable_kernel/include/ck_tile/core/container/multi_index.hpp:9:
/home/hotaisle/metalOps/repos/fleet-chiplet-megakernel/python/mirage/../../deps/composable_kernel/include/ck_tile/core/container/tuple.hpp:17:34: warning: unknown warning group '-Wlifetime-safety-intra-tu-suggestions', ignored [-Wunknown-warning-option]
   17 | #pragma clang diagnostic ignored "-Wlifetime-safety-intra-tu-suggestions"
      |                                  ^
In file included from ./permanent_output_dir/test.cu:6:
In file included from /home/hotaisle/metalOps/repos/fleet-chiplet-megakernel/python/mirage/../../include/mirage/persistent_kernel/persistent_kernel.cuh:37:
In file included from /home/hotaisle/metalOps/repos/fleet-chiplet-megakernel/python/mirage/../../include/mirage/persistent_kernel/tasks/mi300/task_header.cuh:28:
In file included from /home/hotaisle/metalOps/repos/fleet-chiplet-megakernel/python/mirage/../../include/mirage/persistent_kernel/tasks/mi300/silu_mul_linear_mi300.cuh:19:
In file included from /home/hotaisle/metalOps/repos/fleet-chiplet-megakernel/python/mirage/../../include/mirage/persistent_kernel/tasks/mi300/linear_ck_mi300.cuh:18:
In file included from /home/hotaisle/metalOps/repos/fleet-chiplet-megakernel/python/mirage/../../deps/composable_kernel/include/ck_tile/core.hpp:5:
In file included from /home/hotaisle/metalOps/repos/fleet-chiplet-megakernel/python/mirage/../../deps/composable_kernel/include/ck_tile/core/algorithm/cluster_descriptor.hpp:7:
In file included from /home/hotaisle/metalOps/repos/fleet-chiplet-megakernel/python/mirage/../../deps/composable_kernel/include/ck_tile/core/algorithm/coordinate_transform.hpp:8:
In file included from /home/hotaisle/metalOps/repos/fleet-chiplet-megakernel/python/mirage/../../deps/composable_kernel/include/ck_tile/core/container/container_helper.hpp:8:
/home/hotaisle/metalOps/repos/fleet-chiplet-megakernel/python/mirage/../../deps/composable_kernel/include/ck_tile/core/container/map.hpp:12:34: warning: unknown warning group '-Wlifetime-safety-intra-tu-suggestions', ignored [-Wunknown-warning-option]
   12 | #pragma clang diagnostic ignored "-Wlifetime-safety-intra-tu-suggestions"
      |                                  ^
In file included from ./permanent_output_dir/test.cu:6:
In file included from /home/hotaisle/metalOps/repos/fleet-chiplet-megakernel/python/mirage/../../include/mirage/persistent_kernel/persistent_kernel.cuh:37:
In file included from /home/hotaisle/metalOps/repos/fleet-chiplet-megakernel/python/mirage/../../include/mirage/persistent_kernel/tasks/mi300/task_header.cuh:28:
In file included from /home/hotaisle/metalOps/repos/fleet-chiplet-megakernel/python/mirage/../../include/mirage/persistent_kernel/tasks/mi300/silu_mul_linear_mi300.cuh:19:
In file included from /home/hotaisle/metalOps/repos/fleet-chiplet-megakernel/python/mirage/../../include/mirage/persistent_kernel/tasks/mi300/linear_ck_mi300.cuh:18:
In file included from /home/hotaisle/metalOps/repos/fleet-chiplet-megakernel/python/mirage/../../deps/composable_kernel/include/ck_tile/core.hpp:5:
In file included from /home/hotaisle/metalOps/repos/fleet-chiplet-megakernel/python/mirage/../../deps/composable_kernel/include/ck_tile/core/algorithm/cluster_descriptor.hpp:7:
/home/hotaisle/metalOps/repos/fleet-chiplet-megakernel/python/mirage/../../deps/composable_kernel/include/ck_tile/core/algorithm/coordinate_transform.hpp:15:34: warning: unknown warning group '-Wlifetime-safety-intra-tu-suggestions', ignored [-Wunknown-warning-option]
   15 | #pragma clang diagnostic ignored "-Wlifetime-safety-intra-tu-suggestions"
      |                                  ^
In file included from ./permanent_output_dir/test.cu:6:
In file included from /home/hotaisle/metalOps/repos/fleet-chiplet-megakernel/python/mirage/../../include/mirage/persistent_kernel/persistent_kernel.cuh:37:
In file included from /home/hotaisle/metalOps/repos/fleet-chiplet-megakernel/python/mirage/../../include/mirage/persistent_kernel/tasks/mi300/task_header.cuh:28:
In file included from /home/hotaisle/metalOps/repos/fleet-chiplet-megakernel/python/mirage/../../include/mirage/persistent_kernel/tasks/mi300/silu_mul_linear_mi300.cuh:19:
In file included from /home/hotaisle/metalOps/repos/fleet-chiplet-megakernel/python/mirage/../../include/mirage/persistent_kernel/tasks/mi300/linear_ck_mi300.cuh:18:
In file included from /home/hotaisle/metalOps/repos/fleet-chiplet-megakernel/python/mirage/../../deps/composable_kernel/include/ck_tile/core.hpp:5:
In file included from /home/hotaisle/metalOps/repos/fleet-chiplet-megakernel/python/mirage/../../deps/composable_kernel/include/ck_tile/core/algorithm/cluster_descriptor.hpp:8:
/home/hotaisle/metalOps/repos/fleet-chiplet-megakernel/python/mirage/../../deps/composable_kernel/include/ck_tile/core/tensor/tensor_adaptor.hpp:16:34: warning: unknown warning group '-Wlifetime-safety-intra-tu-suggestions', ignored [-Wunknown-warning-option]
   16 | #pragma clang diagnostic ignored "-Wlifetime-safety-intra-tu-suggestions"
      |                                  ^
In file included from ./permanent_output_dir/test.cu:6:
In file included from /home/hotaisle/metalOps/repos/fleet-chiplet-megakernel/python/mirage/../../include/mirage/persistent_kernel/persistent_kernel.cuh:37:
In file included from /home/hotaisle/metalOps/repos/fleet-chiplet-megakernel/python/mirage/../../include/mirage/persistent_kernel/tasks/mi300/task_header.cuh:28:
In file included from /home/hotaisle/metalOps/repos/fleet-chiplet-megakernel/python/mirage/../../include/mirage/persistent_kernel/tasks/mi300/silu_mul_linear_mi300.cuh:19:
In file included from /home/hotaisle/metalOps/repos/fleet-chiplet-megakernel/python/mirage/../../include/mirage/persistent_kernel/tasks/mi300/linear_ck_mi300.cuh:18:
In file included from /home/hotaisle/metalOps/repos/fleet-chiplet-megakernel/python/mirage/../../deps/composable_kernel/include/ck_tile/core.hpp:9:
In file included from /home/hotaisle/metalOps/repos/fleet-chiplet-megakernel/python/mirage/../../deps/composable_kernel/include/ck_tile/core/algorithm/static_encoding_pattern.hpp:73:
In file included from /home/hotaisle/metalOps/repos/fleet-chiplet-megakernel/python/mirage/../../deps/composable_kernel/include/ck_tile/core/arch/arch.hpp:13:
In file included from /home/hotaisle/metalOps/repos/fleet-chiplet-megakernel/python/mirage/../../deps/composable_kernel/include/ck_tile/core/arch/amd_buffer_addressing_builtins.hpp:12:
In file included from /home/hotaisle/metalOps/repos/fleet-chiplet-megakernel/python/mirage/../../deps/composable_kernel/include/ck_tile/core/numeric/vector_type.hpp:15:
/home/hotaisle/metalOps/repos/fleet-chiplet-megakernel/python/mirage/../../deps/composable_kernel/include/ck_tile/core/numeric/e8m0.hpp:10:34: warning: unknown warning group '-Wlifetime-safety-intra-tu-suggestions', ignored [-Wunknown-warning-option]
   10 | #pragma clang diagnostic ignored "-Wlifetime-safety-intra-tu-suggestions"
      |                                  ^
In file included from ./permanent_output_dir/test.cu:6:
In file included from /home/hotaisle/metalOps/repos/fleet-chiplet-megakernel/python/mirage/../../include/mirage/persistent_kernel/persistent_kernel.cuh:37:
In file included from /home/hotaisle/metalOps/repos/fleet-chiplet-megakernel/python/mirage/../../include/mirage/persistent_kernel/tasks/mi300/task_header.cuh:28:
In file included from /home/hotaisle/metalOps/repos/fleet-chiplet-megakernel/python/mirage/../../include/mirage/persistent_kernel/tasks/mi300/silu_mul_linear_mi300.cuh:19:
In file included from /home/hotaisle/metalOps/repos/fleet-chiplet-megakernel/python/mirage/../../include/mirage/persistent_kernel/tasks/mi300/linear_ck_mi300.cuh:18:
In file included from /home/hotaisle/metalOps/repos/fleet-chiplet-megakernel/python/mirage/../../deps/composable_kernel/include/ck_tile/core.hpp:9:
In file included from /home/hotaisle/metalOps/repos/fleet-chiplet-megakernel/python/mirage/../../deps/composable_kernel/include/ck_tile/core/algorithm/static_encoding_pattern.hpp:78:
In file included from /home/hotaisle/metalOps/repos/fleet-chiplet-megakernel/python/mirage/../../deps/composable_kernel/include/ck_tile/core/tensor/tile_distribution.hpp:14:
In file included from /home/hotaisle/metalOps/repos/fleet-chiplet-megakernel/python/mirage/../../deps/composable_kernel/include/ck_tile/core/tensor/tile_distribution_encoding.hpp:11:
/home/hotaisle/metalOps/repos/fleet-chiplet-megakernel/python/mirage/../../deps/composable_kernel/include/ck_tile/core/tensor/tensor_adaptor_coordinate.hpp:18:34: warning: unknown warning group '-Wlifetime-safety-intra-tu-suggestions', ignored [-Wunknown-warning-option]
   18 | #pragma clang diagnostic ignored "-Wlifetime-safety-intra-tu-suggestions"
      |                                  ^
In file included from ./permanent_output_dir/test.cu:6:
In file included from /home/hotaisle/metalOps/repos/fleet-chiplet-megakernel/python/mirage/../../include/mirage/persistent_kernel/persistent_kernel.cuh:37:
In file included from /home/hotaisle/metalOps/repos/fleet-chiplet-megakernel/python/mirage/../../include/mirage/persistent_kernel/tasks/mi300/task_header.cuh:28:
In file included from /home/hotaisle/metalOps/repos/fleet-chiplet-megakernel/python/mirage/../../include/mirage/persistent_kernel/tasks/mi300/silu_mul_linear_mi300.cuh:19:
In file included from /home/hotaisle/metalOps/repos/fleet-chiplet-megakernel/python/mirage/../../include/mirage/persistent_kernel/tasks/mi300/linear_ck_mi300.cuh:18:
In file included from /home/hotaisle/metalOps/repos/fleet-chiplet-megakernel/python/mirage/../../deps/composable_kernel/include/ck_tile/core.hpp:9:
In file included from /home/hotaisle/metalOps/repos/fleet-chiplet-megakernel/python/mirage/../../deps/composable_kernel/include/ck_tile/core/algorithm/static_encoding_pattern.hpp:78:
/home/hotaisle/metalOps/repos/fleet-chiplet-megakernel/python/mirage/../../deps/composable_kernel/include/ck_tile/core/tensor/tile_distribution.hpp:19:34: warning: unknown warning group '-Wlifetime-safety-intra-tu-suggestions', ignored [-Wunknown-warning-option]
   19 | #pragma clang diagnostic ignored "-Wlifetime-safety-intra-tu-suggestions"
      |                                  ^
In file included from ./permanent_output_dir/test.cu:6:
In file included from /home/hotaisle/metalOps/repos/fleet-chiplet-megakernel/python/mirage/../../include/mirage/persistent_kernel/persistent_kernel.cuh:37:
In file included from /home/hotaisle/metalOps/repos/fleet-chiplet-megakernel/python/mirage/../../include/mirage/persistent_kernel/tasks/mi300/task_header.cuh:28:
In file included from /home/hotaisle/metalOps/repos/fleet-chiplet-megakernel/python/mirage/../../include/mirage/persistent_kernel/tasks/mi300/silu_mul_linear_mi300.cuh:19:
In file included from /home/hotaisle/metalOps/repos/fleet-chiplet-megakernel/python/mirage/../../include/mirage/persistent_kernel/tasks/mi300/linear_ck_mi300.cuh:18:
In file included from /home/hotaisle/metalOps/repos/fleet-chiplet-megakernel/python/mirage/../../deps/composable_kernel/include/ck_tile/core.hpp:16:
/home/hotaisle/metalOps/repos/fleet-chiplet-megakernel/python/mirage/../../deps/composable_kernel/include/ck_tile/core/arch/mma/amdgcn_mma.hpp:13:34: warning: unknown warning group '-Wlifetime-safety-intra-tu-suggestions', ignored [-Wunknown-warning-option]
   13 | #pragma clang diagnostic ignored "-Wlifetime-safety-intra-tu-suggestions"
      |                                  ^
In file included from ./permanent_output_dir/test.cu:6:
In file included from /home/hotaisle/metalOps/repos/fleet-chiplet-megakernel/python/mirage/../../include/mirage/persistent_kernel/persistent_kernel.cuh:37:
In file included from /home/hotaisle/metalOps/repos/fleet-chiplet-megakernel/python/mirage/../../include/mirage/persistent_kernel/tasks/mi300/task_header.cuh:28:
In file included from /home/hotaisle/metalOps/repos/fleet-chiplet-megakernel/python/mirage/../../include/mirage/persistent_kernel/tasks/mi300/silu_mul_linear_mi300.cuh:19:
In file included from /home/hotaisle/metalOps/repos/fleet-chiplet-megakernel/python/mirage/../../include/mirage/persistent_kernel/tasks/mi300/linear_ck_mi300.cuh:18:
In file included from /home/hotaisle/metalOps/repos/fleet-chiplet-megakernel/python/mirage/../../deps/composable_kernel/include/ck_tile/core.hpp:16:
In file included from /home/hotaisle/metalOps/repos/fleet-chiplet-megakernel/python/mirage/../../deps/composable_kernel/include/ck_tile/core/arch/mma/amdgcn_mma.hpp:128:
In file included from /home/hotaisle/metalOps/repos/fleet-chiplet-megakernel/python/mirage/../../deps/composable_kernel/include/ck_tile/core/arch/mma/sparse/sparse.hpp:65:
In file included from /home/hotaisle/metalOps/repos/fleet-chiplet-megakernel/python/mirage/../../deps/composable_kernel/include/ck_tile/core/arch/mma/sparse/mfma/sparse_gfx9.hpp:9:
In file included from /home/hotaisle/metalOps/repos/fleet-chiplet-megakernel/python/mirage/../../deps/composable_kernel/include/ck_tile/ops/gemm/warp/warp_gemm_smfmac_impl.hpp:8:
/home/hotaisle/metalOps/repos/fleet-chiplet-megakernel/python/mirage/../../deps/composable_kernel/include/ck_tile/core/tensor/static_distributed_tensor.hpp:18:34: warning: unknown warning group '-Wlifetime-safety-intra-tu-suggestions', ignored [-Wunknown-warning-option]
   18 | #pragma clang diagnostic ignored "-Wlifetime-safety-intra-tu-suggestions"
      |                                  ^
In file included from ./permanent_output_dir/test.cu:6:
In file included from /home/hotaisle/metalOps/repos/fleet-chiplet-megakernel/python/mirage/../../include/mirage/persistent_kernel/persistent_kernel.cuh:37:
In file included from /home/hotaisle/metalOps/repos/fleet-chiplet-megakernel/python/mirage/../../include/mirage/persistent_kernel/tasks/mi300/task_header.cuh:28:
In file included from /home/hotaisle/metalOps/repos/fleet-chiplet-megakernel/python/mirage/../../include/mirage/persistent_kernel/tasks/mi300/silu_mul_linear_mi300.cuh:19:
In file included from /home/hotaisle/metalOps/repos/fleet-chiplet-megakernel/python/mirage/../../include/mirage/persistent_kernel/tasks/mi300/linear_ck_mi300.cuh:18:
In file included from /home/hotaisle/metalOps/repos/fleet-chiplet-megakernel/python/mirage/../../deps/composable_kernel/include/ck_tile/core.hpp:64:
In file included from /home/hotaisle/metalOps/repos/fleet-chiplet-megakernel/python/mirage/../../deps/composable_kernel/include/ck_tile/core/tensor/load_tile.hpp:12:
In file included from /home/hotaisle/metalOps/repos/fleet-chiplet-megakernel/python/mirage/../../deps/composable_kernel/include/ck_tile/core/tensor/tile_window.hpp:15:
/home/hotaisle/metalOps/repos/fleet-chiplet-megakernel/python/mirage/../../deps/composable_kernel/include/ck_tile/core/tensor/tensor_view.hpp:18:34: warning: unknown warning group '-Wlifetime-safety-intra-tu-suggestions', ignored [-Wunknown-warning-option]
   18 | #pragma clang diagnostic ignored "-Wlifetime-safety-intra-tu-suggestions"
      |                                  ^
In file included from ./permanent_output_dir/test.cu:6:
In file included from /home/hotaisle/metalOps/repos/fleet-chiplet-megakernel/python/mirage/../../include/mirage/persistent_kernel/persistent_kernel.cuh:37:
In file included from /home/hotaisle/metalOps/repos/fleet-chiplet-megakernel/python/mirage/../../include/mirage/persistent_kernel/tasks/mi300/task_header.cuh:28:
In file included from /home/hotaisle/metalOps/repos/fleet-chiplet-megakernel/python/mirage/../../include/mirage/persistent_kernel/tasks/mi300/silu_mul_linear_mi300.cuh:19:
In file included from /home/hotaisle/metalOps/repos/fleet-chiplet-megakernel/python/mirage/../../include/mirage/persistent_kernel/tasks/mi300/linear_ck_mi300.cuh:18:
In file included from /home/hotaisle/metalOps/repos/fleet-chiplet-megakernel/python/mirage/../../deps/composable_kernel/include/ck_tile/core.hpp:90:
/home/hotaisle/metalOps/repos/fleet-chiplet-megakernel/python/mirage/../../deps/composable_kernel/include/ck_tile/core/utility/env.hpp:10:34: warning: unknown warning group '-Wlifetime-safety-intra-tu-suggestions', ignored [-Wunknown-warning-option]
   10 | #pragma clang diagnostic ignored "-Wlifetime-safety-intra-tu-suggestions"
      |                                  ^
In file included from ./permanent_output_dir/test.cu:6:
In file included from /home/hotaisle/metalOps/repos/fleet-chiplet-megakernel/python/mirage/../../include/mirage/persistent_kernel/persistent_kernel.cuh:37:
In file included from /home/hotaisle/metalOps/repos/fleet-chiplet-megakernel/python/mirage/../../include/mirage/persistent_kernel/tasks/mi300/task_header.cuh:28:
In file included from /home/hotaisle/metalOps/repos/fleet-chiplet-megakernel/python/mirage/../../include/mirage/persistent_kernel/tasks/mi300/silu_mul_linear_mi300.cuh:19:
In file included from /home/hotaisle/metalOps/repos/fleet-chiplet-megakernel/python/mirage/../../include/mirage/persistent_kernel/tasks/mi300/linear_ck_mi300.cuh:19:
In file included from /home/hotaisle/metalOps/repos/fleet-chiplet-megakernel/python/mirage/../../deps/composable_kernel/include/ck_tile/ops/gemm.hpp:38:
In file included from /home/hotaisle/metalOps/repos/fleet-chiplet-megakernel/python/mirage/../../deps/composable_kernel/include/ck_tile/ops/gemm/kernel/grouped_gemm_kernel.hpp:13:
In file included from /home/hotaisle/metalOps/repos/fleet-chiplet-megakernel/python/mirage/../../deps/composable_kernel/include/ck_tile/host.hpp:5:
/home/hotaisle/metalOps/repos/fleet-chiplet-megakernel/python/mirage/../../deps/composable_kernel/include/ck_tile/host/arg_parser.hpp:17:34: warning: unknown warning group '-Wlifetime-safety-intra-tu-suggestions', ignored [-Wunknown-warning-option]
   17 | #pragma clang diagnostic ignored "-Wlifetime-safety-intra-tu-suggestions"
      |                                  ^
In file included from ./permanent_output_dir/test.cu:6:
In file included from /home/hotaisle/metalOps/repos/fleet-chiplet-megakernel/python/mirage/../../include/mirage/persistent_kernel/persistent_kernel.cuh:37:
In file included from /home/hotaisle/metalOps/repos/fleet-chiplet-megakernel/python/mirage/../../include/mirage/persistent_kernel/tasks/mi300/task_header.cuh:28:
In file included from /home/hotaisle/metalOps/repos/fleet-chiplet-megakernel/python/mirage/../../include/mirage/persistent_kernel/tasks/mi300/silu_mul_linear_mi300.cuh:19:
In file included from /home/hotaisle/metalOps/repos/fleet-chiplet-megakernel/python/mirage/../../include/mirage/persistent_kernel/tasks/mi300/linear_ck_mi300.cuh:19:
In file included from /home/hotaisle/metalOps/repos/fleet-chiplet-megakernel/python/mirage/../../deps/composable_kernel/include/ck_tile/ops/gemm.hpp:38:
In file included from /home/hotaisle/metalOps/repos/fleet-chiplet-megakernel/python/mirage/../../deps/composable_kernel/include/ck_tile/ops/gemm/kernel/grouped_gemm_kernel.hpp:13:
In file included from /home/hotaisle/metalOps/repos/fleet-chiplet-megakernel/python/mirage/../../deps/composable_kernel/include/ck_tile/host.hpp:8:
In file included from /home/hotaisle/metalOps/repos/fleet-chiplet-megakernel/python/mirage/../../deps/composable_kernel/include/ck_tile/host/convolution_host_tensor_descriptor_helper.hpp:8:
/home/hotaisle/metalOps/repos/fleet-chiplet-megakernel/python/mirage/../../deps/composable_kernel/include/ck_tile/host/host_tensor.hpp:21:34: warning: unknown warning group '-Wlifetime-safety-intra-tu-suggestions', ignored [-Wunknown-warning-option]
   21 | #pragma clang diagnostic ignored "-Wlifetime-safety-intra-tu-suggestions"
      |                                  ^
15 warnings generated when compiling for gfx942.
In file included from ./permanent_output_dir/test.cu:6:
In file included from /home/hotaisle/metalOps/repos/fleet-chiplet-megakernel/python/mirage/../../include/mirage/persistent_kernel/persistent_kernel.cuh:37:
In file included from /home/hotaisle/metalOps/repos/fleet-chiplet-megakernel/python/mirage/../../include/mirage/persistent_kernel/tasks/mi300/task_header.cuh:28:
In file included from /home/hotaisle/metalOps/repos/fleet-chiplet-megakernel/python/mirage/../../include/mirage/persistent_kernel/tasks/mi300/silu_mul_linear_mi300.cuh:19:
In file included from /home/hotaisle/metalOps/repos/fleet-chiplet-megakernel/python/mirage/../../include/mirage/persistent_kernel/tasks/mi300/linear_ck_mi300.cuh:18:
In file included from /home/hotaisle/metalOps/repos/fleet-chiplet-megakernel/python/mirage/../../deps/composable_kernel/include/ck_tile/core.hpp:5:
In file included from /home/hotaisle/metalOps/repos/fleet-chiplet-megakernel/python/mirage/../../deps/composable_kernel/include/ck_tile/core/algorithm/cluster_descriptor.hpp:7:
In file included from /home/hotaisle/metalOps/repos/fleet-chiplet-megakernel/python/mirage/../../deps/composable_kernel/include/ck_tile/core/algorithm/coordinate_transform.hpp:7:
In file included from /home/hotaisle/metalOps/repos/fleet-chiplet-megakernel/python/mirage/../../deps/composable_kernel/include/ck_tile/core/container/multi_index.hpp:7:
In file included from /home/hotaisle/metalOps/repos/fleet-chiplet-megakernel/python/mirage/../../deps/composable_kernel/include/ck_tile/core/container/array.hpp:13:
In file included from /home/hotaisle/metalOps/repos/fleet-chiplet-megakernel/python/mirage/../../deps/composable_kernel/include/ck_tile/core/utility/functional.hpp:9:
In file included from /home/hotaisle/metalOps/repos/fleet-chiplet-megakernel/python/mirage/../../deps/composable_kernel/include/ck_tile/core/container/sequence.hpp:10:
In file included from /home/hotaisle/metalOps/repos/fleet-chiplet-megakernel/python/mirage/../../deps/composable_kernel/include/ck_tile/core/numeric/math.hpp:512:
In file included from /home/hotaisle/metalOps/repos/fleet-chiplet-megakernel/python/mirage/../../deps/composable_kernel/include/ck_tile/core/numeric/type_convert.hpp:74:
/home/hotaisle/metalOps/repos/fleet-chiplet-megakernel/python/mirage/../../deps/composable_kernel/include/ck_tile/core/numeric/pk_fp4.hpp:13:34: warning: unknown warning group '-Wlifetime-safety-intra-tu-suggestions', ignored [-Wunknown-warning-option]
   13 | #pragma clang diagnostic ignored "-Wlifetime-safety-intra-tu-suggestions"
      |                                  ^
In file included from ./permanent_output_dir/test.cu:6:
In file included from /home/hotaisle/metalOps/repos/fleet-chiplet-megakernel/python/mirage/../../include/mirage/persistent_kernel/persistent_kernel.cuh:37:
In file included from /home/hotaisle/metalOps/repos/fleet-chiplet-megakernel/python/mirage/../../include/mirage/persistent_kernel/tasks/mi300/task_header.cuh:28:
In file included from /home/hotaisle/metalOps/repos/fleet-chiplet-megakernel/python/mirage/../../include/mirage/persistent_kernel/tasks/mi300/silu_mul_linear_mi300.cuh:19:
In file included from /home/hotaisle/metalOps/repos/fleet-chiplet-megakernel/python/mirage/../../include/mirage/persistent_kernel/tasks/mi300/linear_ck_mi300.cuh:18:
In file included from /home/hotaisle/metalOps/repos/fleet-chiplet-megakernel/python/mirage/../../deps/composable_kernel/include/ck_tile/core.hpp:5:
In file included from /home/hotaisle/metalOps/repos/fleet-chiplet-megakernel/python/mirage/../../deps/composable_kernel/include/ck_tile/core/algorithm/cluster_descriptor.hpp:7:
In file included from /home/hotaisle/metalOps/repos/fleet-chiplet-megakernel/python/mirage/../../deps/composable_kernel/include/ck_tile/core/algorithm/coordinate_transform.hpp:7:
In file included from /home/hotaisle/metalOps/repos/fleet-chiplet-megakernel/python/mirage/../../deps/composable_kernel/include/ck_tile/core/container/multi_index.hpp:7:
In file included from /home/hotaisle/metalOps/repos/fleet-chiplet-megakernel/python/mirage/../../deps/composable_kernel/include/ck_tile/core/container/array.hpp:13:
/home/hotaisle/metalOps/repos/fleet-chiplet-megakernel/python/mirage/../../deps/composable_kernel/include/ck_tile/core/utility/functional.hpp:14:34: warning: unknown warning group '-Wlifetime-safety-intra-tu-suggestions', ignored [-Wunknown-warning-option]
   14 | #pragma clang diagnostic ignored "-Wlifetime-safety-intra-tu-suggestions"
      |                                  ^
In file included from ./permanent_output_dir/test.cu:6:
In file included from /home/hotaisle/metalOps/repos/fleet-chiplet-megakernel/python/mirage/../../include/mirage/persistent_kernel/persistent_kernel.cuh:37:
In file included from /home/hotaisle/metalOps/repos/fleet-chiplet-megakernel/python/mirage/../../include/mirage/persistent_kernel/tasks/mi300/task_header.cuh:28:
In file included from /home/hotaisle/metalOps/repos/fleet-chiplet-megakernel/python/mirage/../../include/mirage/persistent_kernel/tasks/mi300/silu_mul_linear_mi300.cuh:19:
In file included from /home/hotaisle/metalOps/repos/fleet-chiplet-megakernel/python/mirage/../../include/mirage/persistent_kernel/tasks/mi300/linear_ck_mi300.cuh:18:
In file included from /home/hotaisle/metalOps/repos/fleet-chiplet-megakernel/python/mirage/../../deps/composable_kernel/include/ck_tile/core.hpp:5:
In file included from /home/hotaisle/metalOps/repos/fleet-chiplet-megakernel/python/mirage/../../deps/composable_kernel/include/ck_tile/core/algorithm/cluster_descriptor.hpp:7:
In file included from /home/hotaisle/metalOps/repos/fleet-chiplet-megakernel/python/mirage/../../deps/composable_kernel/include/ck_tile/core/algorithm/coordinate_transform.hpp:7:
In file included from /home/hotaisle/metalOps/repos/fleet-chiplet-megakernel/python/mirage/../../deps/composable_kernel/include/ck_tile/core/container/multi_index.hpp:9:
/home/hotaisle/metalOps/repos/fleet-chiplet-megakernel/python/mirage/../../deps/composable_kernel/include/ck_tile/core/container/tuple.hpp:17:34: warning: unknown warning group '-Wlifetime-safety-intra-tu-suggestions', ignored [-Wunknown-warning-option]
   17 | #pragma clang diagnostic ignored "-Wlifetime-safety-intra-tu-suggestions"
      |                                  ^
In file included from ./permanent_output_dir/test.cu:6:
In file included from /home/hotaisle/metalOps/repos/fleet-chiplet-megakernel/python/mirage/../../include/mirage/persistent_kernel/persistent_kernel.cuh:37:
In file included from /home/hotaisle/metalOps/repos/fleet-chiplet-megakernel/python/mirage/../../include/mirage/persistent_kernel/tasks/mi300/task_header.cuh:28:
In file included from /home/hotaisle/metalOps/repos/fleet-chiplet-megakernel/python/mirage/../../include/mirage/persistent_kernel/tasks/mi300/silu_mul_linear_mi300.cuh:19:
In file included from /home/hotaisle/metalOps/repos/fleet-chiplet-megakernel/python/mirage/../../include/mirage/persistent_kernel/tasks/mi300/linear_ck_mi300.cuh:18:
In file included from /home/hotaisle/metalOps/repos/fleet-chiplet-megakernel/python/mirage/../../deps/composable_kernel/include/ck_tile/core.hpp:5:
In file included from /home/hotaisle/metalOps/repos/fleet-chiplet-megakernel/python/mirage/../../deps/composable_kernel/include/ck_tile/core/algorithm/cluster_descriptor.hpp:7:
In file included from /home/hotaisle/metalOps/repos/fleet-chiplet-megakernel/python/mirage/../../deps/composable_kernel/include/ck_tile/core/algorithm/coordinate_transform.hpp:8:
In file included from /home/hotaisle/metalOps/repos/fleet-chiplet-megakernel/python/mirage/../../deps/composable_kernel/include/ck_tile/core/container/container_helper.hpp:8:
/home/hotaisle/metalOps/repos/fleet-chiplet-megakernel/python/mirage/../../deps/composable_kernel/include/ck_tile/core/container/map.hpp:12:34: warning: unknown warning group '-Wlifetime-safety-intra-tu-suggestions', ignored [-Wunknown-warning-option]
   12 | #pragma clang diagnostic ignored "-Wlifetime-safety-intra-tu-suggestions"
      |                                  ^
In file included from ./permanent_output_dir/test.cu:6:
In file included from /home/hotaisle/metalOps/repos/fleet-chiplet-megakernel/python/mirage/../../include/mirage/persistent_kernel/persistent_kernel.cuh:37:
In file included from /home/hotaisle/metalOps/repos/fleet-chiplet-megakernel/python/mirage/../../include/mirage/persistent_kernel/tasks/mi300/task_header.cuh:28:
In file included from /home/hotaisle/metalOps/repos/fleet-chiplet-megakernel/python/mirage/../../include/mirage/persistent_kernel/tasks/mi300/silu_mul_linear_mi300.cuh:19:
In file included from /home/hotaisle/metalOps/repos/fleet-chiplet-megakernel/python/mirage/../../include/mirage/persistent_kernel/tasks/mi300/linear_ck_mi300.cuh:18:
In file included from /home/hotaisle/metalOps/repos/fleet-chiplet-megakernel/python/mirage/../../deps/composable_kernel/include/ck_tile/core.hpp:5:
In file included from /home/hotaisle/metalOps/repos/fleet-chiplet-megakernel/python/mirage/../../deps/composable_kernel/include/ck_tile/core/algorithm/cluster_descriptor.hpp:7:
/home/hotaisle/metalOps/repos/fleet-chiplet-megakernel/python/mirage/../../deps/composable_kernel/include/ck_tile/core/algorithm/coordinate_transform.hpp:15:34: warning: unknown warning group '-Wlifetime-safety-intra-tu-suggestions', ignored [-Wunknown-warning-option]
   15 | #pragma clang diagnostic ignored "-Wlifetime-safety-intra-tu-suggestions"
      |                                  ^
In file included from ./permanent_output_dir/test.cu:6:
In file included from /home/hotaisle/metalOps/repos/fleet-chiplet-megakernel/python/mirage/../../include/mirage/persistent_kernel/persistent_kernel.cuh:37:
In file included from /home/hotaisle/metalOps/repos/fleet-chiplet-megakernel/python/mirage/../../include/mirage/persistent_kernel/tasks/mi300/task_header.cuh:28:
In file included from /home/hotaisle/metalOps/repos/fleet-chiplet-megakernel/python/mirage/../../include/mirage/persistent_kernel/tasks/mi300/silu_mul_linear_mi300.cuh:19:
In file included from /home/hotaisle/metalOps/repos/fleet-chiplet-megakernel/python/mirage/../../include/mirage/persistent_kernel/tasks/mi300/linear_ck_mi300.cuh:18:
In file included from /home/hotaisle/metalOps/repos/fleet-chiplet-megakernel/python/mirage/../../deps/composable_kernel/include/ck_tile/core.hpp:5:
In file included from /home/hotaisle/metalOps/repos/fleet-chiplet-megakernel/python/mirage/../../deps/composable_kernel/include/ck_tile/core/algorithm/cluster_descriptor.hpp:8:
/home/hotaisle/metalOps/repos/fleet-chiplet-megakernel/python/mirage/../../deps/composable_kernel/include/ck_tile/core/tensor/tensor_adaptor.hpp:16:34: warning: unknown warning group '-Wlifetime-safety-intra-tu-suggestions', ignored [-Wunknown-warning-option]
   16 | #pragma clang diagnostic ignored "-Wlifetime-safety-intra-tu-suggestions"
      |                                  ^
In file included from ./permanent_output_dir/test.cu:6:
In file included from /home/hotaisle/metalOps/repos/fleet-chiplet-megakernel/python/mirage/../../include/mirage/persistent_kernel/persistent_kernel.cuh:37:
In file included from /home/hotaisle/metalOps/repos/fleet-chiplet-megakernel/python/mirage/../../include/mirage/persistent_kernel/tasks/mi300/task_header.cuh:28:
In file included from /home/hotaisle/metalOps/repos/fleet-chiplet-megakernel/python/mirage/../../include/mirage/persistent_kernel/tasks/mi300/silu_mul_linear_mi300.cuh:19:
In file included from /home/hotaisle/metalOps/repos/fleet-chiplet-megakernel/python/mirage/../../include/mirage/persistent_kernel/tasks/mi300/linear_ck_mi300.cuh:18:
In file included from /home/hotaisle/metalOps/repos/fleet-chiplet-megakernel/python/mirage/../../deps/composable_kernel/include/ck_tile/core.hpp:9:
In file included from /home/hotaisle/metalOps/repos/fleet-chiplet-megakernel/python/mirage/../../deps/composable_kernel/include/ck_tile/core/algorithm/static_encoding_pattern.hpp:73:
In file included from /home/hotaisle/metalOps/repos/fleet-chiplet-megakernel/python/mirage/../../deps/composable_kernel/include/ck_tile/core/arch/arch.hpp:13:
In file included from /home/hotaisle/metalOps/repos/fleet-chiplet-megakernel/python/mirage/../../deps/composable_kernel/include/ck_tile/core/arch/amd_buffer_addressing_builtins.hpp:12:
In file included from /home/hotaisle/metalOps/repos/fleet-chiplet-megakernel/python/mirage/../../deps/composable_kernel/include/ck_tile/core/numeric/vector_type.hpp:15:
/home/hotaisle/metalOps/repos/fleet-chiplet-megakernel/python/mirage/../../deps/composable_kernel/include/ck_tile/core/numeric/e8m0.hpp:10:34: warning: unknown warning group '-Wlifetime-safety-intra-tu-suggestions', ignored [-Wunknown-warning-option]
   10 | #pragma clang diagnostic ignored "-Wlifetime-safety-intra-tu-suggestions"
      |                                  ^
In file included from ./permanent_output_dir/test.cu:6:
In file included from /home/hotaisle/metalOps/repos/fleet-chiplet-megakernel/python/mirage/../../include/mirage/persistent_kernel/persistent_kernel.cuh:37:
In file included from /home/hotaisle/metalOps/repos/fleet-chiplet-megakernel/python/mirage/../../include/mirage/persistent_kernel/tasks/mi300/task_header.cuh:28:
In file included from /home/hotaisle/metalOps/repos/fleet-chiplet-megakernel/python/mirage/../../include/mirage/persistent_kernel/tasks/mi300/silu_mul_linear_mi300.cuh:19:
In file included from /home/hotaisle/metalOps/repos/fleet-chiplet-megakernel/python/mirage/../../include/mirage/persistent_kernel/tasks/mi300/linear_ck_mi300.cuh:18:
In file included from /home/hotaisle/metalOps/repos/fleet-chiplet-megakernel/python/mirage/../../deps/composable_kernel/include/ck_tile/core.hpp:9:
In file included from /home/hotaisle/metalOps/repos/fleet-chiplet-megakernel/python/mirage/../../deps/composable_kernel/include/ck_tile/core/algorithm/static_encoding_pattern.hpp:78:
In file included from /home/hotaisle/metalOps/repos/fleet-chiplet-megakernel/python/mirage/../../deps/composable_kernel/include/ck_tile/core/tensor/tile_distribution.hpp:14:
In file included from /home/hotaisle/metalOps/repos/fleet-chiplet-megakernel/python/mirage/../../deps/composable_kernel/include/ck_tile/core/tensor/tile_distribution_encoding.hpp:11:
/home/hotaisle/metalOps/repos/fleet-chiplet-megakernel/python/mirage/../../deps/composable_kernel/include/ck_tile/core/tensor/tensor_adaptor_coordinate.hpp:18:34: warning: unknown warning group '-Wlifetime-safety-intra-tu-suggestions', ignored [-Wunknown-warning-option]
   18 | #pragma clang diagnostic ignored "-Wlifetime-safety-intra-tu-suggestions"
      |                                  ^
In file included from ./permanent_output_dir/test.cu:6:
In file included from /home/hotaisle/metalOps/repos/fleet-chiplet-megakernel/python/mirage/../../include/mirage/persistent_kernel/persistent_kernel.cuh:37:
In file included from /home/hotaisle/metalOps/repos/fleet-chiplet-megakernel/python/mirage/../../include/mirage/persistent_kernel/tasks/mi300/task_header.cuh:28:
In file included from /home/hotaisle/metalOps/repos/fleet-chiplet-megakernel/python/mirage/../../include/mirage/persistent_kernel/tasks/mi300/silu_mul_linear_mi300.cuh:19:
In file included from /home/hotaisle/metalOps/repos/fleet-chiplet-megakernel/python/mirage/../../include/mirage/persistent_kernel/tasks/mi300/linear_ck_mi300.cuh:18:
In file included from /home/hotaisle/metalOps/repos/fleet-chiplet-megakernel/python/mirage/../../deps/composable_kernel/include/ck_tile/core.hpp:9:
In file included from /home/hotaisle/metalOps/repos/fleet-chiplet-megakernel/python/mirage/../../deps/composable_kernel/include/ck_tile/core/algorithm/static_encoding_pattern.hpp:78:
/home/hotaisle/metalOps/repos/fleet-chiplet-megakernel/python/mirage/../../deps/composable_kernel/include/ck_tile/core/tensor/tile_distribution.hpp:19:34: warning: unknown warning group '-Wlifetime-safety-intra-tu-suggestions', ignored [-Wunknown-warning-option]
   19 | #pragma clang diagnostic ignored "-Wlifetime-safety-intra-tu-suggestions"
      |                                  ^
In file included from ./permanent_output_dir/test.cu:6:
In file included from /home/hotaisle/metalOps/repos/fleet-chiplet-megakernel/python/mirage/../../include/mirage/persistent_kernel/persistent_kernel.cuh:37:
In file included from /home/hotaisle/metalOps/repos/fleet-chiplet-megakernel/python/mirage/../../include/mirage/persistent_kernel/tasks/mi300/task_header.cuh:28:
In file included from /home/hotaisle/metalOps/repos/fleet-chiplet-megakernel/python/mirage/../../include/mirage/persistent_kernel/tasks/mi300/silu_mul_linear_mi300.cuh:19:
In file included from /home/hotaisle/metalOps/repos/fleet-chiplet-megakernel/python/mirage/../../include/mirage/persistent_kernel/tasks/mi300/linear_ck_mi300.cuh:18:
In file included from /home/hotaisle/metalOps/repos/fleet-chiplet-megakernel/python/mirage/../../deps/composable_kernel/include/ck_tile/core.hpp:16:
/home/hotaisle/metalOps/repos/fleet-chiplet-megakernel/python/mirage/../../deps/composable_kernel/include/ck_tile/core/arch/mma/amdgcn_mma.hpp:13:34: warning: unknown warning group '-Wlifetime-safety-intra-tu-suggestions', ignored [-Wunknown-warning-option]
   13 | #pragma clang diagnostic ignored "-Wlifetime-safety-intra-tu-suggestions"
      |                                  ^
In file included from ./permanent_output_dir/test.cu:6:
In file included from /home/hotaisle/metalOps/repos/fleet-chiplet-megakernel/python/mirage/../../include/mirage/persistent_kernel/persistent_kernel.cuh:37:
In file included from /home/hotaisle/metalOps/repos/fleet-chiplet-megakernel/python/mirage/../../include/mirage/persistent_kernel/tasks/mi300/task_header.cuh:28:
In file included from /home/hotaisle/metalOps/repos/fleet-chiplet-megakernel/python/mirage/../../include/mirage/persistent_kernel/tasks/mi300/silu_mul_linear_mi300.cuh:19:
In file included from /home/hotaisle/metalOps/repos/fleet-chiplet-megakernel/python/mirage/../../include/mirage/persistent_kernel/tasks/mi300/linear_ck_mi300.cuh:18:
In file included from /home/hotaisle/metalOps/repos/fleet-chiplet-megakernel/python/mirage/../../deps/composable_kernel/include/ck_tile/core.hpp:16:
In file included from /home/hotaisle/metalOps/repos/fleet-chiplet-megakernel/python/mirage/../../deps/composable_kernel/include/ck_tile/core/arch/mma/amdgcn_mma.hpp:128:
In file included from /home/hotaisle/metalOps/repos/fleet-chiplet-megakernel/python/mirage/../../deps/composable_kernel/include/ck_tile/core/arch/mma/sparse/sparse.hpp:65:
In file included from /home/hotaisle/metalOps/repos/fleet-chiplet-megakernel/python/mirage/../../deps/composable_kernel/include/ck_tile/core/arch/mma/sparse/mfma/sparse_gfx9.hpp:9:
In file included from /home/hotaisle/metalOps/repos/fleet-chiplet-megakernel/python/mirage/../../deps/composable_kernel/include/ck_tile/ops/gemm/warp/warp_gemm_smfmac_impl.hpp:8:
/home/hotaisle/metalOps/repos/fleet-chiplet-megakernel/python/mirage/../../deps/composable_kernel/include/ck_tile/core/tensor/static_distributed_tensor.hpp:18:34: warning: unknown warning group '-Wlifetime-safety-intra-tu-suggestions', ignored [-Wunknown-warning-option]
   18 | #pragma clang diagnostic ignored "-Wlifetime-safety-intra-tu-suggestions"
      |                                  ^
In file included from ./permanent_output_dir/test.cu:6:
In file included from /home/hotaisle/metalOps/repos/fleet-chiplet-megakernel/python/mirage/../../include/mirage/persistent_kernel/persistent_kernel.cuh:37:
In file included from /home/hotaisle/metalOps/repos/fleet-chiplet-megakernel/python/mirage/../../include/mirage/persistent_kernel/tasks/mi300/task_header.cuh:28:
In file included from /home/hotaisle/metalOps/repos/fleet-chiplet-megakernel/python/mirage/../../include/mirage/persistent_kernel/tasks/mi300/silu_mul_linear_mi300.cuh:19:
In file included from /home/hotaisle/metalOps/repos/fleet-chiplet-megakernel/python/mirage/../../include/mirage/persistent_kernel/tasks/mi300/linear_ck_mi300.cuh:18:
In file included from /home/hotaisle/metalOps/repos/fleet-chiplet-megakernel/python/mirage/../../deps/composable_kernel/include/ck_tile/core.hpp:64:
In file included from /home/hotaisle/metalOps/repos/fleet-chiplet-megakernel/python/mirage/../../deps/composable_kernel/include/ck_tile/core/tensor/load_tile.hpp:12:
In file included from /home/hotaisle/metalOps/repos/fleet-chiplet-megakernel/python/mirage/../../deps/composable_kernel/include/ck_tile/core/tensor/tile_window.hpp:15:
/home/hotaisle/metalOps/repos/fleet-chiplet-megakernel/python/mirage/../../deps/composable_kernel/include/ck_tile/core/tensor/tensor_view.hpp:18:34: warning: unknown warning group '-Wlifetime-safety-intra-tu-suggestions', ignored [-Wunknown-warning-option]
   18 | #pragma clang diagnostic ignored "-Wlifetime-safety-intra-tu-suggestions"
      |                                  ^
In file included from ./permanent_output_dir/test.cu:6:
In file included from /home/hotaisle/metalOps/repos/fleet-chiplet-megakernel/python/mirage/../../include/mirage/persistent_kernel/persistent_kernel.cuh:37:
In file included from /home/hotaisle/metalOps/repos/fleet-chiplet-megakernel/python/mirage/../../include/mirage/persistent_kernel/tasks/mi300/task_header.cuh:28:
In file included from /home/hotaisle/metalOps/repos/fleet-chiplet-megakernel/python/mirage/../../include/mirage/persistent_kernel/tasks/mi300/silu_mul_linear_mi300.cuh:19:
In file included from /home/hotaisle/metalOps/repos/fleet-chiplet-megakernel/python/mirage/../../include/mirage/persistent_kernel/tasks/mi300/linear_ck_mi300.cuh:18:
In file included from /home/hotaisle/metalOps/repos/fleet-chiplet-megakernel/python/mirage/../../deps/composable_kernel/include/ck_tile/core.hpp:90:
/home/hotaisle/metalOps/repos/fleet-chiplet-megakernel/python/mirage/../../deps/composable_kernel/include/ck_tile/core/utility/env.hpp:10:34: warning: unknown warning group '-Wlifetime-safety-intra-tu-suggestions', ignored [-Wunknown-warning-option]
   10 | #pragma clang diagnostic ignored "-Wlifetime-safety-intra-tu-suggestions"
      |                                  ^
In file included from ./permanent_output_dir/test.cu:6:
In file included from /home/hotaisle/metalOps/repos/fleet-chiplet-megakernel/python/mirage/../../include/mirage/persistent_kernel/persistent_kernel.cuh:37:
In file included from /home/hotaisle/metalOps/repos/fleet-chiplet-megakernel/python/mirage/../../include/mirage/persistent_kernel/tasks/mi300/task_header.cuh:28:
In file included from /home/hotaisle/metalOps/repos/fleet-chiplet-megakernel/python/mirage/../../include/mirage/persistent_kernel/tasks/mi300/silu_mul_linear_mi300.cuh:19:
In file included from /home/hotaisle/metalOps/repos/fleet-chiplet-megakernel/python/mirage/../../include/mirage/persistent_kernel/tasks/mi300/linear_ck_mi300.cuh:19:
In file included from /home/hotaisle/metalOps/repos/fleet-chiplet-megakernel/python/mirage/../../deps/composable_kernel/include/ck_tile/ops/gemm.hpp:38:
In file included from /home/hotaisle/metalOps/repos/fleet-chiplet-megakernel/python/mirage/../../deps/composable_kernel/include/ck_tile/ops/gemm/kernel/grouped_gemm_kernel.hpp:13:
In file included from /home/hotaisle/metalOps/repos/fleet-chiplet-megakernel/python/mirage/../../deps/composable_kernel/include/ck_tile/host.hpp:5:
/home/hotaisle/metalOps/repos/fleet-chiplet-megakernel/python/mirage/../../deps/composable_kernel/include/ck_tile/host/arg_parser.hpp:17:34: warning: unknown warning group '-Wlifetime-safety-intra-tu-suggestions', ignored [-Wunknown-warning-option]
   17 | #pragma clang diagnostic ignored "-Wlifetime-safety-intra-tu-suggestions"
      |                                  ^
In file included from ./permanent_output_dir/test.cu:6:
In file included from /home/hotaisle/metalOps/repos/fleet-chiplet-megakernel/python/mirage/../../include/mirage/persistent_kernel/persistent_kernel.cuh:37:
In file included from /home/hotaisle/metalOps/repos/fleet-chiplet-megakernel/python/mirage/../../include/mirage/persistent_kernel/tasks/mi300/task_header.cuh:28:
In file included from /home/hotaisle/metalOps/repos/fleet-chiplet-megakernel/python/mirage/../../include/mirage/persistent_kernel/tasks/mi300/silu_mul_linear_mi300.cuh:19:
In file included from /home/hotaisle/metalOps/repos/fleet-chiplet-megakernel/python/mirage/../../include/mirage/persistent_kernel/tasks/mi300/linear_ck_mi300.cuh:19:
In file included from /home/hotaisle/metalOps/repos/fleet-chiplet-megakernel/python/mirage/../../deps/composable_kernel/include/ck_tile/ops/gemm.hpp:38:
In file included from /home/hotaisle/metalOps/repos/fleet-chiplet-megakernel/python/mirage/../../deps/composable_kernel/include/ck_tile/ops/gemm/kernel/grouped_gemm_kernel.hpp:13:
In file included from /home/hotaisle/metalOps/repos/fleet-chiplet-megakernel/python/mirage/../../deps/composable_kernel/include/ck_tile/host.hpp:8:
In file included from /home/hotaisle/metalOps/repos/fleet-chiplet-megakernel/python/mirage/../../deps/composable_kernel/include/ck_tile/host/convolution_host_tensor_descriptor_helper.hpp:8:
/home/hotaisle/metalOps/repos/fleet-chiplet-megakernel/python/mirage/../../deps/composable_kernel/include/ck_tile/host/host_tensor.hpp:21:34: warning: unknown warning group '-Wlifetime-safety-intra-tu-suggestions', ignored [-Wunknown-warning-option]
   21 | #pragma clang diagnostic ignored "-Wlifetime-safety-intra-tu-suggestions"
      |                                  ^
15 warnings generated when compiling for host.
align-alloc 65536: 272 weight tensors re-based
Compiling megakernel using the following command line:
['/opt/rocm/bin/hipcc', '-x', 'hip', './permanent_output_dir/test.cu', '-O3', '-I/usr/include/python3.12', '-I/home/hotaisle/metalOps/repos/fleet-chiplet-megakernel/python/mirage/../../include', '-I/home/hotaisle/metalOps/repos/fleet-chiplet-megakernel/python/mirage/../../include/mirage/hip_compat', '-I/home/hotaisle/metalOps/repos/fleet-chiplet-megakernel/python/mirage/../../include/mirage/persistent_kernel', '-I/home/hotaisle/metalOps/repos/fleet-chiplet-megakernel/python/mirage/../../deps/rocblas/include', '-I/home/hotaisle/metalOps/repos/fleet-chiplet-megakernel/python/mirage/../../deps/cutlass/include', '-I/home/hotaisle/metalOps/repos/fleet-chiplet-megakernel/python/mirage/../../deps/cutlass/tools/util/include', '-I/home/hotaisle/metalOps/repos/fleet-chiplet-megakernel/python/mirage/../../deps/composable_kernel/include', '-I/opt/rocm/include', '-I/home/hotaisle/metalOps/repos/fleet-chiplet-megakernel/deps/json/include', '-DCK_TILE_FMHA_FWD_FAST_EXP2=1', '-DMAX_WORKER_PER_SCHEDULER=38', '-DMIRAGE_USE_CUTLASS_KERNEL=0', '--offload-arch=gfx942', '-L/opt/rocm/lib', '-L/opt/rocm/lib', '-lamdhip64', '-lrocblas', '-lhipblas', '-shared', '-std=c++17', '-fPIC', '-D__HIP_PLATFORM_AMD__=1', '-DMIRAGE_AMD_MI300', '-DMIRAGE_BACKEND_USE_ROCM', '-DMPK_TARGET_CC=94', '-DMPK_MAX_NUM_BATCHED_REQUESTS=1', '-DMPK_MAX_NUM_BATCHED_TOKENS=1', '-DMPK_MAX_NUM_PAGES=1', '-DMPK_PAGE_SIZE=1056', '-DMPK_MAX_SEQ_LENGTH=1056', '-o', './permanent_output_dir/test.cpython-38-x86_64-linux-gnu.so', '-DMODE_ONLINE', '-DMPK_PROFILING_NUM_ITERS=0', '-DMPK_ENABLE_EVENT_TIMING', '-DMPK_ENABLE_GANG_TASKS']
Finished megakernel compilation...
   6.43       1.04
  310 UNKNOWN                  31      22.52      20.40      24.28       1.12
  311 UNKNOWN                  31       4.75       4.20       5.91       0.31
  312 UNKNOWN                  31       4.56       3.61       5.08       0.40
  313 UNKNOWN                  31      14.05      13.26      15.20       0.47
  314 UNKNOWN                  31     211.72     208.07     215.20       1.91
  315 UNKNOWN                  31      64.51      61.40      65.60       0.67
  316 UNKNOWN                  31      26.00      24.99      28.00       0.78
  317 UNKNOWN                  31      14.24      13.52      16.20       0.82
  318 UNKNOWN                  31       3.88       3.78       4.06       0.07
  319 UNKNOWN                  31      25.25      23.74      26.58       1.00
  320 UNKNOWN                  31      42.08      40.16      44.76       1.21
  321 UNKNOWN                  31       5.03       3.96       6.58       0.90
  322 UNKNOWN                  31      22.85      20.97      24.44       1.03
  323 UNKNOWN                  31       4.71       4.35       5.30       0.20
  324 UNKNOWN                  31       5.63       3.76       6.20       0.81
  325 UNKNOWN                  31      20.79       0.22     118.46      41.60
  326 UNKNOWN                  31      95.90       0.11     117.16      41.80
  327 UNKNOWN                  31       6.66       5.99       7.64       0.49
  328 UNKNOWN                  31       5.59       5.35       5.81       0.14

================================================================================
PER-TYPE SUMMARY (sum of avg durations across all events)
================================================================================
TaskType             Events    Total(us)  Total(ms)        %
----------------------------------------------------------
UNKNOWN                 328      12276.1     12.276   100.0%
TOTAL                            12276.1     12.276

Saved raw event timing to event_timing.json

ids [25, 16228, 276, 254, 2782, 5266, 62, 8171, 13, 6931, 1761, 185, 391, 2827, 62, 3274, 25, 16228, 276, 254, 2827, 5266, 62, 8171, 13, 6931, 1761, 334, 4889, 25, 2782, 62]; 73 boundary tensors; mpk() 480.6 ms for 32 iterations -> /home/hotaisle/metalOps/harness/fleet_out/L27_head_it32_al65536
First tasks: 1
Number of all events: 329
Number of all tasks: 1882
Number of triggered events: 327
Number of executed tasks: 1880
[EVENT_TIMING] Allocated buffer for 32900 entries (329 events x 100 iters)
[WORKER_XCD] worker_id=5 block=5 xcd=2
[WORKER_XCD] worker_id=3 block=3 xcd=0
[WORKER_XCD] worker_id=2 block=2 xcd=7
[WORKER_XCD] worker_id=6 block=6 xcd=3
[WORKER_XCD] worker_id=4 block=4 xcd=1
[WORKER_XCD] worker_id=7 block=7 xcd=4
[WORKER_XCD] worker_id=0 block=0 xcd=5
[WORKER_XCD] worker_id=1 block=1 xcd=6
[SCHED_XCD] sched_id=2 xcd=2 workers_on_xcd=37 block=4
[SCHED_XCD] sched_id=1 xcd=1 workers_on_xcd=37 block=3
[SCHED_XCD] sched_id=3 xcd=3 workers_on_xcd=37 block=5
[SCHED_XCD] sched_id=4 xcd=4 workers_on_xcd=37 block=6
[SCHED_XCD] sched_id=6 xcd=6 workers_on_xcd=37 block=0
[SCHED_XCD] sched_id=0 xcd=0 workers_on_xcd=37 block=2
[SCHED_XCD] sched_id=7 xcd=7 workers_on_xcd=37 block=1
[SCHED_XCD] sched_id=5 xcd=5 workers_on_xcd=37 block=7
[FWD_PASS] iter=1 time_ms=12.081 num_active_tokens=1
[FWD_PASS] iter=2 time_ms=12.347 num_active_tokens=1
[FWD_PASS] iter=3 time_ms=12.290 num_active_tokens=1
[FWD_PASS] iter=4 time_ms=12.263 num_active_tokens=1
[FWD_PASS] iter=5 time_ms=12.255 num_active_tokens=1
[FWD_PASS] iter=6 time_ms=12.281 num_active_tokens=1
[FWD_PASS] iter=7 time_ms=12.317 num_active_tokens=1
[FWD_PASS] iter=8 time_ms=12.269 num_active_tokens=1
[FWD_PASS] iter=9 time_ms=12.240 num_active_tokens=1
[FWD_PASS] iter=10 time_ms=12.239 num_active_tokens=1
[FWD_PASS] iter=11 time_ms=12.263 num_active_tokens=1
[FWD_PASS] iter=12 time_ms=12.284 num_active_tokens=1
[FWD_PASS] iter=13 time_ms=12.334 num_active_tokens=1
[FWD_PASS] iter=14 time_ms=12.249 num_active_tokens=1
[FWD_PASS] iter=15 time_ms=12.237 num_active_tokens=1
[FWD_PASS] iter=16 time_ms=12.268 num_active_tokens=1
[FWD_PASS] iter=17 time_ms=12.273 num_active_tokens=1
[FWD_PASS] iter=18 time_ms=12.227 num_active_tokens=1
[FWD_PASS] iter=19 time_ms=12.235 num_active_tokens=1
[FWD_PASS] iter=20 time_ms=12.321 num_active_tokens=1
[FWD_PASS] iter=21 time_ms=12.325 num_active_tokens=1
[FWD_PASS] iter=22 time_ms=12.310 num_active_tokens=1
[FWD_PASS] iter=23 time_ms=12.316 num_active_tokens=1
[FWD_PASS] iter=24 time_ms=12.331 num_active_tokens=1
[FWD_PASS] iter=25 time_ms=12.270 num_active_tokens=1
[FWD_PASS] iter=26 time_ms=12.264 num_active_tokens=1
[FWD_PASS] iter=27 time_ms=12.276 num_active_tokens=1
[FWD_PASS] iter=28 time_ms=12.258 num_active_tokens=1
[FWD_PASS] iter=29 time_ms=12.245 num_active_tokens=1
[FWD_PASS] iter=30 time_ms=12.267 num_active_tokens=1
[FWD_PASS] iter=31 time_ms=12.240 num_active_tokens=1
