[EVENT_TIMING] 608 event firings recorded

================================================================================
PER-EVENT WALL-CLOCK TIMING (barrier-to-barrier)
================================================================================
Event TaskType              Count    Avg(us)    Min(us)    Max(us)    Std(us)
-------------------------------------------------------------------------
    1 UNKNOWN                  30     167.41       8.40     222.60      63.37
    2 UNKNOWN                  31      12.02      11.05      13.61       0.54
    3 UNKNOWN                  31      24.23      22.57      26.77       0.94
    4 UNKNOWN                  31       9.78       9.45      10.23       0.18
    5 UNKNOWN                  31      11.36      10.93      11.95       0.23
    6 UNKNOWN                  31      22.03      21.05      23.52       0.63
    7 UNKNOWN                  31       8.20       7.39       9.96       0.72
    8 UNKNOWN                  31       4.64       4.16       5.63       0.30
    9 UNKNOWN                  31      34.40      33.26      35.80       0.64
   10 UNKNOWN                  31      50.72      49.60      52.32       0.74
   11 UNKNOWN                  31      11.24      10.47      12.04       0.32
   12 UNKNOWN                  31       9.79       9.22      10.24       0.26
   13 UNKNOWN                  31      11.23      10.85      11.73       0.26
   14 UNKNOWN                  31      21.79      21.07      23.59       0.62
   15 UNKNOWN                  31       8.22       6.63      10.04       1.05
   16 UNKNOWN                  31      16.70      16.06      17.42       0.31
   17 UNKNOWN                  31      41.15      40.48      42.54       0.44
   18 UNKNOWN                  31      34.42      32.75      36.12       0.80
   19 UNKNOWN                  31       3.01       2.85       3.45       0.11

================================================================================
PER-TYPE SUMMARY (sum of avg durations across all events)
================================================================================
TaskType             Events    Total(us)  Total(ms)        %
----------------------------------------------------------
UNKNOWN                  19        502.3      0.502   100.0%
TOTAL                              502.3      0.502

Saved raw event timing to event_timing.json
