[EVENT_TIMING] 184 event firings recorded

================================================================================
PER-EVENT WALL-CLOCK TIMING (barrier-to-barrier)
================================================================================
Event TaskType              Count    Avg(us)    Min(us)    Max(us)    Std(us)
-------------------------------------------------------------------------
    1 UNKNOWN                   6     135.73       8.12     207.96      90.20
    2 UNKNOWN                   7      13.82      12.96      14.71       0.53
    3 UNKNOWN                   7       4.19       3.93       4.49       0.18
    4 UNKNOWN                   7      23.74      23.23      24.59       0.42
    5 UNKNOWN                   7     208.36     205.13     210.97       1.64
    6 UNKNOWN                   7      50.75      50.52      51.04       0.16
    7 UNKNOWN                   7      39.52      39.12      40.12       0.31
    8 UNKNOWN                   7      13.58      13.48      13.68       0.08
    9 UNKNOWN                   7       5.24       4.39       6.95       0.74
   10 UNKNOWN                   7      35.53      34.28      36.48       0.87
   11 UNKNOWN                   7      50.51      49.30      50.92       0.53
   12 UNKNOWN                   7       4.49       3.79       4.87       0.44
   13 UNKNOWN                   7      13.76      13.52      14.52       0.33
   14 UNKNOWN                   7     209.46     207.16     212.08       1.82
   15 UNKNOWN                   7      50.91      50.73      51.05       0.11
   16 UNKNOWN                   7      36.13      35.87      36.63       0.26
   17 UNKNOWN                   7      13.59      13.48      13.76       0.09
   18 UNKNOWN                   7       3.74       3.59       3.95       0.11
   19 UNKNOWN                   7      25.15      23.69      26.85       1.00
   20 UNKNOWN                   7      41.01      39.92      42.24       0.90
   21 UNKNOWN                   7       5.80       4.16       6.28       0.68
   22 UNKNOWN                   7      20.53      19.76      21.60       0.59
   23 UNKNOWN                   7       2.96       2.84       3.29       0.15

================================================================================
PER-TYPE SUMMARY (sum of avg durations across all events)
================================================================================
TaskType             Events    Total(us)  Total(ms)        %
----------------------------------------------------------
UNKNOWN                  23       1008.5      1.009   100.0%
TOTAL                             1008.5      1.009

Saved raw event timing to event_timing.json
