First tasks: 1
Number of all events: 24
Number of all tasks: 496
Number of triggered events: 22
Number of executed tasks: 494
[EVENT_TIMING] Allocated buffer for 29700 entries (297 events x 100 iters)
[WORKER_XCD] worker_id=196 block=196 xcd=7
[WORKER_XCD] worker_id=204 block=204 xcd=7
[WORKER_XCD] worker_id=60 block=60 xcd=7
[WORKER_XCD] worker_id=180 block=180 xcd=7
[WORKER_XCD] worker_id=124 block=124 xcd=7
[WORKER_XCD] worker_id=36 block=36 xcd=7
[WORKER_XCD] worker_id=228 block=228 xcd=7
[WORKER_XCD] worker_id=140 block=140 xcd=7
[WORKER_XCD] worker_id=244 block=244 xcd=7
[WORKER_XCD] worker_id=148 block=148 xcd=7
[WORKER_XCD] worker_id=28 block=28 xcd=7
[WORKER_XCD] worker_id=172 block=172 xcd=7
[WORKER_XCD] worker_id=188 block=188 xcd=7
[WORKER_XCD] worker_id=236 block=236 xcd=7
[WORKER_XCD] worker_id=252 block=252 xcd=7
[WORKER_XCD] worker_id=4 block=4 xcd=7
[WORKER_XCD] worker_id=92 block=92 xcd=7
[WORKER_XCD] worker_id=52 block=52 xcd=7
[WORKER_XCD] worker_id=243 block=243 xcd=6
[WORKER_XCD] worker_id=292 block=292 xcd=7
[WORKER_XCD] worker_id=132 block=132 xcd=7
[WORKER_XCD] worker_id=220 block=220 xcd=7
[WORKER_XCD] worker_id=100 block=100 xcd=7
[WORKER_XCD] worker_id=212 block=212 xcd=7
[WORKER_XCD] worker_id=276 block=276 xcd=7
[WORKER_XCD] worker_id=20 block=20 xcd=7
[WORKER_XCD] worker_id=284 block=284 xcd=7
[WORKER_XCD] worker_id=164 block=164 xcd=7
[WORKER_XCD] worker_id=44 block=44 xcd=7
[WORKER_XCD] worker_id=156 block=156 xcd=7
[WORKER_XCD] worker_id=13 block=13 xcd=0
[WORKER_XCD] worker_id=165 block=165 xcd=0
[WORKER_XCD] worker_id=21 block=21 xcd=0
[WORKER_XCD] worker_id=213 block=213 xcd=0
[WORKER_XCD] worker_id=12 block=12 xcd=7
[WORKER_XCD] worker_id=285 block=285 xcd=0
[WORKER_XCD] worker_id=157 block=157 xcd=0
[WORKER_XCD] worker_id=253 block=253 xcd=0
[WORKER_XCD] worker_id=45 block=45 xcd=0
[WORKER_XCD] worker_id=117 block=117 xcd=0
[WORKER_XCD] worker_id=61 block=61 xcd=0
[WORKER_XCD] worker_id=181 block=181 xcd=0
[WORKER_XCD] worker_id=268 block=268 xcd=7
[WORKER_XCD] worker_id=141 block=141 xcd=0
[WORKER_XCD] worker_id=205 block=205 xcd=0
[WORKER_XCD] worker_id=109 block=109 xcd=0
[WORKER_XCD] worker_id=5 block=5 xcd=0
[WORKER_XCD] worker_id=69 block=69 xcd=0
[WORKER_XCD] worker_id=277 block=277 xcd=0
[WORKER_XCD] worker_id=101 block=101 xcd=0
[WORKER_XCD] worker_id=269 block=269 xcd=0
[WORKER_XCD] worker_id=245 block=245 xcd=0
[WORKER_XCD] worker_id=229 block=229 xcd=0
[WORKER_XCD] worker_id=149 block=149 xcd=0
[WORKER_XCD] worker_id=189 block=189 xcd=0
[WORKER_XCD] worker_id=237 block=237 xcd=0
[WORKER_XCD] worker_id=77 block=77 xcd=0
[WORKER_XCD] worker_id=93 block=93 xcd=0
[WORKER_XCD] worker_id=82 block=82 xcd=5
[WORKER_XCD] worker_id=293 block=293 xcd=0
[WORKER_XCD] worker_id=37 block=37 xcd=0
[WORKER_XCD] worker_id=68 block=68 xcd=7
[WORKER_XCD] worker_id=197 block=197 xcd=0
[WORKER_XCD] worker_id=29 block=29 xcd=0
[WORKER_XCD] worker_id=67 block=67 xcd=6
[WORKER_XCD] worker_id=173 block=173 xcd=0
[WORKER_XCD] worker_id=133 block=133 xcd=0
[WORKER_XCD] worker_id=211 block=211 xcd=6
[WORKER_XCD] worker_id=267 block=267 xcd=6
[WORKER_XCD] worker_id=139 block=139 xcd=6
[WORKER_XCD] worker_id=235 block=235 xcd=6
[WORKER_XCD] worker_id=43 block=43 xcd=6
[WORKER_XCD] worker_id=171 block=171 xcd=6
[WORKER_XCD] worker_id=283 block=283 xcd=6
[WORKER_XCD] worker_id=99 block=99 xcd=6
[WORKER_XCD] worker_id=179 block=179 xcd=6
[WORKER_XCD] worker_id=291 block=291 xcd=6
[WORKER_XCD] worker_id=187 block=187 xcd=6
[WORKER_XCD] worker_id=203 block=203 xcd=6
[WORKER_XCD] worker_id=195 block=195 xcd=6
[WORKER_XCD] worker_id=115 block=115 xcd=6
[WORKER_XCD] worker_id=83 block=83 xcd=6
[WORKER_XCD] worker_id=131 block=131 xcd=6
[WORKER_XCD] worker_id=3 block=3 xcd=6
[WORKER_XCD] worker_id=259 block=259 xcd=6
[WORKER_XCD] worker_id=19 block=19 xcd=6
[WORKER_XCD] worker_id=155 block=155 xcd=6
[WORKER_XCD] worker_id=91 block=91 xcd=6
[WORKER_XCD] worker_id=126 block=126 xcd=1
[WORKER_XCD] worker_id=51 block=51 xcd=6
[WORKER_XCD] worker_id=219 block=219 xcd=6
[WORKER_XCD] worker_id=27 block=27 xcd=6
[WORKER_XCD] worker_id=76 block=76 xcd=7
[WORKER_XCD] worker_id=275 block=275 xcd=6
[WORKER_XCD] worker_id=163 block=163 xcd=6
[WORKER_XCD] worker_id=11 block=11 xcd=6
[WORKER_XCD] worker_id=227 block=227 xcd=6
[WORKER_XCD] worker_id=59 block=59 xcd=6
[WORKER_XCD] worker_id=147 block=147 xcd=6
[WORKER_XCD] worker_id=116 block=116 xcd=7
[WORKER_XCD] worker_id=107 block=107 xcd=6
[WORKER_XCD] worker_id=75 block=75 xcd=6
[WORKER_XCD] worker_id=53 block=53 xcd=0
[WORKER_XCD] worker_id=35 block=35 xcd=6
[WORKER_XCD] worker_id=230 block=230 xcd=1
[WORKER_XCD] worker_id=260 block=260 xcd=7
[WORKER_XCD] worker_id=113 block=113 xcd=4
[WORKER_XCD] worker_id=123 block=123 xcd=6
[WORKER_XCD] worker_id=125 block=125 xcd=0
[WORKER_XCD] worker_id=174 block=174 xcd=1
[WORKER_XCD] worker_id=166 block=166 xcd=1
[WORKER_XCD] worker_id=142 block=142 xcd=1
[WORKER_XCD] worker_id=22 block=22 xcd=1
[WORKER_XCD] worker_id=94 block=94 xcd=1
[WORKER_XCD] worker_id=198 block=198 xcd=1
[WORKER_XCD] worker_id=62 block=62 xcd=1
[WORKER_XCD] worker_id=78 block=78 xcd=1
[WORKER_XCD] worker_id=246 block=246 xcd=1
[WORKER_XCD] worker_id=8 block=8 xcd=3
[WORKER_XCD] worker_id=261 block=261 xcd=0
[WORKER_XCD] worker_id=206 block=206 xcd=1
[WORKER_XCD] worker_id=238 block=238 xcd=1
[WORKER_XCD] worker_id=102 block=102 xcd=1
[WORKER_XCD] worker_id=70 block=70 xcd=1
[WORKER_XCD] worker_id=38 block=38 xcd=1
[WORKER_XCD] worker_id=286 block=286 xcd=1
[WORKER_XCD] worker_id=158 block=158 xcd=1
[WORKER_XCD] worker_id=14 block=14 xcd=1
[WORKER_XCD] worker_id=251 block=251 xcd=6
[WORKER_XCD] worker_id=270 block=270 xcd=1
[WORKER_XCD] worker_id=86 block=86 xcd=1
[WORKER_XCD] worker_id=221 block=221 xcd=0
[WORKER_XCD] worker_id=190 block=190 xcd=1
[WORKER_XCD] worker_id=134 block=134 xcd=1
[WORKER_XCD] worker_id=222 block=222 xcd=1
[WORKER_XCD] worker_id=294 block=294 xcd=1
[WORKER_XCD] worker_id=118 block=118 xcd=1
[WORKER_XCD] worker_id=150 block=150 xcd=1
[WORKER_XCD] worker_id=110 block=110 xcd=1
[WORKER_XCD] worker_id=254 block=254 xcd=1
[WORKER_XCD] worker_id=278 block=278 xcd=1
[WORKER_XCD] worker_id=262 block=262 xcd=1
[WORKER_XCD] worker_id=30 block=30 xcd=1
[WORKER_XCD] worker_id=6 block=6 xcd=1
[WORKER_XCD] worker_id=84 block=84 xcd=7
[WORKER_XCD] worker_id=85 block=85 xcd=0
[WORKER_XCD] worker_id=54 block=54 xcd=1
[WORKER_XCD] worker_id=108 block=108 xcd=7
[WORKER_XCD] worker_id=182 block=182 xcd=1
[WORKER_XCD] worker_id=48 block=48 xcd=3
[WORKER_XCD] worker_id=214 block=214 xcd=1
[WORKER_XCD] worker_id=49 block=49 xcd=4
[WORKER_XCD] worker_id=74 block=74 xcd=5
[WORKER_XCD] worker_id=46 block=46 xcd=1
[WORKER_XCD] worker_id=194 block=194 xcd=5
[WORKER_XCD] worker_id=64 block=64 xcd=3
[WORKER_XCD] worker_id=71 block=71 xcd=2
[WORKER_XCD] worker_id=96 block=96 xcd=3
[WORKER_XCD] worker_id=0 block=0 xcd=3
[WORKER_XCD] worker_id=81 block=81 xcd=4
[WORKER_XCD] worker_id=272 block=272 xcd=3
[WORKER_XCD] worker_id=264 block=264 xcd=3
[WORKER_XCD] worker_id=18 block=18 xcd=5
[WORKER_XCD] worker_id=185 block=185 xcd=4
[WORKER_XCD] worker_id=271 block=271 xcd=2
[WORKER_XCD] worker_id=144 block=144 xcd=3
[WORKER_XCD] worker_id=16 block=16 xcd=3
[WORKER_XCD] worker_id=80 block=80 xcd=3
[WORKER_XCD] worker_id=120 block=120 xcd=3
[WORKER_XCD] worker_id=1 block=1 xcd=4
[WORKER_XCD] worker_id=143 block=143 xcd=2
[WORKER_XCD] worker_id=112 block=112 xcd=3
[WORKER_XCD] worker_id=226 block=226 xcd=5
[WORKER_XCD] worker_id=106 block=106 xcd=5
[WORKER_XCD] worker_id=176 block=176 xcd=3
[WORKER_XCD] worker_id=168 block=168 xcd=3
[WORKER_XCD] worker_id=184 block=184 xcd=3
[WORKER_XCD] worker_id=209 block=209 xcd=4
[WORKER_XCD] worker_id=280 block=280 xcd=3
[WORKER_XCD] worker_id=256 block=256 xcd=3
[WORKER_XCD] worker_id=248 block=248 xcd=3
[WORKER_XCD] worker_id=177 block=177 xcd=4
[WORKER_XCD] worker_id=40 block=40 xcd=3
[WORKER_XCD] worker_id=240 block=240 xcd=3
[WORKER_XCD] worker_id=2 block=2 xcd=5
[WORKER_XCD] worker_id=232 block=232 xcd=3
[WORKER_XCD] worker_id=193 block=193 xcd=4
[WORKER_XCD] worker_id=32 block=32 xcd=3
[WORKER_XCD] worker_id=200 block=200 xcd=3
[WORKER_XCD] worker_id=136 block=136 xcd=3
[WORKER_XCD] worker_id=152 block=152 xcd=3
[WORKER_XCD] worker_id=154 block=154 xcd=5
[WORKER_XCD] worker_id=56 block=56 xcd=3
[WORKER_XCD] worker_id=288 block=288 xcd=3
[WORKER_XCD] worker_id=122 block=122 xcd=5
[WORKER_XCD] worker_id=72 block=72 xcd=3
[WORKER_XCD] worker_id=57 block=57 xcd=4
[WORKER_XCD] worker_id=33 block=33 xcd=4
[WORKER_XCD] worker_id=224 block=224 xcd=3
[WORKER_XCD] worker_id=273 block=273 xcd=4
[WORKER_XCD] worker_id=137 block=137 xcd=4
[WORKER_XCD] worker_id=160 block=160 xcd=3
[WORKER_XCD] worker_id=88 block=88 xcd=3
[WORKER_XCD] worker_id=241 block=241 xcd=4
[WORKER_XCD] worker_id=128 block=128 xcd=3
[WORKER_XCD] worker_id=192 block=192 xcd=3
[WORKER_XCD] worker_id=104 block=104 xcd=3
[WORKER_XCD] worker_id=119 block=119 xcd=2
[WORKER_XCD] worker_id=58 block=58 xcd=5
[WORKER_XCD] worker_id=89 block=89 xcd=4
[WORKER_XCD] worker_id=34 block=34 xcd=5
[WORKER_XCD] worker_id=9 block=9 xcd=4
[WORKER_XCD] worker_id=145 block=145 xcd=4
[WORKER_XCD] worker_id=290 block=290 xcd=5
[WORKER_XCD] worker_id=234 block=234 xcd=5
[WORKER_XCD] worker_id=98 block=98 xcd=5
[WORKER_XCD] worker_id=289 block=289 xcd=4
[WORKER_XCD] worker_id=50 block=50 xcd=5
[WORKER_XCD] worker_id=274 block=274 xcd=5
[WORKER_XCD] worker_id=55 block=55 xcd=2
[WORKER_XCD] worker_id=26 block=26 xcd=5
[WORKER_XCD] worker_id=41 block=41 xcd=4
[WORKER_XCD] worker_id=170 block=170 xcd=5
[WORKER_XCD] worker_id=210 block=210 xcd=5
[WORKER_XCD] worker_id=105 block=105 xcd=4
[WORKER_XCD] worker_id=250 block=250 xcd=5
[WORKER_XCD] worker_id=266 block=266 xcd=5
[WORKER_XCD] worker_id=97 block=97 xcd=4
[WORKER_XCD] worker_id=127 block=127 xcd=2
[WORKER_XCD] worker_id=249 block=249 xcd=4
[WORKER_XCD] worker_id=130 block=130 xcd=5
[WORKER_XCD] worker_id=47 block=47 xcd=2
[WORKER_XCD] worker_id=225 block=225 xcd=4
[WORKER_XCD] worker_id=42 block=42 xcd=5
[WORKER_XCD] worker_id=233 block=233 xcd=4
[WORKER_XCD] worker_id=191 block=191 xcd=2
[WORKER_XCD] worker_id=282 block=282 xcd=5
[WORKER_XCD] worker_id=287 block=287 xcd=2
[WORKER_XCD] worker_id=216 block=216 xcd=3
[WORKER_XCD] worker_id=265 block=265 xcd=4
[WORKER_XCD] worker_id=25 block=25 xcd=4
[WORKER_XCD] worker_id=114 block=114 xcd=5
[WORKER_XCD] worker_id=73 block=73 xcd=4
[WORKER_XCD] worker_id=17 block=17 xcd=4
[WORKER_XCD] worker_id=281 block=281 xcd=4
[WORKER_XCD] worker_id=183 block=183 xcd=2
[WORKER_XCD] worker_id=218 block=218 xcd=5
[WORKER_XCD] worker_id=169 block=169 xcd=4
[WORKER_XCD] worker_id=103 block=103 xcd=2
[WORKER_XCD] worker_id=202 block=202 xcd=5
[WORKER_XCD] worker_id=186 block=186 xcd=5
[WORKER_XCD] worker_id=208 block=208 xcd=3
[WORKER_XCD] worker_id=279 block=279 xcd=2
[WORKER_XCD] worker_id=295 block=295 xcd=2
[WORKER_XCD] worker_id=159 block=159 xcd=2
[WORKER_XCD] worker_id=258 block=258 xcd=5
[WORKER_XCD] worker_id=242 block=242 xcd=5
[WORKER_XCD] worker_id=121 block=121 xcd=4
[WORKER_XCD] worker_id=66 block=66 xcd=5
[WORKER_XCD] worker_id=217 block=217 xcd=4
[WORKER_XCD] worker_id=178 block=178 xcd=5
[WORKER_XCD] worker_id=153 block=153 xcd=4
[WORKER_XCD] worker_id=201 block=201 xcd=4
[WORKER_XCD] worker_id=65 block=65 xcd=4
[WORKER_XCD] worker_id=10 block=10 xcd=5
[WORKER_XCD] worker_id=161 block=161 xcd=4
[WORKER_XCD] worker_id=129 block=129 xcd=4
[WORKER_XCD] worker_id=162 block=162 xcd=5
[WORKER_XCD] worker_id=90 block=90 xcd=5
[WORKER_XCD] worker_id=151 block=151 xcd=2
[WORKER_XCD] worker_id=257 block=257 xcd=4
[WORKER_XCD] worker_id=255 block=255 xcd=2
[WORKER_XCD] worker_id=215 block=215 xcd=2
[WORKER_XCD] worker_id=31 block=31 xcd=2
[WORKER_XCD] worker_id=207 block=207 xcd=2
[WORKER_XCD] worker_id=79 block=79 xcd=2
[WORKER_XCD] worker_id=24 block=24 xcd=3
[WORKER_XCD] worker_id=247 block=247 xcd=2
[WORKER_XCD] worker_id=95 block=95 xcd=2
[WORKER_XCD] worker_id=39 block=39 xcd=2
[WORKER_XCD] worker_id=175 block=175 xcd=2
[WORKER_XCD] worker_id=263 block=263 xcd=2
[WORKER_XCD] worker_id=138 block=138 xcd=5
[WORKER_XCD] worker_id=167 block=167 xcd=2
[WORKER_XCD] worker_id=239 block=239 xcd=2
[WORKER_XCD] worker_id=7 block=7 xcd=2
[[EVENT_TIMING] No timing data recorded
