[EVENT_TIMING] 608 event firings recorded

================================================================================
PER-EVENT WALL-CLOCK TIMING (barrier-to-barrier)
================================================================================
Event TaskType              Count    Avg(us)    Min(us)    Max(us)    Std(us)
-------------------------------------------------------------------------
    1 UNKNOWN                  30     157.55      13.88     210.08      63.89
    2 UNKNOWN                  31      17.95      11.83      21.39       2.66
    3 UNKNOWN                  31      25.74      20.04      32.64       3.03
    4 UNKNOWN                  31      14.44      13.13      16.28       0.76
    5 UNKNOWN                  31      17.84      17.28      18.36       0.31
    6 UNKNOWN                  31      21.39      20.93      21.79       0.20
    7 UNKNOWN                  31      14.28      13.60      14.76       0.32
    8 UNKNOWN                  31       8.30       6.49      10.65       1.17
    9 UNKNOWN                  31      35.12      34.61      36.08       0.34
   10 UNKNOWN                  31      55.88      55.26      56.55       0.27
   11 UNKNOWN                  31      17.20      16.72      17.83       0.28
   12 UNKNOWN                  31      13.51      12.56      14.81       0.50
   13 UNKNOWN                  31      17.58      17.17      18.47       0.28
   14 UNKNOWN                  31      21.02      20.53      21.46       0.21
   15 UNKNOWN                  31      13.83      13.31      14.20       0.17
   16 UNKNOWN                  31      19.82      17.61      21.57       1.34
   17 UNKNOWN                  31      43.70      42.75      44.78       0.43
   18 UNKNOWN                  31      26.21      25.08      27.07       0.62
   19 UNKNOWN                  31       9.64       8.63      10.15       0.38

================================================================================
PER-TYPE SUMMARY (sum of avg durations across all events)
================================================================================
TaskType             Events    Total(us)  Total(ms)        %
----------------------------------------------------------
UNKNOWN                  19        551.0      0.551   100.0%
TOTAL                              551.0      0.551

Saved raw event timing to event_timing.json
