PASS         L0.B3.c_kv                   rel_err 0.000 thr 0.181
PASS         L0.B3.k_pe                   rel_err 0.000 thr 0.021
PASS         L1.B3.c_kv                   rel_err 6.172e-03 thr 0.181
PASS         L1.B3.k_pe                   rel_err 5.517e-03 thr 0.021
MISSING_REF  L2.B3.c_kv                   
MISSING_REF  L2.B3.k_pe                   
MISSING_REF  L3.B3.c_kv                   
MISSING_REF  L3.B3.k_pe                   
MISSING_REF  L4.B3.c_kv                   
MISSING_REF  L4.B3.k_pe                   
MISSING_REF  L5.B3.c_kv                   
MISSING_REF  L5.B3.k_pe                   
MISSING_REF  L6.B3.c_kv                   
MISSING_REF  L6.B3.k_pe                   
MISSING_REF  L7.B3.c_kv                   
MISSING_REF  L7.B3.k_pe                   
MISSING_REF  L8.B3.c_kv                   
MISSING_REF  L8.B3.k_pe                   
MISSING_REF  L9.B3.c_kv                   
MISSING_REF  L9.B3.k_pe                   
MISSING_REF  L10.B3.c_kv                  
MISSING_REF  L10.B3.k_pe                  
MISSING_REF  L11.B3.c_kv                  
MISSING_REF  L11.B3.k_pe                  
MISSING_REF  L12.B3.c_kv                  
MISSING_REF  L12.B3.k_pe                  
MISSING_REF  L13.B3.c_kv                  
MISSING_REF  L13.B3.k_pe                  
MISSING_REF  L14.B3.c_kv                  
MISSING_REF  L14.B3.k_pe                  
MISSING_REF  L15.B3.c_kv                  
MISSING_REF  L15.B3.k_pe                  
MISSING_REF  L16.B3.c_kv                  
MISSING_REF  L16.B3.k_pe                  
MISSING_REF  L17.B3.c_kv                  
MISSING_REF  L17.B3.k_pe                  
MISSING_REF  L18.B3.c_kv                  
MISSING_REF  L18.B3.k_pe                  
MISSING_REF  L19.B3.c_kv                  
MISSING_REF  L19.B3.k_pe                  
MISSING_REF  L20.B3.c_kv                  
MISSING_REF  L20.B3.k_pe                  
MISSING_REF  L21.B3.c_kv                  
MISSING_REF  L21.B3.k_pe                  
MISSING_REF  L22.B3.c_kv                  
MISSING_REF  L22.B3.k_pe                  
MISSING_REF  L23.B3.c_kv                  
MISSING_REF  L23.B3.k_pe                  
MISSING_REF  L24.B3.c_kv                  
MISSING_REF  L24.B3.k_pe                  
MISSING_REF  L25.B3.c_kv                  
MISSING_REF  L25.B3.k_pe                  
MISSING_REF  L26.B2.q                     
MISSING_REF  L26.B3.c_kv                  
MISSING_REF  L26.B3.k_pe                  
MISSING_REF  L26.B4.q_pe                  
MISSING_REF  L26.B6.attn                  
MISSING_REF  L26.B8.router_logits         
MISSING_REF  L26.B9.topk_idx              
MISSING_REF  L26.B10.topk_w               
MISSING_REF  L26.B11.expert_14            
MISSING_REF  L26.B11.expert_2             
MISSING_REF  L26.B11.expert_26            
MISSING_REF  L26.B11.expert_32            
MISSING_REF  L26.B11.expert_54            
MISSING_REF  L26.B11.expert_9             
MISSING_REF  L26.B12.shared               
MISSING_REF  L26.B13.layer_out            
FAIL         head.B15.logits              rel_err 1.220 thr 0.164
PASS         head.B16.token               fleet 25 ref 25
PARTIAL      output_ids
FAIL         route_log
overall: FAIL  -> /home/hotaisle/metalOps/harness/fleet_out/L27_head_it29_tile_at_fn1_fn2_fs_nt_mfma/correctness_report.md
