In file included from ./permanent_output_dir/test.cu:6:
In file included from /home/hotaisle/metalOps/repos/fleet-chiplet-megakernel/python/mirage/../../include/mirage/persistent_kernel/persistent_kernel.cuh:37:
In file included from /home/hotaisle/metalOps/repos/fleet-chiplet-megakernel/python/mirage/../../include/mirage/persistent_kernel/tasks/mi300/task_header.cuh:28:
In file included from /home/hotaisle/metalOps/repos/fleet-chiplet-megakernel/python/mirage/../../include/mirage/persistent_kernel/tasks/mi300/silu_mul_linear_mi300.cuh:19:
In file included from /home/hotaisle/metalOps/repos/fleet-chiplet-megakernel/python/mirage/../../include/mirage/persistent_kernel/tasks/mi300/linear_ck_mi300.cuh:18:
In file included from /home/hotaisle/metalOps/repos/fleet-chiplet-megakernel/python/mirage/../../deps/composable_kernel/include/ck_tile/core.hpp:5:
In file included from /home/hotaisle/metalOps/repos/fleet-chiplet-megakernel/python/mirage/../../deps/composable_kernel/include/ck_tile/core/algorithm/cluster_descriptor.hpp:7:
In file included from /home/hotaisle/metalOps/repos/fleet-chiplet-megakernel/python/mirage/../../deps/composable_kernel/include/ck_tile/core/algorithm/coordinate_transform.hpp:7:
In file included from /home/hotaisle/metalOps/repos/fleet-chiplet-megakernel/python/mirage/../../deps/composable_kernel/include/ck_tile/core/container/multi_index.hpp:7:
In file included from /home/hotaisle/metalOps/repos/fleet-chiplet-megakernel/python/mirage/../../deps/composable_kernel/include/ck_tile/core/container/array.hpp:13:
In file included from /home/hotaisle/metalOps/repos/fleet-chiplet-megakernel/python/mirage/../../deps/composable_kernel/include/ck_tile/core/utility/functional.hpp:9:
In file included from /home/hotaisle/metalOps/repos/fleet-chiplet-megakernel/python/mirage/../../deps/composable_kernel/include/ck_tile/core/container/sequence.hpp:10:
In file included from /home/hotaisle/metalOps/repos/fleet-chiplet-megakernel/python/mirage/../../deps/composable_kernel/include/ck_tile/core/numeric/math.hpp:512:
In file included from /home/hotaisle/metalOps/repos/fleet-chiplet-megakernel/python/mirage/../../deps/composable_kernel/include/ck_tile/core/numeric/type_convert.hpp:74:
/home/hotaisle/metalOps/repos/fleet-chiplet-megakernel/python/mirage/../../deps/composable_kernel/include/ck_tile/core/numeric/pk_fp4.hpp:13:34: warning: unknown warning group '-Wlifetime-safety-intra-tu-suggestions', ignored [-Wunknown-warning-option]
   13 | #pragma clang diagnostic ignored "-Wlifetime-safety-intra-tu-suggestions"
      |                                  ^
In file included from ./permanent_output_dir/test.cu:6:
In file included from /home/hotaisle/metalOps/repos/fleet-chiplet-megakernel/python/mirage/../../include/mirage/persistent_kernel/persistent_kernel.cuh:37:
In file included from /home/hotaisle/metalOps/repos/fleet-chiplet-megakernel/python/mirage/../../include/mirage/persistent_kernel/tasks/mi300/task_header.cuh:28:
In file included from /home/hotaisle/metalOps/repos/fleet-chiplet-megakernel/python/mirage/../../include/mirage/persistent_kernel/tasks/mi300/silu_mul_linear_mi300.cuh:19:
In file included from /home/hotaisle/metalOps/repos/fleet-chiplet-megakernel/python/mirage/../../include/mirage/persistent_kernel/tasks/mi300/linear_ck_mi300.cuh:18:
In file included from /home/hotaisle/metalOps/repos/fleet-chiplet-megakernel/python/mirage/../../deps/composable_kernel/include/ck_tile/core.hpp:5:
In file included from /home/hotaisle/metalOps/repos/fleet-chiplet-megakernel/python/mirage/../../deps/composable_kernel/include/ck_tile/core/algorithm/cluster_descriptor.hpp:7:
In file included from /home/hotaisle/metalOps/repos/fleet-chiplet-megakernel/python/mirage/../../deps/composable_kernel/include/ck_tile/core/algorithm/coordinate_transform.hpp:7:
In file included from /home/hotaisle/metalOps/repos/fleet-chiplet-megakernel/python/mirage/../../deps/composable_kernel/include/ck_tile/core/container/multi_index.hpp:7:
In file included from /home/hotaisle/metalOps/repos/fleet-chiplet-megakernel/python/mirage/../../deps/composable_kernel/include/ck_tile/core/container/array.hpp:13:
/home/hotaisle/metalOps/repos/fleet-chiplet-megakernel/python/mirage/../../deps/composable_kernel/include/ck_tile/core/utility/functional.hpp:14:34: warning: unknown warning group '-Wlifetime-safety-intra-tu-suggestions', ignored [-Wunknown-warning-option]
   14 | #pragma clang diagnostic ignored "-Wlifetime-safety-intra-tu-suggestions"
      |                                  ^
In file included from ./permanent_output_dir/test.cu:6:
In file included from /home/hotaisle/metalOps/repos/fleet-chiplet-megakernel/python/mirage/../../include/mirage/persistent_kernel/persistent_kernel.cuh:37:
In file included from /home/hotaisle/metalOps/repos/fleet-chiplet-megakernel/python/mirage/../../include/mirage/persistent_kernel/tasks/mi300/task_header.cuh:28:
In file included from /home/hotaisle/metalOps/repos/fleet-chiplet-megakernel/python/mirage/../../include/mirage/persistent_kernel/tasks/mi300/silu_mul_linear_mi300.cuh:19:
In file included from /home/hotaisle/metalOps/repos/fleet-chiplet-megakernel/python/mirage/../../include/mirage/persistent_kernel/tasks/mi300/linear_ck_mi300.cuh:18:
In file included from /home/hotaisle/metalOps/repos/fleet-chiplet-megakernel/python/mirage/../../deps/composable_kernel/include/ck_tile/core.hpp:5:
In file included from /home/hotaisle/metalOps/repos/fleet-chiplet-megakernel/python/mirage/../../deps/composable_kernel/include/ck_tile/core/algorithm/cluster_descriptor.hpp:7:
In file included from /home/hotaisle/metalOps/repos/fleet-chiplet-megakernel/python/mirage/../../deps/composable_kernel/include/ck_tile/core/algorithm/coordinate_transform.hpp:7:
In file included from /home/hotaisle/metalOps/repos/fleet-chiplet-megakernel/python/mirage/../../deps/composable_kernel/include/ck_tile/core/container/multi_index.hpp:9:
/home/hotaisle/metalOps/repos/fleet-chiplet-megakernel/python/mirage/../../deps/composable_kernel/include/ck_tile/core/container/tuple.hpp:17:34: warning: unknown warning group '-Wlifetime-safety-intra-tu-suggestions', ignored [-Wunknown-warning-option]
   17 | #pragma clang diagnostic ignored "-Wlifetime-safety-intra-tu-suggestions"
      |                                  ^
In file included from ./permanent_output_dir/test.cu:6:
In file included from /home/hotaisle/metalOps/repos/fleet-chiplet-megakernel/python/mirage/../../include/mirage/persistent_kernel/persistent_kernel.cuh:37:
In file included from /home/hotaisle/metalOps/repos/fleet-chiplet-megakernel/python/mirage/../../include/mirage/persistent_kernel/tasks/mi300/task_header.cuh:28:
In file included from /home/hotaisle/metalOps/repos/fleet-chiplet-megakernel/python/mirage/../../include/mirage/persistent_kernel/tasks/mi300/silu_mul_linear_mi300.cuh:19:
In file included from /home/hotaisle/metalOps/repos/fleet-chiplet-megakernel/python/mirage/../../include/mirage/persistent_kernel/tasks/mi300/linear_ck_mi300.cuh:18:
In file included from /home/hotaisle/metalOps/repos/fleet-chiplet-megakernel/python/mirage/../../deps/composable_kernel/include/ck_tile/core.hpp:5:
In file included from /home/hotaisle/metalOps/repos/fleet-chiplet-megakernel/python/mirage/../../deps/composable_kernel/include/ck_tile/core/algorithm/cluster_descriptor.hpp:7:
In file included from /home/hotaisle/metalOps/repos/fleet-chiplet-megakernel/python/mirage/../../deps/composable_kernel/include/ck_tile/core/algorithm/coordinate_transform.hpp:8:
In file included from /home/hotaisle/metalOps/repos/fleet-chiplet-megakernel/python/mirage/../../deps/composable_kernel/include/ck_tile/core/container/container_helper.hpp:8:
/home/hotaisle/metalOps/repos/fleet-chiplet-megakernel/python/mirage/../../deps/composable_kernel/include/ck_tile/core/container/map.hpp:12:34: warning: unknown warning group '-Wlifetime-safety-intra-tu-suggestions', ignored [-Wunknown-warning-option]
   12 | #pragma clang diagnostic ignored "-Wlifetime-safety-intra-tu-suggestions"
      |                                  ^
In file included from ./permanent_output_dir/test.cu:6:
In file included from /home/hotaisle/metalOps/repos/fleet-chiplet-megakernel/python/mirage/../../include/mirage/persistent_kernel/persistent_kernel.cuh:37:
In file included from /home/hotaisle/metalOps/repos/fleet-chiplet-megakernel/python/mirage/../../include/mirage/persistent_kernel/tasks/mi300/task_header.cuh:28:
In file included from /home/hotaisle/metalOps/repos/fleet-chiplet-megakernel/python/mirage/../../include/mirage/persistent_kernel/tasks/mi300/silu_mul_linear_mi300.cuh:19:
In file included from /home/hotaisle/metalOps/repos/fleet-chiplet-megakernel/python/mirage/../../include/mirage/persistent_kernel/tasks/mi300/linear_ck_mi300.cuh:18:
In file included from /home/hotaisle/metalOps/repos/fleet-chiplet-megakernel/python/mirage/../../deps/composable_kernel/include/ck_tile/core.hpp:5:
In file included from /home/hotaisle/metalOps/repos/fleet-chiplet-megakernel/python/mirage/../../deps/composable_kernel/include/ck_tile/core/algorithm/cluster_descriptor.hpp:7:
/home/hotaisle/metalOps/repos/fleet-chiplet-megakernel/python/mirage/../../deps/composable_kernel/include/ck_tile/core/algorithm/coordinate_transform.hpp:15:34: warning: unknown warning group '-Wlifetime-safety-intra-tu-suggestions', ignored [-Wunknown-warning-option]
   15 | #pragma clang diagnostic ignored "-Wlifetime-safety-intra-tu-suggestions"
      |                                  ^
In file included from ./permanent_output_dir/test.cu:6:
In file included from /home/hotaisle/metalOps/repos/fleet-chiplet-megakernel/python/mirage/../../include/mirage/persistent_kernel/persistent_kernel.cuh:37:
In file included from /home/hotaisle/metalOps/repos/fleet-chiplet-megakernel/python/mirage/../../include/mirage/persistent_kernel/tasks/mi300/task_header.cuh:28:
In file included from /home/hotaisle/metalOps/repos/fleet-chiplet-megakernel/python/mirage/../../include/mirage/persistent_kernel/tasks/mi300/silu_mul_linear_mi300.cuh:19:
In file included from /home/hotaisle/metalOps/repos/fleet-chiplet-megakernel/python/mirage/../../include/mirage/persistent_kernel/tasks/mi300/linear_ck_mi300.cuh:18:
In file included from /home/hotaisle/metalOps/repos/fleet-chiplet-megakernel/python/mirage/../../deps/composable_kernel/include/ck_tile/core.hpp:5:
In file included from /home/hotaisle/metalOps/repos/fleet-chiplet-megakernel/python/mirage/../../deps/composable_kernel/include/ck_tile/core/algorithm/cluster_descriptor.hpp:8:
/home/hotaisle/metalOps/repos/fleet-chiplet-megakernel/python/mirage/../../deps/composable_kernel/include/ck_tile/core/tensor/tensor_adaptor.hpp:16:34: warning: unknown warning group '-Wlifetime-safety-intra-tu-suggestions', ignored [-Wunknown-warning-option]
   16 | #pragma clang diagnostic ignored "-Wlifetime-safety-intra-tu-suggestions"
      |                                  ^
In file included from ./permanent_output_dir/test.cu:6:
In file included from /home/hotaisle/metalOps/repos/fleet-chiplet-megakernel/python/mirage/../../include/mirage/persistent_kernel/persistent_kernel.cuh:37:
In file included from /home/hotaisle/metalOps/repos/fleet-chiplet-megakernel/python/mirage/../../include/mirage/persistent_kernel/tasks/mi300/task_header.cuh:28:
In file included from /home/hotaisle/metalOps/repos/fleet-chiplet-megakernel/python/mirage/../../include/mirage/persistent_kernel/tasks/mi300/silu_mul_linear_mi300.cuh:19:
In file included from /home/hotaisle/metalOps/repos/fleet-chiplet-megakernel/python/mirage/../../include/mirage/persistent_kernel/tasks/mi300/linear_ck_mi300.cuh:18:
In file included from /home/hotaisle/metalOps/repos/fleet-chiplet-megakernel/python/mirage/../../deps/composable_kernel/include/ck_tile/core.hpp:9:
In file included from /home/hotaisle/metalOps/repos/fleet-chiplet-megakernel/python/mirage/../../deps/composable_kernel/include/ck_tile/core/algorithm/static_encoding_pattern.hpp:73:
In file included from /home/hotaisle/metalOps/repos/fleet-chiplet-megakernel/python/mirage/../../deps/composable_kernel/include/ck_tile/core/arch/arch.hpp:13:
In file included from /home/hotaisle/metalOps/repos/fleet-chiplet-megakernel/python/mirage/../../deps/composable_kernel/include/ck_tile/core/arch/amd_buffer_addressing_builtins.hpp:12:
In file included from /home/hotaisle/metalOps/repos/fleet-chiplet-megakernel/python/mirage/../../deps/composable_kernel/include/ck_tile/core/numeric/vector_type.hpp:15:
/home/hotaisle/metalOps/repos/fleet-chiplet-megakernel/python/mirage/../../deps/composable_kernel/include/ck_tile/core/numeric/e8m0.hpp:10:34: warning: unknown warning group '-Wlifetime-safety-intra-tu-suggestions', ignored [-Wunknown-warning-option]
   10 | #pragma clang diagnostic ignored "-Wlifetime-safety-intra-tu-suggestions"
      |                                  ^
In file included from ./permanent_output_dir/test.cu:6:
In file included from /home/hotaisle/metalOps/repos/fleet-chiplet-megakernel/python/mirage/../../include/mirage/persistent_kernel/persistent_kernel.cuh:37:
In file included from /home/hotaisle/metalOps/repos/fleet-chiplet-megakernel/python/mirage/../../include/mirage/persistent_kernel/tasks/mi300/task_header.cuh:28:
In file included from /home/hotaisle/metalOps/repos/fleet-chiplet-megakernel/python/mirage/../../include/mirage/persistent_kernel/tasks/mi300/silu_mul_linear_mi300.cuh:19:
In file included from /home/hotaisle/metalOps/repos/fleet-chiplet-megakernel/python/mirage/../../include/mirage/persistent_kernel/tasks/mi300/linear_ck_mi300.cuh:18:
In file included from /home/hotaisle/metalOps/repos/fleet-chiplet-megakernel/python/mirage/../../deps/composable_kernel/include/ck_tile/core.hpp:9:
In file included from /home/hotaisle/metalOps/repos/fleet-chiplet-megakernel/python/mirage/../../deps/composable_kernel/include/ck_tile/core/algorithm/static_encoding_pattern.hpp:78:
In file included from /home/hotaisle/metalOps/repos/fleet-chiplet-megakernel/python/mirage/../../deps/composable_kernel/include/ck_tile/core/tensor/tile_distribution.hpp:14:
In file included from /home/hotaisle/metalOps/repos/fleet-chiplet-megakernel/python/mirage/../../deps/composable_kernel/include/ck_tile/core/tensor/tile_distribution_encoding.hpp:11:
/home/hotaisle/metalOps/repos/fleet-chiplet-megakernel/python/mirage/../../deps/composable_kernel/include/ck_tile/core/tensor/tensor_adaptor_coordinate.hpp:18:34: warning: unknown warning group '-Wlifetime-safety-intra-tu-suggestions', ignored [-Wunknown-warning-option]
   18 | #pragma clang diagnostic ignored "-Wlifetime-safety-intra-tu-suggestions"
      |                                  ^
In file included from ./permanent_output_dir/test.cu:6:
In file included from /home/hotaisle/metalOps/repos/fleet-chiplet-megakernel/python/mirage/../../include/mirage/persistent_kernel/persistent_kernel.cuh:37:
In file included from /home/hotaisle/metalOps/repos/fleet-chiplet-megakernel/python/mirage/../../include/mirage/persistent_kernel/tasks/mi300/task_header.cuh:28:
In file included from /home/hotaisle/metalOps/repos/fleet-chiplet-megakernel/python/mirage/../../include/mirage/persistent_kernel/tasks/mi300/silu_mul_linear_mi300.cuh:19:
In file included from /home/hotaisle/metalOps/repos/fleet-chiplet-megakernel/python/mirage/../../include/mirage/persistent_kernel/tasks/mi300/linear_ck_mi300.cuh:18:
In file included from /home/hotaisle/metalOps/repos/fleet-chiplet-megakernel/python/mirage/../../deps/composable_kernel/include/ck_tile/core.hpp:9:
In file included from /home/hotaisle/metalOps/repos/fleet-chiplet-megakernel/python/mirage/../../deps/composable_kernel/include/ck_tile/core/algorithm/static_encoding_pattern.hpp:78:
/home/hotaisle/metalOps/repos/fleet-chiplet-megakernel/python/mirage/../../deps/composable_kernel/include/ck_tile/core/tensor/tile_distribution.hpp:19:34: warning: unknown warning group '-Wlifetime-safety-intra-tu-suggestions', ignored [-Wunknown-warning-option]
   19 | #pragma clang diagnostic ignored "-Wlifetime-safety-intra-tu-suggestions"
      |                                  ^
In file included from ./permanent_output_dir/test.cu:6:
In file included from /home/hotaisle/metalOps/repos/fleet-chiplet-megakernel/python/mirage/../../include/mirage/persistent_kernel/persistent_kernel.cuh:37:
In file included from /home/hotaisle/metalOps/repos/fleet-chiplet-megakernel/python/mirage/../../include/mirage/persistent_kernel/tasks/mi300/task_header.cuh:28:
In file included from /home/hotaisle/metalOps/repos/fleet-chiplet-megakernel/python/mirage/../../include/mirage/persistent_kernel/tasks/mi300/silu_mul_linear_mi300.cuh:19:
In file included from /home/hotaisle/metalOps/repos/fleet-chiplet-megakernel/python/mirage/../../include/mirage/persistent_kernel/tasks/mi300/linear_ck_mi300.cuh:18:
In file included from /home/hotaisle/metalOps/repos/fleet-chiplet-megakernel/python/mirage/../../deps/composable_kernel/include/ck_tile/core.hpp:16:
/home/hotaisle/metalOps/repos/fleet-chiplet-megakernel/python/mirage/../../deps/composable_kernel/include/ck_tile/core/arch/mma/amdgcn_mma.hpp:13:34: warning: unknown warning group '-Wlifetime-safety-intra-tu-suggestions', ignored [-Wunknown-warning-option]
   13 | #pragma clang diagnostic ignored "-Wlifetime-safety-intra-tu-suggestions"
      |                                  ^
In file included from ./permanent_output_dir/test.cu:6:
In file included from /home/hotaisle/metalOps/repos/fleet-chiplet-megakernel/python/mirage/../../include/mirage/persistent_kernel/persistent_kernel.cuh:37:
In file included from /home/hotaisle/metalOps/repos/fleet-chiplet-megakernel/python/mirage/../../include/mirage/persistent_kernel/tasks/mi300/task_header.cuh:28:
In file included from /home/hotaisle/metalOps/repos/fleet-chiplet-megakernel/python/mirage/../../include/mirage/persistent_kernel/tasks/mi300/silu_mul_linear_mi300.cuh:19:
In file included from /home/hotaisle/metalOps/repos/fleet-chiplet-megakernel/python/mirage/../../include/mirage/persistent_kernel/tasks/mi300/linear_ck_mi300.cuh:18:
In file included from /home/hotaisle/metalOps/repos/fleet-chiplet-megakernel/python/mirage/../../deps/composable_kernel/include/ck_tile/core.hpp:16:
In file included from /home/hotaisle/metalOps/repos/fleet-chiplet-megakernel/python/mirage/../../deps/composable_kernel/include/ck_tile/core/arch/mma/amdgcn_mma.hpp:128:
In file included from /home/hotaisle/metalOps/repos/fleet-chiplet-megakernel/python/mirage/../../deps/composable_kernel/include/ck_tile/core/arch/mma/sparse/sparse.hpp:65:
In file included from /home/hotaisle/metalOps/repos/fleet-chiplet-megakernel/python/mirage/../../deps/composable_kernel/include/ck_tile/core/arch/mma/sparse/mfma/sparse_gfx9.hpp:9:
In file included from /home/hotaisle/metalOps/repos/fleet-chiplet-megakernel/python/mirage/../../deps/composable_kernel/include/ck_tile/ops/gemm/warp/warp_gemm_smfmac_impl.hpp:8:
/home/hotaisle/metalOps/repos/fleet-chiplet-megakernel/python/mirage/../../deps/composable_kernel/include/ck_tile/core/tensor/static_distributed_tensor.hpp:18:34: warning: unknown warning group '-Wlifetime-safety-intra-tu-suggestions', ignored [-Wunknown-warning-option]
   18 | #pragma clang diagnostic ignored "-Wlifetime-safety-intra-tu-suggestions"
      |                                  ^
In file included from ./permanent_output_dir/test.cu:6:
In file included from /home/hotaisle/metalOps/repos/fleet-chiplet-megakernel/python/mirage/../../include/mirage/persistent_kernel/persistent_kernel.cuh:37:
In file included from /home/hotaisle/metalOps/repos/fleet-chiplet-megakernel/python/mirage/../../include/mirage/persistent_kernel/tasks/mi300/task_header.cuh:28:
In file included from /home/hotaisle/metalOps/repos/fleet-chiplet-megakernel/python/mirage/../../include/mirage/persistent_kernel/tasks/mi300/silu_mul_linear_mi300.cuh:19:
In file included from /home/hotaisle/metalOps/repos/fleet-chiplet-megakernel/python/mirage/../../include/mirage/persistent_kernel/tasks/mi300/linear_ck_mi300.cuh:18:
In file included from /home/hotaisle/metalOps/repos/fleet-chiplet-megakernel/python/mirage/../../deps/composable_kernel/include/ck_tile/core.hpp:64:
In file included from /home/hotaisle/metalOps/repos/fleet-chiplet-megakernel/python/mirage/../../deps/composable_kernel/include/ck_tile/core/tensor/load_tile.hpp:12:
In file included from /home/hotaisle/metalOps/repos/fleet-chiplet-megakernel/python/mirage/../../deps/composable_kernel/include/ck_tile/core/tensor/tile_window.hpp:15:
/home/hotaisle/metalOps/repos/fleet-chiplet-megakernel/python/mirage/../../deps/composable_kernel/include/ck_tile/core/tensor/tensor_view.hpp:18:34: warning: unknown warning group '-Wlifetime-safety-intra-tu-suggestions', ignored [-Wunknown-warning-option]
   18 | #pragma clang diagnostic ignored "-Wlifetime-safety-intra-tu-suggestions"
      |                                  ^
In file included from ./permanent_output_dir/test.cu:6:
In file included from /home/hotaisle/metalOps/repos/fleet-chiplet-megakernel/python/mirage/../../include/mirage/persistent_kernel/persistent_kernel.cuh:37:
In file included from /home/hotaisle/metalOps/repos/fleet-chiplet-megakernel/python/mirage/../../include/mirage/persistent_kernel/tasks/mi300/task_header.cuh:28:
In file included from /home/hotaisle/metalOps/repos/fleet-chiplet-megakernel/python/mirage/../../include/mirage/persistent_kernel/tasks/mi300/silu_mul_linear_mi300.cuh:19:
In file included from /home/hotaisle/metalOps/repos/fleet-chiplet-megakernel/python/mirage/../../include/mirage/persistent_kernel/tasks/mi300/linear_ck_mi300.cuh:18:
In file included from /home/hotaisle/metalOps/repos/fleet-chiplet-megakernel/python/mirage/../../deps/composable_kernel/include/ck_tile/core.hpp:90:
/home/hotaisle/metalOps/repos/fleet-chiplet-megakernel/python/mirage/../../deps/composable_kernel/include/ck_tile/core/utility/env.hpp:10:34: warning: unknown warning group '-Wlifetime-safety-intra-tu-suggestions', ignored [-Wunknown-warning-option]
   10 | #pragma clang diagnostic ignored "-Wlifetime-safety-intra-tu-suggestions"
      |                                  ^
In file included from ./permanent_output_dir/test.cu:6:
In file included from /home/hotaisle/metalOps/repos/fleet-chiplet-megakernel/python/mirage/../../include/mirage/persistent_kernel/persistent_kernel.cuh:37:
In file included from /home/hotaisle/metalOps/repos/fleet-chiplet-megakernel/python/mirage/../../include/mirage/persistent_kernel/tasks/mi300/task_header.cuh:28:
In file included from /home/hotaisle/metalOps/repos/fleet-chiplet-megakernel/python/mirage/../../include/mirage/persistent_kernel/tasks/mi300/silu_mul_linear_mi300.cuh:19:
In file included from /home/hotaisle/metalOps/repos/fleet-chiplet-megakernel/python/mirage/../../include/mirage/persistent_kernel/tasks/mi300/linear_ck_mi300.cuh:19:
In file included from /home/hotaisle/metalOps/repos/fleet-chiplet-megakernel/python/mirage/../../deps/composable_kernel/include/ck_tile/ops/gemm.hpp:38:
In file included from /home/hotaisle/metalOps/repos/fleet-chiplet-megakernel/python/mirage/../../deps/composable_kernel/include/ck_tile/ops/gemm/kernel/grouped_gemm_kernel.hpp:13:
In file included from /home/hotaisle/metalOps/repos/fleet-chiplet-megakernel/python/mirage/../../deps/composable_kernel/include/ck_tile/host.hpp:5:
/home/hotaisle/metalOps/repos/fleet-chiplet-megakernel/python/mirage/../../deps/composable_kernel/include/ck_tile/host/arg_parser.hpp:17:34: warning: unknown warning group '-Wlifetime-safety-intra-tu-suggestions', ignored [-Wunknown-warning-option]
   17 | #pragma clang diagnostic ignored "-Wlifetime-safety-intra-tu-suggestions"
      |                                  ^
In file included from ./permanent_output_dir/test.cu:6:
In file included from /home/hotaisle/metalOps/repos/fleet-chiplet-megakernel/python/mirage/../../include/mirage/persistent_kernel/persistent_kernel.cuh:37:
In file included from /home/hotaisle/metalOps/repos/fleet-chiplet-megakernel/python/mirage/../../include/mirage/persistent_kernel/tasks/mi300/task_header.cuh:28:
In file included from /home/hotaisle/metalOps/repos/fleet-chiplet-megakernel/python/mirage/../../include/mirage/persistent_kernel/tasks/mi300/silu_mul_linear_mi300.cuh:19:
In file included from /home/hotaisle/metalOps/repos/fleet-chiplet-megakernel/python/mirage/../../include/mirage/persistent_kernel/tasks/mi300/linear_ck_mi300.cuh:19:
In file included from /home/hotaisle/metalOps/repos/fleet-chiplet-megakernel/python/mirage/../../deps/composable_kernel/include/ck_tile/ops/gemm.hpp:38:
In file included from /home/hotaisle/metalOps/repos/fleet-chiplet-megakernel/python/mirage/../../deps/composable_kernel/include/ck_tile/ops/gemm/kernel/grouped_gemm_kernel.hpp:13:
In file included from /home/hotaisle/metalOps/repos/fleet-chiplet-megakernel/python/mirage/../../deps/composable_kernel/include/ck_tile/host.hpp:8:
In file included from /home/hotaisle/metalOps/repos/fleet-chiplet-megakernel/python/mirage/../../deps/composable_kernel/include/ck_tile/host/convolution_host_tensor_descriptor_helper.hpp:8:
/home/hotaisle/metalOps/repos/fleet-chiplet-megakernel/python/mirage/../../deps/composable_kernel/include/ck_tile/host/host_tensor.hpp:21:34: warning: unknown warning group '-Wlifetime-safety-intra-tu-suggestions', ignored [-Wunknown-warning-option]
   21 | #pragma clang diagnostic ignored "-Wlifetime-safety-intra-tu-suggestions"
      |                                  ^
15 warnings generated when compiling for gfx942.
In file included from ./permanent_output_dir/test.cu:6:
In file included from /home/hotaisle/metalOps/repos/fleet-chiplet-megakernel/python/mirage/../../include/mirage/persistent_kernel/persistent_kernel.cuh:37:
In file included from /home/hotaisle/metalOps/repos/fleet-chiplet-megakernel/python/mirage/../../include/mirage/persistent_kernel/tasks/mi300/task_header.cuh:28:
In file included from /home/hotaisle/metalOps/repos/fleet-chiplet-megakernel/python/mirage/../../include/mirage/persistent_kernel/tasks/mi300/silu_mul_linear_mi300.cuh:19:
In file included from /home/hotaisle/metalOps/repos/fleet-chiplet-megakernel/python/mirage/../../include/mirage/persistent_kernel/tasks/mi300/linear_ck_mi300.cuh:18:
In file included from /home/hotaisle/metalOps/repos/fleet-chiplet-megakernel/python/mirage/../../deps/composable_kernel/include/ck_tile/core.hpp:5:
In file included from /home/hotaisle/metalOps/repos/fleet-chiplet-megakernel/python/mirage/../../deps/composable_kernel/include/ck_tile/core/algorithm/cluster_descriptor.hpp:7:
In file included from /home/hotaisle/metalOps/repos/fleet-chiplet-megakernel/python/mirage/../../deps/composable_kernel/include/ck_tile/core/algorithm/coordinate_transform.hpp:7:
In file included from /home/hotaisle/metalOps/repos/fleet-chiplet-megakernel/python/mirage/../../deps/composable_kernel/include/ck_tile/core/container/multi_index.hpp:7:
In file included from /home/hotaisle/metalOps/repos/fleet-chiplet-megakernel/python/mirage/../../deps/composable_kernel/include/ck_tile/core/container/array.hpp:13:
In file included from /home/hotaisle/metalOps/repos/fleet-chiplet-megakernel/python/mirage/../../deps/composable_kernel/include/ck_tile/core/utility/functional.hpp:9:
In file included from /home/hotaisle/metalOps/repos/fleet-chiplet-megakernel/python/mirage/../../deps/composable_kernel/include/ck_tile/core/container/sequence.hpp:10:
In file included from /home/hotaisle/metalOps/repos/fleet-chiplet-megakernel/python/mirage/../../deps/composable_kernel/include/ck_tile/core/numeric/math.hpp:512:
In file included from /home/hotaisle/metalOps/repos/fleet-chiplet-megakernel/python/mirage/../../deps/composable_kernel/include/ck_tile/core/numeric/type_convert.hpp:74:
/home/hotaisle/metalOps/repos/fleet-chiplet-megakernel/python/mirage/../../deps/composable_kernel/include/ck_tile/core/numeric/pk_fp4.hpp:13:34: warning: unknown warning group '-Wlifetime-safety-intra-tu-suggestions', ignored [-Wunknown-warning-option]
   13 | #pragma clang diagnostic ignored "-Wlifetime-safety-intra-tu-suggestions"
      |                                  ^
In file included from ./permanent_output_dir/test.cu:6:
In file included from /home/hotaisle/metalOps/repos/fleet-chiplet-megakernel/python/mirage/../../include/mirage/persistent_kernel/persistent_kernel.cuh:37:
In file included from /home/hotaisle/metalOps/repos/fleet-chiplet-megakernel/python/mirage/../../include/mirage/persistent_kernel/tasks/mi300/task_header.cuh:28:
In file included from /home/hotaisle/metalOps/repos/fleet-chiplet-megakernel/python/mirage/../../include/mirage/persistent_kernel/tasks/mi300/silu_mul_linear_mi300.cuh:19:
In file included from /home/hotaisle/metalOps/repos/fleet-chiplet-megakernel/python/mirage/../../include/mirage/persistent_kernel/tasks/mi300/linear_ck_mi300.cuh:18:
In file included from /home/hotaisle/metalOps/repos/fleet-chiplet-megakernel/python/mirage/../../deps/composable_kernel/include/ck_tile/core.hpp:5:
In file included from /home/hotaisle/metalOps/repos/fleet-chiplet-megakernel/python/mirage/../../deps/composable_kernel/include/ck_tile/core/algorithm/cluster_descriptor.hpp:7:
In file included from /home/hotaisle/metalOps/repos/fleet-chiplet-megakernel/python/mirage/../../deps/composable_kernel/include/ck_tile/core/algorithm/coordinate_transform.hpp:7:
In file included from /home/hotaisle/metalOps/repos/fleet-chiplet-megakernel/python/mirage/../../deps/composable_kernel/include/ck_tile/core/container/multi_index.hpp:7:
In file included from /home/hotaisle/metalOps/repos/fleet-chiplet-megakernel/python/mirage/../../deps/composable_kernel/include/ck_tile/core/container/array.hpp:13:
/home/hotaisle/metalOps/repos/fleet-chiplet-megakernel/python/mirage/../../deps/composable_kernel/include/ck_tile/core/utility/functional.hpp:14:34: warning: unknown warning group '-Wlifetime-safety-intra-tu-suggestions', ignored [-Wunknown-warning-option]
   14 | #pragma clang diagnostic ignored "-Wlifetime-safety-intra-tu-suggestions"
      |                                  ^
In file included from ./permanent_output_dir/test.cu:6:
In file included from /home/hotaisle/metalOps/repos/fleet-chiplet-megakernel/python/mirage/../../include/mirage/persistent_kernel/persistent_kernel.cuh:37:
In file included from /home/hotaisle/metalOps/repos/fleet-chiplet-megakernel/python/mirage/../../include/mirage/persistent_kernel/tasks/mi300/task_header.cuh:28:
In file included from /home/hotaisle/metalOps/repos/fleet-chiplet-megakernel/python/mirage/../../include/mirage/persistent_kernel/tasks/mi300/silu_mul_linear_mi300.cuh:19:
In file included from /home/hotaisle/metalOps/repos/fleet-chiplet-megakernel/python/mirage/../../include/mirage/persistent_kernel/tasks/mi300/linear_ck_mi300.cuh:18:
In file included from /home/hotaisle/metalOps/repos/fleet-chiplet-megakernel/python/mirage/../../deps/composable_kernel/include/ck_tile/core.hpp:5:
In file included from /home/hotaisle/metalOps/repos/fleet-chiplet-megakernel/python/mirage/../../deps/composable_kernel/include/ck_tile/core/algorithm/cluster_descriptor.hpp:7:
In file included from /home/hotaisle/metalOps/repos/fleet-chiplet-megakernel/python/mirage/../../deps/composable_kernel/include/ck_tile/core/algorithm/coordinate_transform.hpp:7:
In file included from /home/hotaisle/metalOps/repos/fleet-chiplet-megakernel/python/mirage/../../deps/composable_kernel/include/ck_tile/core/container/multi_index.hpp:9:
/home/hotaisle/metalOps/repos/fleet-chiplet-megakernel/python/mirage/../../deps/composable_kernel/include/ck_tile/core/container/tuple.hpp:17:34: warning: unknown warning group '-Wlifetime-safety-intra-tu-suggestions', ignored [-Wunknown-warning-option]
   17 | #pragma clang diagnostic ignored "-Wlifetime-safety-intra-tu-suggestions"
      |                                  ^
In file included from ./permanent_output_dir/test.cu:6:
In file included from /home/hotaisle/metalOps/repos/fleet-chiplet-megakernel/python/mirage/../../include/mirage/persistent_kernel/persistent_kernel.cuh:37:
In file included from /home/hotaisle/metalOps/repos/fleet-chiplet-megakernel/python/mirage/../../include/mirage/persistent_kernel/tasks/mi300/task_header.cuh:28:
In file included from /home/hotaisle/metalOps/repos/fleet-chiplet-megakernel/python/mirage/../../include/mirage/persistent_kernel/tasks/mi300/silu_mul_linear_mi300.cuh:19:
In file included from /home/hotaisle/metalOps/repos/fleet-chiplet-megakernel/python/mirage/../../include/mirage/persistent_kernel/tasks/mi300/linear_ck_mi300.cuh:18:
In file included from /home/hotaisle/metalOps/repos/fleet-chiplet-megakernel/python/mirage/../../deps/composable_kernel/include/ck_tile/core.hpp:5:
In file included from /home/hotaisle/metalOps/repos/fleet-chiplet-megakernel/python/mirage/../../deps/composable_kernel/include/ck_tile/core/algorithm/cluster_descriptor.hpp:7:
In file included from /home/hotaisle/metalOps/repos/fleet-chiplet-megakernel/python/mirage/../../deps/composable_kernel/include/ck_tile/core/algorithm/coordinate_transform.hpp:8:
In file included from /home/hotaisle/metalOps/repos/fleet-chiplet-megakernel/python/mirage/../../deps/composable_kernel/include/ck_tile/core/container/container_helper.hpp:8:
/home/hotaisle/metalOps/repos/fleet-chiplet-megakernel/python/mirage/../../deps/composable_kernel/include/ck_tile/core/container/map.hpp:12:34: warning: unknown warning group '-Wlifetime-safety-intra-tu-suggestions', ignored [-Wunknown-warning-option]
   12 | #pragma clang diagnostic ignored "-Wlifetime-safety-intra-tu-suggestions"
      |                                  ^
In file included from ./permanent_output_dir/test.cu:6:
In file included from /home/hotaisle/metalOps/repos/fleet-chiplet-megakernel/python/mirage/../../include/mirage/persistent_kernel/persistent_kernel.cuh:37:
In file included from /home/hotaisle/metalOps/repos/fleet-chiplet-megakernel/python/mirage/../../include/mirage/persistent_kernel/tasks/mi300/task_header.cuh:28:
In file included from /home/hotaisle/metalOps/repos/fleet-chiplet-megakernel/python/mirage/../../include/mirage/persistent_kernel/tasks/mi300/silu_mul_linear_mi300.cuh:19:
In file included from /home/hotaisle/metalOps/repos/fleet-chiplet-megakernel/python/mirage/../../include/mirage/persistent_kernel/tasks/mi300/linear_ck_mi300.cuh:18:
In file included from /home/hotaisle/metalOps/repos/fleet-chiplet-megakernel/python/mirage/../../deps/composable_kernel/include/ck_tile/core.hpp:5:
In file included from /home/hotaisle/metalOps/repos/fleet-chiplet-megakernel/python/mirage/../../deps/composable_kernel/include/ck_tile/core/algorithm/cluster_descriptor.hpp:7:
/home/hotaisle/metalOps/repos/fleet-chiplet-megakernel/python/mirage/../../deps/composable_kernel/include/ck_tile/core/algorithm/coordinate_transform.hpp:15:34: warning: unknown warning group '-Wlifetime-safety-intra-tu-suggestions', ignored [-Wunknown-warning-option]
   15 | #pragma clang diagnostic ignored "-Wlifetime-safety-intra-tu-suggestions"
      |                                  ^
In file included from ./permanent_output_dir/test.cu:6:
In file included from /home/hotaisle/metalOps/repos/fleet-chiplet-megakernel/python/mirage/../../include/mirage/persistent_kernel/persistent_kernel.cuh:37:
In file included from /home/hotaisle/metalOps/repos/fleet-chiplet-megakernel/python/mirage/../../include/mirage/persistent_kernel/tasks/mi300/task_header.cuh:28:
In file included from /home/hotaisle/metalOps/repos/fleet-chiplet-megakernel/python/mirage/../../include/mirage/persistent_kernel/tasks/mi300/silu_mul_linear_mi300.cuh:19:
In file included from /home/hotaisle/metalOps/repos/fleet-chiplet-megakernel/python/mirage/../../include/mirage/persistent_kernel/tasks/mi300/linear_ck_mi300.cuh:18:
In file included from /home/hotaisle/metalOps/repos/fleet-chiplet-megakernel/python/mirage/../../deps/composable_kernel/include/ck_tile/core.hpp:5:
In file included from /home/hotaisle/metalOps/repos/fleet-chiplet-megakernel/python/mirage/../../deps/composable_kernel/include/ck_tile/core/algorithm/cluster_descriptor.hpp:8:
/home/hotaisle/metalOps/repos/fleet-chiplet-megakernel/python/mirage/../../deps/composable_kernel/include/ck_tile/core/tensor/tensor_adaptor.hpp:16:34: warning: unknown warning group '-Wlifetime-safety-intra-tu-suggestions', ignored [-Wunknown-warning-option]
   16 | #pragma clang diagnostic ignored "-Wlifetime-safety-intra-tu-suggestions"
      |                                  ^
In file included from ./permanent_output_dir/test.cu:6:
In file included from /home/hotaisle/metalOps/repos/fleet-chiplet-megakernel/python/mirage/../../include/mirage/persistent_kernel/persistent_kernel.cuh:37:
In file included from /home/hotaisle/metalOps/repos/fleet-chiplet-megakernel/python/mirage/../../include/mirage/persistent_kernel/tasks/mi300/task_header.cuh:28:
In file included from /home/hotaisle/metalOps/repos/fleet-chiplet-megakernel/python/mirage/../../include/mirage/persistent_kernel/tasks/mi300/silu_mul_linear_mi300.cuh:19:
In file included from /home/hotaisle/metalOps/repos/fleet-chiplet-megakernel/python/mirage/../../include/mirage/persistent_kernel/tasks/mi300/linear_ck_mi300.cuh:18:
In file included from /home/hotaisle/metalOps/repos/fleet-chiplet-megakernel/python/mirage/../../deps/composable_kernel/include/ck_tile/core.hpp:9:
In file included from /home/hotaisle/metalOps/repos/fleet-chiplet-megakernel/python/mirage/../../deps/composable_kernel/include/ck_tile/core/algorithm/static_encoding_pattern.hpp:73:
In file included from /home/hotaisle/metalOps/repos/fleet-chiplet-megakernel/python/mirage/../../deps/composable_kernel/include/ck_tile/core/arch/arch.hpp:13:
In file included from /home/hotaisle/metalOps/repos/fleet-chiplet-megakernel/python/mirage/../../deps/composable_kernel/include/ck_tile/core/arch/amd_buffer_addressing_builtins.hpp:12:
In file included from /home/hotaisle/metalOps/repos/fleet-chiplet-megakernel/python/mirage/../../deps/composable_kernel/include/ck_tile/core/numeric/vector_type.hpp:15:
/home/hotaisle/metalOps/repos/fleet-chiplet-megakernel/python/mirage/../../deps/composable_kernel/include/ck_tile/core/numeric/e8m0.hpp:10:34: warning: unknown warning group '-Wlifetime-safety-intra-tu-suggestions', ignored [-Wunknown-warning-option]
   10 | #pragma clang diagnostic ignored "-Wlifetime-safety-intra-tu-suggestions"
      |                                  ^
In file included from ./permanent_output_dir/test.cu:6:
In file included from /home/hotaisle/metalOps/repos/fleet-chiplet-megakernel/python/mirage/../../include/mirage/persistent_kernel/persistent_kernel.cuh:37:
In file included from /home/hotaisle/metalOps/repos/fleet-chiplet-megakernel/python/mirage/../../include/mirage/persistent_kernel/tasks/mi300/task_header.cuh:28:
In file included from /home/hotaisle/metalOps/repos/fleet-chiplet-megakernel/python/mirage/../../include/mirage/persistent_kernel/tasks/mi300/silu_mul_linear_mi300.cuh:19:
In file included from /home/hotaisle/metalOps/repos/fleet-chiplet-megakernel/python/mirage/../../include/mirage/persistent_kernel/tasks/mi300/linear_ck_mi300.cuh:18:
In file included from /home/hotaisle/metalOps/repos/fleet-chiplet-megakernel/python/mirage/../../deps/composable_kernel/include/ck_tile/core.hpp:9:
In file included from /home/hotaisle/metalOps/repos/fleet-chiplet-megakernel/python/mirage/../../deps/composable_kernel/include/ck_tile/core/algorithm/static_encoding_pattern.hpp:78:
In file included from /home/hotaisle/metalOps/repos/fleet-chiplet-megakernel/python/mirage/../../deps/composable_kernel/include/ck_tile/core/tensor/tile_distribution.hpp:14:
In file included from /home/hotaisle/metalOps/repos/fleet-chiplet-megakernel/python/mirage/../../deps/composable_kernel/include/ck_tile/core/tensor/tile_distribution_encoding.hpp:11:
/home/hotaisle/metalOps/repos/fleet-chiplet-megakernel/python/mirage/../../deps/composable_kernel/include/ck_tile/core/tensor/tensor_adaptor_coordinate.hpp:18:34: warning: unknown warning group '-Wlifetime-safety-intra-tu-suggestions', ignored [-Wunknown-warning-option]
   18 | #pragma clang diagnostic ignored "-Wlifetime-safety-intra-tu-suggestions"
      |                                  ^
In file included from ./permanent_output_dir/test.cu:6:
In file included from /home/hotaisle/metalOps/repos/fleet-chiplet-megakernel/python/mirage/../../include/mirage/persistent_kernel/persistent_kernel.cuh:37:
In file included from /home/hotaisle/metalOps/repos/fleet-chiplet-megakernel/python/mirage/../../include/mirage/persistent_kernel/tasks/mi300/task_header.cuh:28:
In file included from /home/hotaisle/metalOps/repos/fleet-chiplet-megakernel/python/mirage/../../include/mirage/persistent_kernel/tasks/mi300/silu_mul_linear_mi300.cuh:19:
In file included from /home/hotaisle/metalOps/repos/fleet-chiplet-megakernel/python/mirage/../../include/mirage/persistent_kernel/tasks/mi300/linear_ck_mi300.cuh:18:
In file included from /home/hotaisle/metalOps/repos/fleet-chiplet-megakernel/python/mirage/../../deps/composable_kernel/include/ck_tile/core.hpp:9:
In file included from /home/hotaisle/metalOps/repos/fleet-chiplet-megakernel/python/mirage/../../deps/composable_kernel/include/ck_tile/core/algorithm/static_encoding_pattern.hpp:78:
/home/hotaisle/metalOps/repos/fleet-chiplet-megakernel/python/mirage/../../deps/composable_kernel/include/ck_tile/core/tensor/tile_distribution.hpp:19:34: warning: unknown warning group '-Wlifetime-safety-intra-tu-suggestions', ignored [-Wunknown-warning-option]
   19 | #pragma clang diagnostic ignored "-Wlifetime-safety-intra-tu-suggestions"
      |                                  ^
In file included from ./permanent_output_dir/test.cu:6:
In file included from /home/hotaisle/metalOps/repos/fleet-chiplet-megakernel/python/mirage/../../include/mirage/persistent_kernel/persistent_kernel.cuh:37:
In file included from /home/hotaisle/metalOps/repos/fleet-chiplet-megakernel/python/mirage/../../include/mirage/persistent_kernel/tasks/mi300/task_header.cuh:28:
In file included from /home/hotaisle/metalOps/repos/fleet-chiplet-megakernel/python/mirage/../../include/mirage/persistent_kernel/tasks/mi300/silu_mul_linear_mi300.cuh:19:
In file included from /home/hotaisle/metalOps/repos/fleet-chiplet-megakernel/python/mirage/../../include/mirage/persistent_kernel/tasks/mi300/linear_ck_mi300.cuh:18:
In file included from /home/hotaisle/metalOps/repos/fleet-chiplet-megakernel/python/mirage/../../deps/composable_kernel/include/ck_tile/core.hpp:16:
/home/hotaisle/metalOps/repos/fleet-chiplet-megakernel/python/mirage/../../deps/composable_kernel/include/ck_tile/core/arch/mma/amdgcn_mma.hpp:13:34: warning: unknown warning group '-Wlifetime-safety-intra-tu-suggestions', ignored [-Wunknown-warning-option]
   13 | #pragma clang diagnostic ignored "-Wlifetime-safety-intra-tu-suggestions"
      |                                  ^
In file included from ./permanent_output_dir/test.cu:6:
In file included from /home/hotaisle/metalOps/repos/fleet-chiplet-megakernel/python/mirage/../../include/mirage/persistent_kernel/persistent_kernel.cuh:37:
In file included from /home/hotaisle/metalOps/repos/fleet-chiplet-megakernel/python/mirage/../../include/mirage/persistent_kernel/tasks/mi300/task_header.cuh:28:
In file included from /home/hotaisle/metalOps/repos/fleet-chiplet-megakernel/python/mirage/../../include/mirage/persistent_kernel/tasks/mi300/silu_mul_linear_mi300.cuh:19:
In file included from /home/hotaisle/metalOps/repos/fleet-chiplet-megakernel/python/mirage/../../include/mirage/persistent_kernel/tasks/mi300/linear_ck_mi300.cuh:18:
In file included from /home/hotaisle/metalOps/repos/fleet-chiplet-megakernel/python/mirage/../../deps/composable_kernel/include/ck_tile/core.hpp:16:
In file included from /home/hotaisle/metalOps/repos/fleet-chiplet-megakernel/python/mirage/../../deps/composable_kernel/include/ck_tile/core/arch/mma/amdgcn_mma.hpp:128:
In file included from /home/hotaisle/metalOps/repos/fleet-chiplet-megakernel/python/mirage/../../deps/composable_kernel/include/ck_tile/core/arch/mma/sparse/sparse.hpp:65:
In file included from /home/hotaisle/metalOps/repos/fleet-chiplet-megakernel/python/mirage/../../deps/composable_kernel/include/ck_tile/core/arch/mma/sparse/mfma/sparse_gfx9.hpp:9:
In file included from /home/hotaisle/metalOps/repos/fleet-chiplet-megakernel/python/mirage/../../deps/composable_kernel/include/ck_tile/ops/gemm/warp/warp_gemm_smfmac_impl.hpp:8:
/home/hotaisle/metalOps/repos/fleet-chiplet-megakernel/python/mirage/../../deps/composable_kernel/include/ck_tile/core/tensor/static_distributed_tensor.hpp:18:34: warning: unknown warning group '-Wlifetime-safety-intra-tu-suggestions', ignored [-Wunknown-warning-option]
   18 | #pragma clang diagnostic ignored "-Wlifetime-safety-intra-tu-suggestions"
      |                                  ^
In file included from ./permanent_output_dir/test.cu:6:
In file included from /home/hotaisle/metalOps/repos/fleet-chiplet-megakernel/python/mirage/../../include/mirage/persistent_kernel/persistent_kernel.cuh:37:
In file included from /home/hotaisle/metalOps/repos/fleet-chiplet-megakernel/python/mirage/../../include/mirage/persistent_kernel/tasks/mi300/task_header.cuh:28:
In file included from /home/hotaisle/metalOps/repos/fleet-chiplet-megakernel/python/mirage/../../include/mirage/persistent_kernel/tasks/mi300/silu_mul_linear_mi300.cuh:19:
In file included from /home/hotaisle/metalOps/repos/fleet-chiplet-megakernel/python/mirage/../../include/mirage/persistent_kernel/tasks/mi300/linear_ck_mi300.cuh:18:
In file included from /home/hotaisle/metalOps/repos/fleet-chiplet-megakernel/python/mirage/../../deps/composable_kernel/include/ck_tile/core.hpp:64:
In file included from /home/hotaisle/metalOps/repos/fleet-chiplet-megakernel/python/mirage/../../deps/composable_kernel/include/ck_tile/core/tensor/load_tile.hpp:12:
In file included from /home/hotaisle/metalOps/repos/fleet-chiplet-megakernel/python/mirage/../../deps/composable_kernel/include/ck_tile/core/tensor/tile_window.hpp:15:
/home/hotaisle/metalOps/repos/fleet-chiplet-megakernel/python/mirage/../../deps/composable_kernel/include/ck_tile/core/tensor/tensor_view.hpp:18:34: warning: unknown warning group '-Wlifetime-safety-intra-tu-suggestions', ignored [-Wunknown-warning-option]
   18 | #pragma clang diagnostic ignored "-Wlifetime-safety-intra-tu-suggestions"
      |                                  ^
In file included from ./permanent_output_dir/test.cu:6:
In file included from /home/hotaisle/metalOps/repos/fleet-chiplet-megakernel/python/mirage/../../include/mirage/persistent_kernel/persistent_kernel.cuh:37:
In file included from /home/hotaisle/metalOps/repos/fleet-chiplet-megakernel/python/mirage/../../include/mirage/persistent_kernel/tasks/mi300/task_header.cuh:28:
In file included from /home/hotaisle/metalOps/repos/fleet-chiplet-megakernel/python/mirage/../../include/mirage/persistent_kernel/tasks/mi300/silu_mul_linear_mi300.cuh:19:
In file included from /home/hotaisle/metalOps/repos/fleet-chiplet-megakernel/python/mirage/../../include/mirage/persistent_kernel/tasks/mi300/linear_ck_mi300.cuh:18:
In file included from /home/hotaisle/metalOps/repos/fleet-chiplet-megakernel/python/mirage/../../deps/composable_kernel/include/ck_tile/core.hpp:90:
/home/hotaisle/metalOps/repos/fleet-chiplet-megakernel/python/mirage/../../deps/composable_kernel/include/ck_tile/core/utility/env.hpp:10:34: warning: unknown warning group '-Wlifetime-safety-intra-tu-suggestions', ignored [-Wunknown-warning-option]
   10 | #pragma clang diagnostic ignored "-Wlifetime-safety-intra-tu-suggestions"
      |                                  ^
In file included from ./permanent_output_dir/test.cu:6:
In file included from /home/hotaisle/metalOps/repos/fleet-chiplet-megakernel/python/mirage/../../include/mirage/persistent_kernel/persistent_kernel.cuh:37:
In file included from /home/hotaisle/metalOps/repos/fleet-chiplet-megakernel/python/mirage/../../include/mirage/persistent_kernel/tasks/mi300/task_header.cuh:28:
In file included from /home/hotaisle/metalOps/repos/fleet-chiplet-megakernel/python/mirage/../../include/mirage/persistent_kernel/tasks/mi300/silu_mul_linear_mi300.cuh:19:
In file included from /home/hotaisle/metalOps/repos/fleet-chiplet-megakernel/python/mirage/../../include/mirage/persistent_kernel/tasks/mi300/linear_ck_mi300.cuh:19:
In file included from /home/hotaisle/metalOps/repos/fleet-chiplet-megakernel/python/mirage/../../deps/composable_kernel/include/ck_tile/ops/gemm.hpp:38:
In file included from /home/hotaisle/metalOps/repos/fleet-chiplet-megakernel/python/mirage/../../deps/composable_kernel/include/ck_tile/ops/gemm/kernel/grouped_gemm_kernel.hpp:13:
In file included from /home/hotaisle/metalOps/repos/fleet-chiplet-megakernel/python/mirage/../../deps/composable_kernel/include/ck_tile/host.hpp:5:
/home/hotaisle/metalOps/repos/fleet-chiplet-megakernel/python/mirage/../../deps/composable_kernel/include/ck_tile/host/arg_parser.hpp:17:34: warning: unknown warning group '-Wlifetime-safety-intra-tu-suggestions', ignored [-Wunknown-warning-option]
   17 | #pragma clang diagnostic ignored "-Wlifetime-safety-intra-tu-suggestions"
      |                                  ^
In file included from ./permanent_output_dir/test.cu:6:
In file included from /home/hotaisle/metalOps/repos/fleet-chiplet-megakernel/python/mirage/../../include/mirage/persistent_kernel/persistent_kernel.cuh:37:
In file included from /home/hotaisle/metalOps/repos/fleet-chiplet-megakernel/python/mirage/../../include/mirage/persistent_kernel/tasks/mi300/task_header.cuh:28:
In file included from /home/hotaisle/metalOps/repos/fleet-chiplet-megakernel/python/mirage/../../include/mirage/persistent_kernel/tasks/mi300/silu_mul_linear_mi300.cuh:19:
In file included from /home/hotaisle/metalOps/repos/fleet-chiplet-megakernel/python/mirage/../../include/mirage/persistent_kernel/tasks/mi300/linear_ck_mi300.cuh:19:
In file included from /home/hotaisle/metalOps/repos/fleet-chiplet-megakernel/python/mirage/../../deps/composable_kernel/include/ck_tile/ops/gemm.hpp:38:
In file included from /home/hotaisle/metalOps/repos/fleet-chiplet-megakernel/python/mirage/../../deps/composable_kernel/include/ck_tile/ops/gemm/kernel/grouped_gemm_kernel.hpp:13:
In file included from /home/hotaisle/metalOps/repos/fleet-chiplet-megakernel/python/mirage/../../deps/composable_kernel/include/ck_tile/host.hpp:8:
In file included from /home/hotaisle/metalOps/repos/fleet-chiplet-megakernel/python/mirage/../../deps/composable_kernel/include/ck_tile/host/convolution_host_tensor_descriptor_helper.hpp:8:
/home/hotaisle/metalOps/repos/fleet-chiplet-megakernel/python/mirage/../../deps/composable_kernel/include/ck_tile/host/host_tensor.hpp:21:34: warning: unknown warning group '-Wlifetime-safety-intra-tu-suggestions', ignored [-Wunknown-warning-option]
   21 | #pragma clang diagnostic ignored "-Wlifetime-safety-intra-tu-suggestions"
      |                                  ^
15 warnings generated when compiling for host.
Compiling megakernel using the following command line:
['/opt/rocm/bin/hipcc', '-x', 'hip', './permanent_output_dir/test.cu', '-O3', '-I/usr/include/python3.12', '-I/home/hotaisle/metalOps/repos/fleet-chiplet-megakernel/python/mirage/../../include', '-I/home/hotaisle/metalOps/repos/fleet-chiplet-megakernel/python/mirage/../../include/mirage/hip_compat', '-I/home/hotaisle/metalOps/repos/fleet-chiplet-megakernel/python/mirage/../../include/mirage/persistent_kernel', '-I/home/hotaisle/metalOps/repos/fleet-chiplet-megakernel/python/mirage/../../deps/rocblas/include', '-I/home/hotaisle/metalOps/repos/fleet-chiplet-megakernel/python/mirage/../../deps/cutlass/include', '-I/home/hotaisle/metalOps/repos/fleet-chiplet-megakernel/python/mirage/../../deps/cutlass/tools/util/include', '-I/home/hotaisle/metalOps/repos/fleet-chiplet-megakernel/python/mirage/../../deps/composable_kernel/include', '-I/opt/rocm/include', '-I/home/hotaisle/metalOps/repos/fleet-chiplet-megakernel/deps/json/include', '-DCK_TILE_FMHA_FWD_FAST_EXP2=1', '-DMAX_WORKER_PER_SCHEDULER=38', '-DMIRAGE_USE_CUTLASS_KERNEL=0', '--offload-arch=gfx942', '-L/opt/rocm/lib', '-L/opt/rocm/lib', '-lamdhip64', '-lrocblas', '-lhipblas', '-shared', '-std=c++17', '-fPIC', '-D__HIP_PLATFORM_AMD__=1', '-DMIRAGE_AMD_MI300', '-DMIRAGE_BACKEND_USE_ROCM', '-DMPK_TARGET_CC=94', '-DMPK_MAX_NUM_BATCHED_REQUESTS=1', '-DMPK_MAX_NUM_BATCHED_TOKENS=1', '-DMPK_MAX_NUM_PAGES=1', '-DMPK_PAGE_SIZE=1056', '-DMPK_MAX_SEQ_LENGTH=1056', '-o', './permanent_output_dir/test.cpython-38-x86_64-linux-gnu.so', '-DMODE_ONLINE', '-DMPK_PROFILING_NUM_ITERS=0', '-DMPK_ENABLE_TIMING', '-DMPK_ENABLE_EVENT_TIMING', '-DMPK_ENABLE_GANG_TASKS']
Finished megakernel compilation...
/0 merge=0/0 router=0/0 copy=1764/1 w2silu=0/0 lnorm=0/0 prefetch=0/0
[TASK_TIME2] worker=23 prep=0/0 attend=0/0 merge=0/0 router=0/0 copy=1804/1 w2silu=0/0 lnorm=0/0 prefetch=0/0
[TASK_TIME2] worker=95 prep=0/0 attend=0/0 merge=0/0 rout[EVENT_TIMING] 352 event firings recorded

================================================================================
PER-EVENT WALL-CLOCK TIMING (barrier-to-barrier)
================================================================================
Event TaskType              Count    Avg(us)    Min(us)    Max(us)    Std(us)
-------------------------------------------------------------------------
    1 UNKNOWN                  30      96.36      94.36     103.72       2.00
    2 UNKNOWN                  31     135.24     132.59     142.79       1.96
    3 UNKNOWN                  31       3.17       2.89       3.61       0.15
    4 UNKNOWN                  31       3.14       2.96       3.40       0.10
    5 UNKNOWN                  31       3.11       2.81       3.65       0.19
    6 UNKNOWN                  31       3.12       2.80       3.40       0.16
    7 UNKNOWN                  31       3.10       2.88       3.32       0.11
    8 UNKNOWN                  31       3.28       3.11       3.47       0.11
    9 UNKNOWN                  31       3.25       3.00       3.48       0.16
   10 UNKNOWN                  31       3.03       2.87       3.31       0.12
   11 UNKNOWN                  31       2.94       2.81       3.29       0.11

================================================================================
PER-TYPE SUMMARY (sum of avg durations across all events)
================================================================================
TaskType             Events    Total(us)  Total(ms)        %
----------------------------------------------------------
UNKNOWN                  11        259.7      0.260   100.0%
TOTAL                              259.7      0.260

Saved raw event timing to event_timing.json

empty ladder 10 x 1; mpk() 2586.9 ms for 32 iterations -> /home/hotaisle/metalOps/harness/fleet_out/E10x1_spin1000_it32_wt
er=0/0 copy=1860/1 w2silu=0/0 lnorm=0/0 prefetch=0/0
[TASK_TIME2] worker=151 prep=0/0 attend=0/0 merge=0/0 router=0/0 copy=1768/1 w2silu=0/0 lnorm=0/0 prefetch=0/0
[TASK_TIME2] worker=127 prep=0/0 attend=0/0 merge=0/0 router=0/0 copy=1724/1 w2silu=0/0 lnorm=0/0 prefetch=0/0
[TASK_TIME2] worker=31 prep=0/0 attend=0/0 merge=0/0 router=0/0 copy=1820/1 w2silu=0/0 lnorm=0/0 prefetch=0/0
[TASK_TIME2] worker=63 prep=0/0 attend=0/0 merge=0/0 router=0/0 copy=1724/1 w2silu=0/0 lnorm=0/0 prefetch=0/0
[TASK_TIME] worker=263 linear=0/0 linear_res=0/0 attn=0/0 rms=0/0 silu=0/0 fused=0/0
[TASK_TIME2] worker=271 prep=0/0 attend=0/0 merge=0/0 router=0/0 copy=0/0 w2silu=0/0 lnorm=0/0 prefetch=0/0
[TASK_TIME2] worker=239 prep=0/0 attend=0/0 merge=0/0 router=0/0 copy=1768/1 w2silu=0/0 lnorm=0/0 prefetch=0/0
[TASK_TIME2] worker=199 prep=0/0 attend=0/0 merge=0/0 router=0/0 copy=1732/1 w2silu=0/0 lnorm=0/0 prefetch=0/0
[TASK_TIME2] worker=87 prep=0/0 attend=0/0 merge=0/0 router=0/0 copy=1744/1 w2silu=0/0 lnorm=0/0 prefetch=0/0
[TASK_TIME2] worker=223 prep=0/0 attend=0/0 merge=0/0 router=0/0 copy=1912/1 w2silu=0/0 lnorm=0/0 prefetch=0/0
[TASK_TIME2] worker=47 prep=0/0 attend=0/0 merge=0/0 router=0/0 copy=1744/1 w2silu=0/0 lnorm=0/0 prefetch=0/0
[TASK_TIME2] worker=247 prep=0/0 attend=0/0 merge=0/0 router=0/0 copy=1872/1 w2silu=0/0 lnorm=0/0 prefetch=0/0
[TASK_TIME2] worker=295 prep=0/0 attend=0/0 merge=0/0 router=0/0 copy=0/0 w2silu=0/0 lnorm=0/0 prefetch=0/0
[TASK_TIME2] worker=15 prep=0/0 attend=0/0 merge=0/0 router=0/0 copy=1800/1 w2silu=0/0 lnorm=0/0 prefetch=0/0
[TASK_TIME2] worker=279 prep=0/0 attend=0/0 merge=0/0 router=0/0 copy=0/0 w2silu=0/0 lnorm=0/0 prefetch=0/0
[TASK_TIME2] worker=191 prep=0/0 attend=0/0 merge=0/0 router=0/0 copy=1744/1 w2silu=0/0 lnorm=0/0 prefetch=0/0
[TASK_TIME2] worker=143 prep=0/0 attend=0/0 merge=0/0 router=0/0 copy=1840/1 w2silu=0/0 lnorm=0/0 prefetch=0/0
[TASK_TIME2] worker=71 prep=0/0 attend=0/0 merge=0/0 router=0/0 copy=1708/1 w2silu=0/0 lnorm=0/0 prefetch=0/0
[TASK_TIME2] worker=287 prep=0/0 attend=0/0 merge=0/0 router=0/0 copy=0/0 w2silu=0/0 lnorm=0/0 prefetch=0/0
[TASK_TIME2] worker=79 prep=0/0 attend=0/0 merge=0/0 router=0/0 copy=1832/1 w2silu=0/0 lnorm=0/0 prefetch=0/0
[TASK_TIME2] worker=55 prep=0/0 attend=0/0 merge=0/0 router=0/0 copy=1816/1 w2silu=0/0 lnorm=0/0 prefetch=0/0
[TASK_TIME2] worker=183 prep=0/0 attend=0/0 merge=0/0 router=0/0 copy=1772/1 w2silu=0/0 lnorm=0/0 prefetch=0/0
[TASK_TIME2] worker=175 prep=0/0 attend=0/0 merge=0/0 router=0/0 copy=1768/1 w2silu=0/0 lnorm=0/0 prefetch=0/0
[TASK_TIME2] worker=167 prep=0/0 attend=0/0 merge=0/0 router=0/0 copy=1904/1 w2silu=0/0 lnorm=0/0 prefetch=0/0
[TASK_TIME2] worker=119 prep=0/0 attend=0/0 merge=0/0 router=0/0 copy=1832/1 w2silu=0/0 lnorm=0/0 prefetch=0/0
[TASK_TIME2] worker=135 prep=0/0 attend=0/0 merge=0/0 router=0/0 copy=1636/1 w2silu=0/0 lnorm=0/0 prefetch=0/0
[TASK_TIME2] worker=255 prep=0/0 attend=0/0 merge=0/0 router=0/0 copy=1744/1 w2silu=0/0 lnorm=0/0 prefetch=0/0
[TASK_TIME2] worker=231 prep=0/0 attend=0/0 merge=0/0 router=0/0 copy=1880/1 w2silu=0/0 lnorm=0/0 prefetch=0/0
[TASK_TIME2] worker=103 prep=0/0 attend=0/0 merge=0/0 router=0/0 copy=1836/1 w2silu=0/0 lnorm=0/0 prefetch=0/0
[TASK_TIME2] worker=207 prep=0/0 attend=0/0 merge=0/0 router=0/0 copy=1880/1 w2silu=0/0 lnorm=0/0 prefetch=0/0
[TASK_TIME2] worker=7 prep=0/0 attend=0/0 merge=0/0 router=0/0 copy=2308/1 w2silu=0/0 lnorm=0/0 prefetch=0/0
[TASK_TIME2] worker=159 prep=0/0 attend=0/0 merge=0/0 router=0/0 copy=1860/1 w2silu=0/0 lnorm=0/0 prefetch=0/0
[TASK_TIME2] worker=263 prep=0/0 attend=0/0 merge=0/0 router=0/0 copy=0/0 w2silu=0/0 lnorm=0/0 prefetch=0/0
