[EVENT_TIMING] 736 event firings recorded

================================================================================
PER-EVENT WALL-CLOCK TIMING (barrier-to-barrier)
================================================================================
Event TaskType              Count    Avg(us)    Min(us)    Max(us)    Std(us)
-------------------------------------------------------------------------
    1 UNKNOWN                  30     169.03       8.48     235.16      45.84
    2 UNKNOWN                  31      14.25      13.39      15.19       0.42
    3 UNKNOWN                  31       3.91       3.67       4.11       0.11
    4 UNKNOWN                  31      24.83      23.46      26.92       0.90
    5 UNKNOWN                  31     216.27     211.42     220.66       1.90
    6 UNKNOWN                  31      45.77      45.14      46.10       0.24
    7 UNKNOWN                  31      24.60      20.97      25.76       0.83
    8 UNKNOWN                  31      13.24      12.61      13.82       0.27
    9 UNKNOWN                  31       4.14       3.29       4.84       0.57
   10 UNKNOWN                  31      33.88      32.76      35.35       0.75
   11 UNKNOWN                  31      50.25      48.88      52.12       0.67
   12 UNKNOWN                  31       3.83       3.28       4.32       0.32
   13 UNKNOWN                  31      13.01      12.12      13.79       0.38
   14 UNKNOWN                  31     214.55     212.01     217.76       1.72
   15 UNKNOWN                  31      45.66      45.22      46.04       0.24
   16 UNKNOWN                  31      21.84      21.37      22.52       0.30
   17 UNKNOWN                  31      13.03      12.26      13.92       0.34
   18 UNKNOWN                  31       3.41       3.28       3.65       0.11
   19 UNKNOWN                  31      24.67      23.28      26.52       1.00
   20 UNKNOWN                  31      40.44      38.70      42.27       1.11
   21 UNKNOWN                  31       4.44       3.54       6.25       0.83
   22 UNKNOWN                  31      21.14      18.73      22.16       0.83
   23 UNKNOWN                  31       2.94       2.80       3.47       0.13

================================================================================
PER-TYPE SUMMARY (sum of avg durations across all events)
================================================================================
TaskType             Events    Total(us)  Total(ms)        %
----------------------------------------------------------
UNKNOWN                  23       1009.1      1.009   100.0%
TOTAL                             1009.1      1.009

Saved raw event timing to event_timing.json
