[EVENT_TIMING] 608 event firings recorded

================================================================================
PER-EVENT WALL-CLOCK TIMING (barrier-to-barrier)
================================================================================
Event TaskType              Count    Avg(us)    Min(us)    Max(us)    Std(us)
-------------------------------------------------------------------------
    1 UNKNOWN                  30     146.16       7.80     214.64      76.68
    2 UNKNOWN                  31      11.10      10.00      13.62       0.65
    3 UNKNOWN                  31      24.47      21.00      25.82       0.96
    4 UNKNOWN                  31       8.73       8.25       9.51       0.28
    5 UNKNOWN                  31      11.27      10.67      11.62       0.23
    6 UNKNOWN                  31      22.04      21.32      23.50       0.56
    7 UNKNOWN                  31       8.31       7.18       9.88       0.81
    8 UNKNOWN                  31       3.90       3.23       4.73       0.44
    9 UNKNOWN                  31      34.96      32.98      36.27       0.71
   10 UNKNOWN                  31      50.78      49.88      51.94       0.50
   11 UNKNOWN                  31      11.23      10.54      12.28       0.46
   12 UNKNOWN                  31       8.69       7.92      10.95       0.53
   13 UNKNOWN                  31      11.18      10.83      11.58       0.19
   14 UNKNOWN                  31      22.02      21.09      23.62       0.71
   15 UNKNOWN                  31       8.17       6.48      10.32       1.28
   16 UNKNOWN                  31      15.51      13.71      16.81       1.14
   17 UNKNOWN                  31      36.61      34.36      39.72       1.44
   18 UNKNOWN                  31      22.16      20.59      23.31       0.76
   19 UNKNOWN                  31       3.13       2.95       4.24       0.21

================================================================================
PER-TYPE SUMMARY (sum of avg durations across all events)
================================================================================
TaskType             Events    Total(us)  Total(ms)        %
----------------------------------------------------------
UNKNOWN                  19        460.4      0.460   100.0%
TOTAL                              460.4      0.460

Saved raw event timing to event_timing.json
