[EVENT_TIMING] 608 event firings recorded

================================================================================
PER-EVENT WALL-CLOCK TIMING (barrier-to-barrier)
================================================================================
Event TaskType              Count    Avg(us)    Min(us)    Max(us)    Std(us)
-------------------------------------------------------------------------
    1 UNKNOWN                  30     159.34       8.36     213.80      75.71
    2 UNKNOWN                  31      12.52      10.31      14.59       1.04
    3 UNKNOWN                  31      24.68      22.23      27.07       1.22
    4 UNKNOWN                  31       9.91       9.41      10.89       0.36
    5 UNKNOWN                  31      13.41      12.25      14.14       0.50
    6 UNKNOWN                  31      15.83      15.29      16.30       0.23
    7 UNKNOWN                  31       8.77       8.22       9.25       0.22
    8 UNKNOWN                  31       4.25       3.61       4.75       0.35
    9 UNKNOWN                  31      34.11      33.37      34.70       0.34
   10 UNKNOWN                  31      50.86      50.44      51.68       0.29
   11 UNKNOWN                  31      12.17      11.64      13.30       0.37
   12 UNKNOWN                  31       9.47       8.82      10.79       0.45
   13 UNKNOWN                  31      13.02      12.49      13.73       0.33
   14 UNKNOWN                  31      15.65      14.85      16.06       0.28
   15 UNKNOWN                  31       8.07       7.65       8.34       0.19
   16 UNKNOWN                  31      15.67      14.75      16.54       0.41
   17 UNKNOWN                  31      42.98      42.17      45.05       0.55
   18 UNKNOWN                  31      23.68      22.80      24.57       0.40
   19 UNKNOWN                  31       4.15       3.94       4.34       0.11

================================================================================
PER-TYPE SUMMARY (sum of avg durations across all events)
================================================================================
TaskType             Events    Total(us)  Total(ms)        %
----------------------------------------------------------
UNKNOWN                  19        478.5      0.479   100.0%
TOTAL                              478.5      0.479

Saved raw event timing to event_timing.json
