[EVENT_TIMING] 608 event firings recorded

================================================================================
PER-EVENT WALL-CLOCK TIMING (barrier-to-barrier)
================================================================================
Event TaskType              Count    Avg(us)    Min(us)    Max(us)    Std(us)
-------------------------------------------------------------------------
    1 UNKNOWN                  30     167.54       7.76     224.44      71.59
    2 UNKNOWN                  31      11.70      10.58      13.18       0.48
    3 UNKNOWN                  31      18.10      16.40      19.52       0.67
    4 UNKNOWN                  31       9.70       9.10      11.90       0.46
    5 UNKNOWN                  31      11.27      10.96      11.64       0.16
    6 UNKNOWN                  31      21.77      21.12      23.40       0.50
    7 UNKNOWN                  31      10.88      10.31      12.41       0.52
    8 UNKNOWN                  31       4.08       3.28       4.97       0.55
    9 UNKNOWN                  31      33.64      32.24      35.16       0.78
   10 UNKNOWN                  31      50.58      49.14      51.88       0.73
   11 UNKNOWN                  31      15.93      15.55      16.32       0.18
   12 UNKNOWN                  31       9.61       9.26      10.00       0.19
   13 UNKNOWN                  31      11.26      10.92      11.65       0.16
   14 UNKNOWN                  31      21.42      20.87      22.91       0.39
   15 UNKNOWN                  31      10.84       9.58      12.84       0.85
   16 UNKNOWN                  31      16.79      16.08      17.44       0.34
   17 UNKNOWN                  31      40.43      38.36      42.71       1.02
   18 UNKNOWN                  31      34.68      32.65      36.74       1.12
   19 UNKNOWN                  31       3.06       2.81       4.32       0.26

================================================================================
PER-TYPE SUMMARY (sum of avg durations across all events)
================================================================================
TaskType             Events    Total(us)  Total(ms)        %
----------------------------------------------------------
UNKNOWN                  19        503.3      0.503   100.0%
TOTAL                              503.3      0.503

Saved raw event timing to event_timing.json
