[EVENT_TIMING] 992 event firings recorded

================================================================================
PER-EVENT WALL-CLOCK TIMING (barrier-to-barrier)
================================================================================
Event TaskType              Count    Avg(us)    Min(us)    Max(us)    Std(us)
-------------------------------------------------------------------------
    1 UNKNOWN                  30     198.13     190.68     217.48       5.50
    2 UNKNOWN                  31      14.09      12.92      15.24       0.67
    3 UNKNOWN                  31      16.43      14.72      17.68       0.76
    4 UNKNOWN                  31       9.65       9.21      10.25       0.23
    5 UNKNOWN                  31      12.23      11.48      13.04       0.37
    6 UNKNOWN                  31      15.06      14.47      15.54       0.29
    7 UNKNOWN                  31       7.82       7.18       8.64       0.33
    8 UNKNOWN                  31       4.28       3.44       4.92       0.50
    9 UNKNOWN                  31      34.77      32.74      36.54       1.00
   10 UNKNOWN                  31      50.50      49.39      51.84       0.76
   11 UNKNOWN                  31      13.39      13.07      13.81       0.18
   12 UNKNOWN                  31       9.18       8.59      10.00       0.29
   13 UNKNOWN                  31      12.42      11.76      13.32       0.36
   14 UNKNOWN                  31      15.23      14.77      15.56       0.20
   15 UNKNOWN                  31       6.97       6.75       7.40       0.16
   16 UNKNOWN                  31      15.73      14.09      17.61       1.11
   17 UNKNOWN                  31      42.88      38.60      46.08       1.73
   18 UNKNOWN                  31      22.98      21.38      24.84       1.10
   19 UNKNOWN                  31       5.60       3.95       7.16       1.02
   20 UNKNOWN                  28      18.65       0.04      75.70      31.82
   21 UNKNOWN                  30      10.06       0.03      74.18      24.92
   22 UNKNOWN                  30      14.90       0.01      75.12      29.26
   23 UNKNOWN                  29      10.36       0.01      74.28      25.27
   24 UNKNOWN                  28      15.96       0.01      74.69      29.97
   25 UNKNOWN                  28       8.17       0.04      74.06      22.59
   26 UNKNOWN                  28       2.83       0.01      72.21      13.35
   27 UNKNOWN                  30      21.68       0.04      33.39      14.98
   28 UNKNOWN                  31       8.03       0.12      33.51      13.17
   29 UNKNOWN                  31       5.11       0.03      33.63      10.67
   30 UNKNOWN                  31      15.14      14.71      15.85       0.27
   31 UNKNOWN                  31       4.98       4.88       5.15       0.07

================================================================================
PER-TYPE SUMMARY (sum of avg durations across all events)
================================================================================
TaskType             Events    Total(us)  Total(ms)        %
----------------------------------------------------------
UNKNOWN                  31        643.2      0.643   100.0%
TOTAL                              643.2      0.643

Saved raw event timing to event_timing.json
