[EVENT_TIMING] 608 event firings recorded

================================================================================
PER-EVENT WALL-CLOCK TIMING (barrier-to-barrier)
================================================================================
Event TaskType              Count    Avg(us)    Min(us)    Max(us)    Std(us)
-------------------------------------------------------------------------
    1 UNKNOWN                  30     153.21       8.40     204.04      72.57
    2 UNKNOWN                  31      11.36      10.48      13.65       0.61
    3 UNKNOWN                  31      24.89      22.07      27.44       0.92
    4 UNKNOWN                  31       9.18       8.72       9.81       0.25
    5 UNKNOWN                  31      12.73      11.86      13.40       0.33
    6 UNKNOWN                  31      15.18      14.44      15.88       0.34
    7 UNKNOWN                  31       7.79       7.11       8.48       0.34
    8 UNKNOWN                  31       4.06       3.22       4.95       0.54
    9 UNKNOWN                  31      34.92      32.69      36.21       0.87
   10 UNKNOWN                  31      50.55      49.20      52.04       0.61
   11 UNKNOWN                  31      11.36      10.68      12.55       0.47
   12 UNKNOWN                  31       8.39       7.57       9.21       0.39
   13 UNKNOWN                  31      12.35      11.72      12.83       0.26
   14 UNKNOWN                  31      15.03      14.47      15.52       0.24
   15 UNKNOWN                  31       6.94       6.53       7.39       0.18
   16 UNKNOWN                  31      15.79      14.33      17.89       0.97
   17 UNKNOWN                  31      41.07      38.28      43.19       1.46
   18 UNKNOWN                  31      21.85      20.40      24.20       0.97
   19 UNKNOWN                  31       2.87       2.69       3.68       0.16

================================================================================
PER-TYPE SUMMARY (sum of avg durations across all events)
================================================================================
TaskType             Events    Total(us)  Total(ms)        %
----------------------------------------------------------
UNKNOWN                  19        459.5      0.460   100.0%
TOTAL                              459.5      0.460

Saved raw event timing to event_timing.json
