[EVENT_TIMING] 608 event firings recorded

================================================================================
PER-EVENT WALL-CLOCK TIMING (barrier-to-barrier)
================================================================================
Event TaskType              Count    Avg(us)    Min(us)    Max(us)    Std(us)
-------------------------------------------------------------------------
    1 UNKNOWN                  30     161.51       7.88     216.64      68.99
    2 UNKNOWN                  31      11.49      10.60      13.19       0.50
    3 UNKNOWN                  31      25.10      23.44      26.64       0.73
    4 UNKNOWN                  31       9.69       9.26      10.54       0.26
    5 UNKNOWN                  31      13.22      12.24      14.04       0.45
    6 UNKNOWN                  31      15.24      14.63      15.90       0.25
    7 UNKNOWN                  31       7.83       7.28       8.36       0.30
    8 UNKNOWN                  31       4.04       3.28       5.20       0.54
    9 UNKNOWN                  31      31.47      30.04      33.92       0.79
   10 UNKNOWN                  31      50.57      49.15      51.84       0.60
   11 UNKNOWN                  31      11.38      10.69      12.27       0.39
   12 UNKNOWN                  31       9.38       8.74       9.86       0.28
   13 UNKNOWN                  31      12.97      12.38      13.42       0.25
   14 UNKNOWN                  31      15.07      14.51      15.56       0.29
   15 UNKNOWN                  31       6.94       6.47       7.42       0.26
   16 UNKNOWN                  31      16.87      14.55      17.56       0.62
   17 UNKNOWN                  31      42.77      41.21      45.71       1.27
   18 UNKNOWN                  31      22.25      20.43      24.72       1.09
   19 UNKNOWN                  31       2.96       2.72       3.76       0.26

================================================================================
PER-TYPE SUMMARY (sum of avg durations across all events)
================================================================================
TaskType             Events    Total(us)  Total(ms)        %
----------------------------------------------------------
UNKNOWN                  19        470.8      0.471   100.0%
TOTAL                              470.8      0.471

Saved raw event timing to event_timing.json
