In file included from ./permanent_output_dir/test.cu:6:
In file included from /home/hotaisle/metalOps/repos/fleet-chiplet-megakernel/python/mirage/../../include/mirage/persistent_kernel/persistent_kernel.cuh:37:
In file included from /home/hotaisle/metalOps/repos/fleet-chiplet-megakernel/python/mirage/../../include/mirage/persistent_kernel/tasks/mi300/task_header.cuh:28:
In file included from /home/hotaisle/metalOps/repos/fleet-chiplet-megakernel/python/mirage/../../include/mirage/persistent_kernel/tasks/mi300/silu_mul_linear_mi300.cuh:19:
In file included from /home/hotaisle/metalOps/repos/fleet-chiplet-megakernel/python/mirage/../../include/mirage/persistent_kernel/tasks/mi300/linear_ck_mi300.cuh:18:
In file included from /home/hotaisle/metalOps/repos/fleet-chiplet-megakernel/python/mirage/../../deps/composable_kernel/include/ck_tile/core.hpp:5:
In file included from /home/hotaisle/metalOps/repos/fleet-chiplet-megakernel/python/mirage/../../deps/composable_kernel/include/ck_tile/core/algorithm/cluster_descriptor.hpp:7:
In file included from /home/hotaisle/metalOps/repos/fleet-chiplet-megakernel/python/mirage/../../deps/composable_kernel/include/ck_tile/core/algorithm/coordinate_transform.hpp:7:
In file included from /home/hotaisle/metalOps/repos/fleet-chiplet-megakernel/python/mirage/../../deps/composable_kernel/include/ck_tile/core/container/multi_index.hpp:7:
In file included from /home/hotaisle/metalOps/repos/fleet-chiplet-megakernel/python/mirage/../../deps/composable_kernel/include/ck_tile/core/container/array.hpp:13:
In file included from /home/hotaisle/metalOps/repos/fleet-chiplet-megakernel/python/mirage/../../deps/composable_kernel/include/ck_tile/core/utility/functional.hpp:9:
In file included from /home/hotaisle/metalOps/repos/fleet-chiplet-megakernel/python/mirage/../../deps/composable_kernel/include/ck_tile/core/container/sequence.hpp:10:
In file included from /home/hotaisle/metalOps/repos/fleet-chiplet-megakernel/python/mirage/../../deps/composable_kernel/include/ck_tile/core/numeric/math.hpp:512:
In file included from /home/hotaisle/metalOps/repos/fleet-chiplet-megakernel/python/mirage/../../deps/composable_kernel/include/ck_tile/core/numeric/type_convert.hpp:74:
/home/hotaisle/metalOps/repos/fleet-chiplet-megakernel/python/mirage/../../deps/composable_kernel/include/ck_tile/core/numeric/pk_fp4.hpp:13:34: warning: unknown warning group '-Wlifetime-safety-intra-tu-suggestions', ignored [-Wunknown-warning-option]
   13 | #pragma clang diagnostic ignored "-Wlifetime-safety-intra-tu-suggestions"
      |                                  ^
In file included from ./permanent_output_dir/test.cu:6:
In file included from /home/hotaisle/metalOps/repos/fleet-chiplet-megakernel/python/mirage/../../include/mirage/persistent_kernel/persistent_kernel.cuh:37:
In file included from /home/hotaisle/metalOps/repos/fleet-chiplet-megakernel/python/mirage/../../include/mirage/persistent_kernel/tasks/mi300/task_header.cuh:28:
In file included from /home/hotaisle/metalOps/repos/fleet-chiplet-megakernel/python/mirage/../../include/mirage/persistent_kernel/tasks/mi300/silu_mul_linear_mi300.cuh:19:
In file included from /home/hotaisle/metalOps/repos/fleet-chiplet-megakernel/python/mirage/../../include/mirage/persistent_kernel/tasks/mi300/linear_ck_mi300.cuh:18:
In file included from /home/hotaisle/metalOps/repos/fleet-chiplet-megakernel/python/mirage/../../deps/composable_kernel/include/ck_tile/core.hpp:5:
In file included from /home/hotaisle/metalOps/repos/fleet-chiplet-megakernel/python/mirage/../../deps/composable_kernel/include/ck_tile/core/algorithm/cluster_descriptor.hpp:7:
In file included from /home/hotaisle/metalOps/repos/fleet-chiplet-megakernel/python/mirage/../../deps/composable_kernel/include/ck_tile/core/algorithm/coordinate_transform.hpp:7:
In file included from /home/hotaisle/metalOps/repos/fleet-chiplet-megakernel/python/mirage/../../deps/composable_kernel/include/ck_tile/core/container/multi_index.hpp:7:
In file included from /home/hotaisle/metalOps/repos/fleet-chiplet-megakernel/python/mirage/../../deps/composable_kernel/include/ck_tile/core/container/array.hpp:13:
/home/hotaisle/metalOps/repos/fleet-chiplet-megakernel/python/mirage/../../deps/composable_kernel/include/ck_tile/core/utility/functional.hpp:14:34: warning: unknown warning group '-Wlifetime-safety-intra-tu-suggestions', ignored [-Wunknown-warning-option]
   14 | #pragma clang diagnostic ignored "-Wlifetime-safety-intra-tu-suggestions"
      |                                  ^
In file included from ./permanent_output_dir/test.cu:6:
In file included from /home/hotaisle/metalOps/repos/fleet-chiplet-megakernel/python/mirage/../../include/mirage/persistent_kernel/persistent_kernel.cuh:37:
In file included from /home/hotaisle/metalOps/repos/fleet-chiplet-megakernel/python/mirage/../../include/mirage/persistent_kernel/tasks/mi300/task_header.cuh:28:
In file included from /home/hotaisle/metalOps/repos/fleet-chiplet-megakernel/python/mirage/../../include/mirage/persistent_kernel/tasks/mi300/silu_mul_linear_mi300.cuh:19:
In file included from /home/hotaisle/metalOps/repos/fleet-chiplet-megakernel/python/mirage/../../include/mirage/persistent_kernel/tasks/mi300/linear_ck_mi300.cuh:18:
In file included from /home/hotaisle/metalOps/repos/fleet-chiplet-megakernel/python/mirage/../../deps/composable_kernel/include/ck_tile/core.hpp:5:
In file included from /home/hotaisle/metalOps/repos/fleet-chiplet-megakernel/python/mirage/../../deps/composable_kernel/include/ck_tile/core/algorithm/cluster_descriptor.hpp:7:
In file included from /home/hotaisle/metalOps/repos/fleet-chiplet-megakernel/python/mirage/../../deps/composable_kernel/include/ck_tile/core/algorithm/coordinate_transform.hpp:7:
In file included from /home/hotaisle/metalOps/repos/fleet-chiplet-megakernel/python/mirage/../../deps/composable_kernel/include/ck_tile/core/container/multi_index.hpp:9:
/home/hotaisle/metalOps/repos/fleet-chiplet-megakernel/python/mirage/../../deps/composable_kernel/include/ck_tile/core/container/tuple.hpp:17:34: warning: unknown warning group '-Wlifetime-safety-intra-tu-suggestions', ignored [-Wunknown-warning-option]
   17 | #pragma clang diagnostic ignored "-Wlifetime-safety-intra-tu-suggestions"
      |                                  ^
In file included from ./permanent_output_dir/test.cu:6:
In file included from /home/hotaisle/metalOps/repos/fleet-chiplet-megakernel/python/mirage/../../include/mirage/persistent_kernel/persistent_kernel.cuh:37:
In file included from /home/hotaisle/metalOps/repos/fleet-chiplet-megakernel/python/mirage/../../include/mirage/persistent_kernel/tasks/mi300/task_header.cuh:28:
In file included from /home/hotaisle/metalOps/repos/fleet-chiplet-megakernel/python/mirage/../../include/mirage/persistent_kernel/tasks/mi300/silu_mul_linear_mi300.cuh:19:
In file included from /home/hotaisle/metalOps/repos/fleet-chiplet-megakernel/python/mirage/../../include/mirage/persistent_kernel/tasks/mi300/linear_ck_mi300.cuh:18:
In file included from /home/hotaisle/metalOps/repos/fleet-chiplet-megakernel/python/mirage/../../deps/composable_kernel/include/ck_tile/core.hpp:5:
In file included from /home/hotaisle/metalOps/repos/fleet-chiplet-megakernel/python/mirage/../../deps/composable_kernel/include/ck_tile/core/algorithm/cluster_descriptor.hpp:7:
In file included from /home/hotaisle/metalOps/repos/fleet-chiplet-megakernel/python/mirage/../../deps/composable_kernel/include/ck_tile/core/algorithm/coordinate_transform.hpp:8:
In file included from /home/hotaisle/metalOps/repos/fleet-chiplet-megakernel/python/mirage/../../deps/composable_kernel/include/ck_tile/core/container/container_helper.hpp:8:
/home/hotaisle/metalOps/repos/fleet-chiplet-megakernel/python/mirage/../../deps/composable_kernel/include/ck_tile/core/container/map.hpp:12:34: warning: unknown warning group '-Wlifetime-safety-intra-tu-suggestions', ignored [-Wunknown-warning-option]
   12 | #pragma clang diagnostic ignored "-Wlifetime-safety-intra-tu-suggestions"
      |                                  ^
In file included from ./permanent_output_dir/test.cu:6:
In file included from /home/hotaisle/metalOps/repos/fleet-chiplet-megakernel/python/mirage/../../include/mirage/persistent_kernel/persistent_kernel.cuh:37:
In file included from /home/hotaisle/metalOps/repos/fleet-chiplet-megakernel/python/mirage/../../include/mirage/persistent_kernel/tasks/mi300/task_header.cuh:28:
In file included from /home/hotaisle/metalOps/repos/fleet-chiplet-megakernel/python/mirage/../../include/mirage/persistent_kernel/tasks/mi300/silu_mul_linear_mi300.cuh:19:
In file included from /home/hotaisle/metalOps/repos/fleet-chiplet-megakernel/python/mirage/../../include/mirage/persistent_kernel/tasks/mi300/linear_ck_mi300.cuh:18:
In file included from /home/hotaisle/metalOps/repos/fleet-chiplet-megakernel/python/mirage/../../deps/composable_kernel/include/ck_tile/core.hpp:5:
In file included from /home/hotaisle/metalOps/repos/fleet-chiplet-megakernel/python/mirage/../../deps/composable_kernel/include/ck_tile/core/algorithm/cluster_descriptor.hpp:7:
/home/hotaisle/metalOps/repos/fleet-chiplet-megakernel/python/mirage/../../deps/composable_kernel/include/ck_tile/core/algorithm/coordinate_transform.hpp:15:34: warning: unknown warning group '-Wlifetime-safety-intra-tu-suggestions', ignored [-Wunknown-warning-option]
   15 | #pragma clang diagnostic ignored "-Wlifetime-safety-intra-tu-suggestions"
      |                                  ^
In file included from ./permanent_output_dir/test.cu:6:
In file included from /home/hotaisle/metalOps/repos/fleet-chiplet-megakernel/python/mirage/../../include/mirage/persistent_kernel/persistent_kernel.cuh:37:
In file included from /home/hotaisle/metalOps/repos/fleet-chiplet-megakernel/python/mirage/../../include/mirage/persistent_kernel/tasks/mi300/task_header.cuh:28:
In file included from /home/hotaisle/metalOps/repos/fleet-chiplet-megakernel/python/mirage/../../include/mirage/persistent_kernel/tasks/mi300/silu_mul_linear_mi300.cuh:19:
In file included from /home/hotaisle/metalOps/repos/fleet-chiplet-megakernel/python/mirage/../../include/mirage/persistent_kernel/tasks/mi300/linear_ck_mi300.cuh:18:
In file included from /home/hotaisle/metalOps/repos/fleet-chiplet-megakernel/python/mirage/../../deps/composable_kernel/include/ck_tile/core.hpp:5:
In file included from /home/hotaisle/metalOps/repos/fleet-chiplet-megakernel/python/mirage/../../deps/composable_kernel/include/ck_tile/core/algorithm/cluster_descriptor.hpp:8:
/home/hotaisle/metalOps/repos/fleet-chiplet-megakernel/python/mirage/../../deps/composable_kernel/include/ck_tile/core/tensor/tensor_adaptor.hpp:16:34: warning: unknown warning group '-Wlifetime-safety-intra-tu-suggestions', ignored [-Wunknown-warning-option]
   16 | #pragma clang diagnostic ignored "-Wlifetime-safety-intra-tu-suggestions"
      |                                  ^
In file included from ./permanent_output_dir/test.cu:6:
In file included from /home/hotaisle/metalOps/repos/fleet-chiplet-megakernel/python/mirage/../../include/mirage/persistent_kernel/persistent_kernel.cuh:37:
In file included from /home/hotaisle/metalOps/repos/fleet-chiplet-megakernel/python/mirage/../../include/mirage/persistent_kernel/tasks/mi300/task_header.cuh:28:
In file included from /home/hotaisle/metalOps/repos/fleet-chiplet-megakernel/python/mirage/../../include/mirage/persistent_kernel/tasks/mi300/silu_mul_linear_mi300.cuh:19:
In file included from /home/hotaisle/metalOps/repos/fleet-chiplet-megakernel/python/mirage/../../include/mirage/persistent_kernel/tasks/mi300/linear_ck_mi300.cuh:18:
In file included from /home/hotaisle/metalOps/repos/fleet-chiplet-megakernel/python/mirage/../../deps/composable_kernel/include/ck_tile/core.hpp:9:
In file included from /home/hotaisle/metalOps/repos/fleet-chiplet-megakernel/python/mirage/../../deps/composable_kernel/include/ck_tile/core/algorithm/static_encoding_pattern.hpp:73:
In file included from /home/hotaisle/metalOps/repos/fleet-chiplet-megakernel/python/mirage/../../deps/composable_kernel/include/ck_tile/core/arch/arch.hpp:13:
In file included from /home/hotaisle/metalOps/repos/fleet-chiplet-megakernel/python/mirage/../../deps/composable_kernel/include/ck_tile/core/arch/amd_buffer_addressing_builtins.hpp:12:
In file included from /home/hotaisle/metalOps/repos/fleet-chiplet-megakernel/python/mirage/../../deps/composable_kernel/include/ck_tile/core/numeric/vector_type.hpp:15:
/home/hotaisle/metalOps/repos/fleet-chiplet-megakernel/python/mirage/../../deps/composable_kernel/include/ck_tile/core/numeric/e8m0.hpp:10:34: warning: unknown warning group '-Wlifetime-safety-intra-tu-suggestions', ignored [-Wunknown-warning-option]
   10 | #pragma clang diagnostic ignored "-Wlifetime-safety-intra-tu-suggestions"
      |                                  ^
In file included from ./permanent_output_dir/test.cu:6:
In file included from /home/hotaisle/metalOps/repos/fleet-chiplet-megakernel/python/mirage/../../include/mirage/persistent_kernel/persistent_kernel.cuh:37:
In file included from /home/hotaisle/metalOps/repos/fleet-chiplet-megakernel/python/mirage/../../include/mirage/persistent_kernel/tasks/mi300/task_header.cuh:28:
In file included from /home/hotaisle/metalOps/repos/fleet-chiplet-megakernel/python/mirage/../../include/mirage/persistent_kernel/tasks/mi300/silu_mul_linear_mi300.cuh:19:
In file included from /home/hotaisle/metalOps/repos/fleet-chiplet-megakernel/python/mirage/../../include/mirage/persistent_kernel/tasks/mi300/linear_ck_mi300.cuh:18:
In file included from /home/hotaisle/metalOps/repos/fleet-chiplet-megakernel/python/mirage/../../deps/composable_kernel/include/ck_tile/core.hpp:9:
In file included from /home/hotaisle/metalOps/repos/fleet-chiplet-megakernel/python/mirage/../../deps/composable_kernel/include/ck_tile/core/algorithm/static_encoding_pattern.hpp:78:
In file included from /home/hotaisle/metalOps/repos/fleet-chiplet-megakernel/python/mirage/../../deps/composable_kernel/include/ck_tile/core/tensor/tile_distribution.hpp:14:
In file included from /home/hotaisle/metalOps/repos/fleet-chiplet-megakernel/python/mirage/../../deps/composable_kernel/include/ck_tile/core/tensor/tile_distribution_encoding.hpp:11:
/home/hotaisle/metalOps/repos/fleet-chiplet-megakernel/python/mirage/../../deps/composable_kernel/include/ck_tile/core/tensor/tensor_adaptor_coordinate.hpp:18:34: warning: unknown warning group '-Wlifetime-safety-intra-tu-suggestions', ignored [-Wunknown-warning-option]
   18 | #pragma clang diagnostic ignored "-Wlifetime-safety-intra-tu-suggestions"
      |                                  ^
In file included from ./permanent_output_dir/test.cu:6:
In file included from /home/hotaisle/metalOps/repos/fleet-chiplet-megakernel/python/mirage/../../include/mirage/persistent_kernel/persistent_kernel.cuh:37:
In file included from /home/hotaisle/metalOps/repos/fleet-chiplet-megakernel/python/mirage/../../include/mirage/persistent_kernel/tasks/mi300/task_header.cuh:28:
In file included from /home/hotaisle/metalOps/repos/fleet-chiplet-megakernel/python/mirage/../../include/mirage/persistent_kernel/tasks/mi300/silu_mul_linear_mi300.cuh:19:
In file included from /home/hotaisle/metalOps/repos/fleet-chiplet-megakernel/python/mirage/../../include/mirage/persistent_kernel/tasks/mi300/linear_ck_mi300.cuh:18:
In file included from /home/hotaisle/metalOps/repos/fleet-chiplet-megakernel/python/mirage/../../deps/composable_kernel/include/ck_tile/core.hpp:9:
In file included from /home/hotaisle/metalOps/repos/fleet-chiplet-megakernel/python/mirage/../../deps/composable_kernel/include/ck_tile/core/algorithm/static_encoding_pattern.hpp:78:
/home/hotaisle/metalOps/repos/fleet-chiplet-megakernel/python/mirage/../../deps/composable_kernel/include/ck_tile/core/tensor/tile_distribution.hpp:19:34: warning: unknown warning group '-Wlifetime-safety-intra-tu-suggestions', ignored [-Wunknown-warning-option]
   19 | #pragma clang diagnostic ignored "-Wlifetime-safety-intra-tu-suggestions"
      |                                  ^
In file included from ./permanent_output_dir/test.cu:6:
In file included from /home/hotaisle/metalOps/repos/fleet-chiplet-megakernel/python/mirage/../../include/mirage/persistent_kernel/persistent_kernel.cuh:37:
In file included from /home/hotaisle/metalOps/repos/fleet-chiplet-megakernel/python/mirage/../../include/mirage/persistent_kernel/tasks/mi300/task_header.cuh:28:
In file included from /home/hotaisle/metalOps/repos/fleet-chiplet-megakernel/python/mirage/../../include/mirage/persistent_kernel/tasks/mi300/silu_mul_linear_mi300.cuh:19:
In file included from /home/hotaisle/metalOps/repos/fleet-chiplet-megakernel/python/mirage/../../include/mirage/persistent_kernel/tasks/mi300/linear_ck_mi300.cuh:18:
In file included from /home/hotaisle/metalOps/repos/fleet-chiplet-megakernel/python/mirage/../../deps/composable_kernel/include/ck_tile/core.hpp:16:
/home/hotaisle/metalOps/repos/fleet-chiplet-megakernel/python/mirage/../../deps/composable_kernel/include/ck_tile/core/arch/mma/amdgcn_mma.hpp:13:34: warning: unknown warning group '-Wlifetime-safety-intra-tu-suggestions', ignored [-Wunknown-warning-option]
   13 | #pragma clang diagnostic ignored "-Wlifetime-safety-intra-tu-suggestions"
      |                                  ^
In file included from ./permanent_output_dir/test.cu:6:
In file included from /home/hotaisle/metalOps/repos/fleet-chiplet-megakernel/python/mirage/../../include/mirage/persistent_kernel/persistent_kernel.cuh:37:
In file included from /home/hotaisle/metalOps/repos/fleet-chiplet-megakernel/python/mirage/../../include/mirage/persistent_kernel/tasks/mi300/task_header.cuh:28:
In file included from /home/hotaisle/metalOps/repos/fleet-chiplet-megakernel/python/mirage/../../include/mirage/persistent_kernel/tasks/mi300/silu_mul_linear_mi300.cuh:19:
In file included from /home/hotaisle/metalOps/repos/fleet-chiplet-megakernel/python/mirage/../../include/mirage/persistent_kernel/tasks/mi300/linear_ck_mi300.cuh:18:
In file included from /home/hotaisle/metalOps/repos/fleet-chiplet-megakernel/python/mirage/../../deps/composable_kernel/include/ck_tile/core.hpp:16:
In file included from /home/hotaisle/metalOps/repos/fleet-chiplet-megakernel/python/mirage/../../deps/composable_kernel/include/ck_tile/core/arch/mma/amdgcn_mma.hpp:128:
In file included from /home/hotaisle/metalOps/repos/fleet-chiplet-megakernel/python/mirage/../../deps/composable_kernel/include/ck_tile/core/arch/mma/sparse/sparse.hpp:65:
In file included from /home/hotaisle/metalOps/repos/fleet-chiplet-megakernel/python/mirage/../../deps/composable_kernel/include/ck_tile/core/arch/mma/sparse/mfma/sparse_gfx9.hpp:9:
In file included from /home/hotaisle/metalOps/repos/fleet-chiplet-megakernel/python/mirage/../../deps/composable_kernel/include/ck_tile/ops/gemm/warp/warp_gemm_smfmac_impl.hpp:8:
/home/hotaisle/metalOps/repos/fleet-chiplet-megakernel/python/mirage/../../deps/composable_kernel/include/ck_tile/core/tensor/static_distributed_tensor.hpp:18:34: warning: unknown warning group '-Wlifetime-safety-intra-tu-suggestions', ignored [-Wunknown-warning-option]
   18 | #pragma clang diagnostic ignored "-Wlifetime-safety-intra-tu-suggestions"
      |                                  ^
In file included from ./permanent_output_dir/test.cu:6:
In file included from /home/hotaisle/metalOps/repos/fleet-chiplet-megakernel/python/mirage/../../include/mirage/persistent_kernel/persistent_kernel.cuh:37:
In file included from /home/hotaisle/metalOps/repos/fleet-chiplet-megakernel/python/mirage/../../include/mirage/persistent_kernel/tasks/mi300/task_header.cuh:28:
In file included from /home/hotaisle/metalOps/repos/fleet-chiplet-megakernel/python/mirage/../../include/mirage/persistent_kernel/tasks/mi300/silu_mul_linear_mi300.cuh:19:
In file included from /home/hotaisle/metalOps/repos/fleet-chiplet-megakernel/python/mirage/../../include/mirage/persistent_kernel/tasks/mi300/linear_ck_mi300.cuh:18:
In file included from /home/hotaisle/metalOps/repos/fleet-chiplet-megakernel/python/mirage/../../deps/composable_kernel/include/ck_tile/core.hpp:64:
In file included from /home/hotaisle/metalOps/repos/fleet-chiplet-megakernel/python/mirage/../../deps/composable_kernel/include/ck_tile/core/tensor/load_tile.hpp:12:
In file included from /home/hotaisle/metalOps/repos/fleet-chiplet-megakernel/python/mirage/../../deps/composable_kernel/include/ck_tile/core/tensor/tile_window.hpp:15:
/home/hotaisle/metalOps/repos/fleet-chiplet-megakernel/python/mirage/../../deps/composable_kernel/include/ck_tile/core/tensor/tensor_view.hpp:18:34: warning: unknown warning group '-Wlifetime-safety-intra-tu-suggestions', ignored [-Wunknown-warning-option]
   18 | #pragma clang diagnostic ignored "-Wlifetime-safety-intra-tu-suggestions"
      |                                  ^
In file included from ./permanent_output_dir/test.cu:6:
In file included from /home/hotaisle/metalOps/repos/fleet-chiplet-megakernel/python/mirage/../../include/mirage/persistent_kernel/persistent_kernel.cuh:37:
In file included from /home/hotaisle/metalOps/repos/fleet-chiplet-megakernel/python/mirage/../../include/mirage/persistent_kernel/tasks/mi300/task_header.cuh:28:
In file included from /home/hotaisle/metalOps/repos/fleet-chiplet-megakernel/python/mirage/../../include/mirage/persistent_kernel/tasks/mi300/silu_mul_linear_mi300.cuh:19:
In file included from /home/hotaisle/metalOps/repos/fleet-chiplet-megakernel/python/mirage/../../include/mirage/persistent_kernel/tasks/mi300/linear_ck_mi300.cuh:18:
In file included from /home/hotaisle/metalOps/repos/fleet-chiplet-megakernel/python/mirage/../../deps/composable_kernel/include/ck_tile/core.hpp:90:
/home/hotaisle/metalOps/repos/fleet-chiplet-megakernel/python/mirage/../../deps/composable_kernel/include/ck_tile/core/utility/env.hpp:10:34: warning: unknown warning group '-Wlifetime-safety-intra-tu-suggestions', ignored [-Wunknown-warning-option]
   10 | #pragma clang diagnostic ignored "-Wlifetime-safety-intra-tu-suggestions"
      |                                  ^
In file included from ./permanent_output_dir/test.cu:6:
In file included from /home/hotaisle/metalOps/repos/fleet-chiplet-megakernel/python/mirage/../../include/mirage/persistent_kernel/persistent_kernel.cuh:37:
In file included from /home/hotaisle/metalOps/repos/fleet-chiplet-megakernel/python/mirage/../../include/mirage/persistent_kernel/tasks/mi300/task_header.cuh:28:
In file included from /home/hotaisle/metalOps/repos/fleet-chiplet-megakernel/python/mirage/../../include/mirage/persistent_kernel/tasks/mi300/silu_mul_linear_mi300.cuh:19:
In file included from /home/hotaisle/metalOps/repos/fleet-chiplet-megakernel/python/mirage/../../include/mirage/persistent_kernel/tasks/mi300/linear_ck_mi300.cuh:19:
In file included from /home/hotaisle/metalOps/repos/fleet-chiplet-megakernel/python/mirage/../../deps/composable_kernel/include/ck_tile/ops/gemm.hpp:38:
In file included from /home/hotaisle/metalOps/repos/fleet-chiplet-megakernel/python/mirage/../../deps/composable_kernel/include/ck_tile/ops/gemm/kernel/grouped_gemm_kernel.hpp:13:
In file included from /home/hotaisle/metalOps/repos/fleet-chiplet-megakernel/python/mirage/../../deps/composable_kernel/include/ck_tile/host.hpp:5:
/home/hotaisle/metalOps/repos/fleet-chiplet-megakernel/python/mirage/../../deps/composable_kernel/include/ck_tile/host/arg_parser.hpp:17:34: warning: unknown warning group '-Wlifetime-safety-intra-tu-suggestions', ignored [-Wunknown-warning-option]
   17 | #pragma clang diagnostic ignored "-Wlifetime-safety-intra-tu-suggestions"
      |                                  ^
In file included from ./permanent_output_dir/test.cu:6:
In file included from /home/hotaisle/metalOps/repos/fleet-chiplet-megakernel/python/mirage/../../include/mirage/persistent_kernel/persistent_kernel.cuh:37:
In file included from /home/hotaisle/metalOps/repos/fleet-chiplet-megakernel/python/mirage/../../include/mirage/persistent_kernel/tasks/mi300/task_header.cuh:28:
In file included from /home/hotaisle/metalOps/repos/fleet-chiplet-megakernel/python/mirage/../../include/mirage/persistent_kernel/tasks/mi300/silu_mul_linear_mi300.cuh:19:
In file included from /home/hotaisle/metalOps/repos/fleet-chiplet-megakernel/python/mirage/../../include/mirage/persistent_kernel/tasks/mi300/linear_ck_mi300.cuh:19:
In file included from /home/hotaisle/metalOps/repos/fleet-chiplet-megakernel/python/mirage/../../deps/composable_kernel/include/ck_tile/ops/gemm.hpp:38:
In file included from /home/hotaisle/metalOps/repos/fleet-chiplet-megakernel/python/mirage/../../deps/composable_kernel/include/ck_tile/ops/gemm/kernel/grouped_gemm_kernel.hpp:13:
In file included from /home/hotaisle/metalOps/repos/fleet-chiplet-megakernel/python/mirage/../../deps/composable_kernel/include/ck_tile/host.hpp:8:
In file included from /home/hotaisle/metalOps/repos/fleet-chiplet-megakernel/python/mirage/../../deps/composable_kernel/include/ck_tile/host/convolution_host_tensor_descriptor_helper.hpp:8:
/home/hotaisle/metalOps/repos/fleet-chiplet-megakernel/python/mirage/../../deps/composable_kernel/include/ck_tile/host/host_tensor.hpp:21:34: warning: unknown warning group '-Wlifetime-safety-intra-tu-suggestions', ignored [-Wunknown-warning-option]
   21 | #pragma clang diagnostic ignored "-Wlifetime-safety-intra-tu-suggestions"
      |                                  ^
15 warnings generated when compiling for gfx942.
In file included from ./permanent_output_dir/test.cu:6:
In file included from /home/hotaisle/metalOps/repos/fleet-chiplet-megakernel/python/mirage/../../include/mirage/persistent_kernel/persistent_kernel.cuh:37:
In file included from /home/hotaisle/metalOps/repos/fleet-chiplet-megakernel/python/mirage/../../include/mirage/persistent_kernel/tasks/mi300/task_header.cuh:28:
In file included from /home/hotaisle/metalOps/repos/fleet-chiplet-megakernel/python/mirage/../../include/mirage/persistent_kernel/tasks/mi300/silu_mul_linear_mi300.cuh:19:
In file included from /home/hotaisle/metalOps/repos/fleet-chiplet-megakernel/python/mirage/../../include/mirage/persistent_kernel/tasks/mi300/linear_ck_mi300.cuh:18:
In file included from /home/hotaisle/metalOps/repos/fleet-chiplet-megakernel/python/mirage/../../deps/composable_kernel/include/ck_tile/core.hpp:5:
In file included from /home/hotaisle/metalOps/repos/fleet-chiplet-megakernel/python/mirage/../../deps/composable_kernel/include/ck_tile/core/algorithm/cluster_descriptor.hpp:7:
In file included from /home/hotaisle/metalOps/repos/fleet-chiplet-megakernel/python/mirage/../../deps/composable_kernel/include/ck_tile/core/algorithm/coordinate_transform.hpp:7:
In file included from /home/hotaisle/metalOps/repos/fleet-chiplet-megakernel/python/mirage/../../deps/composable_kernel/include/ck_tile/core/container/multi_index.hpp:7:
In file included from /home/hotaisle/metalOps/repos/fleet-chiplet-megakernel/python/mirage/../../deps/composable_kernel/include/ck_tile/core/container/array.hpp:13:
In file included from /home/hotaisle/metalOps/repos/fleet-chiplet-megakernel/python/mirage/../../deps/composable_kernel/include/ck_tile/core/utility/functional.hpp:9:
In file included from /home/hotaisle/metalOps/repos/fleet-chiplet-megakernel/python/mirage/../../deps/composable_kernel/include/ck_tile/core/container/sequence.hpp:10:
In file included from /home/hotaisle/metalOps/repos/fleet-chiplet-megakernel/python/mirage/../../deps/composable_kernel/include/ck_tile/core/numeric/math.hpp:512:
In file included from /home/hotaisle/metalOps/repos/fleet-chiplet-megakernel/python/mirage/../../deps/composable_kernel/include/ck_tile/core/numeric/type_convert.hpp:74:
/home/hotaisle/metalOps/repos/fleet-chiplet-megakernel/python/mirage/../../deps/composable_kernel/include/ck_tile/core/numeric/pk_fp4.hpp:13:34: warning: unknown warning group '-Wlifetime-safety-intra-tu-suggestions', ignored [-Wunknown-warning-option]
   13 | #pragma clang diagnostic ignored "-Wlifetime-safety-intra-tu-suggestions"
      |                                  ^
In file included from ./permanent_output_dir/test.cu:6:
In file included from /home/hotaisle/metalOps/repos/fleet-chiplet-megakernel/python/mirage/../../include/mirage/persistent_kernel/persistent_kernel.cuh:37:
In file included from /home/hotaisle/metalOps/repos/fleet-chiplet-megakernel/python/mirage/../../include/mirage/persistent_kernel/tasks/mi300/task_header.cuh:28:
In file included from /home/hotaisle/metalOps/repos/fleet-chiplet-megakernel/python/mirage/../../include/mirage/persistent_kernel/tasks/mi300/silu_mul_linear_mi300.cuh:19:
In file included from /home/hotaisle/metalOps/repos/fleet-chiplet-megakernel/python/mirage/../../include/mirage/persistent_kernel/tasks/mi300/linear_ck_mi300.cuh:18:
In file included from /home/hotaisle/metalOps/repos/fleet-chiplet-megakernel/python/mirage/../../deps/composable_kernel/include/ck_tile/core.hpp:5:
In file included from /home/hotaisle/metalOps/repos/fleet-chiplet-megakernel/python/mirage/../../deps/composable_kernel/include/ck_tile/core/algorithm/cluster_descriptor.hpp:7:
In file included from /home/hotaisle/metalOps/repos/fleet-chiplet-megakernel/python/mirage/../../deps/composable_kernel/include/ck_tile/core/algorithm/coordinate_transform.hpp:7:
In file included from /home/hotaisle/metalOps/repos/fleet-chiplet-megakernel/python/mirage/../../deps/composable_kernel/include/ck_tile/core/container/multi_index.hpp:7:
In file included from /home/hotaisle/metalOps/repos/fleet-chiplet-megakernel/python/mirage/../../deps/composable_kernel/include/ck_tile/core/container/array.hpp:13:
/home/hotaisle/metalOps/repos/fleet-chiplet-megakernel/python/mirage/../../deps/composable_kernel/include/ck_tile/core/utility/functional.hpp:14:34: warning: unknown warning group '-Wlifetime-safety-intra-tu-suggestions', ignored [-Wunknown-warning-option]
   14 | #pragma clang diagnostic ignored "-Wlifetime-safety-intra-tu-suggestions"
      |                                  ^
In file included from ./permanent_output_dir/test.cu:6:
In file included from /home/hotaisle/metalOps/repos/fleet-chiplet-megakernel/python/mirage/../../include/mirage/persistent_kernel/persistent_kernel.cuh:37:
In file included from /home/hotaisle/metalOps/repos/fleet-chiplet-megakernel/python/mirage/../../include/mirage/persistent_kernel/tasks/mi300/task_header.cuh:28:
In file included from /home/hotaisle/metalOps/repos/fleet-chiplet-megakernel/python/mirage/../../include/mirage/persistent_kernel/tasks/mi300/silu_mul_linear_mi300.cuh:19:
In file included from /home/hotaisle/metalOps/repos/fleet-chiplet-megakernel/python/mirage/../../include/mirage/persistent_kernel/tasks/mi300/linear_ck_mi300.cuh:18:
In file included from /home/hotaisle/metalOps/repos/fleet-chiplet-megakernel/python/mirage/../../deps/composable_kernel/include/ck_tile/core.hpp:5:
In file included from /home/hotaisle/metalOps/repos/fleet-chiplet-megakernel/python/mirage/../../deps/composable_kernel/include/ck_tile/core/algorithm/cluster_descriptor.hpp:7:
In file included from /home/hotaisle/metalOps/repos/fleet-chiplet-megakernel/python/mirage/../../deps/composable_kernel/include/ck_tile/core/algorithm/coordinate_transform.hpp:7:
In file included from /home/hotaisle/metalOps/repos/fleet-chiplet-megakernel/python/mirage/../../deps/composable_kernel/include/ck_tile/core/container/multi_index.hpp:9:
/home/hotaisle/metalOps/repos/fleet-chiplet-megakernel/python/mirage/../../deps/composable_kernel/include/ck_tile/core/container/tuple.hpp:17:34: warning: unknown warning group '-Wlifetime-safety-intra-tu-suggestions', ignored [-Wunknown-warning-option]
   17 | #pragma clang diagnostic ignored "-Wlifetime-safety-intra-tu-suggestions"
      |                                  ^
In file included from ./permanent_output_dir/test.cu:6:
In file included from /home/hotaisle/metalOps/repos/fleet-chiplet-megakernel/python/mirage/../../include/mirage/persistent_kernel/persistent_kernel.cuh:37:
In file included from /home/hotaisle/metalOps/repos/fleet-chiplet-megakernel/python/mirage/../../include/mirage/persistent_kernel/tasks/mi300/task_header.cuh:28:
In file included from /home/hotaisle/metalOps/repos/fleet-chiplet-megakernel/python/mirage/../../include/mirage/persistent_kernel/tasks/mi300/silu_mul_linear_mi300.cuh:19:
In file included from /home/hotaisle/metalOps/repos/fleet-chiplet-megakernel/python/mirage/../../include/mirage/persistent_kernel/tasks/mi300/linear_ck_mi300.cuh:18:
In file included from /home/hotaisle/metalOps/repos/fleet-chiplet-megakernel/python/mirage/../../deps/composable_kernel/include/ck_tile/core.hpp:5:
In file included from /home/hotaisle/metalOps/repos/fleet-chiplet-megakernel/python/mirage/../../deps/composable_kernel/include/ck_tile/core/algorithm/cluster_descriptor.hpp:7:
In file included from /home/hotaisle/metalOps/repos/fleet-chiplet-megakernel/python/mirage/../../deps/composable_kernel/include/ck_tile/core/algorithm/coordinate_transform.hpp:8:
In file included from /home/hotaisle/metalOps/repos/fleet-chiplet-megakernel/python/mirage/../../deps/composable_kernel/include/ck_tile/core/container/container_helper.hpp:8:
/home/hotaisle/metalOps/repos/fleet-chiplet-megakernel/python/mirage/../../deps/composable_kernel/include/ck_tile/core/container/map.hpp:12:34: warning: unknown warning group '-Wlifetime-safety-intra-tu-suggestions', ignored [-Wunknown-warning-option]
   12 | #pragma clang diagnostic ignored "-Wlifetime-safety-intra-tu-suggestions"
      |                                  ^
In file included from ./permanent_output_dir/test.cu:6:
In file included from /home/hotaisle/metalOps/repos/fleet-chiplet-megakernel/python/mirage/../../include/mirage/persistent_kernel/persistent_kernel.cuh:37:
In file included from /home/hotaisle/metalOps/repos/fleet-chiplet-megakernel/python/mirage/../../include/mirage/persistent_kernel/tasks/mi300/task_header.cuh:28:
In file included from /home/hotaisle/metalOps/repos/fleet-chiplet-megakernel/python/mirage/../../include/mirage/persistent_kernel/tasks/mi300/silu_mul_linear_mi300.cuh:19:
In file included from /home/hotaisle/metalOps/repos/fleet-chiplet-megakernel/python/mirage/../../include/mirage/persistent_kernel/tasks/mi300/linear_ck_mi300.cuh:18:
In file included from /home/hotaisle/metalOps/repos/fleet-chiplet-megakernel/python/mirage/../../deps/composable_kernel/include/ck_tile/core.hpp:5:
In file included from /home/hotaisle/metalOps/repos/fleet-chiplet-megakernel/python/mirage/../../deps/composable_kernel/include/ck_tile/core/algorithm/cluster_descriptor.hpp:7:
/home/hotaisle/metalOps/repos/fleet-chiplet-megakernel/python/mirage/../../deps/composable_kernel/include/ck_tile/core/algorithm/coordinate_transform.hpp:15:34: warning: unknown warning group '-Wlifetime-safety-intra-tu-suggestions', ignored [-Wunknown-warning-option]
   15 | #pragma clang diagnostic ignored "-Wlifetime-safety-intra-tu-suggestions"
      |                                  ^
In file included from ./permanent_output_dir/test.cu:6:
In file included from /home/hotaisle/metalOps/repos/fleet-chiplet-megakernel/python/mirage/../../include/mirage/persistent_kernel/persistent_kernel.cuh:37:
In file included from /home/hotaisle/metalOps/repos/fleet-chiplet-megakernel/python/mirage/../../include/mirage/persistent_kernel/tasks/mi300/task_header.cuh:28:
In file included from /home/hotaisle/metalOps/repos/fleet-chiplet-megakernel/python/mirage/../../include/mirage/persistent_kernel/tasks/mi300/silu_mul_linear_mi300.cuh:19:
In file included from /home/hotaisle/metalOps/repos/fleet-chiplet-megakernel/python/mirage/../../include/mirage/persistent_kernel/tasks/mi300/linear_ck_mi300.cuh:18:
In file included from /home/hotaisle/metalOps/repos/fleet-chiplet-megakernel/python/mirage/../../deps/composable_kernel/include/ck_tile/core.hpp:5:
In file included from /home/hotaisle/metalOps/repos/fleet-chiplet-megakernel/python/mirage/../../deps/composable_kernel/include/ck_tile/core/algorithm/cluster_descriptor.hpp:8:
/home/hotaisle/metalOps/repos/fleet-chiplet-megakernel/python/mirage/../../deps/composable_kernel/include/ck_tile/core/tensor/tensor_adaptor.hpp:16:34: warning: unknown warning group '-Wlifetime-safety-intra-tu-suggestions', ignored [-Wunknown-warning-option]
   16 | #pragma clang diagnostic ignored "-Wlifetime-safety-intra-tu-suggestions"
      |                                  ^
In file included from ./permanent_output_dir/test.cu:6:
In file included from /home/hotaisle/metalOps/repos/fleet-chiplet-megakernel/python/mirage/../../include/mirage/persistent_kernel/persistent_kernel.cuh:37:
In file included from /home/hotaisle/metalOps/repos/fleet-chiplet-megakernel/python/mirage/../../include/mirage/persistent_kernel/tasks/mi300/task_header.cuh:28:
In file included from /home/hotaisle/metalOps/repos/fleet-chiplet-megakernel/python/mirage/../../include/mirage/persistent_kernel/tasks/mi300/silu_mul_linear_mi300.cuh:19:
In file included from /home/hotaisle/metalOps/repos/fleet-chiplet-megakernel/python/mirage/../../include/mirage/persistent_kernel/tasks/mi300/linear_ck_mi300.cuh:18:
In file included from /home/hotaisle/metalOps/repos/fleet-chiplet-megakernel/python/mirage/../../deps/composable_kernel/include/ck_tile/core.hpp:9:
In file included from /home/hotaisle/metalOps/repos/fleet-chiplet-megakernel/python/mirage/../../deps/composable_kernel/include/ck_tile/core/algorithm/static_encoding_pattern.hpp:73:
In file included from /home/hotaisle/metalOps/repos/fleet-chiplet-megakernel/python/mirage/../../deps/composable_kernel/include/ck_tile/core/arch/arch.hpp:13:
In file included from /home/hotaisle/metalOps/repos/fleet-chiplet-megakernel/python/mirage/../../deps/composable_kernel/include/ck_tile/core/arch/amd_buffer_addressing_builtins.hpp:12:
In file included from /home/hotaisle/metalOps/repos/fleet-chiplet-megakernel/python/mirage/../../deps/composable_kernel/include/ck_tile/core/numeric/vector_type.hpp:15:
/home/hotaisle/metalOps/repos/fleet-chiplet-megakernel/python/mirage/../../deps/composable_kernel/include/ck_tile/core/numeric/e8m0.hpp:10:34: warning: unknown warning group '-Wlifetime-safety-intra-tu-suggestions', ignored [-Wunknown-warning-option]
   10 | #pragma clang diagnostic ignored "-Wlifetime-safety-intra-tu-suggestions"
      |                                  ^
In file included from ./permanent_output_dir/test.cu:6:
In file included from /home/hotaisle/metalOps/repos/fleet-chiplet-megakernel/python/mirage/../../include/mirage/persistent_kernel/persistent_kernel.cuh:37:
In file included from /home/hotaisle/metalOps/repos/fleet-chiplet-megakernel/python/mirage/../../include/mirage/persistent_kernel/tasks/mi300/task_header.cuh:28:
In file included from /home/hotaisle/metalOps/repos/fleet-chiplet-megakernel/python/mirage/../../include/mirage/persistent_kernel/tasks/mi300/silu_mul_linear_mi300.cuh:19:
In file included from /home/hotaisle/metalOps/repos/fleet-chiplet-megakernel/python/mirage/../../include/mirage/persistent_kernel/tasks/mi300/linear_ck_mi300.cuh:18:
In file included from /home/hotaisle/metalOps/repos/fleet-chiplet-megakernel/python/mirage/../../deps/composable_kernel/include/ck_tile/core.hpp:9:
In file included from /home/hotaisle/metalOps/repos/fleet-chiplet-megakernel/python/mirage/../../deps/composable_kernel/include/ck_tile/core/algorithm/static_encoding_pattern.hpp:78:
In file included from /home/hotaisle/metalOps/repos/fleet-chiplet-megakernel/python/mirage/../../deps/composable_kernel/include/ck_tile/core/tensor/tile_distribution.hpp:14:
In file included from /home/hotaisle/metalOps/repos/fleet-chiplet-megakernel/python/mirage/../../deps/composable_kernel/include/ck_tile/core/tensor/tile_distribution_encoding.hpp:11:
/home/hotaisle/metalOps/repos/fleet-chiplet-megakernel/python/mirage/../../deps/composable_kernel/include/ck_tile/core/tensor/tensor_adaptor_coordinate.hpp:18:34: warning: unknown warning group '-Wlifetime-safety-intra-tu-suggestions', ignored [-Wunknown-warning-option]
   18 | #pragma clang diagnostic ignored "-Wlifetime-safety-intra-tu-suggestions"
      |                                  ^
In file included from ./permanent_output_dir/test.cu:6:
In file included from /home/hotaisle/metalOps/repos/fleet-chiplet-megakernel/python/mirage/../../include/mirage/persistent_kernel/persistent_kernel.cuh:37:
In file included from /home/hotaisle/metalOps/repos/fleet-chiplet-megakernel/python/mirage/../../include/mirage/persistent_kernel/tasks/mi300/task_header.cuh:28:
In file included from /home/hotaisle/metalOps/repos/fleet-chiplet-megakernel/python/mirage/../../include/mirage/persistent_kernel/tasks/mi300/silu_mul_linear_mi300.cuh:19:
In file included from /home/hotaisle/metalOps/repos/fleet-chiplet-megakernel/python/mirage/../../include/mirage/persistent_kernel/tasks/mi300/linear_ck_mi300.cuh:18:
In file included from /home/hotaisle/metalOps/repos/fleet-chiplet-megakernel/python/mirage/../../deps/composable_kernel/include/ck_tile/core.hpp:9:
In file included from /home/hotaisle/metalOps/repos/fleet-chiplet-megakernel/python/mirage/../../deps/composable_kernel/include/ck_tile/core/algorithm/static_encoding_pattern.hpp:78:
/home/hotaisle/metalOps/repos/fleet-chiplet-megakernel/python/mirage/../../deps/composable_kernel/include/ck_tile/core/tensor/tile_distribution.hpp:19:34: warning: unknown warning group '-Wlifetime-safety-intra-tu-suggestions', ignored [-Wunknown-warning-option]
   19 | #pragma clang diagnostic ignored "-Wlifetime-safety-intra-tu-suggestions"
      |                                  ^
In file included from ./permanent_output_dir/test.cu:6:
In file included from /home/hotaisle/metalOps/repos/fleet-chiplet-megakernel/python/mirage/../../include/mirage/persistent_kernel/persistent_kernel.cuh:37:
In file included from /home/hotaisle/metalOps/repos/fleet-chiplet-megakernel/python/mirage/../../include/mirage/persistent_kernel/tasks/mi300/task_header.cuh:28:
In file included from /home/hotaisle/metalOps/repos/fleet-chiplet-megakernel/python/mirage/../../include/mirage/persistent_kernel/tasks/mi300/silu_mul_linear_mi300.cuh:19:
In file included from /home/hotaisle/metalOps/repos/fleet-chiplet-megakernel/python/mirage/../../include/mirage/persistent_kernel/tasks/mi300/linear_ck_mi300.cuh:18:
In file included from /home/hotaisle/metalOps/repos/fleet-chiplet-megakernel/python/mirage/../../deps/composable_kernel/include/ck_tile/core.hpp:16:
/home/hotaisle/metalOps/repos/fleet-chiplet-megakernel/python/mirage/../../deps/composable_kernel/include/ck_tile/core/arch/mma/amdgcn_mma.hpp:13:34: warning: unknown warning group '-Wlifetime-safety-intra-tu-suggestions', ignored [-Wunknown-warning-option]
   13 | #pragma clang diagnostic ignored "-Wlifetime-safety-intra-tu-suggestions"
      |                                  ^
In file included from ./permanent_output_dir/test.cu:6:
In file included from /home/hotaisle/metalOps/repos/fleet-chiplet-megakernel/python/mirage/../../include/mirage/persistent_kernel/persistent_kernel.cuh:37:
In file included from /home/hotaisle/metalOps/repos/fleet-chiplet-megakernel/python/mirage/../../include/mirage/persistent_kernel/tasks/mi300/task_header.cuh:28:
In file included from /home/hotaisle/metalOps/repos/fleet-chiplet-megakernel/python/mirage/../../include/mirage/persistent_kernel/tasks/mi300/silu_mul_linear_mi300.cuh:19:
In file included from /home/hotaisle/metalOps/repos/fleet-chiplet-megakernel/python/mirage/../../include/mirage/persistent_kernel/tasks/mi300/linear_ck_mi300.cuh:18:
In file included from /home/hotaisle/metalOps/repos/fleet-chiplet-megakernel/python/mirage/../../deps/composable_kernel/include/ck_tile/core.hpp:16:
In file included from /home/hotaisle/metalOps/repos/fleet-chiplet-megakernel/python/mirage/../../deps/composable_kernel/include/ck_tile/core/arch/mma/amdgcn_mma.hpp:128:
In file included from /home/hotaisle/metalOps/repos/fleet-chiplet-megakernel/python/mirage/../../deps/composable_kernel/include/ck_tile/core/arch/mma/sparse/sparse.hpp:65:
In file included from /home/hotaisle/metalOps/repos/fleet-chiplet-megakernel/python/mirage/../../deps/composable_kernel/include/ck_tile/core/arch/mma/sparse/mfma/sparse_gfx9.hpp:9:
In file included from /home/hotaisle/metalOps/repos/fleet-chiplet-megakernel/python/mirage/../../deps/composable_kernel/include/ck_tile/ops/gemm/warp/warp_gemm_smfmac_impl.hpp:8:
/home/hotaisle/metalOps/repos/fleet-chiplet-megakernel/python/mirage/../../deps/composable_kernel/include/ck_tile/core/tensor/static_distributed_tensor.hpp:18:34: warning: unknown warning group '-Wlifetime-safety-intra-tu-suggestions', ignored [-Wunknown-warning-option]
   18 | #pragma clang diagnostic ignored "-Wlifetime-safety-intra-tu-suggestions"
      |                                  ^
In file included from ./permanent_output_dir/test.cu:6:
In file included from /home/hotaisle/metalOps/repos/fleet-chiplet-megakernel/python/mirage/../../include/mirage/persistent_kernel/persistent_kernel.cuh:37:
In file included from /home/hotaisle/metalOps/repos/fleet-chiplet-megakernel/python/mirage/../../include/mirage/persistent_kernel/tasks/mi300/task_header.cuh:28:
In file included from /home/hotaisle/metalOps/repos/fleet-chiplet-megakernel/python/mirage/../../include/mirage/persistent_kernel/tasks/mi300/silu_mul_linear_mi300.cuh:19:
In file included from /home/hotaisle/metalOps/repos/fleet-chiplet-megakernel/python/mirage/../../include/mirage/persistent_kernel/tasks/mi300/linear_ck_mi300.cuh:18:
In file included from /home/hotaisle/metalOps/repos/fleet-chiplet-megakernel/python/mirage/../../deps/composable_kernel/include/ck_tile/core.hpp:64:
In file included from /home/hotaisle/metalOps/repos/fleet-chiplet-megakernel/python/mirage/../../deps/composable_kernel/include/ck_tile/core/tensor/load_tile.hpp:12:
In file included from /home/hotaisle/metalOps/repos/fleet-chiplet-megakernel/python/mirage/../../deps/composable_kernel/include/ck_tile/core/tensor/tile_window.hpp:15:
/home/hotaisle/metalOps/repos/fleet-chiplet-megakernel/python/mirage/../../deps/composable_kernel/include/ck_tile/core/tensor/tensor_view.hpp:18:34: warning: unknown warning group '-Wlifetime-safety-intra-tu-suggestions', ignored [-Wunknown-warning-option]
   18 | #pragma clang diagnostic ignored "-Wlifetime-safety-intra-tu-suggestions"
      |                                  ^
In file included from ./permanent_output_dir/test.cu:6:
In file included from /home/hotaisle/metalOps/repos/fleet-chiplet-megakernel/python/mirage/../../include/mirage/persistent_kernel/persistent_kernel.cuh:37:
In file included from /home/hotaisle/metalOps/repos/fleet-chiplet-megakernel/python/mirage/../../include/mirage/persistent_kernel/tasks/mi300/task_header.cuh:28:
In file included from /home/hotaisle/metalOps/repos/fleet-chiplet-megakernel/python/mirage/../../include/mirage/persistent_kernel/tasks/mi300/silu_mul_linear_mi300.cuh:19:
In file included from /home/hotaisle/metalOps/repos/fleet-chiplet-megakernel/python/mirage/../../include/mirage/persistent_kernel/tasks/mi300/linear_ck_mi300.cuh:18:
In file included from /home/hotaisle/metalOps/repos/fleet-chiplet-megakernel/python/mirage/../../deps/composable_kernel/include/ck_tile/core.hpp:90:
/home/hotaisle/metalOps/repos/fleet-chiplet-megakernel/python/mirage/../../deps/composable_kernel/include/ck_tile/core/utility/env.hpp:10:34: warning: unknown warning group '-Wlifetime-safety-intra-tu-suggestions', ignored [-Wunknown-warning-option]
   10 | #pragma clang diagnostic ignored "-Wlifetime-safety-intra-tu-suggestions"
      |                                  ^
In file included from ./permanent_output_dir/test.cu:6:
In file included from /home/hotaisle/metalOps/repos/fleet-chiplet-megakernel/python/mirage/../../include/mirage/persistent_kernel/persistent_kernel.cuh:37:
In file included from /home/hotaisle/metalOps/repos/fleet-chiplet-megakernel/python/mirage/../../include/mirage/persistent_kernel/tasks/mi300/task_header.cuh:28:
In file included from /home/hotaisle/metalOps/repos/fleet-chiplet-megakernel/python/mirage/../../include/mirage/persistent_kernel/tasks/mi300/silu_mul_linear_mi300.cuh:19:
In file included from /home/hotaisle/metalOps/repos/fleet-chiplet-megakernel/python/mirage/../../include/mirage/persistent_kernel/tasks/mi300/linear_ck_mi300.cuh:19:
In file included from /home/hotaisle/metalOps/repos/fleet-chiplet-megakernel/python/mirage/../../deps/composable_kernel/include/ck_tile/ops/gemm.hpp:38:
In file included from /home/hotaisle/metalOps/repos/fleet-chiplet-megakernel/python/mirage/../../deps/composable_kernel/include/ck_tile/ops/gemm/kernel/grouped_gemm_kernel.hpp:13:
In file included from /home/hotaisle/metalOps/repos/fleet-chiplet-megakernel/python/mirage/../../deps/composable_kernel/include/ck_tile/host.hpp:5:
/home/hotaisle/metalOps/repos/fleet-chiplet-megakernel/python/mirage/../../deps/composable_kernel/include/ck_tile/host/arg_parser.hpp:17:34: warning: unknown warning group '-Wlifetime-safety-intra-tu-suggestions', ignored [-Wunknown-warning-option]
   17 | #pragma clang diagnostic ignored "-Wlifetime-safety-intra-tu-suggestions"
      |                                  ^
In file included from ./permanent_output_dir/test.cu:6:
In file included from /home/hotaisle/metalOps/repos/fleet-chiplet-megakernel/python/mirage/../../include/mirage/persistent_kernel/persistent_kernel.cuh:37:
In file included from /home/hotaisle/metalOps/repos/fleet-chiplet-megakernel/python/mirage/../../include/mirage/persistent_kernel/tasks/mi300/task_header.cuh:28:
In file included from /home/hotaisle/metalOps/repos/fleet-chiplet-megakernel/python/mirage/../../include/mirage/persistent_kernel/tasks/mi300/silu_mul_linear_mi300.cuh:19:
In file included from /home/hotaisle/metalOps/repos/fleet-chiplet-megakernel/python/mirage/../../include/mirage/persistent_kernel/tasks/mi300/linear_ck_mi300.cuh:19:
In file included from /home/hotaisle/metalOps/repos/fleet-chiplet-megakernel/python/mirage/../../deps/composable_kernel/include/ck_tile/ops/gemm.hpp:38:
In file included from /home/hotaisle/metalOps/repos/fleet-chiplet-megakernel/python/mirage/../../deps/composable_kernel/include/ck_tile/ops/gemm/kernel/grouped_gemm_kernel.hpp:13:
In file included from /home/hotaisle/metalOps/repos/fleet-chiplet-megakernel/python/mirage/../../deps/composable_kernel/include/ck_tile/host.hpp:8:
In file included from /home/hotaisle/metalOps/repos/fleet-chiplet-megakernel/python/mirage/../../deps/composable_kernel/include/ck_tile/host/convolution_host_tensor_descriptor_helper.hpp:8:
/home/hotaisle/metalOps/repos/fleet-chiplet-megakernel/python/mirage/../../deps/composable_kernel/include/ck_tile/host/host_tensor.hpp:21:34: warning: unknown warning group '-Wlifetime-safety-intra-tu-suggestions', ignored [-Wunknown-warning-option]
   21 | #pragma clang diagnostic ignored "-Wlifetime-safety-intra-tu-suggestions"
      |                                  ^
15 warnings generated when compiling for host.
Compiling megakernel using the following command line:
['/opt/rocm/bin/hipcc', '-x', 'hip', './permanent_output_dir/test.cu', '-O3', '-I/usr/include/python3.12', '-I/home/hotaisle/metalOps/repos/fleet-chiplet-megakernel/python/mirage/../../include', '-I/home/hotaisle/metalOps/repos/fleet-chiplet-megakernel/python/mirage/../../include/mirage/hip_compat', '-I/home/hotaisle/metalOps/repos/fleet-chiplet-megakernel/python/mirage/../../include/mirage/persistent_kernel', '-I/home/hotaisle/metalOps/repos/fleet-chiplet-megakernel/python/mirage/../../deps/rocblas/include', '-I/home/hotaisle/metalOps/repos/fleet-chiplet-megakernel/python/mirage/../../deps/cutlass/include', '-I/home/hotaisle/metalOps/repos/fleet-chiplet-megakernel/python/mirage/../../deps/cutlass/tools/util/include', '-I/home/hotaisle/metalOps/repos/fleet-chiplet-megakernel/python/mirage/../../deps/composable_kernel/include', '-I/opt/rocm/include', '-I/home/hotaisle/metalOps/repos/fleet-chiplet-megakernel/deps/json/include', '-DCK_TILE_FMHA_FWD_FAST_EXP2=1', '-DMAX_WORKER_PER_SCHEDULER=38', '-DMIRAGE_USE_CUTLASS_KERNEL=0', '--offload-arch=gfx942', '-L/opt/rocm/lib', '-L/opt/rocm/lib', '-lamdhip64', '-lrocblas', '-lhipblas', '-shared', '-std=c++17', '-fPIC', '-D__HIP_PLATFORM_AMD__=1', '-DMIRAGE_AMD_MI300', '-DMIRAGE_BACKEND_USE_ROCM', '-DMPK_TARGET_CC=94', '-DMPK_MAX_NUM_BATCHED_REQUESTS=1', '-DMPK_MAX_NUM_BATCHED_TOKENS=1', '-DMPK_MAX_NUM_PAGES=1', '-DMPK_PAGE_SIZE=1056', '-DMPK_MAX_SEQ_LENGTH=1056', '-o', './permanent_output_dir/test.cpython-38-x86_64-linux-gnu.so', '-DMODE_ONLINE', '-DMPK_PROFILING_NUM_ITERS=0', '-DMPK_ENABLE_TIMING', '-DMPK_ENABLE_EVENT_TIMING', '-DMPK_ENABLE_GANG_TASKS']
Finished megakernel compilation...
6 prep=0/0 attend=0/0 merge=0/0 router=0/0 copy=23627195176/320 w2silu=0/0 lnorm=0/0 prefetch=0/0
[TASK_TIME2] worker=280 prep=0/0 attend=0/0 merge=0/0 router=0/0 copy=23875976032/320 w2silu=0/0 lnorm=0/0 prefetch=0/0
[TASK_TIME2] worker=128 prep=0/0 attend=0/0 merge=0/0 router=0/0 copy=23640492864/320 w2silu=0/0 [EVENT_TIMING] 352 event firings recorded

================================================================================
PER-EVENT WALL-CLOCK TIMING (barrier-to-barrier)
================================================================================
Event TaskType              Count    Avg(us)    Min(us)    Max(us)    Std(us)
-------------------------------------------------------------------------
    1 UNKNOWN                  30      93.87       8.08     116.64      33.72
    3 UNKNOWN                  31      10.65       8.20      12.40       1.19
    4 UNKNOWN                  31       7.43       5.68       9.52       1.04
    5 UNKNOWN                  31       8.01       5.52       9.96       1.34
    6 UNKNOWN                  31       7.67       5.68       9.80       1.21
    7 UNKNOWN                  31       7.89       5.52      10.04       1.34
    8 UNKNOWN                  31       7.52       5.80       9.92       1.26
    9 UNKNOWN                  31       8.38       6.04       9.96       1.22
   10 UNKNOWN                  31       7.37       5.68       9.92       1.15
   11 UNKNOWN                  31       4.55       3.68       5.72       0.77

================================================================================
PER-TYPE SUMMARY (sum of avg durations across all events)
================================================================================
TaskType             Events    Total(us)  Total(ms)        %
----------------------------------------------------------
UNKNOWN                  10        163.3      0.163   100.0%
TOTAL                              163.3      0.163

Saved raw event timing to event_timing.json

empty ladder 10 x 296; mpk() 14719.3 ms for 32 iterations -> /home/hotaisle/metalOps/harness/fleet_out/E10x296_spin1000_it32_wt
lnorm=0/0 prefetch=0/0
[TASK_TIME2] worker=184 prep=0/0 attend=0/0 merge=0/0 router=0/0 copy=23699043216/320 w2silu=0/0 lnorm=0/0 prefetch=0/0
[TASK_TIME2] worker=80 prep=0/0 attend=0/0 merge=0/0 router=0/0 copy=23732633164/320 w2silu=0/0 lnorm=0/0 prefetch=0/0
[TASK_TIME2] worker=112 prep=0/0 attend=0/0 merge=0/0 router=0/0 copy=23616201236/320 w2silu=0/0 lnorm=0/0 prefetch=0/0
[TASK_TIME2] worker=240 prep=0/0 attend=0/0 merge=0/0 router=0/0 copy=23763921080/320 w2silu=0/0 lnorm=0/0 prefetch=0/0
[TASK_TIME2] worker=96 prep=0/0 attend=0/0 merge=0/0 router=0/0 copy=23875744832/320 w2silu=0/0 lnorm=0/0 prefetch=0/0
[TASK_TIME2] worker=256 prep=0/0 attend=0/0 merge=0/0 router=0/0 copy=23786042392/320 w2silu=0/0 lnorm=0/0 prefetch=0/0
[TASK_TIME2] worker=136 prep=0/0 attend=0/0 merge=0/0 router=0/0 copy=24028094020/320 w2silu=0/0 lnorm=0/0 prefetch=0/0
[TASK_TIME2] worker=288 prep=0/0 attend=0/0 merge=0/0 router=0/0 copy=23738602812/320 w2silu=0/0 lnorm=0/0 prefetch=0/0
[TASK_TIME2] worker=64 prep=0/0 attend=0/0 merge=0/0 router=0/0 copy=23479323844/320 w2silu=0/0 lnorm=0/0 prefetch=0/0
[TASK_TIME2] worker=160 prep=0/0 attend=0/0 merge=0/0 router=0/0 copy=23732820568/320 w2silu=0/0 lnorm=0/0 prefetch=0/0
[TASK_TIME2] worker=48 prep=0/0 attend=0/0 merge=0/0 router=0/0 copy=23583952424/320 w2silu=0/0 lnorm=0/0 prefetch=0/0
[TASK_TIME2] worker=56 prep=0/0 attend=0/0 merge=0/0 router=0/0 copy=23615433168/320 w2silu=0/0 lnorm=0/0 prefetch=0/0
[TASK_TIME2] worker=88 prep=0/0 attend=0/0 merge=0/0 router=0/0 copy=23904763696/320 w2silu=0/0 lnorm=0/0 prefetch=0/0
[TASK_TIME2] worker=192 prep=0/0 attend=0/0 merge=0/0 router=0/0 copy=23676304840/320 w2silu=0/0 lnorm=0/0 prefetch=0/0
[TASK_TIME2] worker=232 prep=0/0 attend=0/0 merge=0/0 router=0/0 copy=23875861108/320 w2silu=0/0 lnorm=0/0 prefetch=0/0
[TASK_TIME2] worker=144 prep=0/0 attend=0/0 merge=0/0 router=0/0 copy=23881220580/320 w2silu=0/0 lnorm=0/0 prefetch=0/0
[TASK_TIME2] worker=216 prep=0/0 attend=0/0 merge=0/0 router=0/0 copy=23841662768/320 w2silu=0/0 lnorm=0/0 prefetch=0/0
[TASK_TIME2] worker=200 prep=0/0 attend=0/0 merge=0/0 router=0/0 copy=23794943424/320 w2silu=0/0 lnorm=0/0 prefetch=0/0
[TASK_TIME2] worker=176 prep=0/0 attend=0/0 merge=0/0 router=0/0 copy=23751569228/320 w2silu=0/0 lnorm=0/0 prefetch=0/0
[TASK_TIME2] worker=40 prep=0/0 attend=0/0 merge=0/0 router=0/0 copy=23659820680/320 w2silu=0/0 lnorm=0/0 prefetch=0/0
[TASK_TIME2] worker=224 prep=0/0 attend=0/0 merge=0/0 router=0/0 copy=23932860728/320 w2silu=0/0 lnorm=0/0 prefetch=0/0
[TASK_TIME2] worker=264 prep=0/0 attend=0/0 merge=0/0 router=0/0 copy=24074762892/320 w2silu=0/0 lnorm=0/0 prefetch=0/0
[TASK_TIME2] worker=72 prep=0/0 attend=0/0 merge=0/0 router=0/0 copy=23898358876/320 w2silu=0/0 lnorm=0/0 prefetch=0/0
[TASK_TIME2] worker=248 prep=0/0 attend=0/0 merge=0/0 router=0/0 copy=23973279600/320 w2silu=0/0 lnorm=0/0 prefetch=0/0
[TASK_TIME2] worker=272 prep=0/0 attend=0/0 merge=0/0 router=0/0 copy=23375516280/320 w2silu=0/0 lnorm=0/0 prefetch=0/0
