[EVENT_TIMING] 608 event firings recorded

================================================================================
PER-EVENT WALL-CLOCK TIMING (barrier-to-barrier)
================================================================================
Event TaskType              Count    Avg(us)    Min(us)    Max(us)    Std(us)
-------------------------------------------------------------------------
    1 UNKNOWN                  30     138.54       7.36     191.72      72.20
    2 UNKNOWN                  31      12.71      11.28      14.16       0.52
    3 UNKNOWN                  31      23.85      22.49      26.92       0.99
    4 UNKNOWN                  31       9.88       9.35      10.27       0.24
    5 UNKNOWN                  31      11.41      11.06      11.85       0.19
    6 UNKNOWN                  31      22.16      20.97      23.88       0.76
    7 UNKNOWN                  31       8.21       7.40      10.08       0.76
    8 UNKNOWN                  31       4.57       3.29       5.25       0.46
    9 UNKNOWN                  31      33.02      31.95      35.91       0.80
   10 UNKNOWN                  31      50.73      49.52      52.08       0.71
   11 UNKNOWN                  31      11.21      10.67      11.90       0.32
   12 UNKNOWN                  31       9.58       9.04      11.44       0.41
   13 UNKNOWN                  31      11.30      10.78      11.67       0.24
   14 UNKNOWN                  31      22.16      21.08      24.56       0.97
   15 UNKNOWN                  31       8.05       6.53      10.08       1.26
   16 UNKNOWN                  31      16.18      14.13      17.28       0.90
   17 UNKNOWN                  31      40.70      38.25      43.53       1.23
   18 UNKNOWN                  31      21.40      20.47      23.07       0.89
   19 UNKNOWN                  31       3.10       2.91       4.24       0.30

================================================================================
PER-TYPE SUMMARY (sum of avg durations across all events)
================================================================================
TaskType             Events    Total(us)  Total(ms)        %
----------------------------------------------------------
UNKNOWN                  19        458.8      0.459   100.0%
TOTAL                              458.8      0.459

Saved raw event timing to event_timing.json
