# Measurement report

| Quantity | Predicted | Measured |
|---|---|---|
| bytes per iteration (read, MiB) | 4709.9 weights + cache; about 4772.0 with activations | - |
| time per iteration, median (us) | 1148.5-1349.4 + 326 t_b + T_serial | - |
| time per iteration, P95 (us) |  | - |
| time per iteration from event timing, median (us) |  | 4287.0 |
| time per iteration from host wall clock (us) |  | 7395.7 |
| time per iteration from the kernel trace (us) |  | - |
| achieved read bandwidth (TB/s) | 3.66-4.3 over T_bw | - |
| launches per generation | 3 | - |
| L2 hit rate | 16-17% (Fleet's batch-1 figure) | - |
| tokens per second |  | - |
| GFX clock from amd-smi during the run, median / max (MHz) | 2100 max (D2 of round 1) | 2106 / 2107 over 55 samples |
| memory clock from amd-smi, median (MHz) |  | 900 |

## Per-operator time (event gaps, mean over iterations after the first)

| Event | Operator | mean us | min us | max us | n |
|---|---|---|---|---|---|
| 1 | iteration_start | 225.60 | 196.40 | 303.12 | 28 |
| 2 | embed_layer | 13.47 | 12.25 | 14.61 | 29 |
| 3 | linear_gemv_layer | 16.73 | 15.64 | 17.92 | 29 |
| 4 | mla_prep_layer | 9.77 | 9.29 | 10.31 | 29 |
| 5 | mla_attend_layer | 12.43 | 11.87 | 13.33 | 29 |
| 6 | mla_merge_uv_tile_layer | 15.23 | 14.74 | 15.79 | 29 |
| 7 | linear_gemv_layer | 7.84 | 7.28 | 8.50 | 29 |
| 8 | rmsnorm_layer | 4.58 | 3.52 | 5.15 | 29 |
| 9 | gang_linear_silu_layer | 33.78 | 32.51 | 35.17 | 29 |
| 10 | linear_with_residual_layer | 50.46 | 49.53 | 52.08 | 29 |
| 11 | linear_gemv_layer | 13.78 | 13.31 | 14.58 | 29 |
| 12 | mla_prep_layer | 9.73 | 9.40 | 11.10 | 29 |
| 13 | mla_attend_layer | 12.34 | 11.62 | 12.98 | 29 |
| 14 | mla_merge_uv_tile_layer | 15.19 | 14.43 | 15.67 | 29 |
| 15 | linear_gemv_layer | 7.16 | 6.73 | 7.77 | 29 |
| 16 | moe_router_layer | 16.16 | 15.24 | 17.95 | 29 |
| 17 | gang_moe_w13_linear_layer | 42.13 | 38.25 | 46.04 | 29 |
| 18 | gang_moe_w2_silu_linear_layer | 23.41 | 21.36 | 25.60 | 29 |
| 19 | moe_mul_sum_add_layer | 4.76 | 4.25 | 5.55 | 29 |
| 20 | linear_gemv_layer | 13.75 | 13.25 | 14.44 | 29 |
| 21 | mla_prep_layer | 10.09 | 9.40 | 10.47 | 29 |
| 22 | mla_attend_layer | 12.41 | 11.53 | 13.02 | 29 |
| 23 | mla_merge_uv_tile_layer | 15.26 | 14.72 | 15.68 | 29 |
| 24 | linear_gemv_layer | 8.08 | 7.59 | 8.63 | 29 |
| 25 | moe_router_layer | 17.29 | 15.52 | 18.52 | 29 |
| 26 | gang_moe_w13_linear_layer | 40.80 | 38.13 | 43.53 | 29 |
| 27 | gang_moe_w2_silu_linear_layer | 23.37 | 21.63 | 24.96 | 29 |
| 28 | moe_mul_sum_add_layer | 4.81 | 4.11 | 5.45 | 29 |
| 29 | linear_gemv_layer | 13.80 | 13.31 | 14.23 | 29 |
| 30 | mla_prep_layer | 9.66 | 9.39 | 10.88 | 29 |
| 31 | mla_attend_layer | 12.27 | 11.60 | 13.11 | 29 |
| 32 | mla_merge_uv_tile_layer | 15.19 | 14.68 | 15.92 | 29 |
| 33 | linear_gemv_layer | 8.16 | 7.66 | 8.72 | 29 |
| 34 | moe_router_layer | 16.16 | 14.56 | 17.92 | 29 |
| 35 | gang_moe_w13_linear_layer | 42.00 | 39.03 | 45.99 | 29 |
| 36 | gang_moe_w2_silu_linear_layer | 23.25 | 21.77 | 24.96 | 29 |
| 37 | moe_mul_sum_add_layer | 4.76 | 4.36 | 5.31 | 29 |
| 38 | linear_gemv_layer | 13.74 | 13.24 | 14.12 | 29 |
| 39 | mla_prep_layer | 9.63 | 9.31 | 9.89 | 29 |
| 40 | mla_attend_layer | 12.45 | 11.83 | 13.33 | 29 |
| 41 | mla_merge_uv_tile_layer | 15.29 | 14.42 | 15.83 | 29 |
| 42 | linear_gemv_layer | 8.07 | 7.56 | 8.71 | 29 |
| 43 | moe_router_layer | 16.13 | 15.03 | 17.17 | 29 |
| 44 | gang_moe_w13_linear_layer | 42.44 | 40.05 | 45.68 | 29 |
| 45 | gang_moe_w2_silu_linear_layer | 22.81 | 21.54 | 24.39 | 29 |
| 46 | moe_mul_sum_add_layer | 5.04 | 4.27 | 6.15 | 29 |
| 47 | linear_gemv_layer | 13.56 | 13.18 | 14.15 | 29 |
| 48 | mla_prep_layer | 9.71 | 9.44 | 10.05 | 29 |
| 49 | mla_attend_layer | 12.65 | 11.63 | 13.27 | 29 |
| 50 | mla_merge_uv_tile_layer | 15.24 | 14.56 | 15.76 | 29 |
| 51 | linear_gemv_layer | 8.01 | 7.63 | 8.55 | 29 |
| 52 | moe_router_layer | 16.48 | 15.10 | 17.92 | 29 |
| 53 | gang_moe_w13_linear_layer | 41.40 | 38.73 | 44.96 | 29 |
| 54 | gang_moe_w2_silu_linear_layer | 23.41 | 21.48 | 25.56 | 29 |
| 55 | moe_mul_sum_add_layer | 4.94 | 4.35 | 5.41 | 29 |
| 56 | linear_gemv_layer | 13.81 | 13.22 | 14.42 | 29 |
| 57 | mla_prep_layer | 9.94 | 9.54 | 10.44 | 29 |
| 58 | mla_attend_layer | 12.51 | 11.72 | 13.30 | 29 |
| 59 | mla_merge_uv_tile_layer | 15.17 | 14.34 | 15.58 | 29 |
| 60 | linear_gemv_layer | 8.10 | 7.43 | 8.69 | 29 |
| 61 | moe_router_layer | 16.26 | 14.80 | 17.72 | 29 |
| 62 | gang_moe_w13_linear_layer | 41.27 | 38.88 | 43.47 | 29 |
| 63 | gang_moe_w2_silu_linear_layer | 23.46 | 21.46 | 26.16 | 29 |
| 64 | moe_mul_sum_add_layer | 4.82 | 4.17 | 6.85 | 29 |
| 65 | linear_gemv_layer | 13.76 | 13.10 | 14.44 | 29 |
| 66 | mla_prep_layer | 9.47 | 9.23 | 9.77 | 29 |
| 67 | mla_attend_layer | 12.63 | 11.57 | 13.45 | 29 |
| 68 | mla_merge_uv_tile_layer | 15.26 | 14.78 | 15.74 | 29 |
| 69 | linear_gemv_layer | 8.15 | 7.59 | 8.60 | 29 |
| 70 | moe_router_layer | 16.15 | 14.94 | 17.89 | 29 |
| 71 | gang_moe_w13_linear_layer | 41.77 | 38.35 | 46.55 | 29 |
| 72 | gang_moe_w2_silu_linear_layer | 23.33 | 21.87 | 25.07 | 29 |
| 73 | moe_mul_sum_add_layer | 5.11 | 4.59 | 6.10 | 29 |
| 74 | linear_gemv_layer | 13.87 | 13.34 | 14.50 | 29 |
| 75 | mla_prep_layer | 9.65 | 9.39 | 10.20 | 29 |
| 76 | mla_attend_layer | 12.75 | 11.77 | 13.49 | 29 |
| 77 | mla_merge_uv_tile_layer | 15.27 | 14.71 | 15.79 | 29 |
| 78 | linear_gemv_layer | 8.13 | 7.64 | 8.64 | 29 |
| 79 | moe_router_layer | 16.45 | 15.37 | 17.96 | 29 |
| 80 | gang_moe_w13_linear_layer | 41.72 | 38.85 | 45.25 | 29 |
| 81 | gang_moe_w2_silu_linear_layer | 23.48 | 21.67 | 25.52 | 29 |
| 82 | moe_mul_sum_add_layer | 5.14 | 4.29 | 7.55 | 29 |
| 83 | linear_gemv_layer | 13.84 | 13.25 | 14.43 | 29 |
| 84 | mla_prep_layer | 9.88 | 9.40 | 10.21 | 29 |
| 85 | mla_attend_layer | 12.62 | 11.98 | 13.56 | 29 |
| 86 | mla_merge_uv_tile_layer | 15.32 | 14.89 | 15.84 | 29 |
| 87 | linear_gemv_layer | 8.11 | 7.55 | 8.85 | 29 |
| 88 | moe_router_layer | 15.81 | 15.10 | 17.55 | 29 |
| 89 | gang_moe_w13_linear_layer | 41.57 | 38.88 | 43.70 | 29 |
| 90 | gang_moe_w2_silu_linear_layer | 23.66 | 21.92 | 25.48 | 29 |
| 91 | moe_mul_sum_add_layer | 4.76 | 4.11 | 6.12 | 29 |
| 92 | linear_gemv_layer | 13.73 | 13.23 | 14.44 | 29 |
| 93 | mla_prep_layer | 9.93 | 9.58 | 10.19 | 29 |
| 94 | mla_attend_layer | 12.55 | 11.78 | 13.17 | 29 |
| 95 | mla_merge_uv_tile_layer | 15.13 | 14.48 | 15.64 | 29 |
| 96 | linear_gemv_layer | 8.18 | 7.58 | 8.82 | 29 |
| 97 | moe_router_layer | 17.02 | 15.03 | 18.13 | 29 |
| 98 | gang_moe_w13_linear_layer | 40.65 | 38.72 | 43.16 | 29 |
| 99 | gang_moe_w2_silu_linear_layer | 23.61 | 21.94 | 25.92 | 29 |
| 100 | moe_mul_sum_add_layer | 4.84 | 4.43 | 5.94 | 29 |
| 101 | linear_gemv_layer | 13.80 | 13.26 | 14.22 | 29 |
| 102 | mla_prep_layer | 9.39 | 9.08 | 9.76 | 29 |
| 103 | mla_attend_layer | 12.71 | 11.56 | 13.25 | 29 |
| 104 | mla_merge_uv_tile_layer | 15.24 | 14.75 | 15.70 | 29 |
| 105 | linear_gemv_layer | 8.18 | 7.56 | 8.67 | 29 |
| 106 | moe_router_layer | 16.21 | 14.88 | 17.74 | 29 |
| 107 | gang_moe_w13_linear_layer | 41.20 | 38.80 | 43.88 | 29 |
| 108 | gang_moe_w2_silu_linear_layer | 23.46 | 21.79 | 25.43 | 29 |
| 109 | moe_mul_sum_add_layer | 4.79 | 4.22 | 5.82 | 29 |
| 110 | linear_gemv_layer | 13.71 | 13.38 | 14.13 | 29 |
| 111 | mla_prep_layer | 9.48 | 9.21 | 10.45 | 29 |
| 112 | mla_attend_layer | 12.63 | 11.96 | 13.45 | 29 |
| 113 | mla_merge_uv_tile_layer | 15.34 | 14.83 | 15.90 | 29 |
| 114 | linear_gemv_layer | 8.32 | 7.53 | 8.80 | 29 |
| 115 | moe_router_layer | 16.62 | 15.11 | 17.68 | 29 |
| 116 | gang_moe_w13_linear_layer | 40.36 | 38.47 | 42.92 | 29 |
| 117 | gang_moe_w2_silu_linear_layer | 24.12 | 22.28 | 25.96 | 29 |
| 118 | moe_mul_sum_add_layer | 4.83 | 4.04 | 6.04 | 29 |
| 119 | linear_gemv_layer | 13.81 | 13.43 | 14.21 | 29 |
| 120 | mla_prep_layer | 9.69 | 9.38 | 10.05 | 29 |
| 121 | mla_attend_layer | 12.67 | 12.08 | 13.16 | 29 |
| 122 | mla_merge_uv_tile_layer | 15.33 | 14.95 | 15.88 | 29 |
| 123 | linear_gemv_layer | 8.22 | 7.71 | 8.67 | 29 |
| 124 | moe_router_layer | 15.62 | 14.67 | 17.68 | 29 |
| 125 | gang_moe_w13_linear_layer | 41.76 | 38.53 | 43.48 | 29 |
| 126 | gang_moe_w2_silu_linear_layer | 23.16 | 21.76 | 24.51 | 29 |
| 127 | moe_mul_sum_add_layer | 4.92 | 4.12 | 6.30 | 29 |
| 128 | linear_gemv_layer | 13.78 | 13.34 | 14.25 | 29 |
| 129 | mla_prep_layer | 10.22 | 9.82 | 10.67 | 29 |
| 130 | mla_attend_layer | 12.71 | 11.77 | 13.30 | 29 |
| 131 | mla_merge_uv_tile_layer | 15.16 | 14.71 | 15.72 | 29 |
| 132 | linear_gemv_layer | 8.29 | 7.53 | 8.93 | 29 |
| 133 | moe_router_layer | 16.52 | 15.15 | 18.56 | 29 |
| 134 | gang_moe_w13_linear_layer | 44.03 | 40.25 | 48.56 | 29 |
| 135 | gang_moe_w2_silu_linear_layer | 23.44 | 22.01 | 25.77 | 29 |
| 136 | moe_mul_sum_add_layer | 4.97 | 4.15 | 5.72 | 29 |
| 137 | linear_gemv_layer | 13.78 | 13.27 | 14.25 | 29 |
| 138 | mla_prep_layer | 9.65 | 9.35 | 10.33 | 29 |
| 139 | mla_attend_layer | 12.60 | 11.67 | 13.65 | 29 |
| 140 | mla_merge_uv_tile_layer | 15.27 | 14.76 | 15.73 | 29 |
| 141 | linear_gemv_layer | 7.84 | 7.04 | 8.55 | 29 |
| 142 | moe_router_layer | 16.06 | 14.82 | 18.16 | 29 |
| 143 | gang_moe_w13_linear_layer | 42.18 | 38.46 | 44.32 | 29 |
| 144 | gang_moe_w2_silu_linear_layer | 23.29 | 21.74 | 24.98 | 29 |
| 145 | moe_mul_sum_add_layer | 5.14 | 4.31 | 6.32 | 29 |
| 146 | linear_gemv_layer | 13.83 | 13.19 | 14.50 | 29 |
| 147 | mla_prep_layer | 9.75 | 9.45 | 10.20 | 29 |
| 148 | mla_attend_layer | 12.45 | 11.48 | 13.04 | 29 |
| 149 | mla_merge_uv_tile_layer | 15.36 | 14.84 | 15.91 | 29 |
| 150 | linear_gemv_layer | 7.96 | 7.26 | 8.60 | 29 |
| 151 | moe_router_layer | 16.13 | 14.83 | 17.48 | 29 |
| 152 | gang_moe_w13_linear_layer | 41.61 | 39.93 | 44.16 | 29 |
| 153 | gang_moe_w2_silu_linear_layer | 23.82 | 21.96 | 26.00 | 29 |
| 154 | moe_mul_sum_add_layer | 4.77 | 4.28 | 5.29 | 29 |
| 155 | linear_gemv_layer | 13.79 | 13.24 | 14.71 | 29 |
| 156 | mla_prep_layer | 9.70 | 9.36 | 10.38 | 29 |
| 157 | mla_attend_layer | 12.59 | 11.87 | 13.31 | 29 |
| 158 | mla_merge_uv_tile_layer | 15.19 | 14.51 | 15.87 | 29 |
| 159 | linear_gemv_layer | 7.40 | 6.95 | 8.69 | 29 |
| 160 | moe_router_layer | 15.86 | 14.72 | 18.16 | 29 |
| 161 | gang_moe_w13_linear_layer | 42.34 | 40.93 | 45.20 | 29 |
| 162 | gang_moe_w2_silu_linear_layer | 23.33 | 21.84 | 25.20 | 29 |
| 163 | moe_mul_sum_add_layer | 5.01 | 4.39 | 7.32 | 29 |
| 164 | linear_gemv_layer | 13.88 | 13.42 | 14.40 | 29 |
| 165 | mla_prep_layer | 10.01 | 9.68 | 10.31 | 29 |
| 166 | mla_attend_layer | 12.60 | 11.50 | 13.22 | 29 |
| 167 | mla_merge_uv_tile_layer | 15.22 | 14.55 | 15.72 | 29 |
| 168 | linear_gemv_layer | 8.11 | 7.35 | 8.71 | 29 |
| 169 | moe_router_layer | 16.29 | 14.89 | 18.00 | 29 |
| 170 | gang_moe_w13_linear_layer | 42.25 | 39.36 | 43.83 | 29 |
| 171 | gang_moe_w2_silu_linear_layer | 23.17 | 21.80 | 24.90 | 29 |
| 172 | moe_mul_sum_add_layer | 4.88 | 4.40 | 5.82 | 29 |
| 173 | linear_gemv_layer | 13.77 | 13.32 | 14.18 | 29 |
| 174 | mla_prep_layer | 9.68 | 9.39 | 10.05 | 29 |
| 175 | mla_attend_layer | 12.39 | 11.68 | 13.36 | 29 |
| 176 | mla_merge_uv_tile_layer | 15.14 | 14.60 | 15.61 | 29 |
| 177 | linear_gemv_layer | 8.00 | 7.46 | 8.38 | 29 |
| 178 | moe_router_layer | 15.87 | 14.68 | 17.12 | 29 |
| 179 | gang_moe_w13_linear_layer | 40.97 | 38.70 | 43.96 | 29 |
| 180 | gang_moe_w2_silu_linear_layer | 23.94 | 22.35 | 25.10 | 29 |
| 181 | moe_mul_sum_add_layer | 5.01 | 4.47 | 5.82 | 29 |
| 182 | linear_gemv_layer | 13.84 | 13.35 | 14.26 | 29 |
| 183 | mla_prep_layer | 9.82 | 9.45 | 11.41 | 29 |
| 184 | mla_attend_layer | 12.63 | 11.56 | 13.41 | 29 |
| 185 | mla_merge_uv_tile_layer | 15.36 | 14.78 | 15.84 | 29 |
| 186 | linear_gemv_layer | 8.18 | 7.65 | 8.76 | 29 |
| 187 | moe_router_layer | 15.52 | 14.67 | 16.80 | 29 |
| 188 | gang_moe_w13_linear_layer | 42.29 | 40.12 | 44.84 | 29 |
| 189 | gang_moe_w2_silu_linear_layer | 23.22 | 21.91 | 24.59 | 29 |
| 190 | moe_mul_sum_add_layer | 4.93 | 4.42 | 5.77 | 29 |
| 191 | linear_gemv_layer | 13.71 | 13.23 | 14.00 | 29 |
| 192 | mla_prep_layer | 9.65 | 9.34 | 10.10 | 29 |
| 193 | mla_attend_layer | 12.75 | 11.74 | 13.36 | 29 |
| 194 | mla_merge_uv_tile_layer | 15.18 | 14.80 | 15.51 | 29 |
| 195 | linear_gemv_layer | 8.19 | 7.64 | 8.99 | 29 |
| 196 | moe_router_layer | 16.15 | 15.02 | 17.60 | 29 |
| 197 | gang_moe_w13_linear_layer | 41.42 | 38.78 | 46.17 | 29 |
| 198 | gang_moe_w2_silu_linear_layer | 23.67 | 21.90 | 25.49 | 29 |
| 199 | moe_mul_sum_add_layer | 4.88 | 4.45 | 5.65 | 29 |
| 200 | linear_gemv_layer | 13.84 | 13.06 | 14.38 | 29 |
| 201 | mla_prep_layer | 9.86 | 9.58 | 10.24 | 29 |
| 202 | mla_attend_layer | 12.58 | 11.56 | 13.14 | 29 |
| 203 | mla_merge_uv_tile_layer | 15.16 | 14.59 | 15.75 | 29 |
| 204 | linear_gemv_layer | 8.25 | 7.68 | 9.05 | 29 |
| 205 | moe_router_layer | 16.08 | 14.63 | 17.89 | 29 |
| 206 | gang_moe_w13_linear_layer | 40.99 | 38.59 | 44.85 | 29 |
| 207 | gang_moe_w2_silu_linear_layer | 23.49 | 21.76 | 24.88 | 29 |
| 208 | moe_mul_sum_add_layer | 4.93 | 4.28 | 6.73 | 29 |
| 209 | linear_gemv_layer | 13.85 | 13.38 | 14.42 | 29 |
| 210 | mla_prep_layer | 9.71 | 9.47 | 10.04 | 29 |
| 211 | mla_attend_layer | 12.60 | 11.73 | 13.41 | 29 |
| 212 | mla_merge_uv_tile_layer | 15.27 | 14.52 | 15.65 | 29 |
| 213 | linear_gemv_layer | 8.15 | 7.78 | 8.68 | 29 |
| 214 | moe_router_layer | 15.69 | 14.66 | 17.61 | 29 |
| 215 | gang_moe_w13_linear_layer | 41.30 | 38.64 | 44.08 | 29 |
| 216 | gang_moe_w2_silu_linear_layer | 24.10 | 21.93 | 25.65 | 29 |
| 217 | moe_mul_sum_add_layer | 4.75 | 4.12 | 6.03 | 29 |
| 218 | linear_gemv_layer | 13.70 | 13.24 | 14.06 | 29 |
| 219 | mla_prep_layer | 9.57 | 9.33 | 9.92 | 29 |
| 220 | mla_attend_layer | 12.57 | 11.84 | 13.40 | 29 |
| 221 | mla_merge_uv_tile_layer | 15.16 | 14.82 | 15.79 | 29 |
| 222 | linear_gemv_layer | 8.24 | 7.69 | 8.73 | 29 |
| 223 | moe_router_layer | 15.97 | 15.21 | 17.27 | 29 |
| 224 | gang_moe_w13_linear_layer | 42.03 | 39.48 | 44.03 | 29 |
| 225 | gang_moe_w2_silu_linear_layer | 23.24 | 21.79 | 25.68 | 29 |
| 226 | moe_mul_sum_add_layer | 4.73 | 4.26 | 5.94 | 29 |
| 227 | linear_gemv_layer | 13.86 | 13.42 | 14.33 | 29 |
| 228 | mla_prep_layer | 9.76 | 9.48 | 10.26 | 29 |
| 229 | mla_attend_layer | 12.60 | 11.95 | 13.38 | 29 |
| 230 | mla_merge_uv_tile_layer | 15.11 | 14.72 | 15.60 | 29 |
| 231 | linear_gemv_layer | 8.29 | 7.63 | 8.75 | 29 |
| 232 | moe_router_layer | 15.55 | 14.78 | 16.08 | 29 |
| 233 | gang_moe_w13_linear_layer | 41.76 | 40.06 | 43.85 | 29 |
| 234 | gang_moe_w2_silu_linear_layer | 23.41 | 21.95 | 25.00 | 29 |
| 235 | moe_mul_sum_add_layer | 4.59 | 4.12 | 5.36 | 29 |
| 236 | linear_gemv_layer | 13.73 | 13.26 | 14.22 | 29 |
| 237 | mla_prep_layer | 9.82 | 9.60 | 10.08 | 29 |
| 238 | mla_attend_layer | 12.45 | 11.45 | 13.26 | 29 |
| 239 | mla_merge_uv_tile_layer | 14.97 | 14.46 | 15.48 | 29 |
| 240 | linear_gemv_layer | 8.03 | 7.41 | 8.65 | 29 |
| 241 | moe_router_layer | 15.59 | 14.59 | 17.49 | 29 |
| 242 | gang_moe_w13_linear_layer | 42.55 | 39.36 | 46.52 | 29 |
| 243 | gang_moe_w2_silu_linear_layer | 22.82 | 20.99 | 24.84 | 29 |
| 244 | moe_mul_sum_add_layer | 5.76 | 4.29 | 6.76 | 29 |
| 245 | linear_gemv_layer | 2.70 | 0.01 | 73.29 | 29 |
| 246 | argmax_partial_layer | 0.18 | 0.00 | 0.84 | 29 |
| 247 | argmax_reduce_layer | 0.35 | 0.00 | 1.72 | 29 |
| 248 | event_248 | 0.23 | 0.00 | 1.71 | 29 |
| 249 | event_249 | 2.76 | 0.00 | 74.52 | 29 |
| 250 | event_250 | 5.40 | 0.00 | 76.07 | 29 |
| 251 | event_251 | 5.32 | 0.00 | 74.59 | 29 |
| 252 | event_252 | 2.87 | 0.00 | 77.05 | 29 |
| 253 | event_253 | 5.25 | 0.00 | 74.74 | 29 |
| 254 | event_254 | 2.80 | 0.00 | 74.96 | 29 |
| 255 | event_255 | 0.13 | 0.00 | 0.61 | 29 |
| 256 | event_256 | 7.97 | 0.00 | 75.99 | 29 |
| 257 | event_257 | 2.77 | 0.00 | 75.48 | 29 |
| 258 | event_258 | 0.22 | 0.00 | 0.83 | 29 |
| 259 | event_259 | 2.89 | 0.00 | 73.87 | 29 |
| 260 | event_260 | 5.27 | 0.00 | 75.21 | 29 |
| 261 | event_261 | 0.22 | 0.00 | 1.49 | 29 |
| 262 | event_262 | 0.19 | 0.00 | 0.65 | 29 |
| 263 | event_263 | 2.90 | 0.00 | 79.31 | 29 |
| 264 | event_264 | 0.10 | 0.00 | 0.88 | 29 |
| 265 | event_265 | 0.23 | 0.00 | 1.17 | 29 |
| 266 | event_266 | 2.82 | 0.00 | 75.03 | 29 |
| 267 | event_267 | 0.17 | 0.00 | 1.15 | 29 |
| 268 | event_268 | 2.78 | 0.00 | 76.24 | 29 |
| 269 | event_269 | 0.20 | 0.00 | 1.52 | 29 |
| 270 | event_270 | 2.75 | 0.00 | 74.39 | 29 |
| 271 | event_271 | 5.45 | 0.00 | 76.15 | 29 |
| 272 | event_272 | 2.78 | 0.00 | 75.53 | 29 |
| 273 | event_273 | 2.65 | 0.00 | 73.70 | 29 |
| 274 | event_274 | 2.76 | 0.00 | 76.34 | 29 |
| 275 | event_275 | 8.00 | 0.00 | 76.22 | 29 |
| 276 | event_276 | 0.17 | 0.00 | 0.80 | 29 |
| 277 | event_277 | 0.63 | 0.04 | 2.04 | 29 |
| 278 | event_278 | 0.45 | 0.00 | 1.23 | 29 |
| 279 | event_279 | 0.80 | 0.04 | 3.63 | 29 |
| 280 | event_280 | 0.65 | 0.03 | 2.96 | 29 |
| 281 | event_281 | 0.63 | 0.04 | 2.31 | 29 |
| 282 | event_282 | 2.31 | 0.00 | 28.08 | 29 |
| 283 | event_283 | 6.95 | 0.00 | 29.08 | 29 |
| 284 | event_284 | 4.13 | 0.00 | 28.08 | 29 |
| 285 | event_285 | 2.15 | 0.00 | 29.15 | 29 |
| 286 | event_286 | 0.31 | 0.00 | 1.12 | 29 |
| 287 | event_287 | 3.10 | 0.00 | 26.81 | 29 |
| 288 | event_288 | 2.12 | 0.01 | 26.73 | 29 |
| 289 | event_289 | 1.26 | 0.00 | 27.64 | 29 |
| 290 | event_290 | 3.18 | 0.00 | 28.06 | 29 |
| 291 | event_291 | 1.26 | 0.00 | 28.71 | 29 |
| 292 | event_292 | 4.24 | 0.00 | 29.16 | 29 |
| 293 | event_293 | 0.30 | 0.00 | 1.28 | 29 |
| 294 | event_294 | 0.31 | 0.00 | 1.35 | 29 |
| 295 | event_295 | 5.34 | 4.93 | 5.98 | 29 |
| 296 | event_296 | 5.12 | 4.85 | 5.31 | 29 |

-> /home/hotaisle/metalOps/harness/fleet_out/L27_head_it30_final_tile_at_fn1_fn2_fs_nt_nts_mfma_rf_w2cktile_gv_lg48_mt_mh2/metrics.json, /home/hotaisle/metalOps/harness/fleet_out/L27_head_it30_final_tile_at_fn1_fn2_fs_nt_nts_mfma_rf_w2cktile_gv_lg48_mt_mh2/report_table.md
