# Measurement report

| Quantity | Predicted | Measured |
|---|---|---|
| bytes per iteration (read, MiB) | 4709.9 weights + cache; about 4772.0 with activations | - |
| time per iteration, median (us) | 1148.5-1349.4 + 326 t_b + T_serial | - |
| time per iteration, P95 (us) |  | - |
| time per iteration from event timing, median (us) |  | 4265.0 |
| time per iteration from host wall clock (us) |  | 7276.8 |
| time per iteration from the kernel trace (us) |  | - |
| achieved read bandwidth (TB/s) | 3.66-4.3 over T_bw | - |
| launches per generation | 3 | - |
| L2 hit rate | 16-17% (Fleet's batch-1 figure) | - |
| tokens per second |  | - |
| GFX clock from amd-smi during the run, median / max (MHz) | 2100 max (D2 of round 1) | 2107 / 2107 over 54 samples |
| memory clock from amd-smi, median (MHz) |  | 900 |

## Per-operator time (event gaps, mean over iterations after the first)

| Event | Operator | mean us | min us | max us | n |
|---|---|---|---|---|---|
| 1 | iteration_start | 191.74 | 175.00 | 243.24 | 29 |
| 2 | embed_layer | 14.33 | 12.66 | 16.06 | 30 |
| 3 | linear_gemv_layer | 16.74 | 15.44 | 18.40 | 30 |
| 4 | mla_prep_layer | 9.87 | 9.50 | 10.22 | 30 |
| 5 | mla_attend_layer | 12.39 | 11.35 | 13.34 | 30 |
| 6 | mla_merge_uv_tile_layer | 15.18 | 14.75 | 15.71 | 30 |
| 7 | linear_gemv_layer | 7.66 | 7.18 | 8.16 | 30 |
| 8 | rmsnorm_layer | 3.87 | 3.18 | 4.64 | 30 |
| 9 | gang_linear_silu_layer | 35.71 | 34.16 | 37.52 | 30 |
| 10 | linear_with_residual_layer | 50.28 | 49.32 | 51.84 | 30 |
| 11 | linear_gemv_layer | 13.65 | 13.31 | 14.32 | 30 |
| 12 | mla_prep_layer | 9.80 | 9.43 | 10.13 | 30 |
| 13 | mla_attend_layer | 12.49 | 11.45 | 13.24 | 30 |
| 14 | mla_merge_uv_tile_layer | 15.05 | 14.56 | 15.52 | 30 |
| 15 | linear_gemv_layer | 7.13 | 6.54 | 7.78 | 30 |
| 16 | moe_router_layer | 16.23 | 15.57 | 17.12 | 30 |
| 17 | gang_moe_w13_linear_layer | 43.83 | 41.10 | 46.41 | 30 |
| 18 | gang_moe_w2_silu_linear_layer | 23.00 | 21.47 | 25.32 | 30 |
| 19 | moe_mul_sum_add_layer | 4.71 | 4.04 | 5.28 | 30 |
| 20 | linear_gemv_layer | 13.65 | 12.98 | 14.06 | 30 |
| 21 | mla_prep_layer | 9.94 | 9.28 | 10.30 | 30 |
| 22 | mla_attend_layer | 12.47 | 11.68 | 13.02 | 30 |
| 23 | mla_merge_uv_tile_layer | 15.16 | 14.81 | 15.52 | 30 |
| 24 | linear_gemv_layer | 7.82 | 7.34 | 8.42 | 30 |
| 25 | moe_router_layer | 16.87 | 15.63 | 18.55 | 30 |
| 26 | gang_moe_w13_linear_layer | 43.45 | 40.08 | 47.46 | 30 |
| 27 | gang_moe_w2_silu_linear_layer | 23.42 | 21.66 | 25.36 | 30 |
| 28 | moe_mul_sum_add_layer | 4.87 | 3.95 | 6.14 | 30 |
| 29 | linear_gemv_layer | 13.65 | 12.79 | 14.20 | 30 |
| 30 | mla_prep_layer | 9.64 | 9.35 | 10.08 | 30 |
| 31 | mla_attend_layer | 12.16 | 11.46 | 12.90 | 30 |
| 32 | mla_merge_uv_tile_layer | 14.96 | 14.60 | 15.51 | 30 |
| 33 | linear_gemv_layer | 8.04 | 7.53 | 8.88 | 30 |
| 34 | moe_router_layer | 16.88 | 15.36 | 17.99 | 30 |
| 35 | gang_moe_w13_linear_layer | 42.73 | 39.11 | 47.27 | 30 |
| 36 | gang_moe_w2_silu_linear_layer | 22.72 | 21.35 | 24.60 | 30 |
| 37 | moe_mul_sum_add_layer | 4.71 | 3.89 | 5.24 | 30 |
| 38 | linear_gemv_layer | 13.67 | 13.02 | 14.06 | 30 |
| 39 | mla_prep_layer | 9.65 | 9.42 | 10.27 | 30 |
| 40 | mla_attend_layer | 12.79 | 11.63 | 13.35 | 30 |
| 41 | mla_merge_uv_tile_layer | 15.09 | 14.62 | 15.48 | 30 |
| 42 | linear_gemv_layer | 7.88 | 7.24 | 8.43 | 30 |
| 43 | moe_router_layer | 15.93 | 14.76 | 17.50 | 30 |
| 44 | gang_moe_w13_linear_layer | 41.85 | 39.00 | 44.66 | 30 |
| 45 | gang_moe_w2_silu_linear_layer | 22.55 | 21.55 | 24.24 | 30 |
| 46 | moe_mul_sum_add_layer | 5.05 | 4.31 | 8.04 | 30 |
| 47 | linear_gemv_layer | 13.41 | 12.96 | 13.86 | 30 |
| 48 | mla_prep_layer | 9.96 | 9.69 | 10.29 | 30 |
| 49 | mla_attend_layer | 12.52 | 11.78 | 13.19 | 30 |
| 50 | mla_merge_uv_tile_layer | 15.03 | 14.50 | 15.54 | 30 |
| 51 | linear_gemv_layer | 7.96 | 7.35 | 8.52 | 30 |
| 52 | moe_router_layer | 15.99 | 15.17 | 17.61 | 30 |
| 53 | gang_moe_w13_linear_layer | 42.78 | 40.53 | 45.90 | 30 |
| 54 | gang_moe_w2_silu_linear_layer | 23.70 | 21.56 | 25.96 | 30 |
| 55 | moe_mul_sum_add_layer | 4.96 | 4.10 | 6.64 | 30 |
| 56 | linear_gemv_layer | 13.65 | 13.32 | 14.18 | 30 |
| 57 | mla_prep_layer | 9.65 | 9.40 | 10.06 | 30 |
| 58 | mla_attend_layer | 12.33 | 11.50 | 13.10 | 30 |
| 59 | mla_merge_uv_tile_layer | 14.94 | 14.44 | 15.62 | 30 |
| 60 | linear_gemv_layer | 8.13 | 7.62 | 8.70 | 30 |
| 61 | moe_router_layer | 16.37 | 15.15 | 17.96 | 30 |
| 62 | gang_moe_w13_linear_layer | 41.32 | 38.82 | 43.13 | 30 |
| 63 | gang_moe_w2_silu_linear_layer | 23.73 | 21.88 | 26.27 | 30 |
| 64 | moe_mul_sum_add_layer | 4.83 | 4.18 | 6.09 | 30 |
| 65 | linear_gemv_layer | 13.68 | 13.30 | 14.12 | 30 |
| 66 | mla_prep_layer | 9.72 | 9.52 | 9.94 | 30 |
| 67 | mla_attend_layer | 12.32 | 11.64 | 13.08 | 30 |
| 68 | mla_merge_uv_tile_layer | 15.07 | 14.54 | 15.51 | 30 |
| 69 | linear_gemv_layer | 7.84 | 7.14 | 8.44 | 30 |
| 70 | moe_router_layer | 16.91 | 15.06 | 18.25 | 30 |
| 71 | gang_moe_w13_linear_layer | 41.59 | 38.60 | 46.62 | 30 |
| 72 | gang_moe_w2_silu_linear_layer | 23.34 | 21.87 | 25.88 | 30 |
| 73 | moe_mul_sum_add_layer | 5.10 | 4.22 | 6.08 | 30 |
| 74 | linear_gemv_layer | 13.66 | 13.18 | 14.40 | 30 |
| 75 | mla_prep_layer | 9.75 | 9.42 | 10.04 | 30 |
| 76 | mla_attend_layer | 12.56 | 11.74 | 13.30 | 30 |
| 77 | mla_merge_uv_tile_layer | 14.89 | 14.49 | 15.46 | 30 |
| 78 | linear_gemv_layer | 7.85 | 7.49 | 8.24 | 30 |
| 79 | moe_router_layer | 16.74 | 15.30 | 18.14 | 30 |
| 80 | gang_moe_w13_linear_layer | 41.99 | 38.60 | 45.87 | 30 |
| 81 | gang_moe_w2_silu_linear_layer | 23.38 | 21.73 | 24.96 | 30 |
| 82 | moe_mul_sum_add_layer | 4.95 | 4.34 | 6.49 | 30 |
| 83 | linear_gemv_layer | 13.53 | 13.02 | 14.10 | 30 |
| 84 | mla_prep_layer | 10.20 | 9.93 | 10.45 | 30 |
| 85 | mla_attend_layer | 12.44 | 11.49 | 13.03 | 30 |
| 86 | mla_merge_uv_tile_layer | 15.07 | 14.60 | 15.52 | 30 |
| 87 | linear_gemv_layer | 7.72 | 7.17 | 8.27 | 30 |
| 88 | moe_router_layer | 16.18 | 15.18 | 18.13 | 30 |
| 89 | gang_moe_w13_linear_layer | 45.08 | 41.77 | 47.78 | 30 |
| 90 | gang_moe_w2_silu_linear_layer | 23.03 | 21.96 | 24.93 | 30 |
| 91 | moe_mul_sum_add_layer | 4.94 | 4.18 | 6.59 | 30 |
| 92 | linear_gemv_layer | 13.53 | 12.92 | 13.91 | 30 |
| 93 | mla_prep_layer | 9.89 | 9.60 | 10.42 | 30 |
| 94 | mla_attend_layer | 12.38 | 11.60 | 13.28 | 30 |
| 95 | mla_merge_uv_tile_layer | 15.05 | 14.42 | 15.52 | 30 |
| 96 | linear_gemv_layer | 7.74 | 7.05 | 8.10 | 30 |
| 97 | moe_router_layer | 17.26 | 15.72 | 18.54 | 30 |
| 98 | gang_moe_w13_linear_layer | 41.31 | 38.47 | 43.52 | 30 |
| 99 | gang_moe_w2_silu_linear_layer | 23.32 | 21.90 | 25.10 | 30 |
| 100 | moe_mul_sum_add_layer | 4.93 | 4.47 | 6.02 | 30 |
| 101 | linear_gemv_layer | 13.69 | 13.14 | 14.27 | 30 |
| 102 | mla_prep_layer | 9.59 | 9.38 | 9.82 | 30 |
| 103 | mla_attend_layer | 12.32 | 11.40 | 13.44 | 30 |
| 104 | mla_merge_uv_tile_layer | 14.96 | 14.50 | 15.38 | 30 |
| 105 | linear_gemv_layer | 7.75 | 6.91 | 8.21 | 30 |
| 106 | moe_router_layer | 16.63 | 14.90 | 18.22 | 30 |
| 107 | gang_moe_w13_linear_layer | 43.62 | 40.34 | 46.58 | 30 |
| 108 | gang_moe_w2_silu_linear_layer | 23.12 | 21.94 | 25.04 | 30 |
| 109 | moe_mul_sum_add_layer | 4.84 | 4.28 | 6.06 | 30 |
| 110 | linear_gemv_layer | 13.47 | 12.86 | 13.94 | 30 |
| 111 | mla_prep_layer | 9.66 | 9.36 | 10.32 | 30 |
| 112 | mla_attend_layer | 12.57 | 11.74 | 13.35 | 30 |
| 113 | mla_merge_uv_tile_layer | 15.11 | 14.60 | 15.68 | 30 |
| 114 | linear_gemv_layer | 7.89 | 7.37 | 8.38 | 30 |
| 115 | moe_router_layer | 16.13 | 14.68 | 17.46 | 30 |
| 116 | gang_moe_w13_linear_layer | 41.65 | 38.72 | 44.40 | 30 |
| 117 | gang_moe_w2_silu_linear_layer | 23.22 | 21.72 | 25.72 | 30 |
| 118 | moe_mul_sum_add_layer | 5.03 | 4.46 | 6.39 | 30 |
| 119 | linear_gemv_layer | 13.66 | 13.28 | 14.20 | 30 |
| 120 | mla_prep_layer | 9.98 | 9.77 | 10.25 | 30 |
| 121 | mla_attend_layer | 12.54 | 11.63 | 13.23 | 30 |
| 122 | mla_merge_uv_tile_layer | 15.15 | 14.44 | 15.88 | 30 |
| 123 | linear_gemv_layer | 7.82 | 7.36 | 8.34 | 30 |
| 124 | moe_router_layer | 16.07 | 14.95 | 17.65 | 30 |
| 125 | gang_moe_w13_linear_layer | 41.89 | 39.70 | 43.70 | 30 |
| 126 | gang_moe_w2_silu_linear_layer | 22.90 | 21.64 | 25.16 | 30 |
| 127 | moe_mul_sum_add_layer | 5.20 | 4.27 | 7.53 | 30 |
| 128 | linear_gemv_layer | 13.64 | 13.36 | 14.01 | 30 |
| 129 | mla_prep_layer | 9.97 | 9.58 | 10.58 | 30 |
| 130 | mla_attend_layer | 12.50 | 11.56 | 13.18 | 30 |
| 131 | mla_merge_uv_tile_layer | 15.02 | 14.41 | 15.48 | 30 |
| 132 | linear_gemv_layer | 8.09 | 7.46 | 8.69 | 30 |
| 133 | moe_router_layer | 16.76 | 15.54 | 18.36 | 30 |
| 134 | gang_moe_w13_linear_layer | 41.80 | 39.10 | 43.86 | 30 |
| 135 | gang_moe_w2_silu_linear_layer | 23.27 | 21.15 | 25.13 | 30 |
| 136 | moe_mul_sum_add_layer | 5.07 | 4.38 | 6.48 | 30 |
| 137 | linear_gemv_layer | 13.63 | 13.28 | 14.08 | 30 |
| 138 | mla_prep_layer | 9.53 | 9.16 | 9.73 | 30 |
| 139 | mla_attend_layer | 12.31 | 11.18 | 13.02 | 30 |
| 140 | mla_merge_uv_tile_layer | 14.96 | 14.33 | 15.52 | 30 |
| 141 | linear_gemv_layer | 8.19 | 7.76 | 8.72 | 30 |
| 142 | moe_router_layer | 16.45 | 15.48 | 18.25 | 30 |
| 143 | gang_moe_w13_linear_layer | 42.04 | 39.01 | 44.52 | 30 |
| 144 | gang_moe_w2_silu_linear_layer | 23.29 | 21.88 | 25.68 | 30 |
| 145 | moe_mul_sum_add_layer | 5.20 | 4.11 | 6.45 | 30 |
| 146 | linear_gemv_layer | 13.69 | 13.15 | 14.44 | 30 |
| 147 | mla_prep_layer | 9.67 | 9.34 | 10.02 | 30 |
| 148 | mla_attend_layer | 12.76 | 11.72 | 13.54 | 30 |
| 149 | mla_merge_uv_tile_layer | 15.09 | 14.46 | 15.50 | 30 |
| 150 | linear_gemv_layer | 7.98 | 7.12 | 8.63 | 30 |
| 151 | moe_router_layer | 15.94 | 15.04 | 17.72 | 30 |
| 152 | gang_moe_w13_linear_layer | 42.14 | 40.44 | 43.93 | 30 |
| 153 | gang_moe_w2_silu_linear_layer | 23.26 | 22.03 | 25.52 | 30 |
| 154 | moe_mul_sum_add_layer | 4.94 | 4.31 | 6.38 | 30 |
| 155 | linear_gemv_layer | 13.47 | 13.12 | 13.94 | 30 |
| 156 | mla_prep_layer | 9.96 | 9.55 | 10.39 | 30 |
| 157 | mla_attend_layer | 12.37 | 11.49 | 13.04 | 30 |
| 158 | mla_merge_uv_tile_layer | 14.94 | 14.30 | 15.39 | 30 |
| 159 | linear_gemv_layer | 7.28 | 6.92 | 8.00 | 30 |
| 160 | moe_router_layer | 16.14 | 15.30 | 17.23 | 30 |
| 161 | gang_moe_w13_linear_layer | 43.04 | 40.57 | 46.54 | 30 |
| 162 | gang_moe_w2_silu_linear_layer | 23.00 | 21.74 | 25.88 | 30 |
| 163 | moe_mul_sum_add_layer | 4.79 | 4.32 | 6.35 | 30 |
| 164 | linear_gemv_layer | 13.69 | 13.28 | 14.10 | 30 |
| 165 | mla_prep_layer | 9.81 | 9.42 | 10.54 | 30 |
| 166 | mla_attend_layer | 12.42 | 11.38 | 13.30 | 30 |
| 167 | mla_merge_uv_tile_layer | 14.98 | 14.28 | 15.38 | 30 |
| 168 | linear_gemv_layer | 8.07 | 7.22 | 8.58 | 30 |
| 169 | moe_router_layer | 16.33 | 15.12 | 18.29 | 30 |
| 170 | gang_moe_w13_linear_layer | 42.24 | 38.82 | 45.58 | 30 |
| 171 | gang_moe_w2_silu_linear_layer | 23.15 | 21.86 | 24.58 | 30 |
| 172 | moe_mul_sum_add_layer | 5.11 | 4.32 | 7.60 | 30 |
| 173 | linear_gemv_layer | 13.60 | 13.04 | 14.22 | 30 |
| 174 | mla_prep_layer | 9.70 | 9.46 | 9.93 | 30 |
| 175 | mla_attend_layer | 12.17 | 11.26 | 13.10 | 30 |
| 176 | mla_merge_uv_tile_layer | 14.89 | 14.48 | 15.42 | 30 |
| 177 | linear_gemv_layer | 7.95 | 7.39 | 8.44 | 30 |
| 178 | moe_router_layer | 16.00 | 14.94 | 17.69 | 30 |
| 179 | gang_moe_w13_linear_layer | 42.22 | 39.35 | 45.39 | 30 |
| 180 | gang_moe_w2_silu_linear_layer | 23.09 | 21.26 | 25.48 | 30 |
| 181 | moe_mul_sum_add_layer | 5.43 | 4.33 | 8.32 | 30 |
| 182 | linear_gemv_layer | 13.68 | 13.26 | 14.18 | 30 |
| 183 | mla_prep_layer | 9.79 | 9.36 | 10.15 | 30 |
| 184 | mla_attend_layer | 12.78 | 12.00 | 13.38 | 30 |
| 185 | mla_merge_uv_tile_layer | 15.01 | 14.54 | 15.66 | 30 |
| 186 | linear_gemv_layer | 8.03 | 7.32 | 8.62 | 30 |
| 187 | moe_router_layer | 15.92 | 14.54 | 17.60 | 30 |
| 188 | gang_moe_w13_linear_layer | 41.86 | 39.02 | 43.90 | 30 |
| 189 | gang_moe_w2_silu_linear_layer | 23.19 | 21.78 | 24.92 | 30 |
| 190 | moe_mul_sum_add_layer | 5.07 | 4.26 | 8.10 | 30 |
| 191 | linear_gemv_layer | 13.43 | 13.02 | 13.97 | 30 |
| 192 | mla_prep_layer | 9.96 | 9.61 | 10.33 | 30 |
| 193 | mla_attend_layer | 12.47 | 11.81 | 13.25 | 30 |
| 194 | mla_merge_uv_tile_layer | 14.92 | 14.38 | 15.52 | 30 |
| 195 | linear_gemv_layer | 7.89 | 7.24 | 8.44 | 30 |
| 196 | moe_router_layer | 15.74 | 14.80 | 17.36 | 30 |
| 197 | gang_moe_w13_linear_layer | 42.01 | 39.41 | 43.74 | 30 |
| 198 | gang_moe_w2_silu_linear_layer | 23.40 | 22.09 | 25.04 | 30 |
| 199 | moe_mul_sum_add_layer | 4.85 | 4.15 | 6.40 | 30 |
| 200 | linear_gemv_layer | 13.71 | 13.22 | 14.20 | 30 |
| 201 | mla_prep_layer | 9.72 | 9.38 | 10.50 | 30 |
| 202 | mla_attend_layer | 12.52 | 11.64 | 13.06 | 30 |
| 203 | mla_merge_uv_tile_layer | 15.01 | 14.54 | 15.52 | 30 |
| 204 | linear_gemv_layer | 7.93 | 7.34 | 8.44 | 30 |
| 205 | moe_router_layer | 16.54 | 15.14 | 17.83 | 30 |
| 206 | gang_moe_w13_linear_layer | 43.44 | 40.28 | 48.70 | 30 |
| 207 | gang_moe_w2_silu_linear_layer | 22.68 | 21.30 | 24.39 | 30 |
| 208 | moe_mul_sum_add_layer | 5.33 | 4.22 | 7.42 | 30 |
| 209 | linear_gemv_layer | 13.74 | 13.30 | 14.22 | 30 |
| 210 | mla_prep_layer | 9.59 | 9.39 | 9.88 | 30 |
| 211 | mla_attend_layer | 12.36 | 11.62 | 13.12 | 30 |
| 212 | mla_merge_uv_tile_layer | 14.96 | 14.46 | 15.40 | 30 |
| 213 | linear_gemv_layer | 8.11 | 7.40 | 8.56 | 30 |
| 214 | moe_router_layer | 16.22 | 15.28 | 18.06 | 30 |
| 215 | gang_moe_w13_linear_layer | 42.02 | 38.86 | 46.81 | 30 |
| 216 | gang_moe_w2_silu_linear_layer | 23.29 | 21.95 | 25.68 | 30 |
| 217 | moe_mul_sum_add_layer | 4.72 | 4.29 | 5.82 | 30 |
| 218 | linear_gemv_layer | 13.76 | 13.09 | 14.14 | 30 |
| 219 | mla_prep_layer | 9.78 | 9.52 | 10.22 | 30 |
| 220 | mla_attend_layer | 12.71 | 11.76 | 13.50 | 30 |
| 221 | mla_merge_uv_tile_layer | 14.96 | 14.54 | 15.48 | 30 |
| 222 | linear_gemv_layer | 7.90 | 7.14 | 8.28 | 30 |
| 223 | moe_router_layer | 15.59 | 14.76 | 17.53 | 30 |
| 224 | gang_moe_w13_linear_layer | 41.99 | 38.44 | 44.29 | 30 |
| 225 | gang_moe_w2_silu_linear_layer | 23.42 | 21.25 | 25.40 | 30 |
| 226 | moe_mul_sum_add_layer | 4.90 | 4.44 | 5.82 | 30 |
| 227 | linear_gemv_layer | 13.71 | 13.34 | 14.26 | 30 |
| 228 | mla_prep_layer | 10.07 | 9.61 | 10.38 | 30 |
| 229 | mla_attend_layer | 12.58 | 11.47 | 13.59 | 30 |
| 230 | mla_merge_uv_tile_layer | 15.10 | 14.64 | 15.60 | 30 |
| 231 | linear_gemv_layer | 7.97 | 7.44 | 8.42 | 30 |
| 232 | moe_router_layer | 15.73 | 14.90 | 17.70 | 30 |
| 233 | gang_moe_w13_linear_layer | 42.47 | 39.35 | 44.50 | 30 |
| 234 | gang_moe_w2_silu_linear_layer | 22.87 | 21.32 | 24.66 | 30 |
| 235 | moe_mul_sum_add_layer | 4.59 | 4.12 | 5.00 | 30 |
| 236 | linear_gemv_layer | 13.57 | 12.84 | 14.06 | 30 |
| 237 | mla_prep_layer | 9.89 | 9.62 | 10.46 | 30 |
| 238 | mla_attend_layer | 12.38 | 11.72 | 13.19 | 30 |
| 239 | mla_merge_uv_tile_layer | 15.00 | 14.61 | 15.32 | 30 |
| 240 | linear_gemv_layer | 7.73 | 7.18 | 8.48 | 30 |
| 241 | moe_router_layer | 16.14 | 15.02 | 18.17 | 30 |
| 242 | gang_moe_w13_linear_layer | 41.64 | 38.20 | 43.60 | 30 |
| 243 | gang_moe_w2_silu_linear_layer | 22.89 | 21.39 | 24.72 | 30 |
| 244 | moe_mul_sum_add_layer | 5.62 | 4.15 | 6.96 | 30 |
| 245 | linear_gemv_layer | 4.98 | 0.00 | 73.60 | 30 |
| 246 | argmax_partial_layer | 2.80 | 0.00 | 74.20 | 30 |
| 247 | argmax_reduce_layer | 5.11 | 0.00 | 74.18 | 30 |
| 248 | event_248 | 0.24 | 0.00 | 1.50 | 30 |
| 249 | event_249 | 0.22 | 0.00 | 0.98 | 30 |
| 250 | event_250 | 0.30 | 0.00 | 1.75 | 30 |
| 251 | event_251 | 0.24 | 0.00 | 1.66 | 30 |
| 252 | event_252 | 0.25 | 0.00 | 1.23 | 30 |
| 253 | event_253 | 0.23 | 0.00 | 1.04 | 30 |
| 254 | event_254 | 0.18 | 0.00 | 1.44 | 30 |
| 255 | event_255 | 0.12 | 0.00 | 0.44 | 30 |
| 256 | event_256 | 5.05 | 0.00 | 73.64 | 30 |
| 257 | event_257 | 5.00 | 0.00 | 74.22 | 30 |
| 258 | event_258 | 0.22 | 0.00 | 1.00 | 30 |
| 259 | event_259 | 9.70 | 0.00 | 74.58 | 30 |
| 260 | event_260 | 4.91 | 0.00 | 71.70 | 30 |
| 261 | event_261 | 5.07 | 0.00 | 71.93 | 30 |
| 262 | event_262 | 0.12 | 0.00 | 0.68 | 30 |
| 263 | event_263 | 0.25 | 0.00 | 2.22 | 30 |
| 264 | event_264 | 2.72 | 0.00 | 75.13 | 30 |
| 265 | event_265 | 0.17 | 0.00 | 0.59 | 30 |
| 266 | event_266 | 5.02 | 0.00 | 72.18 | 30 |
| 267 | event_267 | 2.69 | 0.00 | 74.86 | 30 |
| 268 | event_268 | 2.65 | 0.00 | 73.40 | 30 |
| 269 | event_269 | 2.63 | 0.00 | 71.36 | 30 |
| 270 | event_270 | 0.18 | 0.00 | 0.92 | 30 |
| 271 | event_271 | 0.20 | 0.00 | 0.76 | 30 |
| 272 | event_272 | 2.61 | 0.00 | 72.95 | 30 |
| 273 | event_273 | 0.21 | 0.00 | 1.20 | 30 |
| 274 | event_274 | 0.32 | 0.00 | 2.12 | 30 |
| 275 | event_275 | 0.29 | 0.00 | 2.14 | 30 |
| 276 | event_276 | 0.15 | 0.00 | 1.28 | 30 |
| 277 | event_277 | 5.12 | 0.00 | 74.24 | 30 |
| 278 | event_278 | 2.68 | 0.00 | 73.50 | 30 |
| 279 | event_279 | 2.59 | 0.00 | 71.48 | 30 |
| 280 | event_280 | 2.59 | 0.00 | 73.50 | 30 |
| 281 | event_281 | 2.60 | 0.00 | 72.48 | 30 |
| 282 | event_282 | 3.96 | 0.00 | 28.56 | 30 |
| 283 | event_283 | 6.92 | 0.00 | 30.23 | 30 |
| 284 | event_284 | 3.25 | 0.00 | 30.31 | 30 |
| 285 | event_285 | 4.97 | 0.00 | 31.14 | 30 |
| 286 | event_286 | 1.21 | 0.00 | 26.45 | 30 |
| 287 | event_287 | 2.66 | 0.00 | 31.03 | 30 |
| 288 | event_288 | 1.17 | 0.00 | 25.56 | 30 |
| 289 | event_289 | 1.25 | 0.00 | 28.36 | 30 |
| 290 | event_290 | 2.33 | 0.00 | 29.21 | 30 |
| 291 | event_291 | 2.41 | 0.00 | 30.56 | 30 |
| 292 | event_292 | 2.07 | 0.00 | 28.33 | 30 |
| 293 | event_293 | 0.64 | 0.00 | 2.56 | 30 |
| 294 | event_294 | 0.35 | 0.00 | 1.48 | 30 |
| 295 | event_295 | 5.54 | 5.12 | 5.80 | 30 |
| 296 | event_296 | 5.20 | 5.04 | 5.36 | 30 |

-> /home/hotaisle/metalOps/harness/fleet_out/L27_head_it31_tile_at_fn1_fn2_fs_nt_nts_mfma_rf_w2cktile+nolocalcas+pollsleep8_gv_lg48_mt_mh2/metrics.json, /home/hotaisle/metalOps/harness/fleet_out/L27_head_it31_tile_at_fn1_fn2_fs_nt_nts_mfma_rf_w2cktile+nolocalcas+pollsleep8_gv_lg48_mt_mh2/report_table.md
