# Measurement report

| Quantity | Predicted | Measured |
|---|---|---|
| bytes per iteration (read, MiB) | 4709.9 weights + cache; about 4772.0 with activations | - |
| time per iteration, median (us) | 1148.5-1349.4 + 326 t_b + T_serial | - |
| time per iteration, P95 (us) |  | - |
| time per iteration from event timing, median (us) |  | 4307.0 |
| time per iteration from host wall clock (us) |  | 7394.7 |
| time per iteration from the kernel trace (us) |  | - |
| achieved read bandwidth (TB/s) | 3.66-4.3 over T_bw | - |
| launches per generation | 3 | - |
| L2 hit rate | 16-17% (Fleet's batch-1 figure) | - |
| tokens per second |  | - |
| GFX clock from amd-smi during the run, median / max (MHz) | 2100 max (D2 of round 1) | 2107 / 2107 over 54 samples |
| memory clock from amd-smi, median (MHz) |  | 900 |

## Per-operator time (event gaps, mean over iterations after the first)

| Event | Operator | mean us | min us | max us | n |
|---|---|---|---|---|---|
| 1 | iteration_start | 212.31 | 199.80 | 284.44 | 28 |
| 2 | embed_layer | 13.93 | 12.57 | 14.97 | 29 |
| 3 | linear_gemv_layer | 16.91 | 15.56 | 18.60 | 29 |
| 4 | mla_prep_layer | 10.23 | 9.91 | 10.95 | 29 |
| 5 | mla_attend_layer | 12.58 | 11.61 | 13.33 | 29 |
| 6 | mla_merge_uv_tile_layer | 15.15 | 14.67 | 15.95 | 29 |
| 7 | linear_gemv_layer | 7.99 | 7.55 | 8.67 | 29 |
| 8 | rmsnorm_layer | 4.52 | 3.44 | 5.25 | 29 |
| 9 | gang_linear_silu_layer | 34.87 | 33.51 | 36.40 | 29 |
| 10 | linear_with_residual_layer | 50.43 | 49.43 | 52.64 | 29 |
| 11 | linear_gemv_layer | 13.87 | 13.44 | 14.28 | 29 |
| 12 | mla_prep_layer | 9.73 | 9.34 | 10.33 | 29 |
| 13 | mla_attend_layer | 12.33 | 11.43 | 13.10 | 29 |
| 14 | mla_merge_uv_tile_layer | 15.19 | 14.63 | 15.92 | 29 |
| 15 | linear_gemv_layer | 7.11 | 6.75 | 7.57 | 29 |
| 16 | moe_router_layer | 17.78 | 15.80 | 18.46 | 29 |
| 17 | gang_moe_w13_linear_layer | 42.76 | 39.94 | 47.23 | 29 |
| 18 | gang_moe_w2_silu_linear_layer | 23.36 | 21.52 | 24.92 | 29 |
| 19 | moe_mul_sum_add_layer | 4.72 | 4.29 | 5.26 | 29 |
| 20 | linear_gemv_layer | 13.89 | 13.55 | 14.37 | 29 |
| 21 | mla_prep_layer | 9.65 | 9.25 | 10.10 | 29 |
| 22 | mla_attend_layer | 12.71 | 11.87 | 13.31 | 29 |
| 23 | mla_merge_uv_tile_layer | 15.35 | 14.65 | 16.10 | 29 |
| 24 | linear_gemv_layer | 7.85 | 7.15 | 8.56 | 29 |
| 25 | moe_router_layer | 17.20 | 15.42 | 18.14 | 29 |
| 26 | gang_moe_w13_linear_layer | 41.86 | 39.02 | 46.20 | 29 |
| 27 | gang_moe_w2_silu_linear_layer | 23.92 | 22.21 | 26.96 | 29 |
| 28 | moe_mul_sum_add_layer | 4.75 | 4.27 | 5.60 | 29 |
| 29 | linear_gemv_layer | 13.71 | 13.25 | 14.03 | 29 |
| 30 | mla_prep_layer | 10.05 | 9.74 | 10.54 | 29 |
| 31 | mla_attend_layer | 12.42 | 11.62 | 13.17 | 29 |
| 32 | mla_merge_uv_tile_layer | 15.15 | 14.69 | 15.74 | 29 |
| 33 | linear_gemv_layer | 8.03 | 7.56 | 8.64 | 29 |
| 34 | moe_router_layer | 16.73 | 15.11 | 17.88 | 29 |
| 35 | gang_moe_w13_linear_layer | 44.32 | 41.14 | 48.12 | 29 |
| 36 | gang_moe_w2_silu_linear_layer | 23.54 | 21.93 | 26.40 | 29 |
| 37 | moe_mul_sum_add_layer | 4.82 | 3.89 | 5.85 | 29 |
| 38 | linear_gemv_layer | 13.85 | 13.23 | 14.25 | 29 |
| 39 | mla_prep_layer | 10.01 | 9.64 | 10.45 | 29 |
| 40 | mla_attend_layer | 12.34 | 11.56 | 13.14 | 29 |
| 41 | mla_merge_uv_tile_layer | 15.11 | 14.36 | 15.44 | 29 |
| 42 | linear_gemv_layer | 7.98 | 7.21 | 8.40 | 29 |
| 43 | moe_router_layer | 16.58 | 15.29 | 18.24 | 29 |
| 44 | gang_moe_w13_linear_layer | 44.05 | 40.50 | 46.71 | 29 |
| 45 | gang_moe_w2_silu_linear_layer | 23.11 | 21.68 | 24.68 | 29 |
| 46 | moe_mul_sum_add_layer | 4.86 | 4.32 | 5.40 | 29 |
| 47 | linear_gemv_layer | 13.64 | 13.10 | 14.05 | 29 |
| 48 | mla_prep_layer | 9.72 | 9.22 | 10.28 | 29 |
| 49 | mla_attend_layer | 12.56 | 11.83 | 13.42 | 29 |
| 50 | mla_merge_uv_tile_layer | 15.15 | 14.63 | 15.75 | 29 |
| 51 | linear_gemv_layer | 7.93 | 7.29 | 8.49 | 29 |
| 52 | moe_router_layer | 17.26 | 14.91 | 18.17 | 29 |
| 53 | gang_moe_w13_linear_layer | 42.32 | 39.92 | 44.96 | 29 |
| 54 | gang_moe_w2_silu_linear_layer | 23.40 | 21.83 | 26.60 | 29 |
| 55 | moe_mul_sum_add_layer | 4.97 | 4.28 | 5.76 | 29 |
| 56 | linear_gemv_layer | 13.78 | 13.36 | 14.43 | 29 |
| 57 | mla_prep_layer | 9.95 | 9.65 | 10.48 | 29 |
| 58 | mla_attend_layer | 12.62 | 12.07 | 13.39 | 29 |
| 59 | mla_merge_uv_tile_layer | 15.10 | 14.39 | 15.60 | 29 |
| 60 | linear_gemv_layer | 7.86 | 6.99 | 8.64 | 29 |
| 61 | moe_router_layer | 16.91 | 14.87 | 18.12 | 29 |
| 62 | gang_moe_w13_linear_layer | 41.50 | 39.06 | 44.68 | 29 |
| 63 | gang_moe_w2_silu_linear_layer | 23.94 | 21.87 | 26.80 | 29 |
| 64 | moe_mul_sum_add_layer | 4.69 | 4.15 | 5.38 | 29 |
| 65 | linear_gemv_layer | 13.85 | 13.39 | 14.28 | 29 |
| 66 | mla_prep_layer | 10.11 | 9.70 | 10.67 | 29 |
| 67 | mla_attend_layer | 12.59 | 11.74 | 13.49 | 29 |
| 68 | mla_merge_uv_tile_layer | 15.19 | 14.40 | 15.78 | 29 |
| 69 | linear_gemv_layer | 7.92 | 7.39 | 8.60 | 29 |
| 70 | moe_router_layer | 16.44 | 15.33 | 18.00 | 29 |
| 71 | gang_moe_w13_linear_layer | 42.56 | 38.74 | 46.42 | 29 |
| 72 | gang_moe_w2_silu_linear_layer | 23.72 | 22.05 | 25.71 | 29 |
| 73 | moe_mul_sum_add_layer | 4.84 | 4.48 | 5.66 | 29 |
| 74 | linear_gemv_layer | 13.85 | 13.36 | 14.48 | 29 |
| 75 | mla_prep_layer | 10.03 | 9.60 | 11.23 | 29 |
| 76 | mla_attend_layer | 12.53 | 11.71 | 13.20 | 29 |
| 77 | mla_merge_uv_tile_layer | 15.19 | 14.55 | 15.64 | 29 |
| 78 | linear_gemv_layer | 8.17 | 7.39 | 8.73 | 29 |
| 79 | moe_router_layer | 16.93 | 15.25 | 18.53 | 29 |
| 80 | gang_moe_w13_linear_layer | 42.61 | 39.90 | 46.02 | 29 |
| 81 | gang_moe_w2_silu_linear_layer | 23.30 | 22.11 | 25.92 | 29 |
| 82 | moe_mul_sum_add_layer | 5.06 | 4.24 | 6.78 | 29 |
| 83 | linear_gemv_layer | 13.78 | 13.17 | 14.26 | 29 |
| 84 | mla_prep_layer | 9.61 | 9.18 | 10.25 | 29 |
| 85 | mla_attend_layer | 12.60 | 11.89 | 13.06 | 29 |
| 86 | mla_merge_uv_tile_layer | 15.13 | 14.70 | 15.67 | 29 |
| 87 | linear_gemv_layer | 8.07 | 7.54 | 8.49 | 29 |
| 88 | moe_router_layer | 16.76 | 15.19 | 18.16 | 29 |
| 89 | gang_moe_w13_linear_layer | 44.17 | 40.61 | 48.87 | 29 |
| 90 | gang_moe_w2_silu_linear_layer | 23.47 | 21.76 | 24.84 | 29 |
| 91 | moe_mul_sum_add_layer | 5.08 | 4.29 | 6.58 | 29 |
| 92 | linear_gemv_layer | 13.79 | 13.29 | 14.16 | 29 |
| 93 | mla_prep_layer | 9.85 | 9.37 | 10.25 | 29 |
| 94 | mla_attend_layer | 12.38 | 11.75 | 13.04 | 29 |
| 95 | mla_merge_uv_tile_layer | 15.15 | 14.57 | 15.62 | 29 |
| 96 | linear_gemv_layer | 7.93 | 7.27 | 8.48 | 29 |
| 97 | moe_router_layer | 15.86 | 14.91 | 17.43 | 29 |
| 98 | gang_moe_w13_linear_layer | 42.41 | 40.28 | 44.32 | 29 |
| 99 | gang_moe_w2_silu_linear_layer | 23.49 | 21.80 | 26.52 | 29 |
| 100 | moe_mul_sum_add_layer | 4.95 | 4.33 | 5.69 | 29 |
| 101 | linear_gemv_layer | 13.82 | 13.45 | 14.27 | 29 |
| 102 | mla_prep_layer | 10.23 | 9.95 | 10.65 | 29 |
| 103 | mla_attend_layer | 12.46 | 11.26 | 13.10 | 29 |
| 104 | mla_merge_uv_tile_layer | 15.29 | 14.81 | 15.76 | 29 |
| 105 | linear_gemv_layer | 8.04 | 7.46 | 8.66 | 29 |
| 106 | moe_router_layer | 15.96 | 14.85 | 17.60 | 29 |
| 107 | gang_moe_w13_linear_layer | 42.15 | 40.02 | 44.02 | 29 |
| 108 | gang_moe_w2_silu_linear_layer | 24.32 | 21.80 | 27.36 | 29 |
| 109 | moe_mul_sum_add_layer | 4.76 | 4.09 | 6.21 | 29 |
| 110 | linear_gemv_layer | 13.58 | 13.22 | 14.00 | 29 |
| 111 | mla_prep_layer | 10.13 | 9.76 | 10.55 | 29 |
| 112 | mla_attend_layer | 12.36 | 11.21 | 12.96 | 29 |
| 113 | mla_merge_uv_tile_layer | 15.11 | 14.51 | 15.72 | 29 |
| 114 | linear_gemv_layer | 8.18 | 7.60 | 8.60 | 29 |
| 115 | moe_router_layer | 16.17 | 14.71 | 17.96 | 29 |
| 116 | gang_moe_w13_linear_layer | 41.95 | 38.95 | 44.46 | 29 |
| 117 | gang_moe_w2_silu_linear_layer | 23.66 | 22.22 | 26.46 | 29 |
| 118 | moe_mul_sum_add_layer | 4.76 | 4.31 | 5.26 | 29 |
| 119 | linear_gemv_layer | 13.79 | 13.39 | 14.26 | 29 |
| 120 | mla_prep_layer | 9.71 | 9.22 | 10.00 | 29 |
| 121 | mla_attend_layer | 12.38 | 11.35 | 13.15 | 29 |
| 122 | mla_merge_uv_tile_layer | 15.10 | 14.76 | 15.58 | 29 |
| 123 | linear_gemv_layer | 8.15 | 7.57 | 8.77 | 29 |
| 124 | moe_router_layer | 16.24 | 14.87 | 17.64 | 29 |
| 125 | gang_moe_w13_linear_layer | 43.17 | 40.29 | 46.43 | 29 |
| 126 | gang_moe_w2_silu_linear_layer | 23.55 | 22.10 | 25.45 | 29 |
| 127 | moe_mul_sum_add_layer | 4.57 | 4.08 | 5.59 | 29 |
| 128 | linear_gemv_layer | 13.85 | 13.11 | 14.49 | 29 |
| 129 | mla_prep_layer | 9.81 | 9.49 | 10.16 | 29 |
| 130 | mla_attend_layer | 12.65 | 11.72 | 13.47 | 29 |
| 131 | mla_merge_uv_tile_layer | 15.23 | 14.64 | 15.80 | 29 |
| 132 | linear_gemv_layer | 7.92 | 7.18 | 8.48 | 29 |
| 133 | moe_router_layer | 17.19 | 15.10 | 18.28 | 29 |
| 134 | gang_moe_w13_linear_layer | 41.57 | 39.12 | 44.78 | 29 |
| 135 | gang_moe_w2_silu_linear_layer | 23.15 | 21.78 | 25.80 | 29 |
| 136 | moe_mul_sum_add_layer | 5.23 | 4.50 | 7.98 | 29 |
| 137 | linear_gemv_layer | 13.81 | 13.27 | 14.37 | 29 |
| 138 | mla_prep_layer | 10.07 | 9.75 | 10.39 | 29 |
| 139 | mla_attend_layer | 12.61 | 11.74 | 13.45 | 29 |
| 140 | mla_merge_uv_tile_layer | 15.15 | 14.50 | 15.68 | 29 |
| 141 | linear_gemv_layer | 7.90 | 7.30 | 8.64 | 29 |
| 142 | moe_router_layer | 16.90 | 15.17 | 18.28 | 29 |
| 143 | gang_moe_w13_linear_layer | 42.00 | 39.10 | 45.20 | 29 |
| 144 | gang_moe_w2_silu_linear_layer | 23.26 | 21.89 | 26.16 | 29 |
| 145 | moe_mul_sum_add_layer | 4.99 | 4.02 | 6.09 | 29 |
| 146 | linear_gemv_layer | 13.79 | 13.29 | 14.23 | 29 |
| 147 | mla_prep_layer | 10.01 | 9.55 | 10.70 | 29 |
| 148 | mla_attend_layer | 12.28 | 11.61 | 13.09 | 29 |
| 149 | mla_merge_uv_tile_layer | 15.10 | 14.24 | 15.54 | 29 |
| 150 | linear_gemv_layer | 7.95 | 7.47 | 8.47 | 29 |
| 151 | moe_router_layer | 16.89 | 15.33 | 18.57 | 29 |
| 152 | gang_moe_w13_linear_layer | 41.87 | 39.23 | 43.87 | 29 |
| 153 | gang_moe_w2_silu_linear_layer | 23.62 | 22.27 | 25.37 | 29 |
| 154 | moe_mul_sum_add_layer | 4.94 | 4.37 | 6.15 | 29 |
| 155 | linear_gemv_layer | 13.76 | 13.23 | 14.26 | 29 |
| 156 | mla_prep_layer | 9.77 | 9.37 | 10.17 | 29 |
| 157 | mla_attend_layer | 12.34 | 11.62 | 13.13 | 29 |
| 158 | mla_merge_uv_tile_layer | 15.07 | 14.49 | 15.50 | 29 |
| 159 | linear_gemv_layer | 7.30 | 6.88 | 7.92 | 29 |
| 160 | moe_router_layer | 16.73 | 15.08 | 18.25 | 29 |
| 161 | gang_moe_w13_linear_layer | 42.19 | 39.37 | 47.71 | 29 |
| 162 | gang_moe_w2_silu_linear_layer | 23.61 | 21.96 | 25.40 | 29 |
| 163 | moe_mul_sum_add_layer | 5.12 | 4.43 | 8.25 | 29 |
| 164 | linear_gemv_layer | 13.72 | 13.14 | 14.04 | 29 |
| 165 | mla_prep_layer | 9.70 | 9.36 | 10.01 | 29 |
| 166 | mla_attend_layer | 12.50 | 11.55 | 13.16 | 29 |
| 167 | mla_merge_uv_tile_layer | 15.20 | 14.59 | 15.79 | 29 |
| 168 | linear_gemv_layer | 8.14 | 7.54 | 8.64 | 29 |
| 169 | moe_router_layer | 16.60 | 14.94 | 17.80 | 29 |
| 170 | gang_moe_w13_linear_layer | 42.11 | 39.32 | 45.80 | 29 |
| 171 | gang_moe_w2_silu_linear_layer | 23.73 | 22.20 | 25.92 | 29 |
| 172 | moe_mul_sum_add_layer | 4.82 | 4.24 | 6.54 | 29 |
| 173 | linear_gemv_layer | 13.63 | 13.12 | 14.39 | 29 |
| 174 | mla_prep_layer | 9.90 | 9.55 | 10.55 | 29 |
| 175 | mla_attend_layer | 12.40 | 11.58 | 13.14 | 29 |
| 176 | mla_merge_uv_tile_layer | 15.08 | 14.43 | 15.68 | 29 |
| 177 | linear_gemv_layer | 7.96 | 7.29 | 8.56 | 29 |
| 178 | moe_router_layer | 16.25 | 14.89 | 17.62 | 29 |
| 179 | gang_moe_w13_linear_layer | 42.31 | 39.74 | 45.02 | 29 |
| 180 | gang_moe_w2_silu_linear_layer | 23.72 | 21.98 | 25.68 | 29 |
| 181 | moe_mul_sum_add_layer | 4.87 | 4.44 | 5.76 | 29 |
| 182 | linear_gemv_layer | 13.84 | 13.23 | 14.13 | 29 |
| 183 | mla_prep_layer | 9.98 | 9.52 | 11.59 | 29 |
| 184 | mla_attend_layer | 12.35 | 11.65 | 13.20 | 29 |
| 185 | mla_merge_uv_tile_layer | 15.08 | 14.63 | 15.59 | 29 |
| 186 | linear_gemv_layer | 8.12 | 7.53 | 8.60 | 29 |
| 187 | moe_router_layer | 16.03 | 14.72 | 17.58 | 29 |
| 188 | gang_moe_w13_linear_layer | 42.06 | 39.02 | 45.18 | 29 |
| 189 | gang_moe_w2_silu_linear_layer | 23.36 | 22.13 | 25.36 | 29 |
| 190 | moe_mul_sum_add_layer | 4.73 | 4.27 | 5.62 | 29 |
| 191 | linear_gemv_layer | 13.63 | 13.01 | 14.14 | 29 |
| 192 | mla_prep_layer | 9.68 | 9.49 | 9.93 | 29 |
| 193 | mla_attend_layer | 12.10 | 11.22 | 13.18 | 29 |
| 194 | mla_merge_uv_tile_layer | 15.11 | 14.63 | 15.62 | 29 |
| 195 | linear_gemv_layer | 8.00 | 7.35 | 8.65 | 29 |
| 196 | moe_router_layer | 16.50 | 15.23 | 17.79 | 29 |
| 197 | gang_moe_w13_linear_layer | 42.01 | 39.31 | 44.11 | 29 |
| 198 | gang_moe_w2_silu_linear_layer | 23.36 | 21.85 | 26.56 | 29 |
| 199 | moe_mul_sum_add_layer | 4.80 | 4.30 | 5.82 | 29 |
| 200 | linear_gemv_layer | 13.79 | 13.11 | 14.20 | 29 |
| 201 | mla_prep_layer | 9.86 | 9.52 | 10.20 | 29 |
| 202 | mla_attend_layer | 12.53 | 11.74 | 13.12 | 29 |
| 203 | mla_merge_uv_tile_layer | 15.20 | 14.76 | 15.64 | 29 |
| 204 | linear_gemv_layer | 7.94 | 7.32 | 8.33 | 29 |
| 205 | moe_router_layer | 16.23 | 14.79 | 17.47 | 29 |
| 206 | gang_moe_w13_linear_layer | 43.66 | 38.53 | 46.52 | 29 |
| 207 | gang_moe_w2_silu_linear_layer | 23.33 | 21.87 | 25.54 | 29 |
| 208 | moe_mul_sum_add_layer | 4.93 | 4.38 | 5.84 | 29 |
| 209 | linear_gemv_layer | 13.81 | 13.27 | 14.24 | 29 |
| 210 | mla_prep_layer | 9.96 | 9.58 | 10.34 | 29 |
| 211 | mla_attend_layer | 12.52 | 11.73 | 13.22 | 29 |
| 212 | mla_merge_uv_tile_layer | 15.17 | 14.61 | 15.57 | 29 |
| 213 | linear_gemv_layer | 8.20 | 7.42 | 8.68 | 29 |
| 214 | moe_router_layer | 16.62 | 15.32 | 18.23 | 29 |
| 215 | gang_moe_w13_linear_layer | 41.50 | 38.32 | 43.84 | 29 |
| 216 | gang_moe_w2_silu_linear_layer | 22.99 | 21.40 | 24.52 | 29 |
| 217 | moe_mul_sum_add_layer | 5.01 | 4.22 | 6.55 | 29 |
| 218 | linear_gemv_layer | 13.79 | 13.32 | 14.20 | 29 |
| 219 | mla_prep_layer | 10.09 | 9.79 | 10.54 | 29 |
| 220 | mla_attend_layer | 12.23 | 11.44 | 12.81 | 29 |
| 221 | mla_merge_uv_tile_layer | 15.15 | 14.74 | 15.56 | 29 |
| 222 | linear_gemv_layer | 8.18 | 7.18 | 8.64 | 29 |
| 223 | moe_router_layer | 16.17 | 15.00 | 18.08 | 29 |
| 224 | gang_moe_w13_linear_layer | 41.74 | 39.16 | 43.93 | 29 |
| 225 | gang_moe_w2_silu_linear_layer | 22.86 | 21.60 | 24.44 | 29 |
| 226 | moe_mul_sum_add_layer | 4.81 | 4.22 | 6.21 | 29 |
| 227 | linear_gemv_layer | 13.68 | 12.80 | 14.10 | 29 |
| 228 | mla_prep_layer | 9.69 | 9.42 | 10.05 | 29 |
| 229 | mla_attend_layer | 12.27 | 11.39 | 13.18 | 29 |
| 230 | mla_merge_uv_tile_layer | 15.18 | 14.59 | 15.56 | 29 |
| 231 | linear_gemv_layer | 8.06 | 7.50 | 8.72 | 29 |
| 232 | moe_router_layer | 15.80 | 14.86 | 17.55 | 29 |
| 233 | gang_moe_w13_linear_layer | 41.84 | 38.98 | 43.92 | 29 |
| 234 | gang_moe_w2_silu_linear_layer | 23.59 | 21.55 | 25.34 | 29 |
| 235 | moe_mul_sum_add_layer | 4.73 | 4.30 | 5.96 | 29 |
| 236 | linear_gemv_layer | 13.77 | 13.23 | 14.31 | 29 |
| 237 | mla_prep_layer | 9.77 | 9.48 | 10.12 | 29 |
| 238 | mla_attend_layer | 12.29 | 11.80 | 12.78 | 29 |
| 239 | mla_merge_uv_tile_layer | 15.00 | 14.60 | 15.47 | 29 |
| 240 | linear_gemv_layer | 7.90 | 7.43 | 8.35 | 29 |
| 241 | moe_router_layer | 15.45 | 14.83 | 16.56 | 29 |
| 242 | gang_moe_w13_linear_layer | 42.49 | 40.38 | 46.24 | 29 |
| 243 | gang_moe_w2_silu_linear_layer | 22.93 | 21.84 | 24.68 | 29 |
| 244 | moe_mul_sum_add_layer | 5.05 | 4.27 | 6.93 | 29 |
| 245 | linear_gemv_layer | 0.23 | 0.00 | 1.08 | 29 |
| 246 | argmax_partial_layer | 0.23 | 0.00 | 0.92 | 29 |
| 247 | argmax_reduce_layer | 5.32 | 0.01 | 73.59 | 29 |
| 248 | event_248 | 2.66 | 0.00 | 73.16 | 29 |
| 249 | event_249 | 2.72 | 0.00 | 74.36 | 29 |
| 250 | event_250 | 0.19 | 0.00 | 0.68 | 29 |
| 251 | event_251 | 0.30 | 0.00 | 1.42 | 29 |
| 252 | event_252 | 0.20 | 0.00 | 0.70 | 29 |
| 253 | event_253 | 0.16 | 0.00 | 0.58 | 29 |
| 254 | event_254 | 0.26 | 0.00 | 0.89 | 29 |
| 255 | event_255 | 0.18 | 0.00 | 1.26 | 29 |
| 256 | event_256 | 5.27 | 0.00 | 74.63 | 29 |
| 257 | event_257 | 0.21 | 0.00 | 1.01 | 29 |
| 258 | event_258 | 0.21 | 0.00 | 1.00 | 29 |
| 259 | event_259 | 2.84 | 0.00 | 75.32 | 29 |
| 260 | event_260 | 7.86 | 0.00 | 74.20 | 29 |
| 261 | event_261 | 5.29 | 0.00 | 73.48 | 29 |
| 262 | event_262 | 0.19 | 0.00 | 1.20 | 29 |
| 263 | event_263 | 2.73 | 0.00 | 74.69 | 29 |
| 264 | event_264 | 0.17 | 0.00 | 0.60 | 29 |
| 265 | event_265 | 0.22 | 0.00 | 1.11 | 29 |
| 266 | event_266 | 0.20 | 0.00 | 0.84 | 29 |
| 267 | event_267 | 5.15 | 0.00 | 72.91 | 29 |
| 268 | event_268 | 10.23 | 0.00 | 74.95 | 29 |
| 269 | event_269 | 0.24 | 0.00 | 2.09 | 29 |
| 270 | event_270 | 0.16 | 0.00 | 0.93 | 29 |
| 271 | event_271 | 2.75 | 0.00 | 74.45 | 29 |
| 272 | event_272 | 5.31 | 0.00 | 74.39 | 29 |
| 273 | event_273 | 0.24 | 0.00 | 1.28 | 29 |
| 274 | event_274 | 0.20 | 0.00 | 0.98 | 29 |
| 275 | event_275 | 2.62 | 0.00 | 71.33 | 29 |
| 276 | event_276 | 0.19 | 0.00 | 0.87 | 29 |
| 277 | event_277 | 2.79 | 0.00 | 75.98 | 29 |
| 278 | event_278 | 2.69 | 0.00 | 73.38 | 29 |
| 279 | event_279 | 7.78 | 0.00 | 73.80 | 29 |
| 280 | event_280 | 2.78 | 0.00 | 73.07 | 29 |
| 281 | event_281 | 0.20 | 0.00 | 0.96 | 29 |
| 282 | event_282 | 0.36 | 0.00 | 1.57 | 29 |
| 283 | event_283 | 7.41 | 0.01 | 33.15 | 29 |
| 284 | event_284 | 9.92 | 0.00 | 30.14 | 29 |
| 285 | event_285 | 0.33 | 0.00 | 1.75 | 29 |
| 286 | event_286 | 1.44 | 0.00 | 29.32 | 29 |
| 287 | event_287 | 5.36 | 0.00 | 30.43 | 29 |
| 288 | event_288 | 6.20 | 0.00 | 29.33 | 29 |
| 289 | event_289 | 0.30 | 0.00 | 0.85 | 29 |
| 290 | event_290 | 0.49 | 0.00 | 2.18 | 29 |
| 291 | event_291 | 0.35 | 0.00 | 1.20 | 29 |
| 292 | event_292 | 0.52 | 0.02 | 1.77 | 29 |
| 293 | event_293 | 0.56 | 0.00 | 1.84 | 29 |
| 294 | event_294 | 0.61 | 0.00 | 2.09 | 29 |
| 295 | event_295 | 5.38 | 4.98 | 5.83 | 29 |
| 296 | event_296 | 5.25 | 5.04 | 5.47 | 29 |

-> /home/hotaisle/metalOps/harness/fleet_out/L27_head_it30_tile_at_fn1_fn2_fs_nt_nts_mfma_rf_w2cktile+nolocalcas+pollsleep8_gv_lg48_mt_mh2/metrics.json, /home/hotaisle/metalOps/harness/fleet_out/L27_head_it30_tile_at_fn1_fn2_fs_nt_nts_mfma_rf_w2cktile+nolocalcas+pollsleep8_gv_lg48_mt_mh2/report_table.md
