# Measurement report

| Quantity | Predicted | Measured |
|---|---|---|
| bytes per iteration (read, MiB) | 4709.9 weights + cache; about 4772.0 with activations | - |
| time per iteration, median (us) | 1148.5-1349.4 + 326 t_b + T_serial | - |
| time per iteration, P95 (us) |  | - |
| time per iteration from event timing, median (us) |  | 4427.8 |
| time per iteration from host wall clock (us) |  | 7424.0 |
| time per iteration from the kernel trace (us) |  | - |
| achieved read bandwidth (TB/s) | 3.66-4.3 over T_bw | - |
| launches per generation | 3 | - |
| L2 hit rate | 16-17% (Fleet's batch-1 figure) | - |
| tokens per second |  | - |
| GFX clock from amd-smi during the run, median / max (MHz) | 2100 max (D2 of round 1) | 2107 / 2107 over 54 samples |
| memory clock from amd-smi, median (MHz) |  | 900 |

## Per-operator time (event gaps, mean over iterations after the first)

| Event | Operator | mean us | min us | max us | n |
|---|---|---|---|---|---|
| 1 | iteration_start | 219.13 | 147.04 | 301.44 | 29 |
| 2 | embed_layer | 14.42 | 13.04 | 16.72 | 30 |
| 3 | linear_gemv_layer | 24.08 | 22.28 | 25.91 | 30 |
| 4 | mla_prep_layer | 9.97 | 9.73 | 10.80 | 30 |
| 5 | mla_attend_layer | 12.33 | 11.36 | 13.05 | 30 |
| 6 | mla_merge_uv_tile_layer | 15.12 | 14.44 | 15.68 | 30 |
| 7 | linear_gemv_layer | 7.78 | 7.21 | 8.51 | 30 |
| 8 | rmsnorm_layer | 4.24 | 3.59 | 5.13 | 30 |
| 9 | gang_linear_silu_layer | 35.27 | 33.69 | 36.68 | 30 |
| 10 | linear_with_residual_layer | 50.40 | 49.09 | 52.48 | 30 |
| 11 | linear_gemv_layer | 11.21 | 10.61 | 11.93 | 30 |
| 12 | mla_prep_layer | 9.88 | 9.55 | 10.45 | 30 |
| 13 | mla_attend_layer | 12.46 | 11.71 | 13.33 | 30 |
| 14 | mla_merge_uv_tile_layer | 15.10 | 14.48 | 15.57 | 30 |
| 15 | linear_gemv_layer | 7.18 | 6.81 | 7.66 | 30 |
| 16 | moe_router_layer | 16.94 | 15.36 | 18.30 | 30 |
| 17 | gang_moe_w13_linear_layer | 43.07 | 39.36 | 46.84 | 30 |
| 18 | gang_moe_w2_silu_linear_layer | 23.44 | 21.72 | 25.48 | 30 |
| 19 | moe_mul_sum_add_layer | 4.96 | 4.21 | 5.53 | 30 |
| 20 | linear_gemv_layer | 11.19 | 10.68 | 12.08 | 30 |
| 21 | mla_prep_layer | 9.62 | 9.08 | 10.23 | 30 |
| 22 | mla_attend_layer | 12.42 | 11.57 | 13.09 | 30 |
| 23 | mla_merge_uv_tile_layer | 15.25 | 14.72 | 15.72 | 30 |
| 24 | linear_gemv_layer | 7.76 | 7.24 | 8.24 | 30 |
| 25 | moe_router_layer | 16.43 | 14.91 | 18.11 | 30 |
| 26 | gang_moe_w13_linear_layer | 44.69 | 41.19 | 48.93 | 30 |
| 27 | gang_moe_w2_silu_linear_layer | 24.26 | 21.44 | 25.96 | 30 |
| 28 | moe_mul_sum_add_layer | 4.97 | 4.19 | 5.52 | 30 |
| 29 | linear_gemv_layer | 11.05 | 10.47 | 11.76 | 30 |
| 30 | mla_prep_layer | 9.83 | 9.52 | 10.17 | 30 |
| 31 | mla_attend_layer | 12.23 | 11.60 | 12.75 | 30 |
| 32 | mla_merge_uv_tile_layer | 15.24 | 14.86 | 15.56 | 30 |
| 33 | linear_gemv_layer | 7.77 | 7.39 | 8.31 | 30 |
| 34 | moe_router_layer | 16.23 | 15.51 | 17.55 | 30 |
| 35 | gang_moe_w13_linear_layer | 43.83 | 40.24 | 48.48 | 30 |
| 36 | gang_moe_w2_silu_linear_layer | 23.98 | 22.12 | 25.90 | 30 |
| 37 | moe_mul_sum_add_layer | 4.73 | 4.36 | 5.37 | 30 |
| 38 | linear_gemv_layer | 11.73 | 10.64 | 15.11 | 30 |
| 39 | mla_prep_layer | 9.77 | 9.30 | 11.03 | 30 |
| 40 | mla_attend_layer | 12.35 | 11.44 | 12.73 | 30 |
| 41 | mla_merge_uv_tile_layer | 15.39 | 14.72 | 15.95 | 30 |
| 42 | linear_gemv_layer | 7.90 | 7.43 | 8.49 | 30 |
| 43 | moe_router_layer | 16.33 | 15.04 | 17.68 | 30 |
| 44 | gang_moe_w13_linear_layer | 44.22 | 41.16 | 48.37 | 30 |
| 45 | gang_moe_w2_silu_linear_layer | 24.17 | 22.07 | 28.28 | 30 |
| 46 | moe_mul_sum_add_layer | 4.80 | 4.25 | 5.32 | 30 |
| 47 | linear_gemv_layer | 11.63 | 10.55 | 17.03 | 30 |
| 48 | mla_prep_layer | 9.83 | 9.18 | 10.30 | 30 |
| 49 | mla_attend_layer | 12.42 | 11.75 | 12.95 | 30 |
| 50 | mla_merge_uv_tile_layer | 15.35 | 14.56 | 15.99 | 30 |
| 51 | linear_gemv_layer | 7.95 | 7.37 | 8.64 | 30 |
| 52 | moe_router_layer | 17.34 | 15.08 | 18.16 | 30 |
| 53 | gang_moe_w13_linear_layer | 41.30 | 38.74 | 44.88 | 30 |
| 54 | gang_moe_w2_silu_linear_layer | 23.93 | 21.54 | 26.44 | 30 |
| 55 | moe_mul_sum_add_layer | 4.80 | 4.35 | 5.58 | 30 |
| 56 | linear_gemv_layer | 13.22 | 10.64 | 20.01 | 30 |
| 57 | mla_prep_layer | 9.70 | 9.28 | 9.99 | 30 |
| 58 | mla_attend_layer | 12.54 | 11.84 | 13.09 | 30 |
| 59 | mla_merge_uv_tile_layer | 15.36 | 14.84 | 15.80 | 30 |
| 60 | linear_gemv_layer | 7.96 | 7.41 | 8.41 | 30 |
| 61 | moe_router_layer | 16.57 | 14.71 | 18.14 | 30 |
| 62 | gang_moe_w13_linear_layer | 41.45 | 39.25 | 44.41 | 30 |
| 63 | gang_moe_w2_silu_linear_layer | 24.30 | 21.49 | 26.36 | 30 |
| 64 | moe_mul_sum_add_layer | 4.89 | 4.36 | 5.41 | 30 |
| 65 | linear_gemv_layer | 14.79 | 11.00 | 20.10 | 30 |
| 66 | mla_prep_layer | 9.86 | 9.42 | 10.73 | 30 |
| 67 | mla_attend_layer | 12.52 | 11.59 | 13.36 | 30 |
| 68 | mla_merge_uv_tile_layer | 15.27 | 14.64 | 15.85 | 30 |
| 69 | linear_gemv_layer | 7.97 | 7.48 | 8.51 | 30 |
| 70 | moe_router_layer | 15.90 | 15.47 | 16.87 | 30 |
| 71 | gang_moe_w13_linear_layer | 43.35 | 41.56 | 47.00 | 30 |
| 72 | gang_moe_w2_silu_linear_layer | 24.62 | 22.14 | 27.56 | 30 |
| 73 | moe_mul_sum_add_layer | 4.64 | 4.29 | 5.22 | 30 |
| 74 | linear_gemv_layer | 15.41 | 11.12 | 21.03 | 30 |
| 75 | mla_prep_layer | 9.80 | 9.43 | 10.12 | 30 |
| 76 | mla_attend_layer | 12.39 | 11.82 | 12.89 | 30 |
| 77 | mla_merge_uv_tile_layer | 15.31 | 14.72 | 16.15 | 30 |
| 78 | linear_gemv_layer | 7.98 | 7.52 | 8.53 | 30 |
| 79 | moe_router_layer | 16.33 | 15.28 | 18.22 | 30 |
| 80 | gang_moe_w13_linear_layer | 42.91 | 39.96 | 46.69 | 30 |
| 81 | gang_moe_w2_silu_linear_layer | 24.81 | 22.48 | 28.52 | 30 |
| 82 | moe_mul_sum_add_layer | 4.76 | 4.37 | 5.48 | 30 |
| 83 | linear_gemv_layer | 15.66 | 10.76 | 20.59 | 30 |
| 84 | mla_prep_layer | 9.75 | 9.37 | 10.10 | 30 |
| 85 | mla_attend_layer | 12.50 | 11.78 | 13.35 | 30 |
| 86 | mla_merge_uv_tile_layer | 15.38 | 14.57 | 15.76 | 30 |
| 87 | linear_gemv_layer | 7.80 | 7.25 | 8.48 | 30 |
| 88 | moe_router_layer | 16.62 | 15.08 | 17.96 | 30 |
| 89 | gang_moe_w13_linear_layer | 44.04 | 40.96 | 47.62 | 30 |
| 90 | gang_moe_w2_silu_linear_layer | 25.46 | 21.84 | 30.37 | 30 |
| 91 | moe_mul_sum_add_layer | 4.70 | 4.08 | 6.96 | 30 |
| 92 | linear_gemv_layer | 16.79 | 10.96 | 20.51 | 30 |
| 93 | mla_prep_layer | 9.58 | 9.31 | 10.12 | 30 |
| 94 | mla_attend_layer | 12.45 | 11.48 | 13.12 | 30 |
| 95 | mla_merge_uv_tile_layer | 15.31 | 14.80 | 15.84 | 30 |
| 96 | linear_gemv_layer | 7.77 | 7.31 | 8.49 | 30 |
| 97 | moe_router_layer | 17.06 | 15.42 | 18.35 | 30 |
| 98 | gang_moe_w13_linear_layer | 41.25 | 38.37 | 44.24 | 30 |
| 99 | gang_moe_w2_silu_linear_layer | 24.57 | 21.85 | 28.25 | 30 |
| 100 | moe_mul_sum_add_layer | 5.00 | 4.33 | 6.48 | 30 |
| 101 | linear_gemv_layer | 15.72 | 11.48 | 18.79 | 30 |
| 102 | mla_prep_layer | 10.04 | 9.72 | 11.24 | 30 |
| 103 | mla_attend_layer | 12.38 | 11.92 | 13.12 | 30 |
| 104 | mla_merge_uv_tile_layer | 15.14 | 14.63 | 15.58 | 30 |
| 105 | linear_gemv_layer | 7.89 | 7.45 | 8.49 | 30 |
| 106 | moe_router_layer | 15.99 | 15.07 | 17.95 | 30 |
| 107 | gang_moe_w13_linear_layer | 45.09 | 42.43 | 47.28 | 30 |
| 108 | gang_moe_w2_silu_linear_layer | 25.86 | 21.56 | 27.93 | 30 |
| 109 | moe_mul_sum_add_layer | 4.67 | 4.08 | 5.49 | 30 |
| 110 | linear_gemv_layer | 17.31 | 15.00 | 19.57 | 30 |
| 111 | mla_prep_layer | 10.01 | 9.52 | 10.80 | 30 |
| 112 | mla_attend_layer | 12.46 | 11.73 | 12.97 | 30 |
| 113 | mla_merge_uv_tile_layer | 15.25 | 14.56 | 15.74 | 30 |
| 114 | linear_gemv_layer | 7.82 | 7.32 | 8.26 | 30 |
| 115 | moe_router_layer | 16.03 | 14.76 | 17.87 | 30 |
| 116 | gang_moe_w13_linear_layer | 42.39 | 39.81 | 44.48 | 30 |
| 117 | gang_moe_w2_silu_linear_layer | 24.68 | 22.20 | 27.96 | 30 |
| 118 | moe_mul_sum_add_layer | 4.67 | 4.16 | 5.21 | 30 |
| 119 | linear_gemv_layer | 17.19 | 13.75 | 21.43 | 30 |
| 120 | mla_prep_layer | 9.85 | 9.57 | 10.18 | 30 |
| 121 | mla_attend_layer | 12.41 | 11.47 | 12.87 | 30 |
| 122 | mla_merge_uv_tile_layer | 15.20 | 14.79 | 15.61 | 30 |
| 123 | linear_gemv_layer | 7.94 | 7.56 | 8.48 | 30 |
| 124 | moe_router_layer | 16.17 | 14.59 | 17.52 | 30 |
| 125 | gang_moe_w13_linear_layer | 42.97 | 40.00 | 46.68 | 30 |
| 126 | gang_moe_w2_silu_linear_layer | 25.44 | 22.08 | 28.60 | 30 |
| 127 | moe_mul_sum_add_layer | 4.74 | 3.92 | 6.68 | 30 |
| 128 | linear_gemv_layer | 17.22 | 13.85 | 20.88 | 30 |
| 129 | mla_prep_layer | 9.49 | 9.07 | 10.36 | 30 |
| 130 | mla_attend_layer | 12.35 | 11.64 | 12.81 | 30 |
| 131 | mla_merge_uv_tile_layer | 15.21 | 14.83 | 15.76 | 30 |
| 132 | linear_gemv_layer | 7.92 | 7.21 | 8.44 | 30 |
| 133 | moe_router_layer | 17.43 | 15.66 | 18.42 | 30 |
| 134 | gang_moe_w13_linear_layer | 41.69 | 38.45 | 44.57 | 30 |
| 135 | gang_moe_w2_silu_linear_layer | 24.31 | 21.31 | 28.00 | 30 |
| 136 | moe_mul_sum_add_layer | 4.81 | 4.12 | 5.84 | 30 |
| 137 | linear_gemv_layer | 16.47 | 12.24 | 20.00 | 30 |
| 138 | mla_prep_layer | 9.99 | 9.60 | 11.56 | 30 |
| 139 | mla_attend_layer | 12.36 | 11.64 | 13.08 | 30 |
| 140 | mla_merge_uv_tile_layer | 15.20 | 14.58 | 15.69 | 30 |
| 141 | linear_gemv_layer | 7.87 | 7.50 | 8.51 | 30 |
| 142 | moe_router_layer | 16.21 | 15.40 | 17.76 | 30 |
| 143 | gang_moe_w13_linear_layer | 42.83 | 40.24 | 45.00 | 30 |
| 144 | gang_moe_w2_silu_linear_layer | 24.73 | 22.12 | 27.29 | 30 |
| 145 | moe_mul_sum_add_layer | 4.59 | 4.03 | 5.87 | 30 |
| 146 | linear_gemv_layer | 16.87 | 12.16 | 20.20 | 30 |
| 147 | mla_prep_layer | 9.84 | 9.52 | 10.55 | 30 |
| 148 | mla_attend_layer | 12.44 | 11.85 | 12.77 | 30 |
| 149 | mla_merge_uv_tile_layer | 15.18 | 14.51 | 15.68 | 30 |
| 150 | linear_gemv_layer | 7.98 | 7.09 | 8.49 | 30 |
| 151 | moe_router_layer | 16.40 | 15.07 | 17.99 | 30 |
| 152 | gang_moe_w13_linear_layer | 41.88 | 39.38 | 43.80 | 30 |
| 153 | gang_moe_w2_silu_linear_layer | 25.01 | 22.00 | 27.68 | 30 |
| 154 | moe_mul_sum_add_layer | 4.67 | 4.01 | 6.48 | 30 |
| 155 | linear_gemv_layer | 17.20 | 14.20 | 19.16 | 30 |
| 156 | mla_prep_layer | 9.87 | 9.54 | 10.25 | 30 |
| 157 | mla_attend_layer | 12.33 | 11.42 | 13.27 | 30 |
| 158 | mla_merge_uv_tile_layer | 15.26 | 14.76 | 15.55 | 30 |
| 159 | linear_gemv_layer | 7.12 | 6.79 | 7.62 | 30 |
| 160 | moe_router_layer | 16.66 | 14.68 | 17.95 | 30 |
| 161 | gang_moe_w13_linear_layer | 42.39 | 39.52 | 46.36 | 30 |
| 162 | gang_moe_w2_silu_linear_layer | 25.22 | 21.88 | 28.29 | 30 |
| 163 | moe_mul_sum_add_layer | 4.82 | 4.03 | 5.44 | 30 |
| 164 | linear_gemv_layer | 17.00 | 15.51 | 20.44 | 30 |
| 165 | mla_prep_layer | 9.63 | 9.28 | 11.52 | 30 |
| 166 | mla_attend_layer | 12.36 | 11.65 | 13.04 | 30 |
| 167 | mla_merge_uv_tile_layer | 15.27 | 14.68 | 15.72 | 30 |
| 168 | linear_gemv_layer | 7.76 | 7.43 | 8.51 | 30 |
| 169 | moe_router_layer | 16.67 | 15.22 | 18.16 | 30 |
| 170 | gang_moe_w13_linear_layer | 42.43 | 39.52 | 45.61 | 30 |
| 171 | gang_moe_w2_silu_linear_layer | 24.86 | 22.29 | 28.65 | 30 |
| 172 | moe_mul_sum_add_layer | 4.60 | 3.96 | 6.88 | 30 |
| 173 | linear_gemv_layer | 17.11 | 13.11 | 20.03 | 30 |
| 174 | mla_prep_layer | 9.78 | 9.40 | 10.13 | 30 |
| 175 | mla_attend_layer | 12.35 | 11.60 | 12.79 | 30 |
| 176 | mla_merge_uv_tile_layer | 15.20 | 14.75 | 15.51 | 30 |
| 177 | linear_gemv_layer | 7.93 | 7.31 | 8.72 | 30 |
| 178 | moe_router_layer | 15.56 | 14.75 | 16.88 | 30 |
| 179 | gang_moe_w13_linear_layer | 43.29 | 41.12 | 46.40 | 30 |
| 180 | gang_moe_w2_silu_linear_layer | 25.37 | 21.70 | 28.20 | 30 |
| 181 | moe_mul_sum_add_layer | 4.76 | 4.28 | 6.40 | 30 |
| 182 | linear_gemv_layer | 17.10 | 13.36 | 19.48 | 30 |
| 183 | mla_prep_layer | 9.77 | 9.43 | 10.84 | 30 |
| 184 | mla_attend_layer | 12.38 | 11.73 | 12.77 | 30 |
| 185 | mla_merge_uv_tile_layer | 15.10 | 14.54 | 15.64 | 30 |
| 186 | linear_gemv_layer | 7.89 | 7.37 | 8.32 | 30 |
| 187 | moe_router_layer | 15.96 | 14.63 | 17.06 | 30 |
| 188 | gang_moe_w13_linear_layer | 42.18 | 39.66 | 45.16 | 30 |
| 189 | gang_moe_w2_silu_linear_layer | 25.05 | 22.28 | 27.84 | 30 |
| 190 | moe_mul_sum_add_layer | 4.60 | 4.08 | 5.26 | 30 |
| 191 | linear_gemv_layer | 17.08 | 14.48 | 20.67 | 30 |
| 192 | mla_prep_layer | 9.76 | 9.46 | 10.66 | 30 |
| 193 | mla_attend_layer | 12.42 | 11.59 | 13.13 | 30 |
| 194 | mla_merge_uv_tile_layer | 15.31 | 15.00 | 15.81 | 30 |
| 195 | linear_gemv_layer | 7.71 | 7.07 | 8.61 | 30 |
| 196 | moe_router_layer | 16.67 | 14.99 | 17.72 | 30 |
| 197 | gang_moe_w13_linear_layer | 42.02 | 39.57 | 45.60 | 30 |
| 198 | gang_moe_w2_silu_linear_layer | 24.03 | 21.84 | 26.92 | 30 |
| 199 | moe_mul_sum_add_layer | 4.92 | 4.12 | 9.24 | 30 |
| 200 | linear_gemv_layer | 17.06 | 12.60 | 20.08 | 30 |
| 201 | mla_prep_layer | 9.61 | 9.32 | 9.92 | 30 |
| 202 | mla_attend_layer | 12.38 | 11.61 | 12.97 | 30 |
| 203 | mla_merge_uv_tile_layer | 15.24 | 14.71 | 15.64 | 30 |
| 204 | linear_gemv_layer | 7.74 | 7.24 | 8.53 | 30 |
| 205 | moe_router_layer | 16.53 | 14.91 | 18.19 | 30 |
| 206 | gang_moe_w13_linear_layer | 44.00 | 41.44 | 48.01 | 30 |
| 207 | gang_moe_w2_silu_linear_layer | 25.09 | 21.73 | 28.48 | 30 |
| 208 | moe_mul_sum_add_layer | 4.75 | 4.16 | 7.00 | 30 |
| 209 | linear_gemv_layer | 17.43 | 13.84 | 22.48 | 30 |
| 210 | mla_prep_layer | 9.90 | 9.60 | 11.17 | 30 |
| 211 | mla_attend_layer | 12.45 | 11.87 | 13.03 | 30 |
| 212 | mla_merge_uv_tile_layer | 15.23 | 14.58 | 15.80 | 30 |
| 213 | linear_gemv_layer | 8.02 | 7.52 | 8.62 | 30 |
| 214 | moe_router_layer | 16.62 | 15.07 | 18.16 | 30 |
| 215 | gang_moe_w13_linear_layer | 41.78 | 39.52 | 45.08 | 30 |
| 216 | gang_moe_w2_silu_linear_layer | 25.62 | 22.37 | 28.89 | 30 |
| 217 | moe_mul_sum_add_layer | 4.76 | 4.31 | 6.64 | 30 |
| 218 | linear_gemv_layer | 16.72 | 14.88 | 19.16 | 30 |
| 219 | mla_prep_layer | 9.95 | 9.59 | 11.11 | 30 |
| 220 | mla_attend_layer | 12.43 | 11.61 | 12.88 | 30 |
| 221 | mla_merge_uv_tile_layer | 15.20 | 14.81 | 15.73 | 30 |
| 222 | linear_gemv_layer | 7.98 | 7.52 | 8.49 | 30 |
| 223 | moe_router_layer | 15.81 | 14.71 | 17.71 | 30 |
| 224 | gang_moe_w13_linear_layer | 42.23 | 38.92 | 44.20 | 30 |
| 225 | gang_moe_w2_silu_linear_layer | 24.93 | 21.89 | 28.58 | 30 |
| 226 | moe_mul_sum_add_layer | 4.66 | 4.24 | 6.48 | 30 |
| 227 | linear_gemv_layer | 17.40 | 14.15 | 19.37 | 30 |
| 228 | mla_prep_layer | 9.52 | 9.33 | 9.78 | 30 |
| 229 | mla_attend_layer | 12.31 | 11.55 | 13.15 | 30 |
| 230 | mla_merge_uv_tile_layer | 15.22 | 14.55 | 15.77 | 30 |
| 231 | linear_gemv_layer | 8.01 | 7.23 | 8.64 | 30 |
| 232 | moe_router_layer | 16.21 | 14.76 | 17.41 | 30 |
| 233 | gang_moe_w13_linear_layer | 41.38 | 39.19 | 44.28 | 30 |
| 234 | gang_moe_w2_silu_linear_layer | 24.89 | 22.07 | 27.93 | 30 |
| 235 | moe_mul_sum_add_layer | 4.79 | 4.24 | 6.76 | 30 |
| 236 | linear_gemv_layer | 17.43 | 14.64 | 20.23 | 30 |
| 237 | mla_prep_layer | 9.56 | 9.31 | 10.04 | 30 |
| 238 | mla_attend_layer | 12.16 | 11.72 | 12.65 | 30 |
| 239 | mla_merge_uv_tile_layer | 15.16 | 14.50 | 15.68 | 30 |
| 240 | linear_gemv_layer | 7.74 | 7.32 | 8.28 | 30 |
| 241 | moe_router_layer | 16.57 | 14.98 | 18.10 | 30 |
| 242 | gang_moe_w13_linear_layer | 41.95 | 38.70 | 44.48 | 30 |
| 243 | gang_moe_w2_silu_linear_layer | 24.94 | 22.85 | 30.55 | 30 |
| 244 | moe_mul_sum_add_layer | 5.39 | 3.88 | 6.75 | 30 |
| 245 | linear_gemv_layer | 4.93 | 0.00 | 68.70 | 30 |
| 246 | argmax_partial_layer | 5.09 | 0.00 | 67.61 | 30 |
| 247 | argmax_reduce_layer | 7.22 | 0.00 | 68.07 | 30 |
| 248 | event_248 | 5.00 | 0.00 | 67.75 | 30 |
| 249 | event_249 | 7.46 | 0.00 | 70.08 | 30 |
| 250 | event_250 | 5.14 | 0.00 | 70.32 | 30 |
| 251 | event_251 | 2.82 | 0.00 | 69.14 | 30 |
| 252 | event_252 | 11.45 | 0.00 | 68.56 | 30 |
| 253 | event_253 | 2.64 | 0.00 | 68.43 | 30 |
| 254 | event_254 | 2.73 | 0.00 | 65.08 | 30 |
| 255 | event_255 | 5.04 | 0.00 | 69.51 | 30 |
| 256 | event_256 | 0.72 | 0.04 | 2.34 | 30 |
| 257 | event_257 | 7.15 | 0.00 | 69.85 | 30 |
| 258 | event_258 | 2.82 | 0.00 | 66.32 | 30 |
| 259 | event_259 | 5.15 | 0.00 | 69.58 | 30 |
| 260 | event_260 | 0.48 | 0.00 | 3.40 | 30 |
| 261 | event_261 | 0.76 | 0.00 | 2.68 | 30 |
| 262 | event_262 | 1.11 | 0.03 | 4.76 | 30 |
| 263 | event_263 | 1.18 | 0.01 | 5.41 | 30 |
| 264 | event_264 | 1.72 | 0.04 | 4.80 | 30 |
| 265 | event_265 | 2.48 | 0.00 | 6.00 | 30 |
| 266 | event_266 | 3.15 | 0.24 | 6.60 | 30 |
| 267 | event_267 | 2.18 | 0.00 | 5.12 | 30 |
| 268 | event_268 | 2.59 | 0.41 | 6.28 | 30 |
| 269 | event_269 | 2.43 | 0.04 | 5.76 | 30 |
| 270 | event_270 | 2.99 | 0.00 | 5.60 | 30 |
| 271 | event_271 | 2.31 | 0.00 | 6.20 | 30 |
| 272 | event_272 | 2.28 | 0.01 | 6.20 | 30 |
| 273 | event_273 | 2.27 | 0.04 | 5.76 | 30 |
| 274 | event_274 | 2.68 | 0.04 | 7.72 | 30 |
| 275 | event_275 | 1.85 | 0.00 | 5.08 | 30 |
| 276 | event_276 | 2.33 | 0.03 | 7.12 | 30 |
| 277 | event_277 | 1.52 | 0.00 | 4.72 | 30 |
| 278 | event_278 | 1.51 | 0.00 | 3.36 | 30 |
| 279 | event_279 | 2.15 | 0.08 | 5.16 | 30 |
| 280 | event_280 | 1.70 | 0.04 | 5.00 | 30 |
| 281 | event_281 | 2.10 | 0.00 | 5.20 | 30 |
| 282 | event_282 | 1.75 | 0.00 | 4.60 | 30 |
| 283 | event_283 | 1.97 | 0.00 | 5.60 | 30 |
| 284 | event_284 | 1.50 | 0.04 | 3.36 | 30 |
| 285 | event_285 | 2.40 | 0.08 | 4.32 | 30 |
| 286 | event_286 | 1.71 | 0.00 | 4.52 | 30 |
| 287 | event_287 | 2.06 | 0.64 | 4.04 | 30 |
| 288 | event_288 | 2.20 | 0.04 | 3.80 | 30 |
| 289 | event_289 | 1.90 | 0.56 | 3.36 | 30 |
| 290 | event_290 | 1.85 | 0.16 | 3.96 | 30 |
| 291 | event_291 | 2.38 | 0.04 | 4.12 | 30 |
| 292 | event_292 | 1.66 | 0.00 | 3.32 | 30 |
| 293 | event_293 | 2.17 | 0.88 | 3.92 | 30 |
| 294 | event_294 | 1.74 | 0.00 | 3.12 | 30 |
| 295 | event_295 | 5.36 | 5.19 | 5.63 | 30 |
| 296 | event_296 | 5.16 | 4.96 | 5.28 | 30 |

-> /home/hotaisle/metalOps/harness/fleet_out/L27_head_it31_tile_at_fn1_fn2_fs_nt_nts_mfma_rf_w2cktile_gv_mt_mh2/metrics.json, /home/hotaisle/metalOps/harness/fleet_out/L27_head_it31_tile_at_fn1_fn2_fs_nt_nts_mfma_rf_w2cktile_gv_mt_mh2/report_table.md
