# Measurement report

| Quantity | Predicted | Measured |
|---|---|---|
| bytes per iteration (read, MiB) | 4709.9 weights + cache; about 4772.0 with activations | - |
| time per iteration, median (us) | 1148.5-1349.4 + 326 t_b + T_serial | - |
| time per iteration, P95 (us) |  | - |
| time per iteration from event timing, median (us) |  | 4291.6 |
| time per iteration from host wall clock (us) |  | 7264.2 |
| time per iteration from the kernel trace (us) |  | - |
| achieved read bandwidth (TB/s) | 3.66-4.3 over T_bw | - |
| launches per generation | 3 | - |
| L2 hit rate | 16-17% (Fleet's batch-1 figure) | - |
| tokens per second |  | - |
| GFX clock from amd-smi during the run, median / max (MHz) | 2100 max (D2 of round 1) | 2107 / 2107 over 54 samples |
| memory clock from amd-smi, median (MHz) |  | 900 |

## Per-operator time (event gaps, mean over iterations after the first)

| Event | Operator | mean us | min us | max us | n |
|---|---|---|---|---|---|
| 1 | iteration_start | 218.84 | 196.96 | 287.28 | 30 |
| 2 | embed_layer | 14.53 | 13.03 | 16.23 | 31 |
| 3 | linear_gemv_layer | 17.01 | 15.12 | 18.64 | 31 |
| 4 | mla_prep_layer | 10.06 | 9.71 | 10.73 | 31 |
| 5 | mla_attend_layer | 12.33 | 11.71 | 12.89 | 31 |
| 6 | mla_merge_uv_tile_layer | 15.10 | 14.51 | 15.53 | 31 |
| 7 | linear_gemv_layer | 7.81 | 7.44 | 8.16 | 31 |
| 8 | rmsnorm_layer | 3.71 | 3.30 | 5.00 | 31 |
| 9 | gang_linear_silu_layer | 36.14 | 33.96 | 37.76 | 31 |
| 10 | linear_with_residual_layer | 50.34 | 48.72 | 51.88 | 31 |
| 11 | linear_gemv_layer | 14.05 | 13.58 | 14.53 | 31 |
| 12 | mla_prep_layer | 9.90 | 9.56 | 11.04 | 31 |
| 13 | mla_attend_layer | 12.25 | 11.36 | 12.81 | 31 |
| 14 | mla_merge_uv_tile_layer | 15.05 | 14.47 | 15.49 | 31 |
| 15 | linear_gemv_layer | 7.07 | 6.70 | 7.51 | 31 |
| 16 | moe_router_layer | 16.31 | 15.64 | 17.18 | 31 |
| 17 | gang_moe_w13_linear_layer | 44.74 | 40.34 | 49.86 | 31 |
| 18 | gang_moe_w2_silu_linear_layer | 23.74 | 21.83 | 26.12 | 31 |
| 19 | moe_mul_sum_add_layer | 4.69 | 4.27 | 5.12 | 31 |
| 20 | linear_gemv_layer | 14.01 | 13.67 | 14.73 | 31 |
| 21 | mla_prep_layer | 9.80 | 9.44 | 10.45 | 31 |
| 22 | mla_attend_layer | 12.30 | 11.56 | 13.07 | 31 |
| 23 | mla_merge_uv_tile_layer | 15.07 | 14.63 | 15.65 | 31 |
| 24 | linear_gemv_layer | 7.86 | 7.17 | 8.17 | 31 |
| 25 | moe_router_layer | 16.67 | 15.26 | 18.36 | 31 |
| 26 | gang_moe_w13_linear_layer | 43.34 | 39.42 | 46.96 | 31 |
| 27 | gang_moe_w2_silu_linear_layer | 23.48 | 20.92 | 26.04 | 31 |
| 28 | moe_mul_sum_add_layer | 4.82 | 4.19 | 6.35 | 31 |
| 29 | linear_gemv_layer | 14.03 | 13.46 | 14.36 | 31 |
| 30 | mla_prep_layer | 9.70 | 9.39 | 10.20 | 31 |
| 31 | mla_attend_layer | 12.04 | 11.52 | 12.81 | 31 |
| 32 | mla_merge_uv_tile_layer | 14.88 | 14.56 | 15.36 | 31 |
| 33 | linear_gemv_layer | 7.82 | 7.32 | 8.21 | 31 |
| 34 | moe_router_layer | 15.87 | 15.08 | 16.62 | 31 |
| 35 | gang_moe_w13_linear_layer | 44.68 | 42.04 | 47.52 | 31 |
| 36 | gang_moe_w2_silu_linear_layer | 22.93 | 21.73 | 25.45 | 31 |
| 37 | moe_mul_sum_add_layer | 4.85 | 4.17 | 5.64 | 31 |
| 38 | linear_gemv_layer | 14.11 | 13.82 | 14.52 | 31 |
| 39 | mla_prep_layer | 9.77 | 9.43 | 10.08 | 31 |
| 40 | mla_attend_layer | 12.41 | 11.72 | 13.08 | 31 |
| 41 | mla_merge_uv_tile_layer | 15.01 | 14.35 | 15.57 | 31 |
| 42 | linear_gemv_layer | 7.75 | 7.13 | 8.12 | 31 |
| 43 | moe_router_layer | 16.09 | 15.23 | 17.96 | 31 |
| 44 | gang_moe_w13_linear_layer | 44.47 | 41.84 | 46.97 | 31 |
| 45 | gang_moe_w2_silu_linear_layer | 23.02 | 21.56 | 25.12 | 31 |
| 46 | moe_mul_sum_add_layer | 4.63 | 4.13 | 5.08 | 31 |
| 47 | linear_gemv_layer | 13.78 | 13.25 | 14.43 | 31 |
| 48 | mla_prep_layer | 9.88 | 9.54 | 10.75 | 31 |
| 49 | mla_attend_layer | 12.29 | 11.50 | 13.14 | 31 |
| 50 | mla_merge_uv_tile_layer | 15.00 | 14.63 | 15.57 | 31 |
| 51 | linear_gemv_layer | 7.89 | 7.45 | 8.44 | 31 |
| 52 | moe_router_layer | 16.25 | 15.40 | 17.84 | 31 |
| 53 | gang_moe_w13_linear_layer | 43.14 | 39.47 | 46.12 | 31 |
| 54 | gang_moe_w2_silu_linear_layer | 23.89 | 21.60 | 26.19 | 31 |
| 55 | moe_mul_sum_add_layer | 4.74 | 4.01 | 5.16 | 31 |
| 56 | linear_gemv_layer | 13.97 | 13.60 | 14.59 | 31 |
| 57 | mla_prep_layer | 9.94 | 9.64 | 10.51 | 31 |
| 58 | mla_attend_layer | 12.34 | 11.45 | 13.16 | 31 |
| 59 | mla_merge_uv_tile_layer | 15.07 | 14.43 | 15.66 | 31 |
| 60 | linear_gemv_layer | 7.91 | 7.37 | 8.29 | 31 |
| 61 | moe_router_layer | 16.43 | 15.25 | 18.01 | 31 |
| 62 | gang_moe_w13_linear_layer | 41.47 | 38.90 | 43.50 | 31 |
| 63 | gang_moe_w2_silu_linear_layer | 23.47 | 21.64 | 26.12 | 31 |
| 64 | moe_mul_sum_add_layer | 4.78 | 4.35 | 5.69 | 31 |
| 65 | linear_gemv_layer | 14.07 | 13.50 | 14.56 | 31 |
| 66 | mla_prep_layer | 9.71 | 9.35 | 10.10 | 31 |
| 67 | mla_attend_layer | 12.31 | 11.42 | 13.02 | 31 |
| 68 | mla_merge_uv_tile_layer | 15.04 | 14.60 | 15.52 | 31 |
| 69 | linear_gemv_layer | 8.04 | 7.54 | 8.73 | 31 |
| 70 | moe_router_layer | 16.06 | 14.94 | 17.72 | 31 |
| 71 | gang_moe_w13_linear_layer | 42.39 | 39.62 | 46.42 | 31 |
| 72 | gang_moe_w2_silu_linear_layer | 23.07 | 21.06 | 25.66 | 31 |
| 73 | moe_mul_sum_add_layer | 5.17 | 4.47 | 6.16 | 31 |
| 74 | linear_gemv_layer | 14.15 | 13.48 | 14.68 | 31 |
| 75 | mla_prep_layer | 9.88 | 9.51 | 10.81 | 31 |
| 76 | mla_attend_layer | 12.45 | 11.67 | 13.24 | 31 |
| 77 | mla_merge_uv_tile_layer | 15.12 | 14.77 | 15.72 | 31 |
| 78 | linear_gemv_layer | 7.71 | 7.21 | 8.25 | 31 |
| 79 | moe_router_layer | 16.16 | 15.24 | 18.08 | 31 |
| 80 | gang_moe_w13_linear_layer | 43.90 | 40.49 | 47.68 | 31 |
| 81 | gang_moe_w2_silu_linear_layer | 23.11 | 21.55 | 25.10 | 31 |
| 82 | moe_mul_sum_add_layer | 5.41 | 4.58 | 6.55 | 31 |
| 83 | linear_gemv_layer | 14.13 | 13.57 | 14.81 | 31 |
| 84 | mla_prep_layer | 9.72 | 9.34 | 10.42 | 31 |
| 85 | mla_attend_layer | 12.32 | 11.45 | 13.04 | 31 |
| 86 | mla_merge_uv_tile_layer | 15.16 | 14.59 | 15.76 | 31 |
| 87 | linear_gemv_layer | 7.65 | 7.16 | 8.22 | 31 |
| 88 | moe_router_layer | 16.52 | 15.09 | 18.05 | 31 |
| 89 | gang_moe_w13_linear_layer | 44.65 | 42.38 | 48.62 | 31 |
| 90 | gang_moe_w2_silu_linear_layer | 23.24 | 21.82 | 25.68 | 31 |
| 91 | moe_mul_sum_add_layer | 5.12 | 4.44 | 6.35 | 31 |
| 92 | linear_gemv_layer | 14.07 | 13.64 | 14.44 | 31 |
| 93 | mla_prep_layer | 9.90 | 9.59 | 10.39 | 31 |
| 94 | mla_attend_layer | 12.24 | 11.28 | 13.09 | 31 |
| 95 | mla_merge_uv_tile_layer | 15.04 | 14.54 | 15.48 | 31 |
| 96 | linear_gemv_layer | 7.74 | 7.38 | 8.30 | 31 |
| 97 | moe_router_layer | 17.14 | 15.34 | 18.36 | 31 |
| 98 | gang_moe_w13_linear_layer | 41.05 | 38.94 | 43.46 | 31 |
| 99 | gang_moe_w2_silu_linear_layer | 23.97 | 21.85 | 27.36 | 31 |
| 100 | moe_mul_sum_add_layer | 4.83 | 4.22 | 6.36 | 31 |
| 101 | linear_gemv_layer | 14.16 | 13.71 | 14.82 | 31 |
| 102 | mla_prep_layer | 9.85 | 9.51 | 10.20 | 31 |
| 103 | mla_attend_layer | 12.19 | 11.48 | 12.89 | 31 |
| 104 | mla_merge_uv_tile_layer | 15.02 | 14.44 | 15.55 | 31 |
| 105 | linear_gemv_layer | 7.79 | 7.33 | 8.29 | 31 |
| 106 | moe_router_layer | 15.92 | 15.11 | 17.59 | 31 |
| 107 | gang_moe_w13_linear_layer | 45.22 | 41.76 | 50.20 | 31 |
| 108 | gang_moe_w2_silu_linear_layer | 23.09 | 21.32 | 24.64 | 31 |
| 109 | moe_mul_sum_add_layer | 5.03 | 4.24 | 8.72 | 31 |
| 110 | linear_gemv_layer | 13.96 | 13.41 | 14.42 | 31 |
| 111 | mla_prep_layer | 9.80 | 9.53 | 10.28 | 31 |
| 112 | mla_attend_layer | 12.51 | 11.69 | 13.31 | 31 |
| 113 | mla_merge_uv_tile_layer | 15.17 | 14.66 | 15.67 | 31 |
| 114 | linear_gemv_layer | 7.76 | 7.19 | 8.20 | 31 |
| 115 | moe_router_layer | 15.93 | 14.79 | 17.56 | 31 |
| 116 | gang_moe_w13_linear_layer | 42.15 | 39.72 | 44.18 | 31 |
| 117 | gang_moe_w2_silu_linear_layer | 23.30 | 21.48 | 25.04 | 31 |
| 118 | moe_mul_sum_add_layer | 4.88 | 4.24 | 6.18 | 31 |
| 119 | linear_gemv_layer | 14.07 | 13.63 | 14.48 | 31 |
| 120 | mla_prep_layer | 9.96 | 9.50 | 10.26 | 31 |
| 121 | mla_attend_layer | 12.42 | 11.72 | 12.86 | 31 |
| 122 | mla_merge_uv_tile_layer | 15.04 | 14.49 | 15.64 | 31 |
| 123 | linear_gemv_layer | 7.95 | 7.39 | 8.50 | 31 |
| 124 | moe_router_layer | 16.37 | 15.00 | 17.64 | 31 |
| 125 | gang_moe_w13_linear_layer | 41.38 | 38.91 | 43.88 | 31 |
| 126 | gang_moe_w2_silu_linear_layer | 23.08 | 21.82 | 25.76 | 31 |
| 127 | moe_mul_sum_add_layer | 4.96 | 4.21 | 6.69 | 31 |
| 128 | linear_gemv_layer | 14.04 | 13.44 | 14.54 | 31 |
| 129 | mla_prep_layer | 9.71 | 9.35 | 10.12 | 31 |
| 130 | mla_attend_layer | 12.21 | 11.19 | 13.13 | 31 |
| 131 | mla_merge_uv_tile_layer | 15.01 | 14.59 | 15.48 | 31 |
| 132 | linear_gemv_layer | 7.86 | 7.28 | 8.33 | 31 |
| 133 | moe_router_layer | 17.16 | 15.65 | 18.77 | 31 |
| 134 | gang_moe_w13_linear_layer | 41.11 | 38.90 | 43.50 | 31 |
| 135 | gang_moe_w2_silu_linear_layer | 23.60 | 21.89 | 26.20 | 31 |
| 136 | moe_mul_sum_add_layer | 5.00 | 4.20 | 6.38 | 31 |
| 137 | linear_gemv_layer | 14.23 | 13.86 | 14.77 | 31 |
| 138 | mla_prep_layer | 9.70 | 9.42 | 10.15 | 31 |
| 139 | mla_attend_layer | 12.01 | 11.18 | 12.93 | 31 |
| 140 | mla_merge_uv_tile_layer | 14.92 | 14.56 | 15.36 | 31 |
| 141 | linear_gemv_layer | 7.96 | 7.31 | 8.40 | 31 |
| 142 | moe_router_layer | 16.12 | 15.14 | 17.72 | 31 |
| 143 | gang_moe_w13_linear_layer | 42.47 | 39.80 | 44.34 | 31 |
| 144 | gang_moe_w2_silu_linear_layer | 23.31 | 21.78 | 27.16 | 31 |
| 145 | moe_mul_sum_add_layer | 4.84 | 4.34 | 6.24 | 31 |
| 146 | linear_gemv_layer | 14.05 | 13.64 | 14.52 | 31 |
| 147 | mla_prep_layer | 9.77 | 9.51 | 10.05 | 31 |
| 148 | mla_attend_layer | 12.37 | 11.81 | 13.11 | 31 |
| 149 | mla_merge_uv_tile_layer | 15.03 | 14.38 | 15.63 | 31 |
| 150 | linear_gemv_layer | 7.77 | 7.31 | 8.40 | 31 |
| 151 | moe_router_layer | 16.06 | 15.30 | 17.02 | 31 |
| 152 | gang_moe_w13_linear_layer | 41.95 | 40.52 | 43.53 | 31 |
| 153 | gang_moe_w2_silu_linear_layer | 23.44 | 21.92 | 25.08 | 31 |
| 154 | moe_mul_sum_add_layer | 4.88 | 3.91 | 6.26 | 31 |
| 155 | linear_gemv_layer | 13.98 | 13.54 | 14.70 | 31 |
| 156 | mla_prep_layer | 10.03 | 9.76 | 10.32 | 31 |
| 157 | mla_attend_layer | 12.25 | 11.66 | 12.98 | 31 |
| 158 | mla_merge_uv_tile_layer | 15.03 | 14.50 | 15.60 | 31 |
| 159 | linear_gemv_layer | 7.12 | 6.78 | 7.52 | 31 |
| 160 | moe_router_layer | 16.38 | 14.96 | 17.94 | 31 |
| 161 | gang_moe_w13_linear_layer | 42.28 | 39.58 | 47.74 | 31 |
| 162 | gang_moe_w2_silu_linear_layer | 22.91 | 21.44 | 24.62 | 31 |
| 163 | moe_mul_sum_add_layer | 4.89 | 4.13 | 6.40 | 31 |
| 164 | linear_gemv_layer | 14.14 | 13.70 | 14.58 | 31 |
| 165 | mla_prep_layer | 9.75 | 9.48 | 10.08 | 31 |
| 166 | mla_attend_layer | 12.24 | 11.36 | 12.93 | 31 |
| 167 | mla_merge_uv_tile_layer | 14.99 | 14.46 | 15.76 | 31 |
| 168 | linear_gemv_layer | 7.94 | 7.25 | 8.36 | 31 |
| 169 | moe_router_layer | 16.31 | 15.18 | 18.18 | 31 |
| 170 | gang_moe_w13_linear_layer | 42.25 | 38.38 | 45.64 | 31 |
| 171 | gang_moe_w2_silu_linear_layer | 23.20 | 21.60 | 26.04 | 31 |
| 172 | moe_mul_sum_add_layer | 5.20 | 4.19 | 8.38 | 31 |
| 173 | linear_gemv_layer | 13.98 | 13.62 | 14.60 | 31 |
| 174 | mla_prep_layer | 9.56 | 9.16 | 10.30 | 31 |
| 175 | mla_attend_layer | 12.02 | 11.38 | 12.73 | 31 |
| 176 | mla_merge_uv_tile_layer | 15.05 | 14.56 | 15.53 | 31 |
| 177 | linear_gemv_layer | 7.65 | 7.17 | 8.09 | 31 |
| 178 | moe_router_layer | 15.65 | 14.90 | 16.35 | 31 |
| 179 | gang_moe_w13_linear_layer | 42.74 | 40.42 | 45.54 | 31 |
| 180 | gang_moe_w2_silu_linear_layer | 23.31 | 21.86 | 27.00 | 31 |
| 181 | moe_mul_sum_add_layer | 4.91 | 4.22 | 6.24 | 31 |
| 182 | linear_gemv_layer | 14.04 | 13.56 | 14.46 | 31 |
| 183 | mla_prep_layer | 9.71 | 9.48 | 10.49 | 31 |
| 184 | mla_attend_layer | 12.36 | 11.49 | 13.20 | 31 |
| 185 | mla_merge_uv_tile_layer | 14.95 | 14.53 | 15.56 | 31 |
| 186 | linear_gemv_layer | 7.89 | 7.43 | 8.28 | 31 |
| 187 | moe_router_layer | 15.75 | 14.78 | 17.54 | 31 |
| 188 | gang_moe_w13_linear_layer | 42.19 | 38.80 | 45.09 | 31 |
| 189 | gang_moe_w2_silu_linear_layer | 23.10 | 21.44 | 26.32 | 31 |
| 190 | moe_mul_sum_add_layer | 4.99 | 4.28 | 6.34 | 31 |
| 191 | linear_gemv_layer | 13.81 | 13.29 | 14.22 | 31 |
| 192 | mla_prep_layer | 9.75 | 9.39 | 10.08 | 31 |
| 193 | mla_attend_layer | 12.32 | 11.45 | 13.05 | 31 |
| 194 | mla_merge_uv_tile_layer | 15.08 | 14.52 | 15.58 | 31 |
| 195 | linear_gemv_layer | 7.83 | 7.42 | 8.21 | 31 |
| 196 | moe_router_layer | 16.50 | 15.12 | 17.76 | 31 |
| 197 | gang_moe_w13_linear_layer | 41.42 | 39.08 | 43.55 | 31 |
| 198 | gang_moe_w2_silu_linear_layer | 23.09 | 21.74 | 25.00 | 31 |
| 199 | moe_mul_sum_add_layer | 4.86 | 4.36 | 6.00 | 31 |
| 200 | linear_gemv_layer | 14.15 | 13.63 | 14.59 | 31 |
| 201 | mla_prep_layer | 9.99 | 9.67 | 10.49 | 31 |
| 202 | mla_attend_layer | 12.42 | 11.35 | 13.04 | 31 |
| 203 | mla_merge_uv_tile_layer | 15.08 | 14.59 | 15.60 | 31 |
| 204 | linear_gemv_layer | 8.05 | 7.40 | 8.65 | 31 |
| 205 | moe_router_layer | 16.77 | 15.24 | 18.38 | 31 |
| 206 | gang_moe_w13_linear_layer | 43.32 | 40.38 | 46.22 | 31 |
| 207 | gang_moe_w2_silu_linear_layer | 23.24 | 21.55 | 25.09 | 31 |
| 208 | moe_mul_sum_add_layer | 4.81 | 4.30 | 6.72 | 31 |
| 209 | linear_gemv_layer | 14.19 | 13.62 | 14.52 | 31 |
| 210 | mla_prep_layer | 9.54 | 9.18 | 9.90 | 31 |
| 211 | mla_attend_layer | 12.23 | 11.38 | 12.81 | 31 |
| 212 | mla_merge_uv_tile_layer | 15.13 | 14.61 | 15.53 | 31 |
| 213 | linear_gemv_layer | 8.10 | 7.42 | 8.46 | 31 |
| 214 | moe_router_layer | 16.18 | 15.16 | 17.99 | 31 |
| 215 | gang_moe_w13_linear_layer | 41.56 | 38.86 | 44.30 | 31 |
| 216 | gang_moe_w2_silu_linear_layer | 23.54 | 21.68 | 26.88 | 31 |
| 217 | moe_mul_sum_add_layer | 4.76 | 4.29 | 5.76 | 31 |
| 218 | linear_gemv_layer | 14.08 | 13.62 | 14.48 | 31 |
| 219 | mla_prep_layer | 9.81 | 9.55 | 10.19 | 31 |
| 220 | mla_attend_layer | 12.43 | 11.79 | 13.01 | 31 |
| 221 | mla_merge_uv_tile_layer | 15.02 | 14.66 | 15.55 | 31 |
| 222 | linear_gemv_layer | 8.02 | 7.33 | 8.45 | 31 |
| 223 | moe_router_layer | 16.96 | 14.94 | 18.14 | 31 |
| 224 | gang_moe_w13_linear_layer | 40.68 | 38.73 | 43.56 | 31 |
| 225 | gang_moe_w2_silu_linear_layer | 23.25 | 21.42 | 26.28 | 31 |
| 226 | moe_mul_sum_add_layer | 4.98 | 4.48 | 6.14 | 31 |
| 227 | linear_gemv_layer | 14.02 | 13.54 | 14.65 | 31 |
| 228 | mla_prep_layer | 9.70 | 9.46 | 9.94 | 31 |
| 229 | mla_attend_layer | 12.43 | 11.66 | 13.18 | 31 |
| 230 | mla_merge_uv_tile_layer | 15.13 | 14.38 | 15.68 | 31 |
| 231 | linear_gemv_layer | 8.02 | 7.59 | 8.45 | 31 |
| 232 | moe_router_layer | 17.28 | 16.88 | 17.86 | 31 |
| 233 | gang_moe_w13_linear_layer | 40.29 | 38.70 | 42.42 | 31 |
| 234 | gang_moe_w2_silu_linear_layer | 22.99 | 21.48 | 25.48 | 31 |
| 235 | moe_mul_sum_add_layer | 4.82 | 4.21 | 5.48 | 31 |
| 236 | linear_gemv_layer | 14.08 | 13.63 | 14.62 | 31 |
| 237 | mla_prep_layer | 9.82 | 9.41 | 10.17 | 31 |
| 238 | mla_attend_layer | 12.28 | 11.59 | 13.25 | 31 |
| 239 | mla_merge_uv_tile_layer | 15.11 | 14.48 | 15.52 | 31 |
| 240 | linear_gemv_layer | 7.82 | 7.33 | 8.50 | 31 |
| 241 | moe_router_layer | 17.45 | 15.20 | 18.14 | 31 |
| 242 | gang_moe_w13_linear_layer | 40.34 | 38.15 | 44.00 | 31 |
| 243 | gang_moe_w2_silu_linear_layer | 23.02 | 21.40 | 24.54 | 31 |
| 244 | moe_mul_sum_add_layer | 5.37 | 4.04 | 7.04 | 31 |
| 245 | linear_gemv_layer | 0.08 | 0.00 | 0.24 | 31 |
| 246 | argmax_partial_layer | 2.43 | 0.00 | 72.66 | 31 |
| 247 | argmax_reduce_layer | 2.42 | 0.00 | 72.11 | 31 |
| 248 | event_248 | 4.73 | 0.00 | 72.64 | 31 |
| 249 | event_249 | 0.09 | 0.00 | 0.30 | 31 |
| 250 | event_250 | 0.10 | 0.00 | 0.54 | 31 |
| 251 | event_251 | 2.45 | 0.00 | 72.02 | 31 |
| 252 | event_252 | 0.16 | 0.00 | 0.51 | 31 |
| 253 | event_253 | 0.09 | 0.00 | 0.32 | 31 |
| 254 | event_254 | 0.07 | 0.00 | 0.54 | 31 |
| 255 | event_255 | 0.12 | 0.00 | 0.51 | 31 |
| 256 | event_256 | 9.32 | 0.00 | 72.39 | 31 |
| 257 | event_257 | 0.09 | 0.00 | 0.50 | 31 |
| 258 | event_258 | 2.45 | 0.00 | 72.34 | 31 |
| 259 | event_259 | 7.00 | 0.00 | 72.66 | 31 |
| 260 | event_260 | 9.25 | 0.00 | 73.09 | 31 |
| 261 | event_261 | 2.43 | 0.00 | 72.72 | 31 |
| 262 | event_262 | 0.06 | 0.00 | 0.24 | 31 |
| 263 | event_263 | 4.84 | 0.00 | 73.12 | 31 |
| 264 | event_264 | 9.36 | 0.00 | 72.51 | 31 |
| 265 | event_265 | 0.08 | 0.00 | 0.44 | 31 |
| 266 | event_266 | 0.08 | 0.00 | 0.52 | 31 |
| 267 | event_267 | 0.10 | 0.00 | 0.39 | 31 |
| 268 | event_268 | 4.57 | 0.00 | 70.18 | 31 |
| 269 | event_269 | 2.39 | 0.00 | 72.14 | 31 |
| 270 | event_270 | 0.10 | 0.00 | 0.51 | 31 |
| 271 | event_271 | 0.08 | 0.00 | 0.28 | 31 |
| 272 | event_272 | 2.41 | 0.00 | 72.19 | 31 |
| 273 | event_273 | 0.08 | 0.00 | 0.40 | 31 |
| 274 | event_274 | 0.09 | 0.00 | 0.48 | 31 |
| 275 | event_275 | 0.06 | 0.00 | 0.33 | 31 |
| 276 | event_276 | 0.08 | 0.00 | 0.56 | 31 |
| 277 | event_277 | 4.70 | 0.00 | 72.43 | 31 |
| 278 | event_278 | 0.08 | 0.00 | 0.28 | 31 |
| 279 | event_279 | 2.34 | 0.00 | 70.31 | 31 |
| 280 | event_280 | 0.06 | 0.00 | 0.19 | 31 |
| 281 | event_281 | 0.09 | 0.00 | 0.35 | 31 |
| 282 | event_282 | 2.30 | 0.00 | 34.01 | 31 |
| 283 | event_283 | 3.49 | 0.00 | 34.59 | 31 |
| 284 | event_284 | 4.60 | 0.00 | 34.64 | 31 |
| 285 | event_285 | 2.29 | 0.01 | 34.71 | 31 |
| 286 | event_286 | 1.22 | 0.00 | 32.81 | 31 |
| 287 | event_287 | 3.52 | 0.00 | 34.34 | 31 |
| 288 | event_288 | 2.38 | 0.00 | 34.88 | 31 |
| 289 | event_289 | 1.38 | 0.00 | 33.80 | 31 |
| 290 | event_290 | 2.47 | 0.00 | 34.47 | 31 |
| 291 | event_291 | 1.30 | 0.00 | 34.31 | 31 |
| 292 | event_292 | 5.59 | 0.00 | 34.33 | 31 |
| 293 | event_293 | 4.53 | 0.00 | 34.20 | 31 |
| 294 | event_294 | 1.23 | 0.00 | 33.25 | 31 |
| 295 | event_295 | 5.44 | 5.08 | 5.81 | 31 |
| 296 | event_296 | 5.15 | 4.87 | 5.35 | 31 |

-> /home/hotaisle/metalOps/harness/fleet_out/L27_head_it32_tile_at_fn1_fn2_fs_nt_nts_mfma_rf_w2cktile+nolocalcas+pollsleep8+gemvbatch4_gv_lg48_mt_mh2/metrics.json, /home/hotaisle/metalOps/harness/fleet_out/L27_head_it32_tile_at_fn1_fn2_fs_nt_nts_mfma_rf_w2cktile+nolocalcas+pollsleep8+gemvbatch4_gv_lg48_mt_mh2/report_table.md
