# Measurement report

| Quantity | Predicted | Measured |
|---|---|---|
| bytes per iteration (read, MiB) | 4709.9 weights + cache; about 4772.0 with activations | - |
| time per iteration, median (us) | 1148.5-1349.4 + 326 t_b + T_serial | - |
| time per iteration, P95 (us) |  | - |
| time per iteration from event timing, median (us) |  | 4289.2 |
| time per iteration from host wall clock (us) |  | 7235.3 |
| time per iteration from the kernel trace (us) |  | - |
| achieved read bandwidth (TB/s) | 3.66-4.3 over T_bw | - |
| launches per generation | 3 | - |
| L2 hit rate | 16-17% (Fleet's batch-1 figure) | - |
| tokens per second |  | - |
| GFX clock from amd-smi during the run, median / max (MHz) | 2100 max (D2 of round 1) | 2107 / 2108 over 54 samples |
| memory clock from amd-smi, median (MHz) |  | 900 |

## Per-operator time (event gaps, mean over iterations after the first)

| Event | Operator | mean us | min us | max us | n |
|---|---|---|---|---|---|
| 1 | iteration_start | 222.95 | 200.88 | 263.96 | 30 |
| 2 | embed_layer | 14.44 | 12.79 | 15.87 | 31 |
| 3 | linear_gemv_layer | 17.13 | 15.76 | 18.44 | 31 |
| 4 | mla_prep_layer | 10.04 | 9.65 | 10.81 | 31 |
| 5 | mla_attend_layer | 12.34 | 11.63 | 12.96 | 31 |
| 6 | mla_merge_uv_tile_layer | 15.08 | 14.56 | 15.81 | 31 |
| 7 | linear_gemv_layer | 7.82 | 7.25 | 8.37 | 31 |
| 8 | rmsnorm_layer | 4.71 | 3.65 | 5.00 | 31 |
| 9 | gang_linear_silu_layer | 34.84 | 33.59 | 36.27 | 31 |
| 10 | linear_with_residual_layer | 50.30 | 49.29 | 51.64 | 31 |
| 11 | linear_gemv_layer | 13.58 | 13.10 | 14.17 | 31 |
| 12 | mla_prep_layer | 9.82 | 9.46 | 11.36 | 31 |
| 13 | mla_attend_layer | 11.93 | 11.38 | 12.86 | 31 |
| 14 | mla_merge_uv_tile_layer | 15.18 | 14.71 | 15.59 | 31 |
| 15 | linear_gemv_layer | 6.99 | 6.68 | 7.70 | 31 |
| 16 | moe_router_layer | 17.38 | 15.55 | 18.45 | 31 |
| 17 | gang_moe_w13_linear_layer | 41.24 | 38.11 | 43.09 | 31 |
| 18 | gang_moe_w2_silu_linear_layer | 23.08 | 21.74 | 24.86 | 31 |
| 19 | moe_mul_sum_add_layer | 4.60 | 4.13 | 5.31 | 31 |
| 20 | linear_gemv_layer | 13.72 | 13.38 | 14.28 | 31 |
| 21 | mla_prep_layer | 9.59 | 9.18 | 10.64 | 31 |
| 22 | mla_attend_layer | 12.00 | 11.17 | 13.06 | 31 |
| 23 | mla_merge_uv_tile_layer | 15.11 | 14.41 | 15.75 | 31 |
| 24 | linear_gemv_layer | 7.90 | 7.36 | 8.47 | 31 |
| 25 | moe_router_layer | 16.48 | 15.06 | 17.94 | 31 |
| 26 | gang_moe_w13_linear_layer | 43.48 | 40.19 | 47.37 | 31 |
| 27 | gang_moe_w2_silu_linear_layer | 22.96 | 21.79 | 24.31 | 31 |
| 28 | moe_mul_sum_add_layer | 4.89 | 4.33 | 6.06 | 31 |
| 29 | linear_gemv_layer | 13.58 | 12.96 | 13.92 | 31 |
| 30 | mla_prep_layer | 9.84 | 9.47 | 10.16 | 31 |
| 31 | mla_attend_layer | 12.22 | 11.66 | 12.76 | 31 |
| 32 | mla_merge_uv_tile_layer | 15.07 | 14.56 | 15.52 | 31 |
| 33 | linear_gemv_layer | 7.88 | 7.49 | 8.56 | 31 |
| 34 | moe_router_layer | 17.48 | 15.60 | 18.40 | 31 |
| 35 | gang_moe_w13_linear_layer | 42.49 | 38.91 | 48.02 | 31 |
| 36 | gang_moe_w2_silu_linear_layer | 23.26 | 21.81 | 25.16 | 31 |
| 37 | moe_mul_sum_add_layer | 4.89 | 4.42 | 6.29 | 31 |
| 38 | linear_gemv_layer | 13.70 | 13.25 | 14.17 | 31 |
| 39 | mla_prep_layer | 9.78 | 9.41 | 10.31 | 31 |
| 40 | mla_attend_layer | 12.53 | 11.50 | 13.62 | 31 |
| 41 | mla_merge_uv_tile_layer | 14.95 | 14.41 | 15.59 | 31 |
| 42 | linear_gemv_layer | 7.87 | 7.28 | 8.41 | 31 |
| 43 | moe_router_layer | 16.17 | 14.88 | 17.70 | 31 |
| 44 | gang_moe_w13_linear_layer | 41.73 | 38.58 | 44.57 | 31 |
| 45 | gang_moe_w2_silu_linear_layer | 23.10 | 21.48 | 25.12 | 31 |
| 46 | moe_mul_sum_add_layer | 4.77 | 4.12 | 6.75 | 31 |
| 47 | linear_gemv_layer | 13.48 | 12.82 | 13.88 | 31 |
| 48 | mla_prep_layer | 9.76 | 9.39 | 11.46 | 31 |
| 49 | mla_attend_layer | 12.28 | 11.22 | 13.10 | 31 |
| 50 | mla_merge_uv_tile_layer | 15.06 | 14.43 | 15.58 | 31 |
| 51 | linear_gemv_layer | 7.92 | 7.31 | 8.36 | 31 |
| 52 | moe_router_layer | 16.55 | 14.84 | 17.85 | 31 |
| 53 | gang_moe_w13_linear_layer | 42.51 | 39.29 | 45.03 | 31 |
| 54 | gang_moe_w2_silu_linear_layer | 23.28 | 21.63 | 25.16 | 31 |
| 55 | moe_mul_sum_add_layer | 4.87 | 4.23 | 6.13 | 31 |
| 56 | linear_gemv_layer | 13.66 | 13.22 | 14.25 | 31 |
| 57 | mla_prep_layer | 9.72 | 9.31 | 11.15 | 31 |
| 58 | mla_attend_layer | 12.21 | 10.98 | 13.33 | 31 |
| 59 | mla_merge_uv_tile_layer | 15.11 | 14.52 | 15.61 | 31 |
| 60 | linear_gemv_layer | 8.14 | 7.64 | 8.53 | 31 |
| 61 | moe_router_layer | 16.63 | 14.91 | 17.90 | 31 |
| 62 | gang_moe_w13_linear_layer | 41.18 | 38.37 | 43.74 | 31 |
| 63 | gang_moe_w2_silu_linear_layer | 22.96 | 21.44 | 24.54 | 31 |
| 64 | moe_mul_sum_add_layer | 4.83 | 4.12 | 5.27 | 31 |
| 65 | linear_gemv_layer | 13.65 | 13.27 | 14.20 | 31 |
| 66 | mla_prep_layer | 9.74 | 9.28 | 10.17 | 31 |
| 67 | mla_attend_layer | 12.25 | 11.53 | 13.11 | 31 |
| 68 | mla_merge_uv_tile_layer | 14.92 | 14.50 | 15.41 | 31 |
| 69 | linear_gemv_layer | 7.95 | 7.35 | 8.40 | 31 |
| 70 | moe_router_layer | 15.79 | 15.17 | 17.88 | 31 |
| 71 | gang_moe_w13_linear_layer | 42.85 | 40.78 | 45.79 | 31 |
| 72 | gang_moe_w2_silu_linear_layer | 23.26 | 21.54 | 25.32 | 31 |
| 73 | moe_mul_sum_add_layer | 5.09 | 4.18 | 6.58 | 31 |
| 74 | linear_gemv_layer | 13.68 | 13.19 | 14.04 | 31 |
| 75 | mla_prep_layer | 9.76 | 9.41 | 10.32 | 31 |
| 76 | mla_attend_layer | 12.69 | 12.22 | 13.34 | 31 |
| 77 | mla_merge_uv_tile_layer | 14.94 | 14.52 | 15.44 | 31 |
| 78 | linear_gemv_layer | 8.04 | 7.36 | 8.53 | 31 |
| 79 | moe_router_layer | 15.86 | 15.29 | 17.29 | 31 |
| 80 | gang_moe_w13_linear_layer | 42.36 | 39.61 | 44.94 | 31 |
| 81 | gang_moe_w2_silu_linear_layer | 23.61 | 21.77 | 24.86 | 31 |
| 82 | moe_mul_sum_add_layer | 5.21 | 4.41 | 7.84 | 31 |
| 83 | linear_gemv_layer | 13.67 | 13.39 | 14.00 | 31 |
| 84 | mla_prep_layer | 9.74 | 9.35 | 10.34 | 31 |
| 85 | mla_attend_layer | 12.18 | 11.45 | 12.70 | 31 |
| 86 | mla_merge_uv_tile_layer | 15.10 | 14.37 | 15.70 | 31 |
| 87 | linear_gemv_layer | 7.95 | 7.17 | 8.52 | 31 |
| 88 | moe_router_layer | 16.56 | 14.84 | 18.00 | 31 |
| 89 | gang_moe_w13_linear_layer | 44.37 | 40.85 | 48.86 | 31 |
| 90 | gang_moe_w2_silu_linear_layer | 23.01 | 21.72 | 26.05 | 31 |
| 91 | moe_mul_sum_add_layer | 4.89 | 4.13 | 6.03 | 31 |
| 92 | linear_gemv_layer | 13.54 | 13.19 | 13.89 | 31 |
| 93 | mla_prep_layer | 9.57 | 9.18 | 11.10 | 31 |
| 94 | mla_attend_layer | 11.98 | 10.99 | 12.78 | 31 |
| 95 | mla_merge_uv_tile_layer | 15.03 | 14.24 | 15.73 | 31 |
| 96 | linear_gemv_layer | 7.98 | 7.62 | 8.51 | 31 |
| 97 | moe_router_layer | 17.01 | 14.95 | 18.59 | 31 |
| 98 | gang_moe_w13_linear_layer | 40.78 | 38.17 | 43.61 | 31 |
| 99 | gang_moe_w2_silu_linear_layer | 23.64 | 21.81 | 25.36 | 31 |
| 100 | moe_mul_sum_add_layer | 5.13 | 4.44 | 7.53 | 31 |
| 101 | linear_gemv_layer | 13.66 | 13.20 | 14.29 | 31 |
| 102 | mla_prep_layer | 10.03 | 9.56 | 11.27 | 31 |
| 103 | mla_attend_layer | 12.39 | 12.00 | 12.88 | 31 |
| 104 | mla_merge_uv_tile_layer | 15.14 | 14.33 | 15.74 | 31 |
| 105 | linear_gemv_layer | 7.94 | 7.26 | 8.52 | 31 |
| 106 | moe_router_layer | 16.44 | 14.97 | 17.89 | 31 |
| 107 | gang_moe_w13_linear_layer | 43.54 | 40.96 | 47.70 | 31 |
| 108 | gang_moe_w2_silu_linear_layer | 23.69 | 21.79 | 25.56 | 31 |
| 109 | moe_mul_sum_add_layer | 4.73 | 4.16 | 5.41 | 31 |
| 110 | linear_gemv_layer | 13.62 | 13.07 | 14.04 | 31 |
| 111 | mla_prep_layer | 9.91 | 9.69 | 10.29 | 31 |
| 112 | mla_attend_layer | 12.65 | 11.86 | 13.06 | 31 |
| 113 | mla_merge_uv_tile_layer | 15.03 | 14.29 | 15.52 | 31 |
| 114 | linear_gemv_layer | 8.18 | 7.50 | 8.60 | 31 |
| 115 | moe_router_layer | 16.16 | 14.88 | 17.56 | 31 |
| 116 | gang_moe_w13_linear_layer | 41.42 | 38.80 | 44.03 | 31 |
| 117 | gang_moe_w2_silu_linear_layer | 23.39 | 21.85 | 25.56 | 31 |
| 118 | moe_mul_sum_add_layer | 4.87 | 4.24 | 8.01 | 31 |
| 119 | linear_gemv_layer | 13.59 | 13.04 | 13.97 | 31 |
| 120 | mla_prep_layer | 9.75 | 9.27 | 10.23 | 31 |
| 121 | mla_attend_layer | 12.36 | 11.52 | 13.09 | 31 |
| 122 | mla_merge_uv_tile_layer | 15.13 | 14.67 | 15.81 | 31 |
| 123 | linear_gemv_layer | 8.02 | 7.50 | 8.56 | 31 |
| 124 | moe_router_layer | 16.25 | 14.83 | 17.76 | 31 |
| 125 | gang_moe_w13_linear_layer | 42.73 | 39.61 | 46.37 | 31 |
| 126 | gang_moe_w2_silu_linear_layer | 23.59 | 22.11 | 24.79 | 31 |
| 127 | moe_mul_sum_add_layer | 4.81 | 4.24 | 6.12 | 31 |
| 128 | linear_gemv_layer | 13.71 | 13.24 | 14.23 | 31 |
| 129 | mla_prep_layer | 9.47 | 9.14 | 9.87 | 31 |
| 130 | mla_attend_layer | 12.19 | 10.93 | 13.09 | 31 |
| 131 | mla_merge_uv_tile_layer | 14.97 | 14.40 | 15.75 | 31 |
| 132 | linear_gemv_layer | 7.83 | 7.12 | 8.30 | 31 |
| 133 | moe_router_layer | 16.82 | 15.02 | 18.10 | 31 |
| 134 | gang_moe_w13_linear_layer | 41.51 | 39.21 | 43.77 | 31 |
| 135 | gang_moe_w2_silu_linear_layer | 23.29 | 21.37 | 25.44 | 31 |
| 136 | moe_mul_sum_add_layer | 5.15 | 4.11 | 7.01 | 31 |
| 137 | linear_gemv_layer | 13.74 | 13.38 | 14.02 | 31 |
| 138 | mla_prep_layer | 9.82 | 9.43 | 11.14 | 31 |
| 139 | mla_attend_layer | 12.64 | 11.96 | 13.20 | 31 |
| 140 | mla_merge_uv_tile_layer | 15.00 | 14.51 | 15.60 | 31 |
| 141 | linear_gemv_layer | 7.86 | 7.26 | 8.20 | 31 |
| 142 | moe_router_layer | 16.50 | 15.14 | 17.97 | 31 |
| 143 | gang_moe_w13_linear_layer | 41.77 | 38.71 | 45.00 | 31 |
| 144 | gang_moe_w2_silu_linear_layer | 23.26 | 21.69 | 25.48 | 31 |
| 145 | moe_mul_sum_add_layer | 4.94 | 4.33 | 6.40 | 31 |
| 146 | linear_gemv_layer | 13.65 | 13.14 | 14.16 | 31 |
| 147 | mla_prep_layer | 9.72 | 9.45 | 10.14 | 31 |
| 148 | mla_attend_layer | 12.55 | 11.58 | 13.38 | 31 |
| 149 | mla_merge_uv_tile_layer | 14.88 | 14.36 | 15.44 | 31 |
| 150 | linear_gemv_layer | 7.89 | 7.23 | 8.51 | 31 |
| 151 | moe_router_layer | 16.31 | 15.12 | 18.09 | 31 |
| 152 | gang_moe_w13_linear_layer | 41.77 | 38.98 | 44.64 | 31 |
| 153 | gang_moe_w2_silu_linear_layer | 23.14 | 21.84 | 25.13 | 31 |
| 154 | moe_mul_sum_add_layer | 4.86 | 4.28 | 6.04 | 31 |
| 155 | linear_gemv_layer | 13.54 | 13.01 | 14.08 | 31 |
| 156 | mla_prep_layer | 9.82 | 9.51 | 10.15 | 31 |
| 157 | mla_attend_layer | 12.32 | 11.73 | 12.90 | 31 |
| 158 | mla_merge_uv_tile_layer | 15.08 | 14.45 | 15.40 | 31 |
| 159 | linear_gemv_layer | 7.19 | 6.85 | 7.80 | 31 |
| 160 | moe_router_layer | 16.46 | 14.93 | 18.07 | 31 |
| 161 | gang_moe_w13_linear_layer | 42.04 | 39.08 | 46.53 | 31 |
| 162 | gang_moe_w2_silu_linear_layer | 23.35 | 21.82 | 24.75 | 31 |
| 163 | moe_mul_sum_add_layer | 4.94 | 4.28 | 7.45 | 31 |
| 164 | linear_gemv_layer | 13.59 | 13.27 | 14.19 | 31 |
| 165 | mla_prep_layer | 9.60 | 9.14 | 10.54 | 31 |
| 166 | mla_attend_layer | 12.27 | 11.29 | 13.45 | 31 |
| 167 | mla_merge_uv_tile_layer | 15.00 | 14.49 | 15.52 | 31 |
| 168 | linear_gemv_layer | 8.06 | 7.48 | 8.55 | 31 |
| 169 | moe_router_layer | 16.77 | 15.18 | 17.88 | 31 |
| 170 | gang_moe_w13_linear_layer | 41.70 | 39.10 | 43.96 | 31 |
| 171 | gang_moe_w2_silu_linear_layer | 23.36 | 21.88 | 25.92 | 31 |
| 172 | moe_mul_sum_add_layer | 4.86 | 4.24 | 6.11 | 31 |
| 173 | linear_gemv_layer | 13.39 | 12.99 | 13.89 | 31 |
| 174 | mla_prep_layer | 9.74 | 9.44 | 10.24 | 31 |
| 175 | mla_attend_layer | 12.34 | 11.53 | 12.88 | 31 |
| 176 | mla_merge_uv_tile_layer | 14.80 | 14.17 | 15.50 | 31 |
| 177 | linear_gemv_layer | 7.96 | 7.39 | 8.39 | 31 |
| 178 | moe_router_layer | 16.29 | 15.04 | 17.68 | 31 |
| 179 | gang_moe_w13_linear_layer | 41.96 | 38.84 | 45.72 | 31 |
| 180 | gang_moe_w2_silu_linear_layer | 23.17 | 21.68 | 25.92 | 31 |
| 181 | moe_mul_sum_add_layer | 5.05 | 4.21 | 6.53 | 31 |
| 182 | linear_gemv_layer | 13.61 | 13.09 | 14.25 | 31 |
| 183 | mla_prep_layer | 9.64 | 9.41 | 10.02 | 31 |
| 184 | mla_attend_layer | 12.53 | 11.73 | 13.42 | 31 |
| 185 | mla_merge_uv_tile_layer | 14.88 | 14.34 | 15.58 | 31 |
| 186 | linear_gemv_layer | 7.86 | 7.21 | 8.46 | 31 |
| 187 | moe_router_layer | 15.89 | 14.72 | 17.40 | 31 |
| 188 | gang_moe_w13_linear_layer | 42.07 | 39.04 | 44.80 | 31 |
| 189 | gang_moe_w2_silu_linear_layer | 23.03 | 21.36 | 24.53 | 31 |
| 190 | moe_mul_sum_add_layer | 5.18 | 4.30 | 9.68 | 31 |
| 191 | linear_gemv_layer | 13.49 | 13.03 | 13.95 | 31 |
| 192 | mla_prep_layer | 9.67 | 9.39 | 9.96 | 31 |
| 193 | mla_attend_layer | 12.41 | 11.41 | 12.94 | 31 |
| 194 | mla_merge_uv_tile_layer | 15.16 | 14.68 | 15.81 | 31 |
| 195 | linear_gemv_layer | 7.84 | 7.17 | 8.52 | 31 |
| 196 | moe_router_layer | 16.48 | 15.11 | 17.85 | 31 |
| 197 | gang_moe_w13_linear_layer | 41.43 | 38.99 | 43.97 | 31 |
| 198 | gang_moe_w2_silu_linear_layer | 23.17 | 21.83 | 25.96 | 31 |
| 199 | moe_mul_sum_add_layer | 4.83 | 4.24 | 6.26 | 31 |
| 200 | linear_gemv_layer | 13.62 | 13.18 | 14.02 | 31 |
| 201 | mla_prep_layer | 9.61 | 9.18 | 10.02 | 31 |
| 202 | mla_attend_layer | 12.35 | 11.50 | 13.49 | 31 |
| 203 | mla_merge_uv_tile_layer | 15.06 | 14.55 | 15.59 | 31 |
| 204 | linear_gemv_layer | 7.81 | 7.28 | 8.48 | 31 |
| 205 | moe_router_layer | 16.64 | 15.16 | 18.08 | 31 |
| 206 | gang_moe_w13_linear_layer | 43.39 | 40.06 | 46.09 | 31 |
| 207 | gang_moe_w2_silu_linear_layer | 23.28 | 21.60 | 25.36 | 31 |
| 208 | moe_mul_sum_add_layer | 4.70 | 4.22 | 5.76 | 31 |
| 209 | linear_gemv_layer | 13.63 | 13.14 | 14.07 | 31 |
| 210 | mla_prep_layer | 9.70 | 9.31 | 10.03 | 31 |
| 211 | mla_attend_layer | 12.52 | 11.96 | 13.21 | 31 |
| 212 | mla_merge_uv_tile_layer | 15.07 | 14.63 | 15.51 | 31 |
| 213 | linear_gemv_layer | 8.03 | 7.54 | 8.45 | 31 |
| 214 | moe_router_layer | 16.49 | 15.28 | 18.34 | 31 |
| 215 | gang_moe_w13_linear_layer | 41.87 | 38.93 | 45.55 | 31 |
| 216 | gang_moe_w2_silu_linear_layer | 22.87 | 21.49 | 25.14 | 31 |
| 217 | moe_mul_sum_add_layer | 4.85 | 4.30 | 6.21 | 31 |
| 218 | linear_gemv_layer | 13.70 | 13.23 | 14.17 | 31 |
| 219 | mla_prep_layer | 9.76 | 9.38 | 10.01 | 31 |
| 220 | mla_attend_layer | 12.53 | 11.80 | 13.21 | 31 |
| 221 | mla_merge_uv_tile_layer | 14.99 | 14.64 | 15.49 | 31 |
| 222 | linear_gemv_layer | 7.86 | 7.26 | 8.29 | 31 |
| 223 | moe_router_layer | 16.81 | 14.97 | 17.84 | 31 |
| 224 | gang_moe_w13_linear_layer | 40.74 | 38.67 | 43.60 | 31 |
| 225 | gang_moe_w2_silu_linear_layer | 23.23 | 21.80 | 25.03 | 31 |
| 226 | moe_mul_sum_add_layer | 4.75 | 4.17 | 5.73 | 31 |
| 227 | linear_gemv_layer | 13.70 | 13.41 | 14.16 | 31 |
| 228 | mla_prep_layer | 9.62 | 9.30 | 10.06 | 31 |
| 229 | mla_attend_layer | 12.13 | 11.25 | 12.89 | 31 |
| 230 | mla_merge_uv_tile_layer | 15.20 | 14.87 | 15.64 | 31 |
| 231 | linear_gemv_layer | 7.95 | 7.25 | 8.57 | 31 |
| 232 | moe_router_layer | 16.08 | 14.60 | 17.64 | 31 |
| 233 | gang_moe_w13_linear_layer | 41.63 | 38.72 | 43.71 | 31 |
| 234 | gang_moe_w2_silu_linear_layer | 23.39 | 21.40 | 25.17 | 31 |
| 235 | moe_mul_sum_add_layer | 4.59 | 4.06 | 5.15 | 31 |
| 236 | linear_gemv_layer | 13.50 | 12.77 | 13.80 | 31 |
| 237 | mla_prep_layer | 9.52 | 9.34 | 9.69 | 31 |
| 238 | mla_attend_layer | 12.06 | 11.46 | 12.62 | 31 |
| 239 | mla_merge_uv_tile_layer | 15.03 | 14.53 | 15.36 | 31 |
| 240 | linear_gemv_layer | 7.85 | 7.40 | 8.50 | 31 |
| 241 | moe_router_layer | 16.82 | 14.87 | 17.95 | 31 |
| 242 | gang_moe_w13_linear_layer | 41.20 | 38.59 | 43.47 | 31 |
| 243 | gang_moe_w2_silu_linear_layer | 22.64 | 21.60 | 24.43 | 31 |
| 244 | moe_mul_sum_add_layer | 5.64 | 4.29 | 6.91 | 31 |
| 245 | linear_gemv_layer | 0.18 | 0.00 | 1.19 | 31 |
| 246 | argmax_partial_layer | 5.09 | 0.00 | 76.72 | 31 |
| 247 | argmax_reduce_layer | 12.29 | 0.00 | 76.29 | 31 |
| 248 | event_248 | 10.07 | 0.00 | 76.71 | 31 |
| 249 | event_249 | 0.26 | 0.00 | 0.92 | 31 |
| 250 | event_250 | 0.25 | 0.00 | 0.65 | 31 |
| 251 | event_251 | 4.95 | 0.00 | 76.13 | 31 |
| 252 | event_252 | 4.99 | 0.00 | 75.57 | 31 |
| 253 | event_253 | 0.25 | 0.00 | 0.86 | 31 |
| 254 | event_254 | 2.69 | 0.00 | 76.88 | 31 |
| 255 | event_255 | 2.64 | 0.00 | 76.93 | 31 |
| 256 | event_256 | 5.01 | 0.00 | 73.37 | 31 |
| 257 | event_257 | 0.13 | 0.00 | 0.88 | 31 |
| 258 | event_258 | 0.18 | 0.00 | 0.76 | 31 |
| 259 | event_259 | 2.74 | 0.00 | 77.02 | 31 |
| 260 | event_260 | 7.24 | 0.00 | 74.78 | 31 |
| 261 | event_261 | 0.26 | 0.00 | 0.99 | 31 |
| 262 | event_262 | 2.56 | 0.00 | 74.20 | 31 |
| 263 | event_263 | 0.19 | 0.00 | 0.90 | 31 |
| 264 | event_264 | 0.16 | 0.00 | 0.84 | 31 |
| 265 | event_265 | 2.59 | 0.00 | 76.86 | 31 |
| 266 | event_266 | 0.21 | 0.00 | 1.00 | 31 |
| 267 | event_267 | 0.23 | 0.00 | 1.26 | 31 |
| 268 | event_268 | 5.08 | 0.00 | 76.71 | 31 |
| 269 | event_269 | 0.21 | 0.00 | 1.24 | 31 |
| 270 | event_270 | 2.56 | 0.00 | 74.46 | 31 |
| 271 | event_271 | 2.61 | 0.00 | 74.02 | 31 |
| 272 | event_272 | 2.59 | 0.00 | 73.03 | 31 |
| 273 | event_273 | 0.19 | 0.00 | 1.00 | 31 |
| 274 | event_274 | 2.66 | 0.00 | 74.17 | 31 |
| 275 | event_275 | 0.17 | 0.00 | 0.88 | 31 |
| 276 | event_276 | 0.16 | 0.00 | 0.61 | 31 |
| 277 | event_277 | 0.61 | 0.04 | 2.58 | 31 |
| 278 | event_278 | 0.63 | 0.00 | 2.46 | 31 |
| 279 | event_279 | 0.43 | 0.00 | 2.10 | 31 |
| 280 | event_280 | 0.68 | 0.02 | 2.46 | 31 |
| 281 | event_281 | 0.39 | 0.02 | 1.70 | 31 |
| 282 | event_282 | 0.37 | 0.00 | 1.68 | 31 |
| 283 | event_283 | 2.89 | 0.00 | 28.05 | 31 |
| 284 | event_284 | 7.31 | 0.00 | 29.07 | 31 |
| 285 | event_285 | 3.88 | 0.00 | 29.44 | 31 |
| 286 | event_286 | 1.21 | 0.00 | 27.56 | 31 |
| 287 | event_287 | 1.36 | 0.00 | 28.92 | 31 |
| 288 | event_288 | 2.21 | 0.00 | 29.52 | 31 |
| 289 | event_289 | 2.01 | 0.00 | 27.28 | 31 |
| 290 | event_290 | 0.32 | 0.00 | 1.45 | 31 |
| 291 | event_291 | 1.33 | 0.00 | 28.80 | 31 |
| 292 | event_292 | 2.97 | 0.01 | 28.11 | 31 |
| 293 | event_293 | 5.63 | 0.00 | 29.38 | 31 |
| 294 | event_294 | 0.36 | 0.01 | 1.42 | 31 |
| 295 | event_295 | 5.27 | 4.91 | 5.59 | 31 |
| 296 | event_296 | 4.93 | 4.77 | 5.14 | 31 |

-> /home/hotaisle/metalOps/harness/fleet_out/L27_head_it32_tile_at_fn1_fn2_fs_nt_nts_mfma_rf_w2cktile+nolocalcas_gv_lg48_mt_mh2/metrics.json, /home/hotaisle/metalOps/harness/fleet_out/L27_head_it32_tile_at_fn1_fn2_fs_nt_nts_mfma_rf_w2cktile+nolocalcas_gv_lg48_mt_mh2/report_table.md
