# Measurement report

| Quantity | Predicted | Measured |
|---|---|---|
| bytes per iteration (read, MiB) | 4709.9 weights + cache; about 4772.0 with activations | - |
| time per iteration, median (us) | 1148.5-1349.4 + 326 t_b + T_serial | - |
| time per iteration, P95 (us) |  | - |
| time per iteration from event timing, median (us) |  | 624.4 |
| time per iteration from host wall clock (us) |  | 1217.5 |
| time per iteration from the kernel trace (us) |  | - |
| achieved read bandwidth (TB/s) | 3.66-4.3 over T_bw | - |
| launches per generation | 3 | - |
| L2 hit rate | 16-17% (Fleet's batch-1 figure) | - |
| tokens per second |  | - |
| GFX clock from amd-smi during the run, median / max (MHz) | 2100 max (D2 of round 1) | 2107 / 2108 over 24 samples |
| memory clock from amd-smi, median (MHz) |  | 900 |

## Per-operator time and rate (stream probe, 87.9 MiB per operator)

| Event | Operator | mean us | min us | max us | n | GB/s |
|---|---|---|---|---|---|---|
| 1 | iteration_start | 202.09 | 195.56 | 220.92 | 30 | - |
| 2 | stream_gang_layer | 54.97 | 52.72 | 56.60 | 31 | 1676.3 |
| 3 | stream_gang_layer | 41.36 | 40.36 | 42.56 | 31 | 2227.8 |
| 4 | stream_gang_layer | 41.15 | 37.88 | 42.08 | 31 | 2238.9 |
| 5 | stream_gang_layer | 41.08 | 39.12 | 42.04 | 31 | 2242.9 |
| 6 | stream_gang_layer | 41.10 | 38.20 | 42.20 | 31 | 2241.9 |
| 7 | stream_gang_layer | 41.07 | 39.92 | 42.24 | 31 | 2243.4 |
| 8 | stream_gang_layer | 40.91 | 37.88 | 41.80 | 31 | 2252.5 |
| 9 | stream_gang_layer | 41.21 | 38.84 | 42.24 | 31 | 2236.1 |
| 10 | stream_gang_layer | 41.13 | 38.72 | 42.60 | 31 | 2240.1 |
| 11 | stream_gang_layer | 40.51 | 37.48 | 41.48 | 31 | 2274.4 |

stream probe: 2241.9 GB/s, the median over the 9 operators after the first

-> /home/hotaisle/metalOps/harness/fleet_out/S10x37_304kb_gang_it32_nts_rf_w2cktile/metrics.json, /home/hotaisle/metalOps/harness/fleet_out/S10x37_304kb_gang_it32_nts_rf_w2cktile/report_table.md
