[EVENT_TIMING] 352 event firings recorded

================================================================================
PER-EVENT WALL-CLOCK TIMING (barrier-to-barrier)
================================================================================
Event TaskType              Count    Avg(us)    Min(us)    Max(us)    Std(us)
-------------------------------------------------------------------------
    1 UNKNOWN                  30     177.03     169.52     205.96       7.80
    2 UNKNOWN                  31      30.96      29.58      32.32       0.60
    3 UNKNOWN                  31      19.32      17.72      21.26       0.83
    4 UNKNOWN                  31      19.35      17.56      21.52       0.86
    5 UNKNOWN                  31      19.28      17.40      21.00       1.02
    6 UNKNOWN                  31      19.31      17.44      21.32       0.99
    7 UNKNOWN                  31      19.23      17.40      21.40       1.14
    8 UNKNOWN                  31      19.04      17.16      21.64       1.11
    9 UNKNOWN                  31      19.20      16.64      21.40       1.14
   10 UNKNOWN                  31      19.35      17.20      21.48       1.03
   11 UNKNOWN                  31      18.88      17.00      20.96       1.11

================================================================================
PER-TYPE SUMMARY (sum of avg durations across all events)
================================================================================
TaskType             Events    Total(us)  Total(ms)        %
----------------------------------------------------------
UNKNOWN                  11        381.0      0.381   100.0%
TOTAL                              381.0      0.381

Saved raw event timing to event_timing.json
