[EVENT_TIMING] 8880 event firings recorded

================================================================================
PER-EVENT WALL-CLOCK TIMING (barrier-to-barrier)
================================================================================
Event TaskType              Count    Avg(us)    Min(us)    Max(us)    Std(us)
-------------------------------------------------------------------------
    1 UNKNOWN                  28     218.52     178.48     311.76      38.93
    2 UNKNOWN                  29      14.00      12.26      15.10       0.66
    3 UNKNOWN                  29      17.22      15.86      18.52       0.75
    4 UNKNOWN                  29       9.83       9.46      10.47       0.18
    5 UNKNOWN                  29      12.81      12.11      13.32       0.31
    6 UNKNOWN                  29      15.25      14.80      15.61       0.21
    7 UNKNOWN                  29       7.94       7.42       8.33       0.24
    8 UNKNOWN                  29       4.03       3.15       4.70       0.43
    9 UNKNOWN                  29      33.45      32.40      34.80       0.62
   10 UNKNOWN                  29      50.49      49.04      51.88       0.94
   11 UNKNOWN                  29      14.16      13.70      14.80       0.28
   12 UNKNOWN                  29      10.00       9.69      10.46       0.20
   13 UNKNOWN                  29      12.21      11.46      13.11       0.46
   14 UNKNOWN                  29      15.21      14.39      15.73       0.30
   15 UNKNOWN                  29       6.96       6.71       7.46       0.19
   16 UNKNOWN                  29      17.00      15.36      18.78       1.06
   17 UNKNOWN                  29      41.86      39.03      45.92       1.85
   18 UNKNOWN                  29      24.34      22.48      25.86       1.13
   19 UNKNOWN                  29       4.67       4.22       5.00       0.21
   20 UNKNOWN                  29      14.22      13.79      14.75       0.23
   21 UNKNOWN                  29      10.19       9.76      10.62       0.20
   22 UNKNOWN                  29      12.37      11.58      13.28       0.47
   23 UNKNOWN                  29      15.12      14.55      15.71       0.26
   24 UNKNOWN                  29       7.89       7.21       8.48       0.35
   25 UNKNOWN                  29      16.12      15.55      17.44       0.44
   26 UNKNOWN                  29      42.11      40.94      43.95       0.86
   27 UNKNOWN                  29      24.34      22.64      27.08       1.12
   28 UNKNOWN                  29       4.55       4.14       5.50       0.26
   29 UNKNOWN                  29      14.09      13.44      14.60       0.27
   30 UNKNOWN                  29       9.57       9.26       9.94       0.17
   31 UNKNOWN                  29      12.40      11.56      13.34       0.43
   32 UNKNOWN                  29      15.00      14.29      15.60       0.33
   33 UNKNOWN                  29       7.88       7.24       8.18       0.25
   34 UNKNOWN                  29      16.11      14.99      17.57       0.76
   35 UNKNOWN                  29      41.75      39.33      44.73       1.18
   36 UNKNOWN                  29      23.48      21.45      25.48       1.10
   37 UNKNOWN                  29       4.98       4.44       6.31       0.45
   38 UNKNOWN                  29      14.13      13.65      14.49       0.19
   39 UNKNOWN                  29       9.68       9.43      10.12       0.16
   40 UNKNOWN                  29      12.48      11.59      13.39       0.52
   41 UNKNOWN                  29      15.16      14.72      15.60       0.25
   42 UNKNOWN                  29       7.86       7.36       8.37       0.26
   43 UNKNOWN                  29      16.18      15.13      17.70       0.67
   44 UNKNOWN                  29      41.98      39.82      45.25       1.44
   45 UNKNOWN                  29      23.43      21.84      25.44       1.17
   46 UNKNOWN                  29       4.83       4.06       5.18       0.26
   47 UNKNOWN                  29      14.10      13.48      14.65       0.27
   48 UNKNOWN                  29       9.96       9.65      10.65       0.22
   49 UNKNOWN                  29      12.38      11.53      13.42       0.48
   50 UNKNOWN                  29      15.16      14.61      15.78       0.28
   51 UNKNOWN                  29       7.83       7.35       8.27       0.25
   52 UNKNOWN                  29      16.46      14.95      18.08       1.08
   53 UNKNOWN                  29      41.33      38.58      44.69       1.46
   54 UNKNOWN                  29      24.09      21.91      26.20       1.19
   55 UNKNOWN                  29       4.85       4.23       5.55       0.33
   56 UNKNOWN                  29      14.23      13.45      14.52       0.25
   57 UNKNOWN                  29       9.85       9.51      10.44       0.24
   58 UNKNOWN                  29      12.52      11.82      13.25       0.31
   59 UNKNOWN                  29      15.04      14.21      15.86       0.29
   60 UNKNOWN                  29       7.95       7.25       8.49       0.30
   61 UNKNOWN                  29      16.29      15.20      17.97       0.72
   62 UNKNOWN                  29      41.83      38.87      44.01       1.26
   63 UNKNOWN                  29      24.18      22.36      26.92       1.14
   64 UNKNOWN                  29       4.77       4.06       5.17       0.24
   65 UNKNOWN                  29      14.23      13.71      15.04       0.32
   66 UNKNOWN                  29       9.66       9.25      11.61       0.40
   67 UNKNOWN                  29      12.26      11.18      13.22       0.51
   68 UNKNOWN                  29      15.03      14.33      15.58       0.33
   69 UNKNOWN                  29       7.92       7.57       8.41       0.23
   70 UNKNOWN                  29      17.40      15.30      18.26       0.84
   71 UNKNOWN                  29      41.31      38.81      46.70       1.66
   72 UNKNOWN                  29      24.24      21.83      26.60       1.23
   73 UNKNOWN                  29       4.88       4.40       5.93       0.35
   74 UNKNOWN                  29      14.31      13.82      14.87       0.23
   75 UNKNOWN                  29       9.79       9.53      10.00       0.13
   76 UNKNOWN                  29      12.40      11.72      13.31       0.49
   77 UNKNOWN                  29      15.15      14.63      15.64       0.32
   78 UNKNOWN                  29       8.01       7.58       8.52       0.27
   79 UNKNOWN                  29      16.91      15.12      18.33       1.06
   80 UNKNOWN                  29      41.72      39.02      44.85       1.74
   81 UNKNOWN                  29      23.93      22.06      25.80       1.01
   82 UNKNOWN                  29       4.96       4.28       5.97       0.43
   83 UNKNOWN                  29      14.30      13.83      14.75       0.22
   84 UNKNOWN                  29      10.16       9.89      10.52       0.18
   85 UNKNOWN                  29      12.34      11.54      13.12       0.44
   86 UNKNOWN                  29      15.21      14.63      15.69       0.29
   87 UNKNOWN                  29       7.82       7.35       8.51       0.30
   88 UNKNOWN                  29      16.89      15.12      18.06       0.90
   89 UNKNOWN                  29      44.04      41.45      48.36       1.60
   90 UNKNOWN                  29      23.59      21.72      25.64       1.20
   91 UNKNOWN                  29       4.92       4.34       8.17       0.65
   92 UNKNOWN                  29      14.25      13.79      14.86       0.23
   93 UNKNOWN                  29       9.94       9.43      10.42       0.23
   94 UNKNOWN                  29      12.47      11.48      13.29       0.44
   95 UNKNOWN                  29      14.98      14.29      15.59       0.32
   96 UNKNOWN                  29       7.87       7.31       8.39       0.26
   97 UNKNOWN                  29      17.04      15.42      18.34       1.08
   98 UNKNOWN                  29      40.94      38.62      43.65       1.26
   99 UNKNOWN                  29      23.78      21.87      25.76       1.04
  100 UNKNOWN                  29       4.96       4.02       5.91       0.44
  101 UNKNOWN                  29      14.31      13.90      14.73       0.20
  102 UNKNOWN                  29       9.60       9.33      10.50       0.21
  103 UNKNOWN                  29      12.60      11.74      13.34       0.39
  104 UNKNOWN                  29      15.08      14.52      15.62       0.31
  105 UNKNOWN                  29       7.94       7.44       8.55       0.32
  106 UNKNOWN                  29      16.24      14.71      17.85       1.06
  107 UNKNOWN                  29      43.90      40.93      47.12       1.77
  108 UNKNOWN                  29      23.46      21.81      25.88       1.11
  109 UNKNOWN                  29       5.11       4.39       8.39       0.74
  110 UNKNOWN                  29      14.03      13.54      14.76       0.29
  111 UNKNOWN                  29       9.63       9.39      10.04       0.15
  112 UNKNOWN                  29      12.41      11.67      13.04       0.34
  113 UNKNOWN                  29      15.21      14.83      15.83       0.27
  114 UNKNOWN                  29       8.02       7.57       8.60       0.27
  115 UNKNOWN                  29      16.90      15.01      17.90       0.88
  116 UNKNOWN                  29      41.35      39.04      43.80       1.34
  117 UNKNOWN                  29      23.64      21.91      27.44       1.40
  118 UNKNOWN                  29       4.95       4.23       5.73       0.37
  119 UNKNOWN                  29      14.27      13.82      14.97       0.26
  120 UNKNOWN                  29      10.01       9.69      10.45       0.19
  121 UNKNOWN                  29      12.36      11.54      13.27       0.42
  122 UNKNOWN                  29      15.14      14.72      15.63       0.23
  123 UNKNOWN                  29       7.93       7.25       8.35       0.22
  124 UNKNOWN                  29      16.35      14.86      17.98       1.06
  125 UNKNOWN                  29      41.51      39.44      43.82       1.26
  126 UNKNOWN                  29      23.64      21.98      27.32       1.29
  127 UNKNOWN                  29       5.01       4.39       6.09       0.43
  128 UNKNOWN                  29      14.06      13.66      14.60       0.25
  129 UNKNOWN                  29      10.00       9.50      10.38       0.19
  130 UNKNOWN                  29      12.60      12.05      13.20       0.30
  131 UNKNOWN                  29      15.03      14.60      15.51       0.22
  132 UNKNOWN                  29       8.01       7.64       8.42       0.21
  133 UNKNOWN                  29      16.13      15.67      16.99       0.28
  134 UNKNOWN                  29      42.08      40.47      43.95       1.06
  135 UNKNOWN                  29      24.79      22.20      27.16       1.25
  136 UNKNOWN                  29       5.20       4.33       9.64       1.07
  137 UNKNOWN                  29      14.16      13.68      14.66       0.28
  138 UNKNOWN                  29       9.64       9.30      10.62       0.25
  139 UNKNOWN                  29      12.60      11.86      13.23       0.33
  140 UNKNOWN                  29      15.09      14.68      15.77       0.25
  141 UNKNOWN                  29       7.84       7.28       8.22       0.27
  142 UNKNOWN                  29      16.69      15.71      18.11       0.74
  143 UNKNOWN                  29      41.21      38.76      44.13       1.31
  144 UNKNOWN                  29      23.92      22.15      25.24       0.97
  145 UNKNOWN                  29       4.97       4.45       6.14       0.46
  146 UNKNOWN                  29      14.11      13.66      14.53       0.29
  147 UNKNOWN                  29       9.71       9.45      10.08       0.16
  148 UNKNOWN                  29      12.80      11.90      13.23       0.31
  149 UNKNOWN                  29      15.19      14.75      15.52       0.22
  150 UNKNOWN                  29       7.77       7.09       8.25       0.31
  151 UNKNOWN                  29      16.09      14.91      17.91       0.73
  152 UNKNOWN                  29      41.19      38.85      43.46       1.34
  153 UNKNOWN                  29      23.80      21.90      24.92       0.95
  154 UNKNOWN                  29       5.02       4.26       8.15       0.74
  155 UNKNOWN                  29      14.12      13.55      14.74       0.27
  156 UNKNOWN                  29       9.83       9.42      10.12       0.18
  157 UNKNOWN                  29      12.27      11.09      13.19       0.46
  158 UNKNOWN                  29      15.13      14.49      15.47       0.24
  159 UNKNOWN                  29       7.02       6.63       7.50       0.25
  160 UNKNOWN                  29      16.40      14.87      17.89       1.07
  161 UNKNOWN                  29      42.31      39.06      47.64       1.92
  162 UNKNOWN                  29      23.44      22.22      25.37       0.98
  163 UNKNOWN                  29       4.89       4.21       6.13       0.39
  164 UNKNOWN                  29      14.32      13.76      14.72       0.23
  165 UNKNOWN                  29       9.96       9.55      10.75       0.24
  166 UNKNOWN                  29      12.53      11.86      13.17       0.36
  167 UNKNOWN                  29      15.04      14.52      15.50       0.26
  168 UNKNOWN                  29       7.86       7.08       8.44       0.29
  169 UNKNOWN                  29      15.58      15.00      16.53       0.31
  170 UNKNOWN                  29      42.91      40.85      47.03       1.43
  171 UNKNOWN                  29      23.54      21.91      26.00       1.18
  172 UNKNOWN                  29       4.89       4.06       5.77       0.43
  173 UNKNOWN                  29      14.05      13.35      14.44       0.24
  174 UNKNOWN                  29       9.61       9.08      10.70       0.27
  175 UNKNOWN                  29      12.46      11.78      13.07       0.33
  176 UNKNOWN                  29      15.03      14.46      15.61       0.28
  177 UNKNOWN                  29       7.93       7.40       8.42       0.25
  178 UNKNOWN                  29      15.69      14.62      17.37       0.74
  179 UNKNOWN                  29      41.73      39.06      45.89       1.37
  180 UNKNOWN                  29      23.76      21.69      25.47       0.99
  181 UNKNOWN                  29       5.02       4.27       6.20       0.49
  182 UNKNOWN                  29      14.23      13.73      14.60       0.24
  183 UNKNOWN                  29       9.87       9.64      10.11       0.14
  184 UNKNOWN                  29      12.71      11.88      13.27       0.39
  185 UNKNOWN                  29      15.12      14.46      15.80       0.25
  186 UNKNOWN                  29       7.96       7.21       8.42       0.28
  187 UNKNOWN                  29      15.94      14.95      17.58       0.71
  188 UNKNOWN                  29      41.85      39.33      47.04       1.63
  189 UNKNOWN                  29      23.76      22.08      27.20       1.16
  190 UNKNOWN                  29       4.78       4.24       7.27       0.54
  191 UNKNOWN                  29      13.92      13.43      14.45       0.25
  192 UNKNOWN                  29      10.14       9.97      10.38       0.13
  193 UNKNOWN                  29      12.36      11.27      13.11       0.52
  194 UNKNOWN                  29      15.21      14.84      15.80       0.30
  195 UNKNOWN                  29       7.87       7.32       8.55       0.33
  196 UNKNOWN                  29      16.42      15.07      17.88       0.97
  197 UNKNOWN                  29      41.62      38.94      44.24       1.50
  198 UNKNOWN                  29      23.47      21.75      25.22       0.96
  199 UNKNOWN                  29       5.10       4.33       7.83       0.69
  200 UNKNOWN                  29      14.32      13.77      14.87       0.28
  201 UNKNOWN                  29       9.66       9.36      10.16       0.20
  202 UNKNOWN                  29      12.63      11.86      13.33       0.45
  203 UNKNOWN                  29      15.01      14.58      15.61       0.29
  204 UNKNOWN                  29       7.94       7.26       8.25       0.27
  205 UNKNOWN                  29      16.65      15.24      18.37       1.03
  206 UNKNOWN                  29      43.71      39.79      49.91       2.38
  207 UNKNOWN                  29      23.16      21.52      24.98       1.11
  208 UNKNOWN                  29       4.99       4.54       6.53       0.43
  209 UNKNOWN                  29      14.39      13.80      14.91       0.26
  210 UNKNOWN                  29       9.49       9.23       9.84       0.16
  211 UNKNOWN                  29      12.57      11.55      13.55       0.47
  212 UNKNOWN                  29      15.29      14.82      15.98       0.26
  213 UNKNOWN                  29       7.85       7.23       8.41       0.28
  214 UNKNOWN                  29      16.97      15.26      18.13       0.99
  215 UNKNOWN                  29      41.04      38.91      44.88       1.66
  216 UNKNOWN                  29      23.68      21.99      25.76       1.11
  217 UNKNOWN                  29       4.93       4.07       6.09       0.43
  218 UNKNOWN                  29      14.34      13.96      14.72       0.21
  219 UNKNOWN                  29       9.75       9.51      10.06       0.13
  220 UNKNOWN                  29      12.85      11.68      13.43       0.40
  221 UNKNOWN                  29      15.12      14.67      15.80       0.25
  222 UNKNOWN                  29       7.98       7.33       8.35       0.25
  223 UNKNOWN                  29      16.35      14.67      17.60       1.01
  224 UNKNOWN                  29      41.04      38.73      43.82       1.42
  225 UNKNOWN                  29      23.85      21.72      25.38       1.13
  226 UNKNOWN                  29       4.76       4.20       5.95       0.32
  227 UNKNOWN                  29      14.37      13.72      14.83       0.29
  228 UNKNOWN                  29      10.24       9.94      10.50       0.13
  229 UNKNOWN                  29      12.20      11.34      13.06       0.50
  230 UNKNOWN                  29      15.15      14.78      15.64       0.23
  231 UNKNOWN                  29       7.97       7.40       8.42       0.26
  232 UNKNOWN                  29      16.65      15.00      17.99       0.95
  233 UNKNOWN                  29      40.89      38.71      43.82       1.39
  234 UNKNOWN                  29      24.07      22.16      25.87       0.91
  235 UNKNOWN                  29       4.78       4.34       5.58       0.31
  236 UNKNOWN                  29      14.15      13.80      14.53       0.19
  237 UNKNOWN                  29       9.84       9.53      10.20       0.14
  238 UNKNOWN                  29      12.59      11.76      13.33       0.37
  239 UNKNOWN                  29      15.05      14.50      15.50       0.31
  240 UNKNOWN                  29       7.76       7.32       8.11       0.19
  241 UNKNOWN                  29      16.03      15.05      17.92       0.74
  242 UNKNOWN                  29      41.83      39.72      45.97       1.42
  243 UNKNOWN                  29      23.02      21.63      24.75       0.97
  244 UNKNOWN                  29       5.84       4.19       6.95       1.00
  245 UNKNOWN                  28       2.76       0.01      72.65      13.45
  246 UNKNOWN                  27       0.14       0.01       0.48       0.11
  247 UNKNOWN                  26       5.65       0.01      72.66      19.15
  248 UNKNOWN                  27       0.15       0.01       0.56       0.14
  249 UNKNOWN                  26       0.21       0.01       0.92       0.24
  250 UNKNOWN                  26       0.15       0.01       0.76       0.15
  251 UNKNOWN                  27       0.12       0.01       0.40       0.11
  252 UNKNOWN                  26       2.81       0.01      70.42      13.52
  253 UNKNOWN                  27       0.17       0.01       0.63       0.15
  254 UNKNOWN                  27       0.16       0.01       0.61       0.13
  255 UNKNOWN                  28       2.62       0.01      69.46      12.86
  256 UNKNOWN                  24       3.03       0.01      70.27      14.02
  257 UNKNOWN                  21       3.48       0.01      70.34      14.95
  258 UNKNOWN                  23       0.19       0.01       0.89       0.18
  259 UNKNOWN                  24      14.92       0.01      72.38      28.83
  260 UNKNOWN                  27       8.04       0.02      72.93      22.30
  261 UNKNOWN                  24       3.11       0.01      72.42      14.45
  262 UNKNOWN                  24       0.12       0.01       0.59       0.12
  263 UNKNOWN                  24       3.10       0.02      72.19      14.41
  264 UNKNOWN                  25       5.74       0.01      70.54      19.06
  265 UNKNOWN                  24       0.15       0.01       0.96       0.21
  266 UNKNOWN                  27       0.15       0.01       0.88       0.21
  267 UNKNOWN                  25       2.90       0.02      70.19      13.74
  268 UNKNOWN                  22       3.29       0.01      70.30      14.62
  269 UNKNOWN                  25       0.12       0.01       0.38       0.10
  270 UNKNOWN                  25       0.10       0.02       0.34       0.08
  271 UNKNOWN                  22       3.41       0.03      71.72      14.91
  272 UNKNOWN                  26       5.61       0.02      71.45      18.98
  273 UNKNOWN                  24       3.14       0.01      70.61      14.07
  274 UNKNOWN                  25       0.11       0.01       0.57       0.12
  275 UNKNOWN                  26       0.12       0.02       0.36       0.09
  276 UNKNOWN                  25       0.15       0.01       0.56       0.15
  277 UNKNOWN                  28      10.18       0.01      72.31      24.61
  278 UNKNOWN                  26       0.11       0.01       0.50       0.11
  279 UNKNOWN                  27       0.14       0.01       0.87       0.18
  280 UNKNOWN                  22       0.13       0.02       0.44       0.13
  281 UNKNOWN                  21       0.15       0.02       0.36       0.11
  282 UNKNOWN                  28       0.24       0.01       0.84       0.21
  283 UNKNOWN                  28       5.09       0.01      34.80      11.77
  284 UNKNOWN                  29       9.46       0.01      34.88      14.78
  285 UNKNOWN                  28       2.71       0.02      34.44       8.74
  286 UNKNOWN                  25       2.89       0.01      34.15       9.17
  287 UNKNOWN                  29       2.47       0.01      33.58       8.31
  288 UNKNOWN                  26       4.07       0.01      34.46      10.71
  289 UNKNOWN                  22       3.28       0.01      34.87       9.84
  290 UNKNOWN                  25       0.21       0.01       0.68       0.18
  291 UNKNOWN                  27       1.41       0.01      32.90       6.18
  292 UNKNOWN                  24       1.63       0.01      33.42       6.63
  293 UNKNOWN                  27       2.72       0.01      34.25       8.83
  294 UNKNOWN                  27       2.69       0.02      33.92       8.73
  295 UNKNOWN                  29       5.40       4.91       5.64       0.16
  296 UNKNOWN                  29       4.73       4.61       4.89       0.07

================================================================================
PER-TYPE SUMMARY (sum of avg durations across all events)
================================================================================
TaskType             Events    Total(us)  Total(ms)        %
----------------------------------------------------------
UNKNOWN                 296       4328.5      4.329   100.0%
TOTAL                             4328.5      4.329

Saved raw event timing to event_timing.json
